[2026-02-13 14:39:41.315] STATUS: Listening (Spanish)
[2026-02-13 14:39:47.305] STATUS: No speech detected. Check mic level or device.
[2026-02-13 14:40:12.326] STATUS: Apply clicked
[2026-02-13 14:40:13.376] STATUS: Settings applied
[2026-02-13 14:40:13.378] STATUS: Apply finished
[2026-02-13 14:40:13.836] STATUS: Listening (Spanish)
[2026-02-13 14:40:15.836] STATUS: No speech detected. Check mic level or device.
[2026-02-13 14:40:25.137] STATUS: Translating...
[2026-02-13 14:40:25.144] STATUS: Listening (Spanish)
[2026-02-13 14:40:44.166] STATUS: Translating...
[2026-02-13 14:40:44.174] STATUS: Listening (Spanish)
[2026-02-13 14:40:51.412] STATUS: Translating...
[2026-02-13 14:40:51.421] STATUS: Listening (Spanish)
[2026-02-13 14:40:55.054] STATUS: Translating...
[2026-02-13 14:40:55.063] STATUS: Listening (Spanish)
[2026-02-13 14:40:57.655] STATUS: Translating...
[2026-02-13 14:40:57.665] STATUS: Listening (Spanish)
[2026-02-13 14:41:01.058] STATUS: Translating...
[2026-02-13 14:41:01.068] STATUS: Listening (Spanish)
[2026-02-13 14:41:02.961] STATUS: Translating...
[2026-02-13 14:41:02.971] STATUS: Listening (Spanish)
[2026-02-13 14:41:09.569] STATUS: Translating...
[2026-02-13 14:41:09.581] STATUS: Listening (Spanish)
[2026-02-13 14:41:15.373] STATUS: Translating...
[2026-02-13 14:41:15.386] STATUS: Listening (Spanish)
[2026-02-13 14:41:15.947] STATUS: Translating...
[2026-02-13 14:41:15.958] STATUS: Listening (Spanish)
[2026-02-13 14:41:19.521] STATUS: Translating...
[2026-02-13 14:41:19.533] STATUS: Listening (Spanish)
[2026-02-13 14:41:22.677] STATUS: Translating...
[2026-02-13 14:41:22.691] STATUS: Listening (Spanish)
[2026-02-13 14:41:28.146] STATUS: Translating...
[2026-02-13 14:41:28.159] STATUS: Listening (Spanish)
[2026-02-13 14:41:30.623] STATUS: Translating...
[2026-02-13 14:41:30.636] STATUS: Listening (Spanish)
[2026-02-13 14:41:33.081] STATUS: Translating...
[2026-02-13 14:41:33.093] STATUS: Listening (Spanish)
[2026-02-13 14:41:35.766] STATUS: Translating...
[2026-02-13 14:41:35.783] STATUS: Listening (Spanish)
[2026-02-13 14:41:41.515] STATUS: Translating...
[2026-02-13 14:41:41.615] STATUS: Listening (Spanish)
[2026-02-13 14:41:44.055] STATUS: Translating...
[2026-02-13 14:41:44.069] STATUS: Listening (Spanish)
[2026-02-13 14:41:48.101] STATUS: Translating...
[2026-02-13 14:41:48.117] STATUS: Listening (Spanish)
[2026-02-13 14:41:52.117] STATUS: Translating...
[2026-02-13 14:41:52.132] STATUS: Listening (Spanish)
[2026-02-13 14:41:54.183] STATUS: Translating...
[2026-02-13 14:41:54.202] STATUS: Listening (Spanish)
[2026-02-13 14:41:56.390] STATUS: App closing requested

--- Close Requested ---
  File "E:\OneDrive - zachthetech.com\Documents\GitHub\python-translation\main.py", line 5742, in <module>
    app = TranslationApp()
  File "E:\OneDrive - zachthetech.com\Documents\GitHub\python-translation\main.py", line 447, in __init__
    self.root.mainloop()
  File "C:\Users\zachary.price\AppData\Local\Programs\Python\Python310\lib\tkinter\__init__.py", line 1458, in mainloop
    self.tk.mainloop(n)
  File "C:\Users\zachary.price\AppData\Local\Programs\Python\Python310\lib\tkinter\__init__.py", line 1921, in __call__
    return self.func(*args)
  File "E:\OneDrive - zachthetech.com\Documents\GitHub\python-translation\main.py", line 533, in on_closing
    f.write("".join(traceback.format_stack(limit=10)))
[2026-02-13 14:41:56.400] STATUS: Process exiting

--- Process Exit ---
  File "E:\OneDrive - zachthetech.com\Documents\GitHub\python-translation\main.py", line 596, in _log_process_exit
    f.write("".join(traceback.format_stack(limit=10)))
