[2026-02-06 10:40:21.076] STATUS: Listening...
[2026-02-06 10:40:47.273] STATUS: Transcribing...
[2026-02-06 10:40:47.280] STATUS: Listening...
[2026-02-06 10:41:02.179] STATUS: Transcribing...
[2026-02-06 10:41:02.186] STATUS: Listening...
[2026-02-06 10:41:13.861] STATUS: Transcribing...
[2026-02-06 10:41:13.862] STATUS: Listening...
[2026-02-06 10:41:28.683] STATUS: Transcribing...
[2026-02-06 10:41:28.683] STATUS: Listening...
[2026-02-06 10:41:33.211] STATUS: Transcribing...
[2026-02-06 10:41:33.227] STATUS: Listening...
[2026-02-06 10:41:49.757] STATUS: Apply clicked
[2026-02-06 10:41:51.778] STATUS: Capture suspend timed out
[2026-02-06 10:41:51.805] STATUS: Settings applied
[2026-02-06 10:41:51.805] STATUS: Apply finished
[2026-02-06 10:41:53.488] STATUS: Listening...
[2026-02-06 10:41:54.106] STATUS: Apply clicked
[2026-02-06 10:41:55.583] STATUS: Translating...
[2026-02-06 10:41:56.153] STATUS: Settings applied
[2026-02-06 10:41:56.153] STATUS: Apply finished
[2026-02-06 10:41:57.059] STATUS: Listening...
[2026-02-06 10:42:16.500] STATUS: App closing requested

--- Close Requested ---
  File "C:\Users\zachary.price\OneDrive - zachthetech.com\Documents\GitHub\python-translation\main.py", line 3104, in <module>
    app = TranslationApp()
  File "C:\Users\zachary.price\OneDrive - zachthetech.com\Documents\GitHub\python-translation\main.py", line 274, in __init__
    self.root.mainloop()
  File "C:\Users\zachary.price\AppData\Local\Programs\Python\Python312\Lib\tkinter\__init__.py", line 1505, in mainloop
    self.tk.mainloop(n)
  File "C:\Users\zachary.price\AppData\Local\Programs\Python\Python312\Lib\tkinter\__init__.py", line 1968, in __call__
    return self.func(*args)
  File "C:\Users\zachary.price\OneDrive - zachthetech.com\Documents\GitHub\python-translation\main.py", line 360, in on_closing
    f.write("".join(traceback.format_stack(limit=10)))
[2026-02-06 10:42:16.509] STATUS: Process exiting

--- Process Exit ---
  File "C:\Users\zachary.price\OneDrive - zachthetech.com\Documents\GitHub\python-translation\main.py", line 423, in _log_process_exit
    f.write("".join(traceback.format_stack(limit=10)))
