[2026-02-13 01:06:51.393] STATUS: Listening (Spanish)
[2026-02-13 01:07:17.025] STATUS: Translating...
[2026-02-13 01:07:17.856] STATUS: Listening (Spanish)
[2026-02-13 01:07:19.637] STATUS: Translating...
[2026-02-13 01:07:20.196] STATUS: Listening (Spanish)
[2026-02-13 01:07:23.495] STATUS: Translating...
[2026-02-13 01:07:24.479] STATUS: Listening (Spanish)
[2026-02-13 01:07:39.027] STATUS: Translating...
[2026-02-13 01:07:39.715] STATUS: Listening (Spanish)
[2026-02-13 01:07:46.439] STATUS: Translating...
[2026-02-13 01:07:47.706] STATUS: Listening (Spanish)
[2026-02-13 01:07:49.516] STATUS: Translating...
[2026-02-13 01:07:50.207] STATUS: Listening (Spanish)
[2026-02-13 01:07:55.079] STATUS: Translating...
[2026-02-13 01:07:55.746] STATUS: Listening (Spanish)
[2026-02-13 01:08:03.356] STATUS: Translating...
[2026-02-13 01:08:04.439] STATUS: Listening (Spanish)
[2026-02-13 01:08:11.483] STATUS: No speech detected. Check mic level or device.
[2026-02-13 01:08:21.776] STATUS: Translating...
[2026-02-13 01:08:23.108] STATUS: Listening (Spanish)
[2026-02-13 01:08:23.751] STATUS: Translating...
[2026-02-13 01:08:24.257] STATUS: Listening (Spanish)
[2026-02-13 01:08:29.438] STATUS: Translating...
[2026-02-13 01:08:30.237] STATUS: Listening (Spanish)
[2026-02-13 01:08:32.702] STATUS: Translating...
[2026-02-13 01:08:33.325] STATUS: Listening (Spanish)
[2026-02-13 01:08:40.700] STATUS: Translating...
[2026-02-13 01:08:41.508] STATUS: Listening (Spanish)
[2026-02-13 01:08:43.213] STATUS: Translating...
[2026-02-13 01:08:43.889] STATUS: Listening (Spanish)
[2026-02-13 01:08:46.754] STATUS: Translating...
[2026-02-13 01:08:48.060] STATUS: Listening (Spanish)
[2026-02-13 01:09:07.697] STATUS: Translating...
[2026-02-13 01:09:08.719] STATUS: Listening (Spanish)
[2026-02-13 01:09:10.723] STATUS: Translating...
[2026-02-13 01:09:11.448] STATUS: Listening (Spanish)
[2026-02-13 01:09:16.981] STATUS: Translating...
[2026-02-13 01:09:17.742] STATUS: Listening (Spanish)
[2026-02-13 01:09:39.296] STATUS: Translating...
[2026-02-13 01:09:40.132] STATUS: Listening (Spanish)
[2026-02-13 01:09:44.304] STATUS: Translating...
[2026-02-13 01:09:46.522] STATUS: Listening (Spanish)
[2026-02-13 01:09:50.252] STATUS: Translating...
[2026-02-13 01:09:51.244] STATUS: Listening (Spanish)
[2026-02-13 01:10:02.301] STATUS: Translating...
[2026-02-13 01:10:03.222] STATUS: Listening (Spanish)
[2026-02-13 01:10:14.551] STATUS: Translating...
[2026-02-13 01:10:15.444] STATUS: Listening (Spanish)
[2026-02-13 01:10:34.785] STATUS: Translating...
[2026-02-13 01:10:35.554] STATUS: Listening (Spanish)
[2026-02-13 01:10:37.375] STATUS: Translating...
[2026-02-13 01:10:39.025] STATUS: Listening (Spanish)
[2026-02-13 01:10:47.742] STATUS: Translating...
[2026-02-13 01:10:48.756] STATUS: Listening (Spanish)
[2026-02-13 01:10:56.388] STATUS: Translating...
[2026-02-13 01:10:57.048] STATUS: Listening (Spanish)
[2026-02-13 01:11:13.604] STATUS: Translating...
[2026-02-13 01:11:14.234] STATUS: Listening (Spanish)
[2026-02-13 01:11:28.801] STATUS: Translating...
[2026-02-13 01:11:29.443] STATUS: Listening (Spanish)
[2026-02-13 01:11:33.353] STATUS: No speech detected. Check mic level or device.
[2026-02-13 01:11:55.078] STATUS: Translating...
[2026-02-13 01:11:56.517] STATUS: Listening (Spanish)
[2026-02-13 01:12:09.297] STATUS: Translating...
[2026-02-13 01:12:10.401] STATUS: Listening (Spanish)
[2026-02-13 01:12:13.536] STATUS: Translating...
[2026-02-13 01:12:14.047] STATUS: Listening (Spanish)
[2026-02-13 01:12:23.146] STATUS: Translating...
[2026-02-13 01:12:23.867] STATUS: Listening (Spanish)
[2026-02-13 01:12:26.457] STATUS: Translating...
[2026-02-13 01:12:27.227] STATUS: Listening (Spanish)
[2026-02-13 01:12:31.897] STATUS: Translating...
[2026-02-13 01:12:32.602] STATUS: Listening (Spanish)
[2026-02-13 01:12:52.750] STATUS: Translating...
[2026-02-13 01:12:53.589] STATUS: Listening (Spanish)
[2026-02-13 01:12:59.218] STATUS: Translating...
[2026-02-13 01:12:59.805] STATUS: Listening (Spanish)
[2026-02-13 01:13:01.302] STATUS: Translating...
[2026-02-13 01:13:02.208] STATUS: Listening (Spanish)
[2026-02-13 01:13:07.447] STATUS: App closing requested

--- Close Requested ---
  File "E:\OneDrive - zachthetech.com\Documents\GitHub\python-translation\main.py", line 5237, in <module>
    app = TranslationApp()
  File "E:\OneDrive - zachthetech.com\Documents\GitHub\python-translation\main.py", line 422, in __init__
    self.root.mainloop()
  File "C:\Users\zachary.price\AppData\Local\Programs\Python\Python310\lib\tkinter\__init__.py", line 1458, in mainloop
    self.tk.mainloop(n)
  File "C:\Users\zachary.price\AppData\Local\Programs\Python\Python310\lib\tkinter\__init__.py", line 1921, in __call__
    return self.func(*args)
  File "E:\OneDrive - zachthetech.com\Documents\GitHub\python-translation\main.py", line 508, in on_closing
    f.write("".join(traceback.format_stack(limit=10)))
[2026-02-13 01:13:07.455] STATUS: Process exiting

--- Process Exit ---
  File "E:\OneDrive - zachthetech.com\Documents\GitHub\python-translation\main.py", line 571, in _log_process_exit
    f.write("".join(traceback.format_stack(limit=10)))
