[2026-02-07 12:20:52.840] STATUS: Listening (English)
[2026-02-07 12:20:58.711] STATUS: No speech detected. Check mic level or device.
[2026-02-07 12:22:11.270] STATUS: Apply clicked
[2026-02-07 12:22:11.753] STATUS: Settings applied
[2026-02-07 12:22:11.755] STATUS: Apply finished
[2026-02-07 12:22:12.729] STATUS: Listening (English)
[2026-02-07 12:22:14.670] STATUS: No speech detected. Check mic level or device.
[2026-02-07 12:22:16.494] STATUS: App closing requested

--- Close Requested ---
  File "E:\OneDrive - zachthetech.com\Documents\GitHub\python-translation\main.py", line 3638, in <module>
    app = TranslationApp()
  File "E:\OneDrive - zachthetech.com\Documents\GitHub\python-translation\main.py", line 326, in __init__
    self.root.mainloop()
  File "C:\Users\zachary.price\AppData\Local\Programs\Python\Python310\lib\tkinter\__init__.py", line 1458, in mainloop
    self.tk.mainloop(n)
  File "C:\Users\zachary.price\AppData\Local\Programs\Python\Python310\lib\tkinter\__init__.py", line 1921, in __call__
    return self.func(*args)
  File "E:\OneDrive - zachthetech.com\Documents\GitHub\python-translation\main.py", line 412, in on_closing
    f.write("".join(traceback.format_stack(limit=10)))
[2026-02-07 12:22:16.513] STATUS: Process exiting

--- Process Exit ---
  File "E:\OneDrive - zachthetech.com\Documents\GitHub\python-translation\main.py", line 475, in _log_process_exit
    f.write("".join(traceback.format_stack(limit=10)))
