[2026-02-07 19:05:56.065] STATUS: Listening (Bilingual: English/Spanish)
[2026-02-07 19:05:59.064] STATUS: Apply clicked
[2026-02-07 19:06:00.355] STATUS: Settings applied
[2026-02-07 19:06:00.357] STATUS: Apply finished
[2026-02-07 19:06:01.245] STATUS: Listening (Bilingual: English/Spanish)
[2026-02-07 19:06:03.245] STATUS: No speech detected. Check mic level or device.
[2026-02-07 19:06:07.244] STATUS: Apply clicked
[2026-02-07 19:06:08.490] STATUS: Settings applied
[2026-02-07 19:06:08.491] STATUS: Apply finished
[2026-02-07 19:06:09.315] STATUS: Listening (Bilingual: English/Spanish)
[2026-02-07 19:06:10.314] STATUS: No speech detected. Check mic level or device.
[2026-02-07 19:06:10.494] STATUS: Listening (Bilingual: English/Spanish)
[2026-02-07 19:06:16.304] STATUS: No speech detected. Check mic level or device.
[2026-02-07 19:06:38.187] STATUS: Apply clicked
[2026-02-07 19:06:38.501] STATUS: Settings applied
[2026-02-07 19:06:38.503] STATUS: Apply finished
[2026-02-07 19:06:39.254] STATUS: Listening (Bilingual: English/Spanish)
[2026-02-07 19:06:40.253] STATUS: No speech detected. Check mic level or device.
[2026-02-07 19:06:40.503] STATUS: Listening (Bilingual: English/Spanish)
[2026-02-07 19:06:46.244] STATUS: No speech detected. Check mic level or device.
[2026-02-07 19:06:48.930] STATUS: App closing requested

--- Close Requested ---
  File "E:\OneDrive - zachthetech.com\Documents\GitHub\python-translation\main.py", line 4080, in <module>
    app = TranslationApp()
  File "E:\OneDrive - zachthetech.com\Documents\GitHub\python-translation\main.py", line 337, in __init__
    self.root.mainloop()
  File "C:\Users\zachary.price\AppData\Local\Programs\Python\Python310\lib\tkinter\__init__.py", line 1458, in mainloop
    self.tk.mainloop(n)
  File "C:\Users\zachary.price\AppData\Local\Programs\Python\Python310\lib\tkinter\__init__.py", line 1921, in __call__
    return self.func(*args)
  File "E:\OneDrive - zachthetech.com\Documents\GitHub\python-translation\main.py", line 423, in on_closing
    f.write("".join(traceback.format_stack(limit=10)))
[2026-02-07 19:06:48.939] STATUS: Process exiting

--- Process Exit ---
  File "E:\OneDrive - zachthetech.com\Documents\GitHub\python-translation\main.py", line 486, in _log_process_exit
    f.write("".join(traceback.format_stack(limit=10)))
