[2026-02-07 12:46:16.211] STATUS: Listening (English)
[2026-02-07 12:46:22.079] STATUS: No speech detected. Check mic level or device.
[2026-02-07 13:07:30.894] STATUS: Transcribing...
[2026-02-07 13:07:30.904] STATUS: Listening (English)
[2026-02-07 13:07:40.408] STATUS: Apply clicked
[2026-02-07 13:07:42.453] STATUS: Capture suspend timed out
[2026-02-07 13:07:42.542] STATUS: Settings applied
[2026-02-07 13:07:42.547] STATUS: Apply finished
[2026-02-07 13:07:44.554] STATUS: Listening (English)
[2026-02-07 13:07:49.036] STATUS: Transcribing...
[2026-02-07 13:07:49.044] STATUS: Listening (English)
[2026-02-07 13:08:05.295] STATUS: Transcribing...
[2026-02-07 13:08:05.300] STATUS: Listening (English)
[2026-02-07 13:08:12.744] STATUS: Transcribing...
[2026-02-07 13:08:12.749] STATUS: Listening (English)
[2026-02-07 13:08:22.073] STATUS: Transcribing...
[2026-02-07 13:08:22.078] STATUS: Listening (English)
[2026-02-07 13:09:22.210] STATUS: Apply clicked
[2026-02-07 13:09:22.777] STATUS: Settings applied
[2026-02-07 13:09:22.787] STATUS: Apply finished
[2026-02-07 13:09:23.792] STATUS: Listening (English)
[2026-02-07 13:09:42.841] STATUS: App closing requested

--- Close Requested ---
  File "E:\OneDrive - zachthetech.com\Documents\GitHub\python-translation\main.py", line 3637, in <module>
    app = TranslationApp()
  File "E:\OneDrive - zachthetech.com\Documents\GitHub\python-translation\main.py", line 326, in __init__
    self.root.mainloop()
  File "C:\Users\zachary.price\AppData\Local\Programs\Python\Python310\lib\tkinter\__init__.py", line 1458, in mainloop
    self.tk.mainloop(n)
  File "C:\Users\zachary.price\AppData\Local\Programs\Python\Python310\lib\tkinter\__init__.py", line 1921, in __call__
    return self.func(*args)
  File "E:\OneDrive - zachthetech.com\Documents\GitHub\python-translation\main.py", line 412, in on_closing
    f.write("".join(traceback.format_stack(limit=10)))
[2026-02-07 13:09:42.854] STATUS: Process exiting

--- Process Exit ---
  File "E:\OneDrive - zachthetech.com\Documents\GitHub\python-translation\main.py", line 475, in _log_process_exit
    f.write("".join(traceback.format_stack(limit=10)))
