[2026-02-07 20:54:34.487] STATUS: Listening (Bilingual: English/Spanish)
[2026-02-07 20:54:41.623] STATUS: Loading faster-whisper model (first run can take a few minutes)...
[2026-02-07 20:54:45.893] STATUS: Apply clicked
[2026-02-07 20:54:46.873] STATUS: Settings applied
[2026-02-07 20:54:46.875] STATUS: Apply finished
[2026-02-07 20:54:47.687] STATUS: Listening (English)
[2026-02-07 20:54:49.621] STATUS: Local model ready
[2026-02-07 20:54:51.133] STATUS: Listening (English)
[2026-02-07 20:54:53.311] STATUS: Transcribing...
[2026-02-07 20:54:53.352] STATUS: Listening (English)
[2026-02-07 20:54:55.689] STATUS: Transcribing...
[2026-02-07 20:54:55.723] STATUS: Listening (English)
[2026-02-07 20:55:02.669] STATUS: Transcribing...
[2026-02-07 20:55:02.709] STATUS: Listening (English)
[2026-02-07 20:55:04.670] STATUS: Transcribing...
[2026-02-07 20:55:04.704] STATUS: Listening (English)
[2026-02-07 20:55:13.616] STATUS: Transcribing...
[2026-02-07 20:55:13.650] STATUS: Listening (English)
[2026-02-07 20:55:16.662] STATUS: Transcribing...
[2026-02-07 20:55:16.713] STATUS: Listening (English)
[2026-02-07 20:55:20.186] STATUS: Transcribing...
[2026-02-07 20:55:20.222] STATUS: Listening (English)
[2026-02-07 20:55:29.508] STATUS: Transcribing...
[2026-02-07 20:55:29.554] STATUS: Listening (English)
[2026-02-07 20:55:40.317] STATUS: Transcribing...
[2026-02-07 20:55:40.355] STATUS: Listening (English)
[2026-02-07 20:55:51.263] STATUS: Heard audio but could not recognize speech.
[2026-02-07 20:56:08.345] STATUS: Transcribing...
[2026-02-07 20:56:08.411] STATUS: Listening (English)
[2026-02-07 20:56:12.857] STATUS: No speech detected. Check mic level or device.
[2026-02-07 20:57:13.015] STATUS: App closing requested

--- Close Requested ---
  File "E:\OneDrive - zachthetech.com\Documents\GitHub\python-translation\main.py", line 4275, in <module>
    app = TranslationApp()
  File "E:\OneDrive - zachthetech.com\Documents\GitHub\python-translation\main.py", line 342, in __init__
    self.root.mainloop()
  File "C:\Users\zachary.price\AppData\Local\Programs\Python\Python310\lib\tkinter\__init__.py", line 1458, in mainloop
    self.tk.mainloop(n)
  File "C:\Users\zachary.price\AppData\Local\Programs\Python\Python310\lib\tkinter\__init__.py", line 1921, in __call__
    return self.func(*args)
  File "E:\OneDrive - zachthetech.com\Documents\GitHub\python-translation\main.py", line 428, in on_closing
    f.write("".join(traceback.format_stack(limit=10)))
[2026-02-07 20:57:13.029] STATUS: Process exiting

--- Process Exit ---
  File "E:\OneDrive - zachthetech.com\Documents\GitHub\python-translation\main.py", line 491, in _log_process_exit
    f.write("".join(traceback.format_stack(limit=10)))
