[2026-02-12 18:25:14.482] STATUS: Listening (English)
[2026-02-12 18:25:20.472] STATUS: No speech detected. Check mic level or device.
[2026-02-12 18:25:27.140] STATUS: Transcribing...
[2026-02-12 18:25:27.146] STATUS: Listening (English)
[2026-02-12 18:25:30.281] STATUS: Transcribing...
[2026-02-12 18:25:30.283] STATUS: Listening (English)
[2026-02-12 18:25:32.576] STATUS: Transcribing...
[2026-02-12 18:25:32.579] STATUS: Listening (English)
[2026-02-12 18:25:38.402] STATUS: Transcribing...
[2026-02-12 18:25:38.404] STATUS: Listening (English)
[2026-02-12 18:25:41.876] STATUS: Transcribing...
[2026-02-12 18:25:41.878] STATUS: Listening (English)
[2026-02-12 18:25:45.025] STATUS: Transcribing...
[2026-02-12 18:25:45.028] STATUS: Listening (English)
[2026-02-12 18:25:47.871] STATUS: Transcribing...
[2026-02-12 18:25:47.874] STATUS: Listening (English)
[2026-02-12 18:25:51.099] STATUS: Transcribing...
[2026-02-12 18:25:51.102] STATUS: Listening (English)
[2026-02-12 18:25:53.918] STATUS: Transcribing...
[2026-02-12 18:25:53.920] STATUS: Listening (English)
[2026-02-12 18:25:57.720] STATUS: Transcribing...
[2026-02-12 18:25:57.723] STATUS: Listening (English)
[2026-02-12 18:26:00.373] STATUS: Transcribing...
[2026-02-12 18:26:00.376] STATUS: Listening (English)
[2026-02-12 18:26:03.649] STATUS: Transcribing...
[2026-02-12 18:26:03.653] STATUS: Listening (English)
[2026-02-12 18:26:06.581] STATUS: Transcribing...
[2026-02-12 18:26:06.584] STATUS: Listening (English)
[2026-02-12 18:26:09.611] STATUS: Transcribing...
[2026-02-12 18:26:09.614] STATUS: Listening (English)
[2026-02-12 18:26:12.823] STATUS: Transcribing...
[2026-02-12 18:26:12.827] STATUS: Listening (English)
[2026-02-12 18:26:15.624] STATUS: Transcribing...
[2026-02-12 18:26:15.627] STATUS: Listening (English)
[2026-02-12 18:26:18.692] STATUS: Transcribing...
[2026-02-12 18:26:18.696] STATUS: Listening (English)
[2026-02-12 18:26:23.057] STATUS: Transcribing...
[2026-02-12 18:26:23.061] STATUS: Listening (English)
[2026-02-12 18:26:26.092] STATUS: Transcribing...
[2026-02-12 18:26:26.096] STATUS: Listening (English)
[2026-02-12 18:26:29.374] STATUS: Transcribing...
[2026-02-12 18:26:29.377] STATUS: Listening (English)
[2026-02-12 18:26:32.015] STATUS: Transcribing...
[2026-02-12 18:26:32.018] STATUS: Listening (English)
[2026-02-12 18:26:33.659] STATUS: Transcribing...
[2026-02-12 18:26:33.664] STATUS: Listening (English)
[2026-02-12 18:26:37.266] STATUS: Transcribing...
[2026-02-12 18:26:37.268] STATUS: Listening (English)
[2026-02-12 18:26:40.315] STATUS: Transcribing...
[2026-02-12 18:26:40.318] STATUS: Listening (English)
[2026-02-12 18:26:43.674] STATUS: Transcribing...
[2026-02-12 18:26:43.676] STATUS: Listening (English)
[2026-02-12 18:26:47.716] STATUS: Transcribing...
[2026-02-12 18:26:47.720] STATUS: Listening (English)
[2026-02-12 18:26:50.946] STATUS: Transcribing...
[2026-02-12 18:26:50.949] STATUS: Listening (English)
[2026-02-12 18:26:53.829] STATUS: Transcribing...
[2026-02-12 18:26:53.832] STATUS: Listening (English)
[2026-02-12 18:26:57.099] STATUS: Transcribing...
[2026-02-12 18:26:57.102] STATUS: Listening (English)
[2026-02-12 18:27:00.271] STATUS: Transcribing...
[2026-02-12 18:27:00.274] STATUS: Listening (English)
[2026-02-12 18:27:03.484] STATUS: Transcribing...
[2026-02-12 18:27:03.487] STATUS: Listening (English)
[2026-02-12 18:27:06.805] STATUS: Transcribing...
[2026-02-12 18:27:06.810] STATUS: Listening (English)
[2026-02-12 18:27:09.968] STATUS: Transcribing...
[2026-02-12 18:27:09.971] STATUS: Listening (English)
[2026-02-12 18:27:13.248] STATUS: Transcribing...
[2026-02-12 18:27:13.252] STATUS: Listening (English)
[2026-02-12 18:27:16.200] STATUS: Transcribing...
[2026-02-12 18:27:16.202] STATUS: Listening (English)
[2026-02-12 18:27:19.877] STATUS: Transcribing...
[2026-02-12 18:27:19.880] STATUS: Listening (English)
[2026-02-12 18:27:22.572] STATUS: Transcribing...
[2026-02-12 18:27:22.576] STATUS: Listening (English)
[2026-02-12 18:27:25.693] STATUS: Transcribing...
[2026-02-12 18:27:25.696] STATUS: Listening (English)
[2026-02-12 18:27:29.005] STATUS: Transcribing...
[2026-02-12 18:27:29.008] STATUS: Listening (English)
[2026-02-12 18:27:33.801] STATUS: Transcribing...
[2026-02-12 18:27:33.804] STATUS: Listening (English)
[2026-02-12 18:27:36.732] STATUS: Transcribing...
[2026-02-12 18:27:36.737] STATUS: Listening (English)
[2026-02-12 18:27:39.830] STATUS: Transcribing...
[2026-02-12 18:27:39.833] STATUS: Listening (English)
[2026-02-12 18:27:42.809] STATUS: Transcribing...
[2026-02-12 18:27:42.812] STATUS: Listening (English)
[2026-02-12 18:27:46.298] STATUS: Transcribing...
[2026-02-12 18:27:46.301] STATUS: Listening (English)
[2026-02-12 18:27:49.667] STATUS: Transcribing...
[2026-02-12 18:27:49.670] STATUS: Listening (English)
[2026-02-12 18:27:52.953] STATUS: Transcribing...
[2026-02-12 18:27:52.956] STATUS: Listening (English)
[2026-02-12 18:27:55.902] STATUS: Transcribing...
[2026-02-12 18:27:55.934] STATUS: Listening (English)
[2026-02-12 18:27:58.095] STATUS: Transcribing...
[2026-02-12 18:27:58.098] STATUS: Listening (English)
[2026-02-12 18:28:01.166] STATUS: Transcribing...
[2026-02-12 18:28:01.171] STATUS: Listening (English)
[2026-02-12 18:28:04.539] STATUS: Transcribing...
[2026-02-12 18:28:04.543] STATUS: Listening (English)
[2026-02-12 18:28:05.409] STATUS: App closing requested

--- Close Requested ---
  File "E:\OneDrive - zachthetech.com\Documents\GitHub\python-translation\main.py", line 4775, in <module>
    app = TranslationApp()
  File "E:\OneDrive - zachthetech.com\Documents\GitHub\python-translation\main.py", line 365, in __init__
    self.root.mainloop()
  File "C:\Users\zachary.price\AppData\Local\Programs\Python\Python310\lib\tkinter\__init__.py", line 1458, in mainloop
    self.tk.mainloop(n)
  File "C:\Users\zachary.price\AppData\Local\Programs\Python\Python310\lib\tkinter\__init__.py", line 1921, in __call__
    return self.func(*args)
  File "E:\OneDrive - zachthetech.com\Documents\GitHub\python-translation\main.py", line 451, in on_closing
    f.write("".join(traceback.format_stack(limit=10)))
[2026-02-12 18:28:05.422] STATUS: Process exiting

--- Process Exit ---
  File "E:\OneDrive - zachthetech.com\Documents\GitHub\python-translation\main.py", line 514, in _log_process_exit
    f.write("".join(traceback.format_stack(limit=10)))
