[2026-02-07 19:53:24.654] STATUS: Listening (Bilingual: English/Spanish)
[2026-02-07 19:53:30.644] STATUS: No speech detected. Check mic level or device.
[2026-02-07 19:53:44.998] STATUS: Apply clicked
[2026-02-07 19:53:45.888] STATUS: Settings applied
[2026-02-07 19:53:45.889] STATUS: Apply finished
[2026-02-07 19:53:46.669] STATUS: Listening (Bilingual: English/Spanish)
[2026-02-07 19:53:47.669] STATUS: No speech detected. Check mic level or device.
[2026-02-07 19:53:47.890] STATUS: Listening (Bilingual: English/Spanish)
[2026-02-07 19:53:53.659] STATUS: No speech detected. Check mic level or device.
[2026-02-07 19:54:01.670] STATUS: Speech error: faster-whisper is not installed. Run: pip install faster-whisper
[2026-02-07 19:54:38.544] STATUS: App closing requested

--- Close Requested ---
  File "E:\OneDrive - zachthetech.com\Documents\GitHub\python-translation\main.py", line 4269, in <module>
    app = TranslationApp()
  File "E:\OneDrive - zachthetech.com\Documents\GitHub\python-translation\main.py", line 344, in __init__
    self.root.mainloop()
  File "C:\Users\zachary.price\AppData\Local\Programs\Python\Python310\lib\tkinter\__init__.py", line 1458, in mainloop
    self.tk.mainloop(n)
  File "C:\Users\zachary.price\AppData\Local\Programs\Python\Python310\lib\tkinter\__init__.py", line 1921, in __call__
    return self.func(*args)
  File "E:\OneDrive - zachthetech.com\Documents\GitHub\python-translation\main.py", line 430, in on_closing
    f.write("".join(traceback.format_stack(limit=10)))
[2026-02-07 19:54:38.553] STATUS: Process exiting

--- Process Exit ---
  File "E:\OneDrive - zachthetech.com\Documents\GitHub\python-translation\main.py", line 493, in _log_process_exit
    f.write("".join(traceback.format_stack(limit=10)))
