[2026-02-12 18:14:33.005] STATUS: Listening (English)
[2026-02-12 18:14:38.995] STATUS: No speech detected. Check mic level or device.
[2026-02-12 18:15:21.926] STATUS: Transcribing...
[2026-02-12 18:15:21.930] STATUS: Listening (English)
[2026-02-12 18:15:24.766] STATUS: Transcribing...
[2026-02-12 18:15:24.768] STATUS: Listening (English)
[2026-02-12 18:15:26.787] STATUS: Transcribing...
[2026-02-12 18:15:26.788] STATUS: Listening (English)
[2026-02-12 18:15:31.029] STATUS: Transcribing...
[2026-02-12 18:15:31.031] STATUS: Listening (English)
[2026-02-12 18:15:34.009] STATUS: Transcribing...
[2026-02-12 18:15:34.014] STATUS: Listening (English)
[2026-02-12 18:15:36.208] STATUS: Transcribing...
[2026-02-12 18:15:36.209] STATUS: Listening (English)
[2026-02-12 18:15:39.854] STATUS: Transcribing...
[2026-02-12 18:15:39.855] STATUS: Listening (English)
[2026-02-12 18:15:42.850] STATUS: Transcribing...
[2026-02-12 18:15:42.851] STATUS: Listening (English)
[2026-02-12 18:15:45.812] STATUS: Transcribing...
[2026-02-12 18:15:45.813] STATUS: Listening (English)
[2026-02-12 18:15:48.645] STATUS: App closing requested

--- Close Requested ---
  File "E:\OneDrive - zachthetech.com\Documents\GitHub\python-translation\main.py", line 4765, in <module>
    app = TranslationApp()
  File "E:\OneDrive - zachthetech.com\Documents\GitHub\python-translation\main.py", line 365, in __init__
    self.root.mainloop()
  File "C:\Users\zachary.price\AppData\Local\Programs\Python\Python310\lib\tkinter\__init__.py", line 1458, in mainloop
    self.tk.mainloop(n)
  File "C:\Users\zachary.price\AppData\Local\Programs\Python\Python310\lib\tkinter\__init__.py", line 1921, in __call__
    return self.func(*args)
  File "E:\OneDrive - zachthetech.com\Documents\GitHub\python-translation\main.py", line 451, in on_closing
    f.write("".join(traceback.format_stack(limit=10)))
[2026-02-12 18:15:48.650] STATUS: Process exiting

--- Process Exit ---
  File "E:\OneDrive - zachthetech.com\Documents\GitHub\python-translation\main.py", line 514, in _log_process_exit
    f.write("".join(traceback.format_stack(limit=10)))
