Windows fatal exception: access violation

Thread 0x0000b078 (most recent call first):
  File "E:\OneDrive - zachthetech.com\Documents\GitHub\python-translation\.venv\lib\site-packages\pyaudio\__init__.py", line 591 in __init__
  File "E:\OneDrive - zachthetech.com\Documents\GitHub\python-translation\main.py", line 4447 in _audio_level_stream_loop
  File "C:\Users\zachary.price\AppData\Local\Programs\Python\Python310\lib\threading.py", line 953 in run
  File "C:\Users\zachary.price\AppData\Local\Programs\Python\Python310\lib\threading.py", line 1016 in _bootstrap_inner
  File "C:\Users\zachary.price\AppData\Local\Programs\Python\Python310\lib\threading.py", line 973 in _bootstrap

Current thread 0x000092e4 (most recent call first):
  File "E:\OneDrive - zachthetech.com\Documents\GitHub\python-translation\.venv\lib\site-packages\pyaudio\__init__.py", line 604 in terminate
  File "E:\OneDrive - zachthetech.com\Documents\GitHub\python-translation\.venv\lib\site-packages\speech_recognition\__init__.py", line 87 in __init__
  File "E:\OneDrive - zachthetech.com\Documents\GitHub\python-translation\main.py", line 3222 in _capture_loop
  File "C:\Users\zachary.price\AppData\Local\Programs\Python\Python310\lib\threading.py", line 953 in run
  File "C:\Users\zachary.price\AppData\Local\Programs\Python\Python310\lib\threading.py", line 1016 in _bootstrap_inner
  File "C:\Users\zachary.price\AppData\Local\Programs\Python\Python310\lib\threading.py", line 973 in _bootstrap

Thread 0x00005dac (most recent call first):
  File "C:\Users\zachary.price\AppData\Local\Programs\Python\Python310\lib\threading.py", line 324 in wait
  File "C:\Users\zachary.price\AppData\Local\Programs\Python\Python310\lib\queue.py", line 180 in get
  File "E:\OneDrive - zachthetech.com\Documents\GitHub\python-translation\main.py", line 3078 in listen_and_translate
  File "C:\Users\zachary.price\AppData\Local\Programs\Python\Python310\lib\threading.py", line 953 in run
  File "C:\Users\zachary.price\AppData\Local\Programs\Python\Python310\lib\threading.py", line 1016 in _bootstrap_inner
  File "C:\Users\zachary.price\AppData\Local\Programs\Python\Python310\lib\threading.py", line 973 in _bootstrap

Thread 0x00000178 (most recent call first):
  File "C:\Users\zachary.price\AppData\Local\Programs\Python\Python310\lib\threading.py", line 324 in wait
  File "C:\Users\zachary.price\AppData\Local\Programs\Python\Python310\lib\queue.py", line 180 in get
  File "E:\OneDrive - zachthetech.com\Documents\GitHub\python-translation\main.py", line 3595 in _translation_worker
  File "C:\Users\zachary.price\AppData\Local\Programs\Python\Python310\lib\threading.py", line 953 in run
  File "C:\Users\zachary.price\AppData\Local\Programs\Python\Python310\lib\threading.py", line 1016 in _bootstrap_inner
  File "C:\Users\zachary.price\AppData\Local\Programs\Python\Python310\lib\threading.py", line 973 in _bootstrap

Thread 0x00003af8 (most recent call first):
  File "C:\Users\zachary.price\AppData\Local\Programs\Python\Python310\lib\tkinter\__init__.py", line 1349 in update_idletasks
  File "E:\OneDrive - zachthetech.com\Documents\GitHub\python-translation\main.py", line 1082 in _apply_custom_fullscreen
  File "E:\OneDrive - zachthetech.com\Documents\GitHub\python-translation\main.py", line 1044 in enter_fullscreen
  File "C:\Users\zachary.price\AppData\Local\Programs\Python\Python310\lib\tkinter\__init__.py", line 839 in callit
  File "C:\Users\zachary.price\AppData\Local\Programs\Python\Python310\lib\tkinter\__init__.py", line 1921 in __call__
  File "C:\Users\zachary.price\AppData\Local\Programs\Python\Python310\lib\tkinter\__init__.py", line 1458 in mainloop
  File "E:\OneDrive - zachthetech.com\Documents\GitHub\python-translation\main.py", line 359 in __init__
  File "E:\OneDrive - zachthetech.com\Documents\GitHub\python-translation\main.py", line 4605 in <module>
