[2026-02-13 17:40:43.661] STATUS: Listening (English)
[2026-02-13 17:40:48.532] STATUS: Transcribing...
[2026-02-13 17:40:48.540] STATUS: Listening (English)
[2026-02-13 17:40:53.396] STATUS: Transcribing...
[2026-02-13 17:40:53.403] STATUS: Listening (English)
[2026-02-13 17:40:56.368] STATUS: Transcribing...
[2026-02-13 17:40:56.375] STATUS: Listening (English)
[2026-02-13 17:41:04.430] STATUS: Transcribing...
[2026-02-13 17:41:04.439] STATUS: Listening (English)
[2026-02-13 17:41:09.179] STATUS: Transcribing...
[2026-02-13 17:41:09.188] STATUS: Listening (English)
[2026-02-13 17:41:11.089] STATUS: Transcribing...
[2026-02-13 17:41:11.098] STATUS: Listening (English)
[2026-02-13 17:41:13.952] STATUS: Transcribing...
[2026-02-13 17:41:13.962] STATUS: Listening (English)
[2026-02-13 17:41:19.859] STATUS: Transcribing...
[2026-02-13 17:41:19.869] STATUS: Listening (English)
[2026-02-13 17:41:26.576] STATUS: Transcribing...
[2026-02-13 17:41:26.586] STATUS: Listening (English)
[2026-02-13 17:41:27.511] STATUS: Transcribing...
[2026-02-13 17:41:27.520] STATUS: Listening (English)
[2026-02-13 17:41:33.766] STATUS: Transcribing...
[2026-02-13 17:41:33.778] STATUS: Listening (English)
[2026-02-13 17:41:35.058] STATUS: Transcribing...
[2026-02-13 17:41:35.071] STATUS: Listening (English)
[2026-02-13 17:41:36.377] STATUS: Transcribing...
[2026-02-13 17:41:36.389] STATUS: Listening (English)
[2026-02-13 17:41:44.056] STATUS: Transcribing...
[2026-02-13 17:41:44.069] STATUS: Listening (English)
[2026-02-13 17:41:49.797] STATUS: Transcribing...
[2026-02-13 17:41:49.807] STATUS: Listening (English)
[2026-02-13 17:41:52.378] STATUS: Transcribing...
[2026-02-13 17:41:52.393] STATUS: Listening (English)
[2026-02-13 17:41:55.610] STATUS: Transcribing...
[2026-02-13 17:41:55.626] STATUS: Listening (English)
[2026-02-13 17:41:58.466] STATUS: Transcribing...
[2026-02-13 17:41:58.482] STATUS: Listening (English)
[2026-02-13 17:42:00.825] STATUS: Transcribing...
[2026-02-13 17:42:00.836] STATUS: Listening (English)
[2026-02-13 17:42:04.138] STATUS: Transcribing...
[2026-02-13 17:42:04.151] STATUS: Listening (English)
[2026-02-13 17:42:11.690] STATUS: Transcribing...
[2026-02-13 17:42:11.706] STATUS: Listening (English)
[2026-02-13 17:42:13.977] STATUS: Transcribing...
[2026-02-13 17:42:13.990] STATUS: Listening (English)
[2026-02-13 17:42:19.827] STATUS: Transcribing...
[2026-02-13 17:42:19.841] STATUS: Listening (English)
[2026-02-13 17:42:24.506] STATUS: Transcribing...
[2026-02-13 17:42:24.521] STATUS: Listening (English)
[2026-02-13 17:42:29.928] STATUS: Transcribing...
[2026-02-13 17:42:29.945] STATUS: Listening (English)
[2026-02-13 17:42:31.545] STATUS: Transcribing...
[2026-02-13 17:42:31.604] STATUS: Listening (English)
[2026-02-13 17:42:38.531] STATUS: Transcribing...
[2026-02-13 17:42:38.548] STATUS: Listening (English)
[2026-02-13 17:42:39.845] STATUS: Transcribing...
[2026-02-13 17:42:39.859] STATUS: Listening (English)
[2026-02-13 17:42:46.587] STATUS: Transcribing...
[2026-02-13 17:42:46.604] STATUS: Listening (English)
[2026-02-13 17:42:49.054] STATUS: Transcribing...
[2026-02-13 17:42:49.071] STATUS: Listening (English)
[2026-02-13 17:42:52.537] STATUS: Transcribing...
[2026-02-13 17:42:52.554] STATUS: Listening (English)
[2026-02-13 17:42:56.914] STATUS: Transcribing...
[2026-02-13 17:42:56.931] STATUS: Listening (English)
[2026-02-13 17:43:01.929] STATUS: Transcribing...
[2026-02-13 17:43:01.944] STATUS: Listening (English)
[2026-02-13 17:43:07.342] STATUS: Transcribing...
[2026-02-13 17:43:07.362] STATUS: Listening (English)
[2026-02-13 17:43:10.420] STATUS: Transcribing...
[2026-02-13 17:43:10.436] STATUS: Listening (English)
[2026-02-13 17:43:15.733] STATUS: Transcribing...
[2026-02-13 17:43:15.752] STATUS: Listening (English)
[2026-02-13 17:43:18.193] STATUS: Transcribing...
[2026-02-13 17:43:18.211] STATUS: Listening (English)
[2026-02-13 17:43:22.197] STATUS: Transcribing...
[2026-02-13 17:43:22.219] STATUS: Listening (English)
[2026-02-13 17:43:24.568] STATUS: Transcribing...
[2026-02-13 17:43:24.586] STATUS: Listening (English)
[2026-02-13 17:43:31.371] STATUS: Transcribing...
[2026-02-13 17:43:31.392] STATUS: Listening (English)
[2026-02-13 17:43:32.161] STATUS: Transcribing...
[2026-02-13 17:43:32.208] STATUS: Listening (English)
[2026-02-13 17:43:36.121] STATUS: Transcribing...
[2026-02-13 17:43:36.144] STATUS: Listening (English)
[2026-02-13 17:43:43.714] STATUS: Transcribing...
[2026-02-13 17:43:43.733] STATUS: Listening (English)
[2026-02-13 17:43:45.643] STATUS: Transcribing...
[2026-02-13 17:43:45.709] STATUS: Listening (English)
[2026-02-13 17:43:49.419] STATUS: Transcribing...
[2026-02-13 17:43:49.437] STATUS: Listening (English)
[2026-02-13 17:43:55.452] STATUS: Transcribing...
[2026-02-13 17:43:55.471] STATUS: Listening (English)
[2026-02-13 17:43:56.847] STATUS: Transcribing...
[2026-02-13 17:43:56.875] STATUS: Listening (English)
[2026-02-13 17:44:00.029] STATUS: Transcribing...
[2026-02-13 17:44:00.048] STATUS: Listening (English)
[2026-02-13 17:44:04.404] STATUS: Transcribing...
[2026-02-13 17:44:04.427] STATUS: Listening (English)
[2026-02-13 17:44:07.548] STATUS: Transcribing...
[2026-02-13 17:44:07.574] STATUS: Listening (English)
[2026-02-13 17:44:08.821] STATUS: Transcribing...
[2026-02-13 17:44:08.883] STATUS: Listening (English)
[2026-02-13 17:44:19.103] STATUS: Transcribing...
[2026-02-13 17:44:19.123] STATUS: Listening (English)
[2026-02-13 17:44:21.303] STATUS: Transcribing...
[2026-02-13 17:44:21.327] STATUS: Listening (English)
[2026-02-13 17:44:23.369] STATUS: Transcribing...
[2026-02-13 17:44:23.439] STATUS: Listening (English)
[2026-02-13 17:44:28.666] STATUS: Transcribing...
[2026-02-13 17:44:28.689] STATUS: Listening (English)
[2026-02-13 17:44:31.610] STATUS: Transcribing...
[2026-02-13 17:44:31.635] STATUS: Listening (English)
[2026-02-13 17:44:37.421] STATUS: Transcribing...
[2026-02-13 17:44:37.444] STATUS: Listening (English)
[2026-02-13 17:44:40.917] STATUS: Transcribing...
[2026-02-13 17:44:40.939] STATUS: Listening (English)
[2026-02-13 17:44:45.914] STATUS: Transcribing...
[2026-02-13 17:44:45.937] STATUS: Listening (English)
[2026-02-13 17:44:49.656] STATUS: Transcribing...
[2026-02-13 17:44:49.680] STATUS: Listening (English)
[2026-02-13 17:44:54.399] STATUS: Transcribing...
[2026-02-13 17:44:54.424] STATUS: Listening (English)
[2026-02-13 17:45:00.600] STATUS: Transcribing...
[2026-02-13 17:45:00.626] STATUS: Listening (English)
[2026-02-13 17:45:06.072] STATUS: Transcribing...
[2026-02-13 17:45:06.104] STATUS: Listening (English)
[2026-02-13 17:45:09.100] STATUS: Transcribing...
[2026-02-13 17:45:09.124] STATUS: Listening (English)
[2026-02-13 17:45:11.220] STATUS: Transcribing...
[2026-02-13 17:45:11.248] STATUS: Listening (English)
[2026-02-13 17:45:17.374] STATUS: Transcribing...
[2026-02-13 17:45:17.402] STATUS: Listening (English)
[2026-02-13 17:45:22.399] STATUS: Transcribing...
[2026-02-13 17:45:22.424] STATUS: Listening (English)
[2026-02-13 17:45:29.150] STATUS: Transcribing...
[2026-02-13 17:45:29.177] STATUS: Listening (English)
[2026-02-13 17:45:38.241] STATUS: Transcribing...
[2026-02-13 17:45:38.266] STATUS: Listening (English)
[2026-02-13 17:45:40.225] STATUS: Transcribing...
[2026-02-13 17:45:40.250] STATUS: Listening (English)
[2026-02-13 17:45:42.604] STATUS: Transcribing...
[2026-02-13 17:45:42.631] STATUS: Listening (English)
[2026-02-13 17:45:47.458] STATUS: Transcribing...
[2026-02-13 17:45:47.483] STATUS: Listening (English)
[2026-02-13 17:45:49.281] STATUS: Transcribing...
[2026-02-13 17:45:49.311] STATUS: Listening (English)
[2026-02-13 17:45:55.001] STATUS: Transcribing...
[2026-02-13 17:45:55.030] STATUS: Listening (English)
[2026-02-13 17:45:56.918] STATUS: Transcribing...
[2026-02-13 17:45:56.947] STATUS: Listening (English)
[2026-02-13 17:46:02.306] STATUS: Transcribing...
[2026-02-13 17:46:02.336] STATUS: Listening (English)
[2026-02-13 17:46:05.257] STATUS: Transcribing...
[2026-02-13 17:46:05.284] STATUS: Listening (English)
[2026-02-13 17:46:10.423] STATUS: Transcribing...
[2026-02-13 17:46:10.458] STATUS: Listening (English)
[2026-02-13 17:46:13.247] STATUS: Transcribing...
[2026-02-13 17:46:13.280] STATUS: Listening (English)
[2026-02-13 17:46:15.897] STATUS: Transcribing...
[2026-02-13 17:46:15.927] STATUS: Listening (English)
[2026-02-13 17:46:18.847] STATUS: Transcribing...
[2026-02-13 17:46:18.875] STATUS: Listening (English)
[2026-02-13 17:46:22.878] STATUS: Transcribing...
[2026-02-13 17:46:22.912] STATUS: Listening (English)
[2026-02-13 17:46:28.133] STATUS: Transcribing...
[2026-02-13 17:46:28.162] STATUS: Listening (English)
[2026-02-13 17:46:32.637] STATUS: Transcribing...
[2026-02-13 17:46:32.668] STATUS: Listening (English)
[2026-02-13 17:46:36.101] STATUS: Transcribing...
[2026-02-13 17:46:36.135] STATUS: Listening (English)
[2026-02-13 17:46:38.894] STATUS: Transcribing...
[2026-02-13 17:46:38.920] STATUS: Listening (English)
[2026-02-13 17:46:42.608] STATUS: Transcribing...
[2026-02-13 17:46:42.642] STATUS: Listening (English)
[2026-02-13 17:46:45.338] STATUS: Transcribing...
[2026-02-13 17:46:45.372] STATUS: Listening (English)
[2026-02-13 17:46:52.405] STATUS: Transcribing...
[2026-02-13 17:46:52.434] STATUS: Listening (English)
[2026-02-13 17:46:57.785] STATUS: Transcribing...
[2026-02-13 17:46:57.814] STATUS: Listening (English)
[2026-02-13 17:47:04.810] STATUS: Transcribing...
[2026-02-13 17:47:04.842] STATUS: Listening (English)
[2026-02-13 17:47:09.319] STATUS: Transcribing...
[2026-02-13 17:47:09.350] STATUS: Listening (English)
[2026-02-13 17:47:11.335] STATUS: Transcribing...
[2026-02-13 17:47:11.364] STATUS: Listening (English)
[2026-02-13 17:47:14.155] STATUS: Transcribing...
[2026-02-13 17:47:14.188] STATUS: Listening (English)
[2026-02-13 17:47:18.555] STATUS: Transcribing...
[2026-02-13 17:47:18.590] STATUS: Listening (English)
[2026-02-13 17:47:25.852] STATUS: Transcribing...
[2026-02-13 17:47:25.886] STATUS: Listening (English)
[2026-02-13 17:47:26.520] STATUS: Transcribing...
[2026-02-13 17:47:26.615] STATUS: Listening (English)
[2026-02-13 17:47:27.387] STATUS: Transcribing...
[2026-02-13 17:47:27.465] STATUS: Listening (English)
[2026-02-13 17:47:29.544] STATUS: Transcribing...
[2026-02-13 17:47:29.578] STATUS: Listening (English)
[2026-02-13 17:47:32.139] STATUS: Transcribing...
[2026-02-13 17:47:32.173] STATUS: Listening (English)
[2026-02-13 17:47:38.290] STATUS: Transcribing...
[2026-02-13 17:47:38.324] STATUS: Listening (English)
[2026-02-13 17:47:41.899] STATUS: Transcribing...
[2026-02-13 17:47:41.932] STATUS: Listening (English)
[2026-02-13 17:47:44.019] STATUS: Transcribing...
[2026-02-13 17:47:44.069] STATUS: Listening (English)
[2026-02-13 17:47:49.661] STATUS: Transcribing...
[2026-02-13 17:47:49.694] STATUS: Listening (English)
[2026-02-13 17:47:55.094] STATUS: Transcribing...
[2026-02-13 17:47:55.138] STATUS: Listening (English)
[2026-02-13 17:48:00.526] STATUS: Transcribing...
[2026-02-13 17:48:00.566] STATUS: Listening (English)
[2026-02-13 17:48:04.696] STATUS: Transcribing...
[2026-02-13 17:48:04.734] STATUS: Listening (English)
[2026-02-13 17:48:08.644] STATUS: Transcribing...
[2026-02-13 17:48:08.675] STATUS: Listening (English)
[2026-02-13 17:48:13.173] STATUS: Transcribing...
[2026-02-13 17:48:13.209] STATUS: Listening (English)
[2026-02-13 17:48:19.079] STATUS: Transcribing...
[2026-02-13 17:48:19.141] STATUS: Listening (English)
[2026-02-13 17:48:24.391] STATUS: Transcribing...
[2026-02-13 17:48:24.425] STATUS: Listening (English)
[2026-02-13 17:48:29.765] STATUS: Transcribing...
[2026-02-13 17:48:29.807] STATUS: Listening (English)
[2026-02-13 17:48:34.122] STATUS: Transcribing...
[2026-02-13 17:48:34.189] STATUS: Listening (English)
[2026-02-13 17:48:39.884] STATUS: Transcribing...
[2026-02-13 17:48:39.919] STATUS: Listening (English)
[2026-02-13 17:48:41.802] STATUS: Transcribing...
[2026-02-13 17:48:41.840] STATUS: Listening (English)
[2026-02-13 17:48:49.606] STATUS: Transcribing...
[2026-02-13 17:48:49.642] STATUS: Listening (English)
[2026-02-13 17:48:52.909] STATUS: Transcribing...
[2026-02-13 17:48:52.945] STATUS: Listening (English)
[2026-02-13 17:48:56.566] STATUS: Transcribing...
[2026-02-13 17:48:56.604] STATUS: Listening (English)
[2026-02-13 17:49:00.948] STATUS: Transcribing...
[2026-02-13 17:49:00.988] STATUS: Listening (English)
[2026-02-13 17:49:06.928] STATUS: Transcribing...
[2026-02-13 17:49:06.961] STATUS: Listening (English)
[2026-02-13 17:49:09.159] STATUS: Transcribing...
[2026-02-13 17:49:09.196] STATUS: Listening (English)
[2026-02-13 17:49:14.722] STATUS: Transcribing...
[2026-02-13 17:49:14.780] STATUS: Listening (English)
[2026-02-13 17:49:21.126] STATUS: Transcribing...
[2026-02-13 17:49:21.176] STATUS: Listening (English)
[2026-02-13 17:49:26.528] STATUS: Transcribing...
[2026-02-13 17:49:26.569] STATUS: Listening (English)
[2026-02-13 17:49:29.776] STATUS: Transcribing...
[2026-02-13 17:49:29.813] STATUS: Listening (English)
[2026-02-13 17:49:32.340] STATUS: Transcribing...
[2026-02-13 17:49:32.388] STATUS: Listening (English)
[2026-02-13 17:49:33.440] STATUS: Transcribing...
[2026-02-13 17:49:33.482] STATUS: Listening (English)
[2026-02-13 17:49:36.303] STATUS: Transcribing...
[2026-02-13 17:49:36.347] STATUS: Listening (English)
[2026-02-13 17:49:37.920] STATUS: Transcribing...
[2026-02-13 17:49:37.957] STATUS: Listening (English)
[2026-02-13 17:49:40.573] STATUS: Transcribing...
[2026-02-13 17:49:40.608] STATUS: Listening (English)
[2026-02-13 17:49:45.192] STATUS: Transcribing...
[2026-02-13 17:49:45.232] STATUS: Listening (English)
[2026-02-13 17:49:48.002] STATUS: Transcribing...
[2026-02-13 17:49:48.043] STATUS: Listening (English)
[2026-02-13 17:49:56.037] STATUS: Transcribing...
[2026-02-13 17:49:56.078] STATUS: Listening (English)
[2026-02-13 17:50:07.775] STATUS: Transcribing...
[2026-02-13 17:50:07.817] STATUS: Listening (English)
[2026-02-13 17:50:09.211] STATUS: Transcribing...
[2026-02-13 17:50:09.249] STATUS: Listening (English)
[2026-02-13 17:50:15.848] STATUS: Transcribing...
[2026-02-13 17:50:15.888] STATUS: Listening (English)
[2026-02-13 17:50:20.214] STATUS: Transcribing...
[2026-02-13 17:50:20.252] STATUS: Listening (English)
[2026-02-13 17:50:27.711] STATUS: Transcribing...
[2026-02-13 17:50:27.750] STATUS: Listening (English)
[2026-02-13 17:50:33.230] STATUS: App closing requested

--- Close Requested ---
  File "E:\OneDrive - zachthetech.com\Documents\GitHub\python-translation\main.py", line 5829, in <module>
    app = TranslationApp()
  File "E:\OneDrive - zachthetech.com\Documents\GitHub\python-translation\main.py", line 450, in __init__
    self.thread.start()
  File "C:\Users\zachary.price\AppData\Local\Programs\Python\Python310\lib\tkinter\__init__.py", line 1458, in mainloop
    self.tk.mainloop(n)
  File "C:\Users\zachary.price\AppData\Local\Programs\Python\Python310\lib\tkinter\__init__.py", line 1921, in __call__
    return self.func(*args)
  File "E:\OneDrive - zachthetech.com\Documents\GitHub\python-translation\main.py", line 530, in on_closing
    self._log_status("App closing requested")
[2026-02-13 17:50:33.241] STATUS: Process exiting

--- Process Exit ---
  File "E:\OneDrive - zachthetech.com\Documents\GitHub\python-translation\main.py", line 593, in _log_process_exit
    self._log_status("Process exiting")
