[2026-02-07 14:42:52.052] STATUS: Listening (English)
[2026-02-07 14:43:05.116] STATUS: Transcribing...
[2026-02-07 14:43:05.130] STATUS: Listening (English)
[2026-02-07 14:43:08.825] STATUS: Transcribing...
[2026-02-07 14:43:08.828] STATUS: Listening (English)
[2026-02-07 14:43:23.355] STATUS: Transcribing...
[2026-02-07 14:43:23.373] STATUS: Listening (English)
[2026-02-07 14:43:27.391] STATUS: Transcribing...
[2026-02-07 14:43:27.404] STATUS: Listening (English)
[2026-02-07 14:43:32.421] STATUS: Transcribing...
[2026-02-07 14:43:32.431] STATUS: Listening (English)
[2026-02-07 14:43:35.095] STATUS: Transcribing...
[2026-02-07 14:43:35.110] STATUS: Listening (English)
[2026-02-07 14:43:42.190] STATUS: Transcribing...
[2026-02-07 14:43:42.210] STATUS: Listening (English)
[2026-02-07 14:43:45.870] STATUS: Transcribing...
[2026-02-07 14:43:45.890] STATUS: Listening (English)
[2026-02-07 14:44:04.983] STATUS: Transcribing...
[2026-02-07 14:44:05.003] STATUS: Listening (English)
[2026-02-07 14:44:15.427] STATUS: Transcribing...
[2026-02-07 14:44:15.443] STATUS: Listening (English)
[2026-02-07 14:44:17.607] STATUS: Apply clicked
[2026-02-07 14:44:19.011] STATUS: Settings applied
[2026-02-07 14:44:19.014] STATUS: Apply finished
[2026-02-07 14:44:19.901] STATUS: Listening (English)
[2026-02-07 14:44:27.911] STATUS: No speech detected. Check mic level or device.
[2026-02-07 14:44:33.367] STATUS: Apply clicked
[2026-02-07 14:44:35.018] STATUS: Settings applied
[2026-02-07 14:44:35.022] STATUS: Apply finished
[2026-02-07 14:44:35.888] STATUS: Listening (English)
[2026-02-07 14:44:41.708] STATUS: Transcribing...
[2026-02-07 14:44:41.729] STATUS: Listening (English)
[2026-02-07 14:44:45.458] STATUS: Transcribing...
[2026-02-07 14:44:45.471] STATUS: Listening (English)
[2026-02-07 14:44:51.153] STATUS: Transcribing...
[2026-02-07 14:44:51.168] STATUS: Listening (English)
[2026-02-07 14:44:56.629] STATUS: Transcribing...
[2026-02-07 14:44:56.644] STATUS: Listening (English)
[2026-02-07 14:45:02.998] STATUS: Transcribing...
[2026-02-07 14:45:03.010] STATUS: Listening (English)
[2026-02-07 14:45:19.466] STATUS: Transcribing...
[2026-02-07 14:45:19.479] STATUS: Listening (English)
[2026-02-07 14:45:22.529] STATUS: Transcribing...
[2026-02-07 14:45:22.533] STATUS: Listening (English)
[2026-02-07 14:45:26.335] STATUS: Transcribing...
[2026-02-07 14:45:26.345] STATUS: Listening (English)
[2026-02-07 14:45:45.483] STATUS: Transcribing...
[2026-02-07 14:45:45.497] STATUS: Listening (English)
[2026-02-07 14:45:48.580] STATUS: Transcribing...
[2026-02-07 14:45:48.584] STATUS: Listening (English)
[2026-02-07 14:45:51.654] STATUS: Transcribing...
[2026-02-07 14:45:51.659] STATUS: Listening (English)
[2026-02-07 14:46:10.307] STATUS: No speech detected. Check mic level or device.
[2026-02-07 14:49:16.905] STATUS: App closing requested

--- Close Requested ---
  File "E:\OneDrive - zachthetech.com\Documents\GitHub\python-translation\main.py", line 3712, in <module>
    available = max(1, height - (self.text_padding * 2))
  File "E:\OneDrive - zachthetech.com\Documents\GitHub\python-translation\main.py", line 330, in __init__
    self.root.mainloop()
  File "C:\Users\zachary.price\AppData\Local\Programs\Python\Python310\lib\tkinter\__init__.py", line 1458, in mainloop
    self.tk.mainloop(n)
  File "C:\Users\zachary.price\AppData\Local\Programs\Python\Python310\lib\tkinter\__init__.py", line 1921, in __call__
    return self.func(*args)
  File "E:\OneDrive - zachthetech.com\Documents\GitHub\python-translation\main.py", line 416, in on_closing
    f.write("".join(traceback.format_stack(limit=10)))
[2026-02-07 14:49:16.929] STATUS: Process exiting

--- Process Exit ---
  File "E:\OneDrive - zachthetech.com\Documents\GitHub\python-translation\main.py", line 479, in _log_process_exit
    f.write("".join(traceback.format_stack(limit=10)))
