[2026-02-13 01:13:12.177] STATUS: Listening (Spanish)
[2026-02-13 01:13:20.177] STATUS: Translating...
[2026-02-13 01:13:20.982] STATUS: Listening (Spanish)
[2026-02-13 01:13:23.994] STATUS: Translating...
[2026-02-13 01:13:24.733] STATUS: Listening (Spanish)
[2026-02-13 01:13:36.090] STATUS: Translating...
[2026-02-13 01:13:36.637] STATUS: Listening (Spanish)
[2026-02-13 01:13:53.425] STATUS: Translating...
[2026-02-13 01:13:54.001] STATUS: Listening (Spanish)
[2026-02-13 01:14:05.036] STATUS: Translating...
[2026-02-13 01:14:05.774] STATUS: Listening (Spanish)
[2026-02-13 01:14:10.178] STATUS: Translating...
[2026-02-13 01:14:10.872] STATUS: Listening (Spanish)
[2026-02-13 01:14:30.385] STATUS: Translating...
[2026-02-13 01:14:30.893] STATUS: Listening (Spanish)
[2026-02-13 01:14:34.420] STATUS: Translating...
[2026-02-13 01:14:35.235] STATUS: Listening (Spanish)
[2026-02-13 01:14:38.363] STATUS: Translating...
[2026-02-13 01:14:39.068] STATUS: Listening (Spanish)
[2026-02-13 01:14:40.726] STATUS: Translating...
[2026-02-13 01:14:42.940] STATUS: Listening (Spanish)
[2026-02-13 01:14:48.584] STATUS: Translating...
[2026-02-13 01:14:49.157] STATUS: Listening (Spanish)
[2026-02-13 01:14:54.328] STATUS: Translating...
[2026-02-13 01:14:54.988] STATUS: Listening (Spanish)
[2026-02-13 01:14:58.172] STATUS: Translating...
[2026-02-13 01:14:59.694] STATUS: Listening (Spanish)
[2026-02-13 01:14:59.861] STATUS: Translating...
[2026-02-13 01:15:00.931] STATUS: Listening (Spanish)
[2026-02-13 01:15:06.249] STATUS: Translating...
[2026-02-13 01:15:07.245] STATUS: Listening (Spanish)
[2026-02-13 01:15:11.658] STATUS: Translating...
[2026-02-13 01:15:12.924] STATUS: Listening (Spanish)
[2026-02-13 01:15:27.736] STATUS: Translating...
[2026-02-13 01:15:28.371] STATUS: Listening (Spanish)
[2026-02-13 01:15:32.209] STATUS: Translating...
[2026-02-13 01:15:32.852] STATUS: Listening (Spanish)
[2026-02-13 01:16:11.842] STATUS: Translating...
[2026-02-13 01:16:12.623] STATUS: Listening (Spanish)
[2026-02-13 01:16:14.637] STATUS: Translating...
[2026-02-13 01:16:15.204] STATUS: Listening (Spanish)
[2026-02-13 01:16:18.281] STATUS: Translating...
[2026-02-13 01:16:19.058] STATUS: Listening (Spanish)
[2026-02-13 01:16:30.319] STATUS: Translating...
[2026-02-13 01:16:30.914] STATUS: Listening (Spanish)
[2026-02-13 01:16:38.868] STATUS: Translating...
[2026-02-13 01:16:40.506] STATUS: Listening (Spanish)
[2026-02-13 01:16:45.470] STATUS: Translating...
[2026-02-13 01:16:46.266] STATUS: Listening (Spanish)
[2026-02-13 01:16:53.339] STATUS: Translating...
[2026-02-13 01:16:54.503] STATUS: Listening (Spanish)
[2026-02-13 01:17:00.342] STATUS: Translating...
[2026-02-13 01:17:01.650] STATUS: Listening (Spanish)
[2026-02-13 01:17:20.239] STATUS: Translating...
[2026-02-13 01:17:20.832] STATUS: Listening (Spanish)
[2026-02-13 01:17:35.598] STATUS: Translating...
[2026-02-13 01:17:36.181] STATUS: Listening (Spanish)
[2026-02-13 01:18:01.228] STATUS: Translating...
[2026-02-13 01:18:01.861] STATUS: Listening (Spanish)
[2026-02-13 01:18:09.126] STATUS: Translating...
[2026-02-13 01:18:09.798] STATUS: Listening (Spanish)
[2026-02-13 01:18:13.316] STATUS: Translating...
[2026-02-13 01:18:13.863] STATUS: Listening (Spanish)
[2026-02-13 01:18:36.899] STATUS: Translating...
[2026-02-13 01:18:37.665] STATUS: Listening (Spanish)
[2026-02-13 01:19:05.296] STATUS: Translating...
[2026-02-13 01:19:06.230] STATUS: Listening (Spanish)
[2026-02-13 01:19:23.389] STATUS: Translating...
[2026-02-13 01:19:23.840] STATUS: Listening (Spanish)
[2026-02-13 01:19:27.034] STATUS: Translating...
[2026-02-13 01:19:27.842] STATUS: Listening (Spanish)
[2026-02-13 01:19:29.343] STATUS: Translating...
[2026-02-13 01:19:29.901] STATUS: Listening (Spanish)
[2026-02-13 01:19:32.707] STATUS: Translating...
[2026-02-13 01:19:33.946] STATUS: Listening (Spanish)
[2026-02-13 01:19:36.964] STATUS: Translating...
[2026-02-13 01:19:38.225] STATUS: Listening (Spanish)
[2026-02-13 01:19:43.809] STATUS: Translating...
[2026-02-13 01:19:44.436] STATUS: Listening (Spanish)
[2026-02-13 01:19:51.628] STATUS: Translating...
[2026-02-13 01:19:59.552] STATUS: Listening (Spanish)
[2026-02-13 01:19:59.661] STATUS: Translating...
[2026-02-13 01:20:00.493] STATUS: Listening (Spanish)
[2026-02-13 01:20:01.580] STATUS: Translating...
[2026-02-13 01:20:02.398] STATUS: Listening (Spanish)
[2026-02-13 01:20:20.301] STATUS: Translating...
[2026-02-13 01:20:20.865] STATUS: Listening (Spanish)
[2026-02-13 01:20:22.362] STATUS: Translating...
[2026-02-13 01:20:23.054] STATUS: Listening (Spanish)
[2026-02-13 01:20:27.742] STATUS: Translating...
[2026-02-13 01:20:28.562] STATUS: Listening (Spanish)
[2026-02-13 01:20:42.491] STATUS: Translating...
[2026-02-13 01:20:43.514] STATUS: Listening (Spanish)
[2026-02-13 01:20:46.451] STATUS: Translating...
[2026-02-13 01:20:46.960] STATUS: Listening (Spanish)
[2026-02-13 01:20:55.653] STATUS: Translating...
[2026-02-13 01:20:56.776] STATUS: Listening (Spanish)
[2026-02-13 01:21:03.884] STATUS: Translating...
[2026-02-13 01:21:04.636] STATUS: Listening (Spanish)
[2026-02-13 01:21:08.140] STATUS: Translating...
[2026-02-13 01:21:08.798] STATUS: Listening (Spanish)
[2026-02-13 01:21:19.287] STATUS: Translating...
[2026-02-13 01:21:19.981] STATUS: Listening (Spanish)
[2026-02-13 01:21:36.586] STATUS: Translating...
[2026-02-13 01:21:37.270] STATUS: Listening (Spanish)
[2026-02-13 01:21:48.030] STATUS: Translating...
[2026-02-13 01:21:48.567] STATUS: Listening (Spanish)
[2026-02-13 01:21:58.942] STATUS: Translating...
[2026-02-13 01:21:59.518] STATUS: Listening (Spanish)
[2026-02-13 01:22:46.232] STATUS: Translating...
[2026-02-13 01:22:47.278] STATUS: Listening (Spanish)
[2026-02-13 01:22:48.805] STATUS: Translating...
[2026-02-13 01:22:49.930] STATUS: Listening (Spanish)
[2026-02-13 01:22:59.596] STATUS: Translating...
[2026-02-13 01:23:00.446] STATUS: Listening (Spanish)
[2026-02-13 01:23:25.424] STATUS: Translating...
[2026-02-13 01:23:26.076] STATUS: Listening (Spanish)
[2026-02-13 01:24:19.042] STATUS: Translating...
[2026-02-13 01:24:19.608] STATUS: Listening (Spanish)
[2026-02-13 01:24:22.232] STATUS: Translating...
[2026-02-13 01:24:23.131] STATUS: Listening (Spanish)
[2026-02-13 01:24:30.706] STATUS: Translating...
[2026-02-13 01:24:31.410] STATUS: Listening (Spanish)
[2026-02-13 01:24:34.742] STATUS: Translating...
[2026-02-13 01:24:35.314] STATUS: Listening (Spanish)
[2026-02-13 01:24:48.082] STATUS: Translating...
[2026-02-13 01:24:48.955] STATUS: Listening (Spanish)
[2026-02-13 01:24:54.337] STATUS: Translating...
[2026-02-13 01:24:55.045] STATUS: Listening (Spanish)
[2026-02-13 01:25:00.125] STATUS: Translating...
[2026-02-13 01:25:00.773] STATUS: Listening (Spanish)
[2026-02-13 01:25:15.400] STATUS: Translating...
[2026-02-13 01:25:16.313] STATUS: Listening (Spanish)
[2026-02-13 01:25:29.400] STATUS: Translating...
[2026-02-13 01:25:30.097] STATUS: Listening (Spanish)
[2026-02-13 01:25:32.143] STATUS: Translating...
[2026-02-13 01:25:32.806] STATUS: Listening (Spanish)
[2026-02-13 01:25:36.575] STATUS: Translating...
[2026-02-13 01:25:37.340] STATUS: Listening (Spanish)
[2026-02-13 01:25:46.919] STATUS: Translating...
[2026-02-13 01:25:47.579] STATUS: Listening (Spanish)
[2026-02-13 01:26:07.886] STATUS: Translating...
[2026-02-13 01:26:08.829] STATUS: Listening (Spanish)
[2026-02-13 01:26:11.693] STATUS: Translating...
[2026-02-13 01:26:12.230] STATUS: Listening (Spanish)
[2026-02-13 01:26:13.607] STATUS: Translating...
[2026-02-13 01:26:14.328] STATUS: Listening (Spanish)
[2026-02-13 01:26:21.602] STATUS: Translating...
[2026-02-13 01:26:22.548] STATUS: Listening (Spanish)
[2026-02-13 01:26:28.910] STATUS: Translating...
[2026-02-13 01:26:29.446] STATUS: Listening (Spanish)
[2026-02-13 01:26:42.833] STATUS: Translating...
[2026-02-13 01:26:43.499] STATUS: Listening (Spanish)
[2026-02-13 01:26:52.357] STATUS: Translating...
[2026-02-13 01:26:52.907] STATUS: Listening (Spanish)
[2026-02-13 01:26:56.737] STATUS: Translating...
[2026-02-13 01:26:58.298] STATUS: Listening (Spanish)
[2026-02-13 01:27:12.784] STATUS: Translating...
[2026-02-13 01:27:13.756] STATUS: Listening (Spanish)
[2026-02-13 01:27:16.677] STATUS: Translating...
[2026-02-13 01:27:17.327] STATUS: Listening (Spanish)
[2026-02-13 01:27:22.755] STATUS: Translating...
[2026-02-13 01:27:23.330] STATUS: Listening (Spanish)
[2026-02-13 01:27:25.628] STATUS: Translating...
[2026-02-13 01:27:26.191] STATUS: Listening (Spanish)
[2026-02-13 01:27:30.667] STATUS: No speech detected. Check mic level or device.
[2026-02-13 01:27:36.921] STATUS: Translating...
[2026-02-13 01:27:37.491] STATUS: Listening (Spanish)
[2026-02-13 01:27:47.231] STATUS: Translating...
[2026-02-13 01:27:48.497] STATUS: Listening (Spanish)
[2026-02-13 01:27:51.744] STATUS: Translating...
[2026-02-13 01:27:52.351] STATUS: Listening (Spanish)
[2026-02-13 01:27:57.121] STATUS: Translating...
[2026-02-13 01:27:57.678] STATUS: Listening (Spanish)
[2026-02-13 01:28:05.605] STATUS: Translating...
[2026-02-13 01:28:06.312] STATUS: Listening (Spanish)
[2026-02-13 01:28:33.728] STATUS: Translating...
[2026-02-13 01:28:34.488] STATUS: Listening (Spanish)
[2026-02-13 01:28:35.856] STATUS: Translating...
[2026-02-13 01:28:36.679] STATUS: Listening (Spanish)
[2026-02-13 01:28:45.647] STATUS: Translating...
[2026-02-13 01:28:46.140] STATUS: Listening (Spanish)
[2026-02-13 01:28:51.604] STATUS: Translating...
[2026-02-13 01:28:52.268] STATUS: Listening (Spanish)
[2026-02-13 01:29:06.640] STATUS: Translating...
[2026-02-13 01:29:07.329] STATUS: Listening (Spanish)
[2026-02-13 01:29:10.286] STATUS: Translating...
[2026-02-13 01:29:10.937] STATUS: Listening (Spanish)
[2026-02-13 01:29:14.636] STATUS: Translating...
[2026-02-13 01:29:15.619] STATUS: Listening (Spanish)
[2026-02-13 01:29:22.211] STATUS: Translating...
[2026-02-13 01:29:22.983] STATUS: Listening (Spanish)
[2026-02-13 01:29:32.159] STATUS: Translating...
[2026-02-13 01:29:32.816] STATUS: Listening (Spanish)
[2026-02-13 01:29:35.635] STATUS: Translating...
[2026-02-13 01:29:36.751] STATUS: Listening (Spanish)
[2026-02-13 01:30:10.650] STATUS: Translating...
[2026-02-13 01:30:11.255] STATUS: Listening (Spanish)
[2026-02-13 01:30:14.254] STATUS: Translating...
[2026-02-13 01:30:14.926] STATUS: Listening (Spanish)
[2026-02-13 01:30:24.392] STATUS: Translating...
[2026-02-13 01:30:25.129] STATUS: Listening (Spanish)
[2026-02-13 01:30:27.408] STATUS: Translating...
[2026-02-13 01:30:28.152] STATUS: Listening (Spanish)
[2026-02-13 01:30:33.351] STATUS: Translating...
[2026-02-13 01:30:34.071] STATUS: Listening (Spanish)
[2026-02-13 01:30:52.800] STATUS: Translating...
[2026-02-13 01:30:53.529] STATUS: Listening (Spanish)
[2026-02-13 01:30:58.342] STATUS: Translating...
[2026-02-13 01:30:59.115] STATUS: Listening (Spanish)
[2026-02-13 01:31:01.090] STATUS: Translating...
[2026-02-13 01:31:01.620] STATUS: Listening (Spanish)
[2026-02-13 01:31:05.477] STATUS: No speech detected. Check mic level or device.
[2026-02-13 01:31:14.363] STATUS: Translating...
[2026-02-13 01:31:15.113] STATUS: Listening (Spanish)
[2026-02-13 01:31:34.814] STATUS: App closing requested

--- Close Requested ---
  File "E:\OneDrive - zachthetech.com\Documents\GitHub\python-translation\main.py", line 5237, in <module>
  File "E:\OneDrive - zachthetech.com\Documents\GitHub\python-translation\main.py", line 422, in __init__
    self._start_audio_level_stream_thread()
  File "C:\Users\zachary.price\AppData\Local\Programs\Python\Python310\lib\tkinter\__init__.py", line 1458, in mainloop
    self.tk.mainloop(n)
  File "C:\Users\zachary.price\AppData\Local\Programs\Python\Python310\lib\tkinter\__init__.py", line 1921, in __call__
    return self.func(*args)
  File "E:\OneDrive - zachthetech.com\Documents\GitHub\python-translation\main.py", line 508, in on_closing
    with open(self.error_log_path, "a", encoding="utf-8") as f:
[2026-02-13 01:31:34.823] STATUS: Process exiting

--- Process Exit ---
  File "E:\OneDrive - zachthetech.com\Documents\GitHub\python-translation\main.py", line 571, in _log_process_exit
    with open(self.error_log_path, "a", encoding="utf-8") as f:
