[2026-02-06 10:44:37.334] STATUS: Listening...
[2026-02-06 10:44:43.620] STATUS: Translating...
[2026-02-06 10:44:45.002] STATUS: Listening...
[2026-02-06 10:45:02.042] STATUS: Translating...
[2026-02-06 10:45:04.513] STATUS: Listening...
[2026-02-06 10:45:09.327] STATUS: Translating...
[2026-02-06 10:45:10.795] STATUS: Listening...
[2026-02-06 10:45:17.544] STATUS: Translating...
[2026-02-06 10:45:19.677] STATUS: Listening...
[2026-02-06 10:45:26.856] STATUS: Translating...
[2026-02-06 10:45:28.525] STATUS: Listening...
[2026-02-06 10:45:34.463] STATUS: Translating...
[2026-02-06 10:45:35.940] STATUS: Listening...
[2026-02-06 10:45:47.627] STATUS: Translating...
[2026-02-06 10:45:49.974] STATUS: Listening...
[2026-02-06 10:45:56.917] STATUS: Translating...
[2026-02-06 10:45:58.323] STATUS: Listening...
[2026-02-06 10:46:01.865] STATUS: Translating...
[2026-02-06 10:46:03.462] STATUS: Listening...
[2026-02-06 10:46:15.153] STATUS: Translating...
[2026-02-06 10:46:16.896] STATUS: Listening...
[2026-02-06 10:46:23.914] STATUS: Translating...
[2026-02-06 10:46:25.300] STATUS: Listening...
[2026-02-06 10:46:29.089] STATUS: Translating...
[2026-02-06 10:46:30.646] STATUS: Listening...
[2026-02-06 10:46:33.361] STATUS: Translating...
[2026-02-06 10:46:34.990] STATUS: Listening...
[2026-02-06 10:46:41.438] STATUS: Translating...
[2026-02-06 10:46:43.189] STATUS: Listening...
[2026-02-06 10:46:47.468] STATUS: Translating...
[2026-02-06 10:46:48.974] STATUS: Listening...
[2026-02-06 10:46:57.365] STATUS: Translating...
[2026-02-06 10:47:01.265] STATUS: Listening...
[2026-02-06 10:47:05.525] STATUS: Translating...
[2026-02-06 10:47:07.424] STATUS: Listening...
[2026-02-06 10:47:11.311] STATUS: Translating...
[2026-02-06 10:47:13.583] STATUS: Listening...
[2026-02-06 10:47:28.268] STATUS: Translating...
[2026-02-06 10:47:30.901] STATUS: Listening...
[2026-02-06 10:47:35.930] STATUS: Translating...
[2026-02-06 10:47:37.240] STATUS: Listening...
[2026-02-06 10:47:40.374] STATUS: Translating...
[2026-02-06 10:47:43.635] STATUS: Listening...
[2026-02-06 10:47:53.667] STATUS: Translating...
[2026-02-06 10:47:55.251] STATUS: Listening...
[2026-02-06 10:47:58.172] STATUS: Translating...
[2026-02-06 10:47:59.671] STATUS: Listening...
[2026-02-06 10:48:05.379] STATUS: Translating...
[2026-02-06 10:48:06.984] STATUS: Listening...
[2026-02-06 10:48:10.485] STATUS: Translating...
[2026-02-06 10:48:12.111] STATUS: Listening...
[2026-02-06 10:48:16.017] STATUS: Translating...
[2026-02-06 10:48:17.586] STATUS: Listening...
[2026-02-06 10:48:23.290] STATUS: Translating...
[2026-02-06 10:48:24.770] STATUS: Listening...
[2026-02-06 10:48:29.558] STATUS: Translating...
[2026-02-06 10:48:30.984] STATUS: Listening...
[2026-02-06 10:48:34.082] STATUS: Translating...
[2026-02-06 10:48:35.654] STATUS: Listening...
[2026-02-06 10:48:42.182] STATUS: Translating...
[2026-02-06 10:48:44.015] STATUS: Listening...
[2026-02-06 10:48:51.895] STATUS: Translating...
[2026-02-06 10:48:53.501] STATUS: Listening...
[2026-02-06 10:48:57.613] STATUS: Translating...
[2026-02-06 10:48:59.414] STATUS: Listening...
[2026-02-06 10:49:18.729] STATUS: Translating...
[2026-02-06 10:49:20.774] STATUS: Listening...
[2026-02-06 10:49:31.846] STATUS: Translating...
[2026-02-06 10:49:33.391] STATUS: Listening...
[2026-02-06 10:49:46.571] STATUS: Translating...
[2026-02-06 10:49:48.013] STATUS: Listening...
[2026-02-06 10:49:58.886] STATUS: Translating...
[2026-02-06 10:50:00.237] STATUS: Listening...
[2026-02-06 10:50:05.049] STATUS: Translating...
[2026-02-06 10:50:07.410] STATUS: Listening...
[2026-02-06 10:50:12.554] STATUS: Translating...
[2026-02-06 10:50:14.308] STATUS: Listening...
[2026-02-06 10:50:17.187] STATUS: Translating...
[2026-02-06 10:50:18.793] STATUS: Listening...
[2026-02-06 10:50:24.642] STATUS: Translating...
[2026-02-06 10:50:26.491] STATUS: Listening...
[2026-02-06 10:50:41.952] STATUS: Translating...
[2026-02-06 10:50:44.051] STATUS: Listening...
[2026-02-06 10:50:54.701] STATUS: Translating...
[2026-02-06 10:50:56.325] STATUS: Listening...
[2026-02-06 10:51:02.264] STATUS: Translating...
[2026-02-06 10:51:03.898] STATUS: Listening...
[2026-02-06 10:51:12.538] STATUS: Translating...
[2026-02-06 10:51:14.074] STATUS: Listening...
[2026-02-06 10:51:57.192] STATUS: Translating...
[2026-02-06 10:51:58.923] STATUS: Listening...
[2026-02-06 10:52:03.133] STATUS: Translating...
[2026-02-06 10:52:04.499] STATUS: Apply clicked
[2026-02-06 10:52:05.450] STATUS: Settings applied
[2026-02-06 10:52:05.452] STATUS: Apply finished
[2026-02-06 10:52:05.456] STATUS: Listening...
[2026-02-06 10:52:08.991] STATUS: Translating...
[2026-02-06 10:52:11.323] STATUS: Listening...
[2026-02-06 10:52:14.637] STATUS: Translating...
[2026-02-06 10:52:16.143] STATUS: Listening...
[2026-02-06 10:52:21.176] STATUS: Translating...
[2026-02-06 10:52:22.779] STATUS: Listening...
[2026-02-06 10:52:28.091] STATUS: Translating...
[2026-02-06 10:52:30.463] STATUS: Listening...
[2026-02-06 10:52:33.376] STATUS: Translating...
[2026-02-06 10:52:34.733] STATUS: Listening...
[2026-02-06 10:52:38.367] STATUS: Translating...
[2026-02-06 10:52:40.273] STATUS: Listening...
[2026-02-06 10:52:44.835] STATUS: Translating...
[2026-02-06 10:52:46.505] STATUS: Listening...
[2026-02-06 10:52:57.314] STATUS: Translating...
[2026-02-06 10:52:59.252] STATUS: Listening...
[2026-02-06 10:53:04.350] STATUS: Translating...
[2026-02-06 10:53:05.747] STATUS: Listening...
