[2026-02-13 15:34:01.527] STATUS: Listening (Spanish)
[2026-02-13 15:34:07.517] STATUS: No speech detected. Check mic level or device.
[2026-02-13 15:34:32.659] STATUS: Translating...
[2026-02-13 15:34:32.666] STATUS: Listening (Spanish)
[2026-02-13 15:34:39.226] STATUS: Translating...
[2026-02-13 15:34:39.235] STATUS: Listening (Spanish)
[2026-02-13 15:34:41.880] STATUS: Translating...
[2026-02-13 15:34:41.888] STATUS: Listening (Spanish)
[2026-02-13 15:34:47.486] STATUS: Translating...
[2026-02-13 15:34:47.495] STATUS: Listening (Spanish)
[2026-02-13 15:34:53.248] STATUS: Translating...
[2026-02-13 15:34:53.262] STATUS: Listening (Spanish)
[2026-02-13 15:34:57.057] STATUS: Translating...
[2026-02-13 15:34:57.067] STATUS: Listening (Spanish)
[2026-02-13 15:35:06.757] STATUS: Translating...
[2026-02-13 15:35:06.767] STATUS: Listening (Spanish)
[2026-02-13 15:35:16.583] STATUS: Translating...
[2026-02-13 15:35:16.597] STATUS: Listening (Spanish)
[2026-02-13 15:35:21.299] STATUS: Translating...
[2026-02-13 15:35:21.311] STATUS: Listening (Spanish)
[2026-02-13 15:35:26.298] STATUS: Translating...
[2026-02-13 15:35:26.309] STATUS: Listening (Spanish)
[2026-02-13 15:35:28.549] STATUS: Translating...
[2026-02-13 15:35:28.562] STATUS: Listening (Spanish)
[2026-02-13 15:35:37.379] STATUS: Translating...
[2026-02-13 15:35:37.391] STATUS: Listening (Spanish)
[2026-02-13 15:35:39.314] STATUS: Translating...
[2026-02-13 15:35:39.324] STATUS: Listening (Spanish)
[2026-02-13 15:35:43.327] STATUS: Translating...
[2026-02-13 15:35:43.340] STATUS: Listening (Spanish)
[2026-02-13 15:35:49.996] STATUS: Translating...
[2026-02-13 15:35:50.011] STATUS: Listening (Spanish)
[2026-02-13 15:35:51.207] STATUS: Translating...
[2026-02-13 15:35:51.251] STATUS: Listening (Spanish)
[2026-02-13 15:36:00.068] STATUS: Translating...
[2026-02-13 15:36:00.081] STATUS: Listening (Spanish)
[2026-02-13 15:36:00.342] STATUS: Apply clicked
[2026-02-13 15:36:01.025] STATUS: Settings applied
[2026-02-13 15:36:01.027] STATUS: Apply finished
[2026-02-13 15:36:01.479] STATUS: Listening (Spanish)
[2026-02-13 15:36:02.686] STATUS: Transcribing...
[2026-02-13 15:36:02.696] STATUS: Listening (Spanish)
[2026-02-13 15:36:05.299] STATUS: Transcribing...
[2026-02-13 15:36:05.309] STATUS: Listening (Spanish)
[2026-02-13 15:36:11.968] STATUS: Transcribing...
[2026-02-13 15:36:11.983] STATUS: Listening (Spanish)
[2026-02-13 15:36:13.931] STATUS: Transcribing...
[2026-02-13 15:36:13.943] STATUS: Listening (Spanish)
[2026-02-13 15:36:21.428] STATUS: Transcribing...
[2026-02-13 15:36:21.440] STATUS: Listening (Spanish)
[2026-02-13 15:36:23.216] STATUS: Transcribing...
[2026-02-13 15:36:23.226] STATUS: Listening (Spanish)
[2026-02-13 15:36:27.213] STATUS: Transcribing...
[2026-02-13 15:36:27.224] STATUS: Listening (Spanish)
[2026-02-13 15:36:29.956] STATUS: Transcribing...
[2026-02-13 15:36:29.967] STATUS: Listening (Spanish)
[2026-02-13 15:36:33.716] STATUS: Transcribing...
[2026-02-13 15:36:33.726] STATUS: Listening (Spanish)
[2026-02-13 15:36:36.635] STATUS: Transcribing...
[2026-02-13 15:36:36.648] STATUS: Listening (Spanish)
[2026-02-13 15:36:37.075] STATUS: Transcribing...
[2026-02-13 15:36:37.088] STATUS: Listening (Spanish)
[2026-02-13 15:36:48.172] STATUS: Transcribing...
[2026-02-13 15:36:48.184] STATUS: Listening (Spanish)
[2026-02-13 15:36:51.837] STATUS: Transcribing...
[2026-02-13 15:36:51.848] STATUS: Listening (Spanish)
[2026-02-13 15:37:00.082] STATUS: Transcribing...
[2026-02-13 15:37:00.096] STATUS: Listening (Spanish)
[2026-02-13 15:37:01.641] STATUS: Transcribing...
[2026-02-13 15:37:01.655] STATUS: Listening (Spanish)
[2026-02-13 15:37:05.689] STATUS: Transcribing...
[2026-02-13 15:37:05.700] STATUS: Listening (Spanish)
[2026-02-13 15:37:10.918] STATUS: Transcribing...
[2026-02-13 15:37:10.929] STATUS: Listening (Spanish)
[2026-02-13 15:37:12.264] STATUS: Transcribing...
[2026-02-13 15:37:12.313] STATUS: Listening (Spanish)
[2026-02-13 15:37:27.030] STATUS: Transcribing...
[2026-02-13 15:37:27.042] STATUS: Listening (Spanish)
[2026-02-13 15:37:32.452] STATUS: Transcribing...
[2026-02-13 15:37:32.465] STATUS: Listening (Spanish)
[2026-02-13 15:37:33.202] STATUS: Transcribing...
[2026-02-13 15:37:33.215] STATUS: Listening (Spanish)
[2026-02-13 15:37:36.684] STATUS: Transcribing...
[2026-02-13 15:37:36.697] STATUS: Listening (Spanish)
[2026-02-13 15:37:49.070] STATUS: Transcribing...
[2026-02-13 15:37:49.081] STATUS: Listening (Spanish)
[2026-02-13 15:37:51.593] STATUS: Transcribing...
[2026-02-13 15:37:51.610] STATUS: Listening (Spanish)
[2026-02-13 15:37:55.522] STATUS: Transcribing...
[2026-02-13 15:37:55.536] STATUS: Listening (Spanish)
[2026-02-13 15:37:57.286] STATUS: Transcribing...
[2026-02-13 15:37:57.298] STATUS: Listening (Spanish)
[2026-02-13 15:38:05.338] STATUS: Transcribing...
[2026-02-13 15:38:05.351] STATUS: Listening (Spanish)
[2026-02-13 15:38:07.483] STATUS: Transcribing...
[2026-02-13 15:38:07.494] STATUS: Listening (Spanish)
[2026-02-13 15:38:21.002] STATUS: Transcribing...
[2026-02-13 15:38:21.015] STATUS: Listening (Spanish)
[2026-02-13 15:38:41.602] STATUS: Transcribing...
[2026-02-13 15:38:41.617] STATUS: Listening (Spanish)
[2026-02-13 15:38:48.333] STATUS: Transcribing...
[2026-02-13 15:38:48.350] STATUS: Listening (Spanish)
[2026-02-13 15:38:50.617] STATUS: Transcribing...
[2026-02-13 15:38:50.635] STATUS: Listening (Spanish)
[2026-02-13 15:38:56.708] STATUS: Transcribing...
[2026-02-13 15:38:56.733] STATUS: Listening (Spanish)
[2026-02-13 15:39:20.971] STATUS: Transcribing...
[2026-02-13 15:39:20.985] STATUS: Listening (Spanish)
[2026-02-13 15:39:27.664] STATUS: Transcribing...
[2026-02-13 15:39:27.686] STATUS: Listening (Spanish)
[2026-02-13 15:39:30.634] STATUS: Transcribing...
[2026-02-13 15:39:30.647] STATUS: Listening (Spanish)
[2026-02-13 15:39:37.390] STATUS: Transcribing...
[2026-02-13 15:39:37.404] STATUS: Listening (Spanish)
[2026-02-13 15:40:14.950] STATUS: Transcribing...
[2026-02-13 15:40:14.965] STATUS: Listening (Spanish)
[2026-02-13 15:40:26.440] STATUS: Transcribing...
[2026-02-13 15:40:26.458] STATUS: Listening (Spanish)
[2026-02-13 15:40:28.130] STATUS: Transcribing...
[2026-02-13 15:40:28.145] STATUS: Listening (Spanish)
[2026-02-13 15:40:37.700] STATUS: Transcribing...
[2026-02-13 15:40:37.715] STATUS: Listening (Spanish)
[2026-02-13 15:40:52.869] STATUS: Transcribing...
[2026-02-13 15:40:52.885] STATUS: Listening (Spanish)
[2026-02-13 15:40:56.898] STATUS: Transcribing...
[2026-02-13 15:40:56.916] STATUS: Listening (Spanish)
[2026-02-13 15:41:05.915] STATUS: Transcribing...
[2026-02-13 15:41:05.930] STATUS: Listening (Spanish)
[2026-02-13 15:41:09.523] STATUS: Transcribing...
[2026-02-13 15:41:09.538] STATUS: Listening (Spanish)
[2026-02-13 15:41:15.257] STATUS: No speech detected. Check mic level or device.
[2026-02-13 15:41:21.265] STATUS: App closing requested

--- Close Requested ---
  File "E:\OneDrive - zachthetech.com\Documents\GitHub\python-translation\main.py", line 5718, in <module>
    app = TranslationApp()
  File "E:\OneDrive - zachthetech.com\Documents\GitHub\python-translation\main.py", line 447, in __init__
    self.root.mainloop()
  File "C:\Users\zachary.price\AppData\Local\Programs\Python\Python310\lib\tkinter\__init__.py", line 1458, in mainloop
    self.tk.mainloop(n)
  File "C:\Users\zachary.price\AppData\Local\Programs\Python\Python310\lib\tkinter\__init__.py", line 1921, in __call__
    return self.func(*args)
  File "E:\OneDrive - zachthetech.com\Documents\GitHub\python-translation\main.py", line 533, in on_closing
    f.write("".join(traceback.format_stack(limit=10)))
[2026-02-13 15:41:21.274] STATUS: Process exiting

--- Process Exit ---
  File "E:\OneDrive - zachthetech.com\Documents\GitHub\python-translation\main.py", line 596, in _log_process_exit
    f.write("".join(traceback.format_stack(limit=10)))
