[2026-02-05 17:16:26.036] STATUS: Listening...
[2026-02-05 17:16:31.906] STATUS: No speech detected. Check mic level or device.
[2026-02-05 17:24:36.540] STATUS: Apply clicked
[2026-02-05 17:24:36.878] STATUS: Settings applied
[2026-02-05 17:24:36.879] STATUS: Apply finished
[2026-02-05 17:24:37.581] STATUS: Listening...
[2026-02-05 17:24:40.503] STATUS: No speech detected. Check mic level or device.
[2026-02-05 17:24:52.942] STATUS: Translating...
[2026-02-05 17:24:54.880] STATUS: Listening...
[2026-02-05 17:24:56.882] STATUS: Translating...
[2026-02-05 17:24:57.708] STATUS: Listening...
[2026-02-05 17:25:01.432] STATUS: Translating...
[2026-02-05 17:25:03.064] STATUS: Listening...
[2026-02-05 17:25:04.669] STATUS: Translating...
[2026-02-05 17:25:05.469] STATUS: Listening...
[2026-02-05 17:25:09.482] STATUS: Translating...
[2026-02-05 17:25:10.236] STATUS: Listening...
[2026-02-05 17:25:12.543] STATUS: Translating...
[2026-02-05 17:25:13.241] STATUS: Listening...
[2026-02-05 17:25:19.049] STATUS: Translating...
[2026-02-05 17:25:22.960] STATUS: Listening...
[2026-02-05 17:25:26.671] STATUS: Translating...
[2026-02-05 17:25:28.458] STATUS: Listening...
[2026-02-05 17:25:29.973] STATUS: Translating...
[2026-02-05 17:25:31.323] STATUS: Listening...
[2026-02-05 17:25:32.983] STATUS: Translating...
[2026-02-05 17:25:33.631] STATUS: Listening...
[2026-02-05 17:25:39.563] STATUS: Translating...
[2026-02-05 17:25:40.163] STATUS: Listening...
[2026-02-05 17:25:50.166] STATUS: Translating...
[2026-02-05 17:25:51.651] STATUS: Listening...
[2026-02-05 17:25:53.650] STATUS: Translating...
[2026-02-05 17:25:55.416] STATUS: Listening...
[2026-02-05 17:26:00.375] STATUS: Translating...
[2026-02-05 17:26:01.375] STATUS: Listening...
[2026-02-05 17:26:09.010] STATUS: Translating...
[2026-02-05 17:26:09.608] STATUS: Listening...
[2026-02-05 17:26:14.172] STATUS: Translating...
[2026-02-05 17:26:14.922] STATUS: Listening...
[2026-02-05 17:26:18.454] STATUS: Translating...
[2026-02-05 17:26:19.132] STATUS: Listening...
[2026-02-05 17:26:22.982] STATUS: Translating...
[2026-02-05 17:26:23.620] STATUS: Listening...
[2026-02-05 17:26:25.405] STATUS: Translating...
[2026-02-05 17:26:26.047] STATUS: Listening...
[2026-02-05 17:26:36.506] STATUS: No speech detected. Check mic level or device.
[2026-02-05 17:29:05.731] STATUS: App closing requested

--- Close Requested ---
  File "E:\OneDrive - zachthetech.com\Documents\GitHub\python-translation\main.py", line 3075, in <module>
    now = time.time()
  File "E:\OneDrive - zachthetech.com\Documents\GitHub\python-translation\main.py", line 273, in __init__
  File "C:\Users\zachary.price\AppData\Local\Programs\Python\Python310\lib\tkinter\__init__.py", line 1458, in mainloop
    self.tk.mainloop(n)
  File "C:\Users\zachary.price\AppData\Local\Programs\Python\Python310\lib\tkinter\__init__.py", line 1921, in __call__
    return self.func(*args)
  File "E:\OneDrive - zachthetech.com\Documents\GitHub\python-translation\main.py", line 359, in on_closing
    f.write("\n--- Close Requested ---\n")
[2026-02-05 17:29:05.735] STATUS: Process exiting

--- Process Exit ---
  File "E:\OneDrive - zachthetech.com\Documents\GitHub\python-translation\main.py", line 422, in _log_process_exit
    f.write("\n--- Process Exit ---\n")
