[2026-02-12 20:09:24.710] STATUS: Listening (Spanish)
[2026-02-12 20:09:31.779] STATUS: Translating...
[2026-02-12 20:09:32.418] STATUS: Listening (Spanish)
[2026-02-12 20:09:35.134] STATUS: Translating...
[2026-02-12 20:09:35.609] STATUS: Listening (Spanish)
[2026-02-12 20:09:42.066] STATUS: Translating...
[2026-02-12 20:09:42.629] STATUS: Listening (Spanish)
[2026-02-12 20:10:02.061] STATUS: Translating...
[2026-02-12 20:10:02.582] STATUS: Listening (Spanish)
[2026-02-12 20:10:11.143] STATUS: Translating...
[2026-02-12 20:10:11.862] STATUS: Listening (Spanish)
[2026-02-12 20:10:24.655] STATUS: Translating...
[2026-02-12 20:10:25.497] STATUS: Listening (Spanish)
[2026-02-12 20:10:34.690] STATUS: Translating...
[2026-02-12 20:10:35.206] STATUS: Listening (Spanish)
[2026-02-12 20:10:41.197] STATUS: Translating...
[2026-02-12 20:10:41.826] STATUS: Listening (Spanish)
[2026-02-12 20:10:46.331] STATUS: Translating...
[2026-02-12 20:10:46.984] STATUS: Listening (Spanish)
[2026-02-12 20:10:58.313] STATUS: Translating...
[2026-02-12 20:10:58.916] STATUS: Listening (Spanish)
[2026-02-12 20:11:05.064] STATUS: Translating...
[2026-02-12 20:11:06.263] STATUS: Listening (Spanish)
[2026-02-12 20:11:07.435] STATUS: Translating...
[2026-02-12 20:11:08.401] STATUS: Listening (Spanish)
[2026-02-12 20:11:11.598] STATUS: Translating...
[2026-02-12 20:11:12.190] STATUS: Listening (Spanish)
[2026-02-12 20:11:20.315] STATUS: Translating...
[2026-02-12 20:11:21.212] STATUS: Listening (Spanish)
[2026-02-12 20:11:24.401] STATUS: Translating...
[2026-02-12 20:11:24.936] STATUS: Listening (Spanish)
[2026-02-12 20:11:41.815] STATUS: Translating...
[2026-02-12 20:11:42.357] STATUS: Listening (Spanish)
[2026-02-12 20:11:54.752] STATUS: Translating...
[2026-02-12 20:11:55.299] STATUS: Listening (Spanish)
[2026-02-12 20:12:17.286] STATUS: Translating...
[2026-02-12 20:12:17.853] STATUS: Listening (Spanish)
[2026-02-12 20:12:25.698] STATUS: Translating...
[2026-02-12 20:12:26.323] STATUS: Listening (Spanish)
[2026-02-12 20:12:50.683] STATUS: Translating...
[2026-02-12 20:12:51.834] STATUS: Listening (Spanish)
[2026-02-12 20:12:53.732] STATUS: Translating...
[2026-02-12 20:12:54.378] STATUS: Listening (Spanish)
[2026-02-12 20:12:59.004] STATUS: Translating...
[2026-02-12 20:12:59.752] STATUS: Listening (Spanish)
[2026-02-12 20:13:08.153] STATUS: Translating...
[2026-02-12 20:13:09.010] STATUS: Listening (Spanish)
[2026-02-12 20:13:12.426] STATUS: Translating...
[2026-02-12 20:13:13.477] STATUS: Listening (Spanish)
[2026-02-12 20:13:18.928] STATUS: Translating...
[2026-02-12 20:13:19.587] STATUS: Listening (Spanish)
[2026-02-12 20:13:38.959] STATUS: Translating...
[2026-02-12 20:13:39.656] STATUS: Listening (Spanish)
[2026-02-12 20:13:45.237] STATUS: Translating...
[2026-02-12 20:13:45.751] STATUS: Listening (Spanish)
[2026-02-12 20:14:13.544] STATUS: Translating...
[2026-02-12 20:14:14.098] STATUS: Listening (Spanish)
[2026-02-12 20:14:29.594] STATUS: Translating...
[2026-02-12 20:14:30.146] STATUS: Listening (Spanish)
[2026-02-12 20:14:35.870] STATUS: Translating...
[2026-02-12 20:14:36.421] STATUS: Listening (Spanish)
[2026-02-12 20:14:56.511] STATUS: Translating...
[2026-02-12 20:14:57.088] STATUS: Listening (Spanish)
[2026-02-12 20:15:20.898] STATUS: Translating...
[2026-02-12 20:15:21.554] STATUS: Listening (Spanish)
[2026-02-12 20:15:28.496] STATUS: Translating...
[2026-02-12 20:15:29.680] STATUS: Listening (Spanish)
[2026-02-12 20:15:34.361] STATUS: Translating...
[2026-02-12 20:15:34.899] STATUS: Listening (Spanish)
[2026-02-12 20:15:54.806] STATUS: Translating...
[2026-02-12 20:15:55.734] STATUS: Listening (Spanish)
[2026-02-12 20:16:00.985] STATUS: Translating...
[2026-02-12 20:16:01.593] STATUS: Listening (Spanish)
[2026-02-12 20:16:45.470] STATUS: Translating...
[2026-02-12 20:16:46.325] STATUS: Listening (Spanish)
[2026-02-12 20:16:51.311] STATUS: Translating...
[2026-02-12 20:16:52.068] STATUS: Listening (Spanish)
[2026-02-12 20:16:53.953] STATUS: Translating...
[2026-02-12 20:16:55.182] STATUS: Listening (Spanish)
[2026-02-12 20:17:02.713] STATUS: Translating...
[2026-02-12 20:17:03.251] STATUS: Listening (Spanish)
[2026-02-12 20:17:07.034] STATUS: Translating...
[2026-02-12 20:17:07.651] STATUS: Listening (Spanish)
[2026-02-12 20:17:25.693] STATUS: Translating...
[2026-02-12 20:17:26.292] STATUS: Listening (Spanish)
[2026-02-12 20:17:52.219] STATUS: Translating...
[2026-02-12 20:17:52.812] STATUS: Listening (Spanish)
[2026-02-12 20:18:02.309] STATUS: Translating...
[2026-02-12 20:18:02.886] STATUS: Listening (Spanish)
[2026-02-12 20:18:17.202] STATUS: Translating...
[2026-02-12 20:18:18.703] STATUS: Listening (Spanish)
[2026-02-12 20:18:25.456] STATUS: Translating...
[2026-02-12 20:18:26.341] STATUS: Listening (Spanish)
[2026-02-12 20:18:54.350] STATUS: Translating...
[2026-02-12 20:18:55.072] STATUS: Listening (Spanish)
[2026-02-12 20:19:18.894] STATUS: Translating...
[2026-02-12 20:19:19.466] STATUS: Listening (Spanish)
[2026-02-12 20:19:31.069] STATUS: Translating...
[2026-02-12 20:19:31.670] STATUS: Listening (Spanish)
[2026-02-12 20:19:38.650] STATUS: Translating...
[2026-02-12 20:19:39.389] STATUS: Listening (Spanish)
[2026-02-12 20:19:46.257] STATUS: Translating...
[2026-02-12 20:19:46.903] STATUS: Listening (Spanish)
[2026-02-12 20:20:09.084] STATUS: Translating...
[2026-02-12 20:20:10.000] STATUS: Listening (Spanish)
[2026-02-12 20:20:11.177] STATUS: Translating...
[2026-02-12 20:20:11.806] STATUS: Listening (Spanish)
[2026-02-12 20:20:35.216] STATUS: Translating...
[2026-02-12 20:20:36.225] STATUS: Listening (Spanish)
[2026-02-12 20:21:06.056] STATUS: Translating...
[2026-02-12 20:21:06.930] STATUS: Listening (Spanish)
[2026-02-12 20:21:16.838] STATUS: Translating...
[2026-02-12 20:21:17.377] STATUS: Listening (Spanish)
[2026-02-12 20:21:31.660] STATUS: No speech detected. Check mic level or device.
[2026-02-12 20:21:48.066] STATUS: Translating...
[2026-02-12 20:21:48.586] STATUS: Listening (Spanish)
[2026-02-12 20:22:02.625] STATUS: Translating...
[2026-02-12 20:22:03.439] STATUS: Listening (Spanish)
[2026-02-12 20:22:05.657] STATUS: Translating...
[2026-02-12 20:22:06.302] STATUS: Listening (Spanish)
[2026-02-12 20:22:36.235] STATUS: Translating...
[2026-02-12 20:22:36.822] STATUS: Listening (Spanish)
[2026-02-12 20:22:51.633] STATUS: Translating...
[2026-02-12 20:22:52.544] STATUS: Listening (Spanish)
[2026-02-12 20:23:17.296] STATUS: Translating...
[2026-02-12 20:23:18.440] STATUS: Listening (Spanish)
[2026-02-12 20:23:35.034] STATUS: Translating...
[2026-02-12 20:23:35.801] STATUS: Listening (Spanish)
[2026-02-12 20:23:44.816] STATUS: Translating...
[2026-02-12 20:23:45.593] STATUS: Listening (Spanish)
[2026-02-12 20:24:01.681] STATUS: Translating...
[2026-02-12 20:24:02.743] STATUS: Listening (Spanish)
[2026-02-12 20:24:58.906] STATUS: Translating...
[2026-02-12 20:24:59.819] STATUS: Listening (Spanish)
[2026-02-12 20:25:25.434] STATUS: Translating...
[2026-02-12 20:25:26.019] STATUS: Listening (Spanish)
[2026-02-12 20:25:33.767] STATUS: Translating...
[2026-02-12 20:25:34.402] STATUS: Listening (Spanish)
[2026-02-12 20:25:54.018] STATUS: Translating...
[2026-02-12 20:25:54.605] STATUS: Listening (Spanish)
[2026-02-12 20:25:56.971] STATUS: Translating...
[2026-02-12 20:25:57.449] STATUS: Listening (Spanish)
[2026-02-12 20:26:10.239] STATUS: Translating...
[2026-02-12 20:26:10.807] STATUS: Listening (Spanish)
[2026-02-12 20:26:13.186] STATUS: Translating...
[2026-02-12 20:26:14.003] STATUS: Listening (Spanish)
[2026-02-12 20:26:32.675] STATUS: Translating...
[2026-02-12 20:26:33.482] STATUS: Listening (Spanish)
[2026-02-12 20:26:37.876] STATUS: Translating...
[2026-02-12 20:26:38.634] STATUS: Listening (Spanish)
[2026-02-12 20:26:52.151] STATUS: Translating...
[2026-02-12 20:26:52.662] STATUS: Listening (Spanish)
[2026-02-12 20:27:09.576] STATUS: Translating...
[2026-02-12 20:27:10.446] STATUS: Listening (Spanish)
[2026-02-12 20:27:12.086] STATUS: Translating...
[2026-02-12 20:27:12.955] STATUS: Listening (Spanish)
[2026-02-12 20:27:18.952] STATUS: Translating...
[2026-02-12 20:27:19.549] STATUS: Listening (Spanish)
[2026-02-12 20:27:23.842] STATUS: Translating...
[2026-02-12 20:27:24.369] STATUS: Listening (Spanish)
[2026-02-12 20:27:34.530] STATUS: Translating...
[2026-02-12 20:27:35.178] STATUS: Listening (Spanish)
[2026-02-12 20:27:37.561] STATUS: Translating...
[2026-02-12 20:27:38.065] STATUS: Listening (Spanish)
[2026-02-12 20:28:02.709] STATUS: Translating...
[2026-02-12 20:28:03.251] STATUS: Listening (Spanish)
[2026-02-12 20:28:42.146] STATUS: Translating...
[2026-02-12 20:28:42.735] STATUS: Listening (Spanish)
[2026-02-12 20:28:55.999] STATUS: Translating...
[2026-02-12 20:28:56.677] STATUS: Listening (Spanish)
[2026-02-12 20:29:01.183] STATUS: Translating...
[2026-02-12 20:29:01.679] STATUS: Listening (Spanish)
[2026-02-12 20:29:06.170] STATUS: Translating...
[2026-02-12 20:29:06.847] STATUS: Listening (Spanish)
[2026-02-12 20:29:08.973] STATUS: Translating...
[2026-02-12 20:29:09.643] STATUS: Listening (Spanish)
[2026-02-12 20:29:10.728] STATUS: Translating...
[2026-02-12 20:29:11.364] STATUS: Listening (Spanish)
[2026-02-12 20:29:46.777] STATUS: Translating...
[2026-02-12 20:29:47.287] STATUS: Listening (Spanish)
[2026-02-12 20:29:59.945] STATUS: Translating...
[2026-02-12 20:30:00.709] STATUS: Listening (Spanish)
[2026-02-12 20:30:09.241] STATUS: Translating...
[2026-02-12 20:30:10.271] STATUS: Listening (Spanish)
[2026-02-12 20:30:12.559] STATUS: Translating...
[2026-02-12 20:30:13.332] STATUS: Listening (Spanish)
[2026-02-12 20:30:25.811] STATUS: Translating...
[2026-02-12 20:30:26.363] STATUS: Listening (Spanish)
[2026-02-12 20:30:31.054] STATUS: Translating...
[2026-02-12 20:30:31.770] STATUS: Listening (Spanish)
[2026-02-12 20:30:41.396] STATUS: Translating...
[2026-02-12 20:30:41.912] STATUS: Listening (Spanish)
[2026-02-12 20:30:48.340] STATUS: Translating...
[2026-02-12 20:30:48.996] STATUS: Listening (Spanish)
[2026-02-12 20:31:02.416] STATUS: Translating...
[2026-02-12 20:31:03.020] STATUS: Listening (Spanish)
[2026-02-12 20:31:06.540] STATUS: Translating...
[2026-02-12 20:31:07.345] STATUS: Listening (Spanish)
[2026-02-12 20:31:29.216] STATUS: Translating...
[2026-02-12 20:31:29.697] STATUS: Listening (Spanish)
[2026-02-12 20:31:54.753] STATUS: Translating...
[2026-02-12 20:31:55.277] STATUS: Listening (Spanish)
[2026-02-12 20:32:05.162] STATUS: Translating...
[2026-02-12 20:32:05.872] STATUS: Listening (Spanish)
[2026-02-12 20:32:06.720] STATUS: Translating...
[2026-02-12 20:32:07.334] STATUS: Listening (Spanish)
[2026-02-12 20:32:44.209] STATUS: Translating...
[2026-02-12 20:32:44.852] STATUS: Listening (Spanish)
[2026-02-12 20:32:54.302] STATUS: Translating...
[2026-02-12 20:32:54.902] STATUS: Listening (Spanish)
[2026-02-12 20:32:58.844] STATUS: Translating...
[2026-02-12 20:32:59.413] STATUS: Listening (Spanish)
[2026-02-12 20:33:07.736] STATUS: Translating...
[2026-02-12 20:33:08.545] STATUS: Listening (Spanish)
[2026-02-12 20:33:21.225] STATUS: Translating...
[2026-02-12 20:33:21.911] STATUS: Listening (Spanish)
[2026-02-12 20:34:02.800] STATUS: No speech detected. Check mic level or device.
[2026-02-12 20:34:27.876] STATUS: Translating...
[2026-02-12 20:34:28.428] STATUS: Listening (Spanish)
[2026-02-12 20:34:41.097] STATUS: Translating...
[2026-02-12 20:34:42.292] STATUS: Listening (Spanish)
[2026-02-12 20:34:59.608] STATUS: Translating...
[2026-02-12 20:35:00.306] STATUS: Listening (Spanish)
[2026-02-12 20:35:09.348] STATUS: Translating...
[2026-02-12 20:35:10.184] STATUS: Listening (Spanish)
[2026-02-12 20:35:33.513] STATUS: Translating...
[2026-02-12 20:35:34.011] STATUS: Listening (Spanish)
[2026-02-12 20:35:40.171] STATUS: Translating...
[2026-02-12 20:35:40.911] STATUS: Listening (Spanish)
[2026-02-12 20:35:44.221] STATUS: Translating...
[2026-02-12 20:35:45.120] STATUS: Listening (Spanish)
[2026-02-12 20:35:46.676] STATUS: Translating...
[2026-02-12 20:35:47.254] STATUS: Listening (Spanish)
[2026-02-12 20:36:24.772] STATUS: Translating...
[2026-02-12 20:36:25.436] STATUS: Listening (Spanish)
[2026-02-12 20:36:28.359] STATUS: Translating...
[2026-02-12 20:36:29.121] STATUS: Listening (Spanish)
[2026-02-12 20:36:57.460] STATUS: No speech detected. Check mic level or device.
[2026-02-12 20:37:15.033] STATUS: Translating...
[2026-02-12 20:37:15.742] STATUS: Listening (Spanish)
[2026-02-12 20:37:35.881] STATUS: Translating...
[2026-02-12 20:37:36.767] STATUS: Listening (Spanish)
[2026-02-12 20:37:46.719] STATUS: Translating...
[2026-02-12 20:37:47.285] STATUS: Listening (Spanish)
[2026-02-12 20:37:51.800] STATUS: No speech detected. Check mic level or device.
[2026-02-12 20:38:00.176] STATUS: Translating...
[2026-02-12 20:38:00.800] STATUS: Listening (Spanish)
[2026-02-12 20:38:28.600] STATUS: No speech detected. Check mic level or device.
[2026-02-12 20:38:34.119] STATUS: Translating...
[2026-02-12 20:38:34.752] STATUS: Listening (Spanish)
[2026-02-12 20:38:46.406] STATUS: Translating...
[2026-02-12 20:38:46.917] STATUS: Listening (Spanish)
[2026-02-12 20:38:50.610] STATUS: Translating...
[2026-02-12 20:38:51.918] STATUS: Listening (Spanish)
[2026-02-12 20:39:05.223] STATUS: Translating...
[2026-02-12 20:39:06.028] STATUS: Listening (Spanish)
[2026-02-12 20:39:23.765] STATUS: Translating...
[2026-02-12 20:39:24.340] STATUS: Listening (Spanish)
[2026-02-12 20:39:54.970] STATUS: Translating...
[2026-02-12 20:39:55.537] STATUS: Listening (Spanish)
[2026-02-12 20:40:16.800] STATUS: Translating...
[2026-02-12 20:40:17.590] STATUS: Listening (Spanish)
[2026-02-12 20:40:37.924] STATUS: Translating...
[2026-02-12 20:40:38.554] STATUS: Listening (Spanish)
[2026-02-12 20:40:50.781] STATUS: No speech detected. Check mic level or device.
[2026-02-12 20:40:55.568] STATUS: Translating...
[2026-02-12 20:40:56.303] STATUS: Listening (Spanish)
[2026-02-12 20:41:22.708] STATUS: Translating...
[2026-02-12 20:41:23.539] STATUS: Listening (Spanish)
[2026-02-12 20:41:31.230] STATUS: No speech detected. Check mic level or device.
[2026-02-12 20:41:52.476] STATUS: Translating...
[2026-02-12 20:41:53.176] STATUS: Listening (Spanish)
[2026-02-12 20:41:57.860] STATUS: No speech detected. Check mic level or device.
[2026-02-12 20:42:04.514] STATUS: Translating...
[2026-02-12 20:42:05.892] STATUS: Listening (Spanish)
[2026-02-12 20:42:07.677] STATUS: Translating...
[2026-02-12 20:42:08.301] STATUS: Listening (Spanish)
[2026-02-12 20:42:19.600] STATUS: Translating...
[2026-02-12 20:42:20.258] STATUS: Listening (Spanish)
[2026-02-12 20:42:25.610] STATUS: No speech detected. Check mic level or device.
[2026-02-12 20:42:53.930] STATUS: Translating...
[2026-02-12 20:42:54.487] STATUS: Listening (Spanish)
[2026-02-12 20:42:55.892] STATUS: Translating...
[2026-02-12 20:42:57.078] STATUS: Listening (Spanish)
[2026-02-12 20:43:04.520] STATUS: No speech detected. Check mic level or device.
[2026-02-12 20:43:12.282] STATUS: Translating...
[2026-02-12 20:43:13.042] STATUS: Listening (Spanish)
[2026-02-12 20:43:25.463] STATUS: Translating...
[2026-02-12 20:43:26.030] STATUS: Listening (Spanish)
[2026-02-12 20:43:35.380] STATUS: No speech detected. Check mic level or device.
[2026-02-12 20:44:21.789] STATUS: Translating...
[2026-02-12 20:44:22.561] STATUS: Listening (Spanish)
[2026-02-12 20:44:42.453] STATUS: Translating...
[2026-02-12 20:44:43.008] STATUS: Listening (Spanish)
[2026-02-12 20:44:54.885] STATUS: Translating...
[2026-02-12 20:44:55.487] STATUS: Listening (Spanish)
[2026-02-12 20:45:05.293] STATUS: Translating...
[2026-02-12 20:45:05.904] STATUS: Listening (Spanish)
[2026-02-12 20:45:16.059] STATUS: Translating...
[2026-02-12 20:45:16.628] STATUS: Listening (Spanish)
[2026-02-12 20:45:27.269] STATUS: Translating...
[2026-02-12 20:45:27.870] STATUS: Listening (Spanish)
[2026-02-12 20:45:39.517] STATUS: Translating...
[2026-02-12 20:45:40.025] STATUS: Listening (Spanish)
[2026-02-12 20:46:09.788] STATUS: Translating...
[2026-02-12 20:46:10.397] STATUS: Listening (Spanish)
[2026-02-12 20:46:18.907] STATUS: Translating...
[2026-02-12 20:46:19.795] STATUS: Listening (Spanish)
[2026-02-12 20:46:31.425] STATUS: Translating...
[2026-02-12 20:46:32.083] STATUS: Listening (Spanish)
[2026-02-12 20:46:44.272] STATUS: Translating...
[2026-02-12 20:46:44.911] STATUS: Listening (Spanish)
[2026-02-12 20:46:50.875] STATUS: Translating...
[2026-02-12 20:46:51.565] STATUS: Listening (Spanish)
[2026-02-12 20:47:09.099] STATUS: Translating...
[2026-02-12 20:47:09.766] STATUS: Listening (Spanish)
[2026-02-12 20:47:31.917] STATUS: Translating...
[2026-02-12 20:47:32.595] STATUS: Listening (Spanish)
[2026-02-12 20:47:38.234] STATUS: Translating...
[2026-02-12 20:47:39.029] STATUS: Listening (Spanish)
[2026-02-12 20:47:50.502] STATUS: Translating...
[2026-02-12 20:47:51.109] STATUS: Listening (Spanish)
[2026-02-12 20:47:54.550] STATUS: Translating...
[2026-02-12 20:47:55.225] STATUS: Listening (Spanish)
[2026-02-12 20:47:58.972] STATUS: Translating...
[2026-02-12 20:47:59.562] STATUS: Listening (Spanish)
[2026-02-12 20:48:03.797] STATUS: Translating...
[2026-02-12 20:48:04.573] STATUS: Listening (Spanish)
[2026-02-12 20:48:10.809] STATUS: Translating...
[2026-02-12 20:48:11.705] STATUS: Listening (Spanish)
[2026-02-12 20:48:20.060] STATUS: Translating...
[2026-02-12 20:48:20.738] STATUS: Listening (Spanish)
[2026-02-12 20:48:34.664] STATUS: Translating...
[2026-02-12 20:48:35.423] STATUS: Listening (Spanish)
[2026-02-12 20:49:05.604] STATUS: Translating...
[2026-02-12 20:49:08.439] STATUS: Listening (Spanish)
[2026-02-12 20:49:13.068] STATUS: Translating...
[2026-02-12 20:49:13.752] STATUS: Listening (Spanish)
[2026-02-12 20:49:39.720] STATUS: Translating...
[2026-02-12 20:49:40.458] STATUS: Listening (Spanish)
[2026-02-12 20:49:54.440] STATUS: Translating...
[2026-02-12 20:49:55.181] STATUS: Listening (Spanish)
[2026-02-12 20:50:16.514] STATUS: Translating...
[2026-02-12 20:50:17.145] STATUS: Listening (Spanish)
[2026-02-12 20:50:33.588] STATUS: Translating...
[2026-02-12 20:50:34.239] STATUS: Listening (Spanish)
[2026-02-12 20:50:43.039] STATUS: Translating...
[2026-02-12 20:50:43.520] STATUS: Listening (Spanish)
[2026-02-12 20:50:49.180] STATUS: Translating...
[2026-02-12 20:50:49.913] STATUS: Listening (Spanish)
[2026-02-12 20:51:01.256] STATUS: Translating...
[2026-02-12 20:51:01.979] STATUS: Listening (Spanish)
[2026-02-12 20:51:06.664] STATUS: Translating...
[2026-02-12 20:51:07.293] STATUS: Listening (Spanish)
[2026-02-12 20:51:31.733] STATUS: Translating...
[2026-02-12 20:51:32.446] STATUS: Listening (Spanish)
[2026-02-12 20:51:35.426] STATUS: Translating...
[2026-02-12 20:51:36.169] STATUS: Listening (Spanish)
[2026-02-12 20:51:48.174] STATUS: Translating...
[2026-02-12 20:51:48.746] STATUS: Listening (Spanish)
[2026-02-12 20:51:58.092] STATUS: Translating...
[2026-02-12 20:51:58.909] STATUS: Listening (Spanish)
[2026-02-12 20:52:21.200] STATUS: No speech detected. Check mic level or device.
[2026-02-12 20:52:51.262] STATUS: Translating...
[2026-02-12 20:52:52.030] STATUS: Listening (Spanish)
[2026-02-12 20:52:57.562] STATUS: Translating...
[2026-02-12 20:52:58.269] STATUS: Listening (Spanish)
[2026-02-12 20:53:10.176] STATUS: Translating...
[2026-02-12 20:53:10.903] STATUS: Listening (Spanish)
[2026-02-12 20:53:13.760] STATUS: Translating...
[2026-02-12 20:53:14.773] STATUS: Listening (Spanish)
[2026-02-12 20:53:18.019] STATUS: Translating...
[2026-02-12 20:53:18.859] STATUS: Listening (Spanish)
[2026-02-12 20:53:23.570] STATUS: No speech detected. Check mic level or device.
[2026-02-12 20:53:50.833] STATUS: Translating...
[2026-02-12 20:53:51.409] STATUS: Listening (Spanish)
[2026-02-12 20:53:57.144] STATUS: Translating...
[2026-02-12 20:53:57.706] STATUS: Listening (Spanish)
[2026-02-12 20:54:02.123] STATUS: Translating...
[2026-02-12 20:54:02.751] STATUS: Listening (Spanish)
[2026-02-12 20:54:18.493] STATUS: Translating...
[2026-02-12 20:54:19.038] STATUS: Listening (Spanish)
[2026-02-12 20:54:24.018] STATUS: Translating...
[2026-02-12 20:54:24.814] STATUS: Listening (Spanish)
[2026-02-12 20:54:40.121] STATUS: Translating...
[2026-02-12 20:54:41.269] STATUS: Listening (Spanish)
[2026-02-12 20:54:53.049] STATUS: Translating...
[2026-02-12 20:54:53.695] STATUS: Listening (Spanish)
[2026-02-12 20:55:14.273] STATUS: Translating...
[2026-02-12 20:55:14.779] STATUS: Listening (Spanish)
[2026-02-12 20:55:23.500] STATUS: No speech detected. Check mic level or device.
[2026-02-12 20:55:37.892] STATUS: Translating...
[2026-02-12 20:55:38.983] STATUS: Listening (Spanish)
[2026-02-12 20:55:42.961] STATUS: No speech detected. Check mic level or device.
[2026-02-12 20:56:21.722] STATUS: Translating...
[2026-02-12 20:56:22.336] STATUS: Listening (Spanish)
[2026-02-12 20:56:28.701] STATUS: Translating...
[2026-02-12 20:56:29.399] STATUS: Listening (Spanish)
[2026-02-12 20:56:46.714] STATUS: Translating...
[2026-02-12 20:56:48.691] STATUS: Listening (Spanish)
[2026-02-12 20:56:53.349] STATUS: Translating...
[2026-02-12 20:56:53.946] STATUS: Listening (Spanish)
[2026-02-12 20:57:09.153] STATUS: Translating...
[2026-02-12 20:57:09.827] STATUS: Listening (Spanish)
[2026-02-12 20:57:10.741] STATUS: Translating...
[2026-02-12 20:57:11.715] STATUS: Listening (Spanish)
[2026-02-12 20:57:29.367] STATUS: Translating...
[2026-02-12 20:57:30.093] STATUS: Listening (Spanish)
[2026-02-12 20:57:38.124] STATUS: Translating...
[2026-02-12 20:57:39.081] STATUS: Listening (Spanish)
[2026-02-12 20:57:59.511] STATUS: No speech detected. Check mic level or device.
[2026-02-12 20:58:08.336] STATUS: Translating...
[2026-02-12 20:58:09.046] STATUS: Listening (Spanish)
[2026-02-12 20:58:12.928] STATUS: Translating...
[2026-02-12 20:58:13.471] STATUS: Listening (Spanish)
[2026-02-12 20:58:18.223] STATUS: Translating...
[2026-02-12 20:58:19.066] STATUS: Listening (Spanish)
[2026-02-12 20:59:01.078] STATUS: Translating...
[2026-02-12 20:59:01.612] STATUS: Listening (Spanish)
[2026-02-12 20:59:19.154] STATUS: Translating...
[2026-02-12 20:59:19.768] STATUS: Listening (Spanish)
[2026-02-12 20:59:26.184] STATUS: Translating...
[2026-02-12 20:59:26.692] STATUS: Listening (Spanish)
[2026-02-12 20:59:40.680] STATUS: Translating...
[2026-02-12 20:59:41.280] STATUS: Listening (Spanish)
[2026-02-12 20:59:46.846] STATUS: Translating...
[2026-02-12 20:59:47.402] STATUS: Listening (Spanish)
[2026-02-12 21:00:10.635] STATUS: Translating...
[2026-02-12 21:00:11.869] STATUS: Listening (Spanish)
[2026-02-12 21:00:17.596] STATUS: Translating...
[2026-02-12 21:00:18.364] STATUS: Listening (Spanish)
[2026-02-12 21:00:28.646] STATUS: Translating...
[2026-02-12 21:00:29.351] STATUS: Listening (Spanish)
[2026-02-12 21:00:32.274] STATUS: Translating...
[2026-02-12 21:00:33.240] STATUS: Listening (Spanish)
[2026-02-12 21:00:41.805] STATUS: Translating...
[2026-02-12 21:00:42.494] STATUS: Listening (Spanish)
[2026-02-12 21:01:22.785] STATUS: Translating...
[2026-02-12 21:01:23.488] STATUS: Listening (Spanish)
[2026-02-12 21:01:57.438] STATUS: Translating...
[2026-02-12 21:01:58.460] STATUS: Listening (Spanish)
[2026-02-12 21:02:21.817] STATUS: Translating...
[2026-02-12 21:02:24.883] STATUS: Listening (Spanish)
[2026-02-12 21:02:40.905] STATUS: Translating...
[2026-02-12 21:02:41.390] STATUS: Listening (Spanish)
[2026-02-12 21:02:51.621] STATUS: No speech detected. Check mic level or device.
[2026-02-12 21:03:09.075] STATUS: Translating...
[2026-02-12 21:03:09.813] STATUS: Listening (Spanish)
[2026-02-12 21:03:11.880] STATUS: Translating...
[2026-02-12 21:03:12.499] STATUS: Listening (Spanish)
[2026-02-12 21:03:20.093] STATUS: Translating...
[2026-02-12 21:03:20.842] STATUS: Listening (Spanish)
[2026-02-12 21:03:25.576] STATUS: Translating...
[2026-02-12 21:03:26.133] STATUS: Listening (Spanish)
[2026-02-12 21:04:25.990] STATUS: Translating...
[2026-02-12 21:04:26.697] STATUS: Listening (Spanish)
[2026-02-12 21:04:35.492] STATUS: Translating...
[2026-02-12 21:04:36.136] STATUS: Listening (Spanish)
[2026-02-12 21:04:45.681] STATUS: No speech detected. Check mic level or device.
[2026-02-12 21:05:03.555] STATUS: Translating...
[2026-02-12 21:05:04.603] STATUS: Listening (Spanish)
[2026-02-12 21:05:21.740] STATUS: No speech detected. Check mic level or device.
[2026-02-12 21:05:32.786] STATUS: Translating...
[2026-02-12 21:05:33.336] STATUS: Listening (Spanish)
[2026-02-12 21:05:40.765] STATUS: Translating...
[2026-02-12 21:05:41.587] STATUS: Listening (Spanish)
[2026-02-12 21:05:51.440] STATUS: No speech detected. Check mic level or device.
[2026-02-12 21:06:10.027] STATUS: Translating...
[2026-02-12 21:06:10.707] STATUS: Listening (Spanish)
[2026-02-12 21:06:32.670] STATUS: Translating...
[2026-02-12 21:06:33.338] STATUS: Listening (Spanish)
[2026-02-12 21:06:40.770] STATUS: Translating...
[2026-02-12 21:06:41.376] STATUS: Listening (Spanish)
[2026-02-12 21:06:47.043] STATUS: Translating...
[2026-02-12 21:06:47.602] STATUS: Listening (Spanish)
[2026-02-12 21:06:56.009] STATUS: Translating...
[2026-02-12 21:06:56.829] STATUS: Listening (Spanish)
[2026-02-12 21:07:06.382] STATUS: Translating...
[2026-02-12 21:07:07.028] STATUS: Listening (Spanish)
[2026-02-12 21:07:11.850] STATUS: No speech detected. Check mic level or device.
[2026-02-12 21:07:22.827] STATUS: Translating...
[2026-02-12 21:07:23.499] STATUS: Listening (Spanish)
[2026-02-12 21:07:33.631] STATUS: No speech detected. Check mic level or device.
[2026-02-12 21:07:44.812] STATUS: Translating...
[2026-02-12 21:07:45.440] STATUS: Listening (Spanish)
[2026-02-12 21:07:57.425] STATUS: Translating...
[2026-02-12 21:07:58.272] STATUS: Listening (Spanish)
[2026-02-12 21:08:07.326] STATUS: Translating...
[2026-02-12 21:08:07.867] STATUS: Listening (Spanish)
[2026-02-12 21:08:19.966] STATUS: Translating...
[2026-02-12 21:08:21.294] STATUS: Listening (Spanish)
[2026-02-12 21:08:25.288] STATUS: Translating...
[2026-02-12 21:08:25.982] STATUS: Listening (Spanish)
[2026-02-12 21:08:27.371] STATUS: Translating...
[2026-02-12 21:08:28.012] STATUS: Listening (Spanish)
[2026-02-12 21:08:45.561] STATUS: Translating...
[2026-02-12 21:08:46.392] STATUS: Listening (Spanish)
[2026-02-12 21:08:54.959] STATUS: Translating...
[2026-02-12 21:08:56.056] STATUS: Listening (Spanish)
[2026-02-12 21:09:10.220] STATUS: No speech detected. Check mic level or device.
[2026-02-12 21:09:21.873] STATUS: Translating...
[2026-02-12 21:09:22.525] STATUS: Listening (Spanish)
[2026-02-12 21:09:35.597] STATUS: Translating...
[2026-02-12 21:09:36.407] STATUS: Listening (Spanish)
[2026-02-12 21:09:47.849] STATUS: Translating...
[2026-02-12 21:09:48.443] STATUS: Listening (Spanish)
[2026-02-12 21:09:53.514] STATUS: Translating...
[2026-02-12 21:09:54.073] STATUS: Listening (Spanish)
[2026-02-12 21:10:04.336] STATUS: Translating...
[2026-02-12 21:10:05.027] STATUS: Listening (Spanish)
[2026-02-12 21:10:23.492] STATUS: Translating...
[2026-02-12 21:10:24.217] STATUS: Listening (Spanish)
[2026-02-12 21:10:39.289] STATUS: Translating...
[2026-02-12 21:10:40.021] STATUS: Listening (Spanish)
[2026-02-12 21:10:44.570] STATUS: No speech detected. Check mic level or device.
[2026-02-12 21:11:01.390] STATUS: Translating...
[2026-02-12 21:11:02.057] STATUS: Listening (Spanish)
[2026-02-12 21:11:05.759] STATUS: Translating...
[2026-02-12 21:11:06.563] STATUS: Listening (Spanish)
[2026-02-12 21:11:20.104] STATUS: Translating...
[2026-02-12 21:11:20.810] STATUS: Listening (Spanish)
[2026-02-12 21:11:36.014] STATUS: Translating...
[2026-02-12 21:11:37.156] STATUS: Listening (Spanish)
[2026-02-12 21:11:51.858] STATUS: Translating...
[2026-02-12 21:11:52.541] STATUS: Listening (Spanish)
[2026-02-12 21:12:06.877] STATUS: Translating...
[2026-02-12 21:12:07.472] STATUS: Listening (Spanish)
[2026-02-12 21:12:12.781] STATUS: Translating...
[2026-02-12 21:12:13.646] STATUS: Listening (Spanish)
[2026-02-12 21:12:17.668] STATUS: Translating...
[2026-02-12 21:12:18.239] STATUS: Listening (Spanish)
[2026-02-12 21:12:20.577] STATUS: Translating...
[2026-02-12 21:12:21.303] STATUS: Listening (Spanish)
[2026-02-12 21:12:46.248] STATUS: Translating...
[2026-02-12 21:12:46.937] STATUS: Listening (Spanish)
[2026-02-12 21:13:02.339] STATUS: Translating...
[2026-02-12 21:13:03.844] STATUS: Listening (Spanish)
[2026-02-12 21:13:22.949] STATUS: Translating...
[2026-02-12 21:13:23.623] STATUS: Listening (Spanish)
[2026-02-12 21:13:35.788] STATUS: Translating...
[2026-02-12 21:13:36.481] STATUS: Listening (Spanish)
[2026-02-12 21:13:54.515] STATUS: Translating...
[2026-02-12 21:13:55.095] STATUS: Listening (Spanish)
[2026-02-12 21:14:01.222] STATUS: Translating...
[2026-02-12 21:14:01.990] STATUS: Listening (Spanish)
[2026-02-12 21:14:14.240] STATUS: Translating...
[2026-02-12 21:14:14.903] STATUS: Listening (Spanish)
[2026-02-12 21:14:41.437] STATUS: Translating...
[2026-02-12 21:14:42.414] STATUS: Listening (Spanish)
[2026-02-12 21:14:47.068] STATUS: Translating...
[2026-02-12 21:14:48.020] STATUS: Listening (Spanish)
[2026-02-12 21:15:00.414] STATUS: Translating...
[2026-02-12 21:15:01.310] STATUS: Listening (Spanish)
[2026-02-12 21:15:03.856] STATUS: Translating...
[2026-02-12 21:15:04.422] STATUS: Listening (Spanish)
[2026-02-12 21:15:20.031] STATUS: Translating...
[2026-02-12 21:15:20.731] STATUS: Listening (Spanish)
[2026-02-12 21:15:35.936] STATUS: Translating...
[2026-02-12 21:15:36.514] STATUS: Listening (Spanish)
[2026-02-12 21:15:47.685] STATUS: Translating...
[2026-02-12 21:15:48.846] STATUS: Listening (Spanish)
[2026-02-12 21:15:54.452] STATUS: Translating...
[2026-02-12 21:15:55.110] STATUS: Listening (Spanish)
[2026-02-12 21:16:08.381] STATUS: Translating...
[2026-02-12 21:16:08.993] STATUS: Listening (Spanish)
[2026-02-12 21:16:28.949] STATUS: Translating...
[2026-02-12 21:16:29.501] STATUS: Listening (Spanish)
[2026-02-12 21:16:38.619] STATUS: Translating...
[2026-02-12 21:16:39.209] STATUS: Listening (Spanish)
[2026-02-12 21:16:47.008] STATUS: Translating...
[2026-02-12 21:16:47.715] STATUS: Listening (Spanish)
[2026-02-12 21:17:44.368] STATUS: Translating...
[2026-02-12 21:17:44.928] STATUS: Listening (Spanish)
[2026-02-12 21:17:59.093] STATUS: Translating...
[2026-02-12 21:17:59.925] STATUS: Listening (Spanish)
[2026-02-12 21:18:13.929] STATUS: Translating...
[2026-02-12 21:18:14.730] STATUS: Listening (Spanish)
[2026-02-12 21:18:24.040] STATUS: Translating...
[2026-02-12 21:18:26.740] STATUS: Listening (Spanish)
[2026-02-12 21:18:37.760] STATUS: No speech detected. Check mic level or device.
[2026-02-12 21:19:04.932] STATUS: Translating...
[2026-02-12 21:19:05.517] STATUS: Listening (Spanish)
[2026-02-12 21:19:09.950] STATUS: No speech detected. Check mic level or device.
[2026-02-12 21:19:27.778] STATUS: Translating...
[2026-02-12 21:19:28.366] STATUS: Listening (Spanish)
[2026-02-12 21:19:36.356] STATUS: Translating...
[2026-02-12 21:19:37.189] STATUS: Listening (Spanish)
[2026-02-12 21:19:41.760] STATUS: No speech detected. Check mic level or device.
[2026-02-12 21:20:13.978] STATUS: Translating...
[2026-02-12 21:20:14.684] STATUS: Listening (Spanish)
[2026-02-12 21:20:41.218] STATUS: Translating...
[2026-02-12 21:20:42.128] STATUS: Listening (Spanish)
[2026-02-12 21:20:46.419] STATUS: Translating...
[2026-02-12 21:20:47.302] STATUS: Listening (Spanish)
[2026-02-12 21:20:52.047] STATUS: Translating...
[2026-02-12 21:20:52.805] STATUS: Listening (Spanish)
[2026-02-12 21:21:22.672] STATUS: Translating...
[2026-02-12 21:21:23.256] STATUS: Listening (Spanish)
[2026-02-12 21:21:29.460] STATUS: Translating...
[2026-02-12 21:21:30.065] STATUS: Listening (Spanish)
[2026-02-12 21:21:33.360] STATUS: Translating...
[2026-02-12 21:21:34.284] STATUS: Listening (Spanish)
[2026-02-12 21:21:43.939] STATUS: Translating...
[2026-02-12 21:21:44.738] STATUS: Listening (Spanish)
[2026-02-12 21:22:03.655] STATUS: Translating...
[2026-02-12 21:22:04.247] STATUS: Listening (Spanish)
[2026-02-12 21:22:10.598] STATUS: Translating...
[2026-02-12 21:22:11.198] STATUS: Listening (Spanish)
[2026-02-12 21:22:17.558] STATUS: Translating...
[2026-02-12 21:22:18.327] STATUS: Listening (Spanish)
[2026-02-12 21:22:21.737] STATUS: Translating...
[2026-02-12 21:22:22.374] STATUS: Listening (Spanish)
[2026-02-12 21:22:37.460] STATUS: Translating...
[2026-02-12 21:22:38.446] STATUS: Listening (Spanish)
[2026-02-12 21:22:39.096] STATUS: Translating...
[2026-02-12 21:22:39.816] STATUS: Listening (Spanish)
[2026-02-12 21:23:01.552] STATUS: Translating...
[2026-02-12 21:23:02.406] STATUS: Listening (Spanish)
[2026-02-12 21:23:15.393] STATUS: Translating...
[2026-02-12 21:23:16.014] STATUS: Listening (Spanish)
[2026-02-12 21:23:31.602] STATUS: Translating...
[2026-02-12 21:23:32.148] STATUS: Listening (Spanish)
[2026-02-12 21:23:34.536] STATUS: Translating...
[2026-02-12 21:23:35.302] STATUS: Listening (Spanish)
[2026-02-12 21:23:41.165] STATUS: Translating...
[2026-02-12 21:23:41.835] STATUS: Listening (Spanish)
[2026-02-12 21:23:45.477] STATUS: Translating...
[2026-02-12 21:23:46.213] STATUS: Listening (Spanish)
[2026-02-12 21:23:56.760] STATUS: Translating...
[2026-02-12 21:23:57.262] STATUS: Listening (Spanish)
[2026-02-12 21:24:07.133] STATUS: Translating...
[2026-02-12 21:24:07.890] STATUS: Listening (Spanish)
[2026-02-12 21:24:12.289] STATUS: Translating...
[2026-02-12 21:24:12.948] STATUS: Listening (Spanish)
[2026-02-12 21:24:42.177] STATUS: Translating...
[2026-02-12 21:24:43.016] STATUS: Listening (Spanish)
[2026-02-12 21:24:45.244] STATUS: Translating...
[2026-02-12 21:24:46.526] STATUS: Listening (Spanish)
[2026-02-12 21:24:51.736] STATUS: Translating...
[2026-02-12 21:24:52.630] STATUS: Listening (Spanish)
[2026-02-12 21:24:54.227] STATUS: Translating...
[2026-02-12 21:24:54.970] STATUS: Listening (Spanish)
[2026-02-12 21:25:27.545] STATUS: Translating...
[2026-02-12 21:25:28.212] STATUS: Listening (Spanish)
[2026-02-12 21:25:39.091] STATUS: No speech detected. Check mic level or device.
[2026-02-12 21:25:53.029] STATUS: Translating...
[2026-02-12 21:25:54.073] STATUS: Listening (Spanish)
[2026-02-12 21:25:56.537] STATUS: Translating...
[2026-02-12 21:25:57.029] STATUS: Listening (Spanish)
[2026-02-12 21:26:08.958] STATUS: App closing requested

--- Close Requested ---
  File "E:\OneDrive - zachthetech.com\Documents\GitHub\python-translation\main.py", line 5070, in <module>
    app = TranslationApp()
  File "E:\OneDrive - zachthetech.com\Documents\GitHub\python-translation\main.py", line 375, in __init__
    self.root.mainloop()
  File "C:\Users\zachary.price\AppData\Local\Programs\Python\Python310\lib\tkinter\__init__.py", line 1458, in mainloop
    self.tk.mainloop(n)
  File "C:\Users\zachary.price\AppData\Local\Programs\Python\Python310\lib\tkinter\__init__.py", line 1921, in __call__
    return self.func(*args)
  File "E:\OneDrive - zachthetech.com\Documents\GitHub\python-translation\main.py", line 461, in on_closing
    f.write("".join(traceback.format_stack(limit=10)))
[2026-02-12 21:26:08.967] STATUS: Process exiting

--- Process Exit ---
  File "E:\OneDrive - zachthetech.com\Documents\GitHub\python-translation\main.py", line 524, in _log_process_exit
    f.write("".join(traceback.format_stack(limit=10)))
