[2026-02-13 16:16:54.218] STATUS: Listening (Spanish)
[2026-02-13 16:16:57.953] STATUS: Transcribing...
[2026-02-13 16:16:57.958] STATUS: Listening (Spanish)
[2026-02-13 16:17:00.422] STATUS: Transcribing...
[2026-02-13 16:17:00.429] STATUS: Listening (Spanish)
[2026-02-13 16:17:03.312] STATUS: Transcribing...
[2026-02-13 16:17:03.318] STATUS: Listening (Spanish)
[2026-02-13 16:17:15.726] STATUS: Transcribing...
[2026-02-13 16:17:15.732] STATUS: Listening (Spanish)
[2026-02-13 16:17:16.898] STATUS: Transcribing...
[2026-02-13 16:17:16.904] STATUS: Listening (Spanish)
[2026-02-13 16:17:21.834] STATUS: Transcribing...
[2026-02-13 16:17:21.841] STATUS: Listening (Spanish)
[2026-02-13 16:17:24.674] STATUS: Transcribing...
[2026-02-13 16:17:24.684] STATUS: Listening (Spanish)
[2026-02-13 16:17:28.974] STATUS: Transcribing...
[2026-02-13 16:17:28.981] STATUS: Listening (Spanish)
[2026-02-13 16:17:37.023] STATUS: Transcribing...
[2026-02-13 16:17:37.030] STATUS: Listening (Spanish)
[2026-02-13 16:17:40.734] STATUS: Transcribing...
[2026-02-13 16:17:40.760] STATUS: Listening (Spanish)
[2026-02-13 16:17:47.897] STATUS: Transcribing...
[2026-02-13 16:17:47.904] STATUS: Listening (Spanish)
[2026-02-13 16:17:53.586] STATUS: Transcribing...
[2026-02-13 16:17:53.593] STATUS: Listening (Spanish)
[2026-02-13 16:17:59.980] STATUS: Transcribing...
[2026-02-13 16:17:59.987] STATUS: Listening (Spanish)
[2026-02-13 16:18:01.968] STATUS: Transcribing...
[2026-02-13 16:18:01.976] STATUS: Listening (Spanish)
[2026-02-13 16:18:06.159] STATUS: Transcribing...
[2026-02-13 16:18:06.166] STATUS: Listening (Spanish)
[2026-02-13 16:18:10.802] STATUS: Transcribing...
[2026-02-13 16:18:10.811] STATUS: Listening (Spanish)
[2026-02-13 16:18:11.174] STATUS: Transcribing...
[2026-02-13 16:18:11.183] STATUS: Listening (Spanish)
[2026-02-13 16:18:17.320] STATUS: Transcribing...
[2026-02-13 16:18:17.329] STATUS: Listening (Spanish)
[2026-02-13 16:18:19.151] STATUS: Transcribing...
[2026-02-13 16:18:19.159] STATUS: Listening (Spanish)
[2026-02-13 16:18:23.760] STATUS: Transcribing...
[2026-02-13 16:18:23.768] STATUS: Listening (Spanish)
[2026-02-13 16:18:24.521] STATUS: Transcribing...
[2026-02-13 16:18:24.529] STATUS: Listening (Spanish)
[2026-02-13 16:18:29.106] STATUS: Transcribing...
[2026-02-13 16:18:29.117] STATUS: Listening (Spanish)
[2026-02-13 16:18:33.030] STATUS: Transcribing...
[2026-02-13 16:18:33.041] STATUS: Listening (Spanish)
[2026-02-13 16:18:38.852] STATUS: Transcribing...
[2026-02-13 16:18:38.862] STATUS: Listening (Spanish)
[2026-02-13 16:18:43.518] STATUS: Transcribing...
[2026-02-13 16:18:43.527] STATUS: Listening (Spanish)
[2026-02-13 16:18:46.176] STATUS: App closing requested

--- Close Requested ---
  File "E:\OneDrive - zachthetech.com\Documents\GitHub\python-translation\main.py", line 5798, in <module>
    app = TranslationApp()
  File "E:\OneDrive - zachthetech.com\Documents\GitHub\python-translation\main.py", line 447, in __init__
    self.root.mainloop()
  File "C:\Users\zachary.price\AppData\Local\Programs\Python\Python310\lib\tkinter\__init__.py", line 1458, in mainloop
    self.tk.mainloop(n)
  File "C:\Users\zachary.price\AppData\Local\Programs\Python\Python310\lib\tkinter\__init__.py", line 1921, in __call__
    return self.func(*args)
  File "E:\OneDrive - zachthetech.com\Documents\GitHub\python-translation\main.py", line 533, in on_closing
    f.write("".join(traceback.format_stack(limit=10)))
[2026-02-13 16:18:46.185] STATUS: Process exiting

--- Process Exit ---
  File "E:\OneDrive - zachthetech.com\Documents\GitHub\python-translation\main.py", line 596, in _log_process_exit
    f.write("".join(traceback.format_stack(limit=10)))
