[2026-02-07 15:02:52.309] STATUS: Listening (English)
[2026-02-07 15:03:06.835] STATUS: Transcribing...
[2026-02-07 15:03:06.907] STATUS: Listening (English)
[2026-02-07 15:03:13.591] STATUS: Transcribing...
[2026-02-07 15:03:13.651] STATUS: Listening (English)
[2026-02-07 15:03:18.812] STATUS: Transcribing...
[2026-02-07 15:03:18.885] STATUS: Listening (English)
[2026-02-07 15:04:57.567] STATUS: Apply clicked
[2026-02-07 15:04:59.677] STATUS: Settings applied
[2026-02-07 15:04:59.679] STATUS: Apply finished
[2026-02-07 15:05:00.602] STATUS: Listening (English)
[2026-02-07 15:05:05.575] STATUS: Apply clicked
[2026-02-07 15:05:07.625] STATUS: Capture suspend timed out
[2026-02-07 15:05:07.709] STATUS: Settings applied
[2026-02-07 15:05:07.718] STATUS: Apply finished
[2026-02-07 15:05:09.718] STATUS: Listening (English)
[2026-02-07 15:05:15.322] STATUS: Transcribing...
[2026-02-07 15:05:15.398] STATUS: Listening (English)
[2026-02-07 15:05:22.828] STATUS: Transcribing...
[2026-02-07 15:05:22.898] STATUS: Listening (English)
[2026-02-07 15:05:25.506] STATUS: Transcribing...
[2026-02-07 15:05:25.579] STATUS: Listening (English)
[2026-02-07 15:05:34.522] STATUS: Transcribing...
[2026-02-07 15:05:34.585] STATUS: Listening (English)
[2026-02-07 15:05:37.194] STATUS: Transcribing...
[2026-02-07 15:05:37.263] STATUS: Listening (English)
[2026-02-07 15:06:43.867] STATUS: No speech detected. Check mic level or device.
[2026-02-07 15:14:37.619] STATUS: Transcribing...
[2026-02-07 15:14:37.727] STATUS: Listening (English)
[2026-02-07 15:14:41.374] STATUS: Transcribing...
[2026-02-07 15:14:41.446] STATUS: Listening (English)
[2026-02-07 15:14:47.957] STATUS: Transcribing...
[2026-02-07 15:14:48.020] STATUS: Listening (English)
[2026-02-07 15:14:53.897] STATUS: Transcribing...
[2026-02-07 15:14:53.962] STATUS: Listening (English)
[2026-02-07 15:14:56.249] STATUS: Transcribing...
[2026-02-07 15:14:56.256] STATUS: Listening (English)
[2026-02-07 15:15:00.637] STATUS: Transcribing...
[2026-02-07 15:15:00.709] STATUS: Listening (English)
[2026-02-07 15:15:06.951] STATUS: Transcribing...
[2026-02-07 15:15:07.091] STATUS: Listening (English)
[2026-02-07 15:15:22.367] STATUS: No speech detected. Check mic level or device.
[2026-02-07 15:15:48.394] STATUS: Transcribing...
[2026-02-07 15:15:48.486] STATUS: Listening (English)
[2026-02-07 15:17:33.892] STATUS: App closing requested

--- Close Requested ---
  File "E:\OneDrive - zachthetech.com\Documents\GitHub\python-translation\main.py", line 3756, in <module>
  File "E:\OneDrive - zachthetech.com\Documents\GitHub\python-translation\main.py", line 330, in __init__
    self.thread.daemon = True
  File "C:\Users\zachary.price\AppData\Local\Programs\Python\Python310\lib\tkinter\__init__.py", line 1458, in mainloop
    self.tk.mainloop(n)
  File "C:\Users\zachary.price\AppData\Local\Programs\Python\Python310\lib\tkinter\__init__.py", line 1921, in __call__
    return self.func(*args)
  File "E:\OneDrive - zachthetech.com\Documents\GitHub\python-translation\main.py", line 416, in on_closing
    self._log_status("App closing requested")
[2026-02-07 15:17:33.952] STATUS: Process exiting

--- Process Exit ---
  File "E:\OneDrive - zachthetech.com\Documents\GitHub\python-translation\main.py", line 479, in _log_process_exit
    self._log_status("Process exiting")
