[2026-02-13 18:24:24.174] STATUS: Listening (English)
[2026-02-13 18:24:32.374] STATUS: Transcribing...
[2026-02-13 18:24:32.387] STATUS: Listening (English)
[2026-02-13 18:24:36.963] STATUS: Transcribing...
[2026-02-13 18:24:36.973] STATUS: Listening (English)
[2026-02-13 18:24:41.279] STATUS: Transcribing...
[2026-02-13 18:24:41.291] STATUS: Listening (English)
[2026-02-13 18:24:47.052] STATUS: Transcribing...
[2026-02-13 18:24:47.063] STATUS: Listening (English)
[2026-02-13 18:24:51.012] STATUS: Transcribing...
[2026-02-13 18:24:51.030] STATUS: Listening (English)
[2026-02-13 18:24:57.135] STATUS: Transcribing...
[2026-02-13 18:24:57.157] STATUS: Listening (English)
[2026-02-13 18:25:01.670] STATUS: Transcribing...
[2026-02-13 18:25:01.692] STATUS: Listening (English)
[2026-02-13 18:25:06.739] STATUS: Transcribing...
[2026-02-13 18:25:06.756] STATUS: Listening (English)
[2026-02-13 18:25:10.542] STATUS: Transcribing...
[2026-02-13 18:25:10.560] STATUS: Listening (English)
[2026-02-13 18:25:15.481] STATUS: Transcribing...
[2026-02-13 18:25:15.499] STATUS: Listening (English)
[2026-02-13 18:25:20.651] STATUS: Transcribing...
[2026-02-13 18:25:20.669] STATUS: Listening (English)
[2026-02-13 18:25:23.736] STATUS: Transcribing...
[2026-02-13 18:25:23.755] STATUS: Listening (English)
[2026-02-13 18:25:29.884] STATUS: Transcribing...
[2026-02-13 18:25:29.904] STATUS: Listening (English)
[2026-02-13 18:25:34.055] STATUS: Transcribing...
[2026-02-13 18:25:34.074] STATUS: Listening (English)
[2026-02-13 18:25:40.778] STATUS: Transcribing...
[2026-02-13 18:25:40.794] STATUS: Listening (English)
[2026-02-13 18:25:54.505] STATUS: Transcribing...
[2026-02-13 18:25:54.525] STATUS: Listening (English)
[2026-02-13 18:26:00.082] STATUS: Transcribing...
[2026-02-13 18:26:00.102] STATUS: Listening (English)
[2026-02-13 18:26:03.429] STATUS: Transcribing...
[2026-02-13 18:26:03.448] STATUS: Listening (English)
[2026-02-13 18:26:07.205] STATUS: Transcribing...
[2026-02-13 18:26:07.226] STATUS: Listening (English)
[2026-02-13 18:26:15.071] STATUS: Transcribing...
[2026-02-13 18:26:15.097] STATUS: Listening (English)
[2026-02-13 18:26:18.460] STATUS: App closing requested

--- Close Requested ---
  File "E:\OneDrive - zachthetech.com\Documents\GitHub\python-translation\main.py", line 5910, in <module>
    app = TranslationApp()
  File "E:\OneDrive - zachthetech.com\Documents\GitHub\python-translation\main.py", line 456, in __init__
    self.root.mainloop()
  File "C:\Users\zachary.price\AppData\Local\Programs\Python\Python310\lib\tkinter\__init__.py", line 1458, in mainloop
    self.tk.mainloop(n)
  File "C:\Users\zachary.price\AppData\Local\Programs\Python\Python310\lib\tkinter\__init__.py", line 1921, in __call__
    return self.func(*args)
  File "E:\OneDrive - zachthetech.com\Documents\GitHub\python-translation\main.py", line 536, in on_closing
    f.write("".join(traceback.format_stack(limit=10)))
[2026-02-13 18:26:18.473] STATUS: Process exiting

--- Process Exit ---
  File "E:\OneDrive - zachthetech.com\Documents\GitHub\python-translation\main.py", line 599, in _log_process_exit
    f.write("".join(traceback.format_stack(limit=10)))
