[2026-02-13 00:34:58.050] STATUS: Listening (English)
[2026-02-13 00:35:24.542] STATUS: Translating...
[2026-02-13 00:35:25.189] STATUS: Listening (English)
[2026-02-13 00:35:29.560] STATUS: No speech detected. Check mic level or device.
[2026-02-13 00:35:49.935] STATUS: Translating...
[2026-02-13 00:35:50.690] STATUS: Listening (English)
[2026-02-13 00:35:53.037] STATUS: Translating...
[2026-02-13 00:35:53.898] STATUS: Listening (English)
[2026-02-13 00:36:00.534] STATUS: Translating...
[2026-02-13 00:36:01.307] STATUS: Listening (English)
[2026-02-13 00:36:06.620] STATUS: No speech detected. Check mic level or device.
[2026-02-13 00:36:21.444] STATUS: Translating...
[2026-02-13 00:36:22.252] STATUS: Listening (English)
[2026-02-13 00:36:35.387] STATUS: Translating...
[2026-02-13 00:36:36.060] STATUS: Listening (English)
[2026-02-13 00:36:47.604] STATUS: Translating...
[2026-02-13 00:36:48.731] STATUS: Listening (English)
[2026-02-13 00:36:54.658] STATUS: Translating...
[2026-02-13 00:36:55.613] STATUS: Listening (English)
[2026-02-13 00:37:10.788] STATUS: Translating...
[2026-02-13 00:37:11.937] STATUS: Listening (English)
[2026-02-13 00:37:21.558] STATUS: Apply clicked
[2026-02-13 00:37:22.489] STATUS: Settings applied
[2026-02-13 00:37:22.491] STATUS: Apply finished
[2026-02-13 00:37:23.138] STATUS: Listening (Spanish)
[2026-02-13 00:37:23.624] STATUS: Translating...
[2026-02-13 00:37:24.197] STATUS: Listening (Spanish)
[2026-02-13 00:37:25.897] STATUS: Translating...
[2026-02-13 00:37:26.622] STATUS: Listening (Spanish)
[2026-02-13 00:37:37.848] STATUS: Translating...
[2026-02-13 00:37:38.908] STATUS: Listening (Spanish)
[2026-02-13 00:37:46.691] STATUS: Translating...
[2026-02-13 00:37:47.632] STATUS: Listening (Spanish)
[2026-02-13 00:38:02.179] STATUS: Translating...
[2026-02-13 00:38:02.686] STATUS: Listening (Spanish)
[2026-02-13 00:38:19.033] STATUS: Translating...
[2026-02-13 00:38:19.680] STATUS: Listening (Spanish)
[2026-02-13 00:38:29.656] STATUS: Translating...
[2026-02-13 00:38:30.714] STATUS: Listening (Spanish)
[2026-02-13 00:38:48.968] STATUS: Translating...
[2026-02-13 00:38:49.536] STATUS: Listening (Spanish)
[2026-02-13 00:38:58.729] STATUS: Translating...
[2026-02-13 00:38:59.297] STATUS: Listening (Spanish)
[2026-02-13 00:39:00.581] STATUS: Translating...
[2026-02-13 00:39:01.118] STATUS: Listening (Spanish)
[2026-02-13 00:39:08.038] STATUS: Translating...
[2026-02-13 00:39:08.806] STATUS: Listening (Spanish)
[2026-02-13 00:39:35.267] STATUS: Translating...
[2026-02-13 00:39:36.214] STATUS: Listening (Spanish)
[2026-02-13 00:39:36.699] STATUS: Translating...
[2026-02-13 00:39:37.158] STATUS: Listening (Spanish)
[2026-02-13 00:39:42.443] STATUS: Translating...
[2026-02-13 00:39:44.746] STATUS: Listening (Spanish)
[2026-02-13 00:39:53.655] STATUS: Translating...
[2026-02-13 00:39:54.463] STATUS: Listening (Spanish)
[2026-02-13 00:39:56.801] STATUS: Translating...
[2026-02-13 00:39:57.570] STATUS: Listening (Spanish)
[2026-02-13 00:40:14.219] STATUS: No speech detected. Check mic level or device.
[2026-02-13 00:40:30.129] STATUS: Translating...
[2026-02-13 00:40:31.100] STATUS: Listening (Spanish)
[2026-02-13 00:40:33.218] STATUS: Translating...
[2026-02-13 00:40:34.042] STATUS: Listening (Spanish)
[2026-02-13 00:40:45.150] STATUS: No speech detected. Check mic level or device.
[2026-02-13 00:40:54.952] STATUS: Translating...
[2026-02-13 00:40:55.852] STATUS: Listening (Spanish)
[2026-02-13 00:41:02.221] STATUS: Translating...
[2026-02-13 00:41:03.002] STATUS: Listening (Spanish)
[2026-02-13 00:41:05.887] STATUS: Translating...
[2026-02-13 00:41:06.396] STATUS: Listening (Spanish)
[2026-02-13 00:41:08.062] STATUS: Translating...
[2026-02-13 00:41:08.714] STATUS: Listening (Spanish)
[2026-02-13 00:41:16.679] STATUS: Translating...
[2026-02-13 00:41:17.309] STATUS: Listening (Spanish)
[2026-02-13 00:41:19.983] STATUS: Translating...
[2026-02-13 00:41:20.549] STATUS: Listening (Spanish)
[2026-02-13 00:41:29.239] STATUS: Translating...
[2026-02-13 00:41:29.721] STATUS: Listening (Spanish)
[2026-02-13 00:41:49.895] STATUS: Translating...
[2026-02-13 00:41:51.006] STATUS: Listening (Spanish)
[2026-02-13 00:41:55.678] STATUS: Translating...
[2026-02-13 00:41:56.419] STATUS: Listening (Spanish)
[2026-02-13 00:42:14.002] STATUS: Translating...
[2026-02-13 00:42:14.643] STATUS: Listening (Spanish)
[2026-02-13 00:42:26.019] STATUS: No speech detected. Check mic level or device.
[2026-02-13 00:44:07.219] STATUS: Translating...
[2026-02-13 00:44:07.839] STATUS: Listening (Spanish)
[2026-02-13 00:44:12.229] STATUS: No speech detected. Check mic level or device.
[2026-02-13 00:44:23.763] STATUS: Translating...
[2026-02-13 00:44:24.685] STATUS: Listening (Spanish)
[2026-02-13 00:44:31.995] STATUS: Translating...
[2026-02-13 00:44:32.691] STATUS: Listening (Spanish)
[2026-02-13 00:44:37.139] STATUS: No speech detected. Check mic level or device.
[2026-02-13 00:45:03.689] STATUS: Translating...
[2026-02-13 00:45:04.335] STATUS: Listening (Spanish)
[2026-02-13 00:45:10.906] STATUS: Translating...
[2026-02-13 00:45:11.716] STATUS: Listening (Spanish)
[2026-02-13 00:45:16.556] STATUS: Translating...
[2026-02-13 00:45:17.088] STATUS: Listening (Spanish)
[2026-02-13 00:45:32.440] STATUS: Translating...
[2026-02-13 00:45:32.970] STATUS: Listening (Spanish)
[2026-02-13 00:46:05.255] STATUS: Translating...
[2026-02-13 00:46:05.953] STATUS: Listening (Spanish)
[2026-02-13 00:46:13.954] STATUS: Translating...
[2026-02-13 00:46:14.505] STATUS: Listening (Spanish)
[2026-02-13 00:46:22.025] STATUS: Translating...
[2026-02-13 00:46:22.661] STATUS: Listening (Spanish)
[2026-02-13 00:46:38.669] STATUS: Translating...
[2026-02-13 00:46:39.305] STATUS: Listening (Spanish)
[2026-02-13 00:46:41.559] STATUS: Translating...
[2026-02-13 00:46:42.122] STATUS: Listening (Spanish)
[2026-02-13 00:46:59.183] STATUS: Translating...
[2026-02-13 00:46:59.937] STATUS: Listening (Spanish)
[2026-02-13 00:47:05.152] STATUS: Translating...
[2026-02-13 00:47:05.938] STATUS: Listening (Spanish)
[2026-02-13 00:47:11.739] STATUS: No speech detected. Check mic level or device.
[2026-02-13 00:47:25.651] STATUS: Translating...
[2026-02-13 00:47:26.209] STATUS: Listening (Spanish)
[2026-02-13 00:47:35.653] STATUS: Translating...
[2026-02-13 00:47:36.338] STATUS: Listening (Spanish)
[2026-02-13 00:48:02.831] STATUS: Translating...
[2026-02-13 00:48:03.465] STATUS: Listening (Spanish)
[2026-02-13 00:48:04.951] STATUS: Translating...
[2026-02-13 00:48:05.727] STATUS: Listening (Spanish)
[2026-02-13 00:48:10.260] STATUS: Translating...
[2026-02-13 00:48:10.716] STATUS: Listening (Spanish)
[2026-02-13 00:48:14.386] STATUS: Translating...
[2026-02-13 00:48:14.921] STATUS: Listening (Spanish)
[2026-02-13 00:48:35.333] STATUS: Translating...
[2026-02-13 00:48:35.864] STATUS: Listening (Spanish)
[2026-02-13 00:48:43.222] STATUS: Translating...
[2026-02-13 00:48:43.932] STATUS: Listening (Spanish)
[2026-02-13 00:48:49.845] STATUS: Translating...
[2026-02-13 00:48:50.770] STATUS: Listening (Spanish)
[2026-02-13 00:49:04.188] STATUS: Translating...
[2026-02-13 00:49:04.977] STATUS: Listening (Spanish)
[2026-02-13 00:49:27.260] STATUS: Translating...
[2026-02-13 00:49:27.757] STATUS: Listening (Spanish)
[2026-02-13 00:49:37.349] STATUS: No speech detected. Check mic level or device.
[2026-02-13 00:50:34.737] STATUS: Translating...
[2026-02-13 00:50:35.425] STATUS: Listening (Spanish)
[2026-02-13 00:50:38.382] STATUS: Translating...
[2026-02-13 00:50:39.221] STATUS: Listening (Spanish)
[2026-02-13 00:51:18.063] STATUS: Translating...
[2026-02-13 00:51:18.697] STATUS: Listening (Spanish)
[2026-02-13 00:51:30.576] STATUS: Translating...
[2026-02-13 00:51:33.526] STATUS: Listening (Spanish)
[2026-02-13 00:51:36.111] STATUS: Translating...
[2026-02-13 00:51:36.773] STATUS: Listening (Spanish)
[2026-02-13 00:52:30.667] STATUS: Translating...
[2026-02-13 00:52:31.145] STATUS: Listening (Spanish)
[2026-02-13 00:52:32.376] STATUS: Translating...
[2026-02-13 00:52:33.023] STATUS: Listening (Spanish)
[2026-02-13 00:52:58.371] STATUS: Translating...
[2026-02-13 00:52:59.083] STATUS: Listening (Spanish)
[2026-02-13 00:53:02.105] STATUS: Translating...
[2026-02-13 00:53:02.619] STATUS: Listening (Spanish)
[2026-02-13 00:53:03.614] STATUS: Translating...
[2026-02-13 00:53:04.253] STATUS: Listening (Spanish)
[2026-02-13 00:53:42.299] STATUS: Translating...
[2026-02-13 00:53:42.958] STATUS: Listening (Spanish)
[2026-02-13 00:54:06.050] STATUS: Translating...
[2026-02-13 00:54:06.930] STATUS: Listening (Spanish)
[2026-02-13 00:54:28.914] STATUS: Translating...
[2026-02-13 00:54:29.701] STATUS: Listening (Spanish)
[2026-02-13 00:54:38.336] STATUS: Translating...
[2026-02-13 00:54:38.952] STATUS: Listening (Spanish)
[2026-02-13 00:54:56.779] STATUS: Translating...
[2026-02-13 00:54:57.441] STATUS: Listening (Spanish)
[2026-02-13 00:55:25.934] STATUS: Translating...
[2026-02-13 00:55:26.603] STATUS: Listening (Spanish)
[2026-02-13 00:55:37.794] STATUS: Translating...
[2026-02-13 00:55:38.448] STATUS: Listening (Spanish)
[2026-02-13 00:56:08.194] STATUS: Translating...
[2026-02-13 00:56:09.007] STATUS: Listening (Spanish)
[2026-02-13 00:56:11.788] STATUS: Translating...
[2026-02-13 00:56:12.782] STATUS: Listening (Spanish)
[2026-02-13 00:56:18.900] STATUS: Translating...
[2026-02-13 00:56:19.949] STATUS: Listening (Spanish)
[2026-02-13 00:56:45.339] STATUS: No speech detected. Check mic level or device.
[2026-02-13 00:56:53.405] STATUS: Translating...
[2026-02-13 00:56:54.295] STATUS: Listening (Spanish)
[2026-02-13 00:57:53.393] STATUS: App closing requested

--- Close Requested ---
  File "E:\OneDrive - zachthetech.com\Documents\GitHub\python-translation\main.py", line 5078, in <module>
    return
  File "E:\OneDrive - zachthetech.com\Documents\GitHub\python-translation\main.py", line 374, in __init__
    self.spanish_common_words = {
  File "C:\Users\zachary.price\AppData\Local\Programs\Python\Python310\lib\tkinter\__init__.py", line 1458, in mainloop
    self.tk.mainloop(n)
  File "C:\Users\zachary.price\AppData\Local\Programs\Python\Python310\lib\tkinter\__init__.py", line 1921, in __call__
    return self.func(*args)
  File "E:\OneDrive - zachthetech.com\Documents\GitHub\python-translation\main.py", line 460, in on_closing
    return "break"
[2026-02-13 00:57:53.401] STATUS: Process exiting

--- Process Exit ---
  File "E:\OneDrive - zachthetech.com\Documents\GitHub\python-translation\main.py", line 523, in _log_process_exit
    pass
