[2026-02-06 18:24:14.400] STATUS: Listening...
[2026-02-06 18:24:20.389] STATUS: No speech detected. Check mic level or device.
[2026-02-06 18:24:31.899] STATUS: Translating...
[2026-02-06 18:24:33.229] STATUS: Listening...
[2026-02-06 18:24:39.152] STATUS: Apply clicked
[2026-02-06 18:24:41.213] STATUS: Capture suspend timed out
[2026-02-06 18:24:41.256] STATUS: Settings applied
[2026-02-06 18:24:41.256] STATUS: Apply finished
[2026-02-06 18:24:42.365] STATUS: Listening...
[2026-02-06 18:24:48.119] STATUS: Transcribing...
[2026-02-06 18:24:48.120] STATUS: Listening...
[2026-02-06 18:24:50.749] STATUS: Transcribing...
[2026-02-06 18:24:50.754] STATUS: Listening...
[2026-02-06 18:24:53.318] STATUS: Transcribing...
[2026-02-06 18:24:53.319] STATUS: Listening...
[2026-02-06 18:24:57.223] STATUS: No speech detected. Check mic level or device.
[2026-02-06 18:25:11.863] STATUS: Transcribing...
[2026-02-06 18:25:11.864] STATUS: Listening...
[2026-02-06 18:25:16.380] STATUS: Transcribing...
[2026-02-06 18:25:16.381] STATUS: Listening...
[2026-02-06 18:25:20.751] STATUS: No speech detected. Check mic level or device.
[2026-02-06 18:25:53.743] STATUS: Transcribing...
[2026-02-06 18:25:53.743] STATUS: Listening...
[2026-02-06 18:25:55.081] STATUS: Apply clicked
[2026-02-06 18:25:56.262] STATUS: Settings applied
[2026-02-06 18:25:56.263] STATUS: Apply finished
[2026-02-06 18:25:57.034] STATUS: Listening...
[2026-02-06 18:26:01.783] STATUS: Transcribing...
[2026-02-06 18:26:01.783] STATUS: Listening...
[2026-02-06 18:26:07.422] STATUS: Apply clicked
[2026-02-06 18:26:07.901] STATUS: Settings applied
[2026-02-06 18:26:07.901] STATUS: Apply finished
[2026-02-06 18:26:08.423] STATUS: Translating...
[2026-02-06 18:26:08.630] STATUS: Listening...
[2026-02-06 18:26:13.659] STATUS: Translating...
[2026-02-06 18:26:14.959] STATUS: Listening...
[2026-02-06 18:26:18.144] STATUS: Translating...
[2026-02-06 18:26:19.686] STATUS: Listening...
[2026-02-06 18:26:26.315] STATUS: Translating...
[2026-02-06 18:26:27.075] STATUS: Listening...
[2026-02-06 18:26:33.387] STATUS: Translating...
[2026-02-06 18:26:33.938] STATUS: Listening...
[2026-02-06 18:26:37.124] STATUS: Translating...
[2026-02-06 18:26:38.371] STATUS: Listening...
[2026-02-06 18:26:48.793] STATUS: Translating...
[2026-02-06 18:26:51.280] STATUS: Listening...
[2026-02-06 18:26:53.999] STATUS: Translating...
[2026-02-06 18:26:55.429] STATUS: Listening...
[2026-02-06 18:26:56.582] STATUS: Translating...
[2026-02-06 18:26:57.306] STATUS: Listening...
[2026-02-06 18:27:01.017] STATUS: No speech detected. Check mic level or device.
[2026-02-06 18:27:32.848] STATUS: App closing requested

--- Close Requested ---
  File "E:\OneDrive - zachthetech.com\Documents\GitHub\python-translation\main.py", line 3145, in <module>
    app = TranslationApp()
  File "E:\OneDrive - zachthetech.com\Documents\GitHub\python-translation\main.py", line 282, in __init__
    self.root.mainloop()
  File "C:\Users\zachary.price\AppData\Local\Programs\Python\Python310\lib\tkinter\__init__.py", line 1458, in mainloop
    self.tk.mainloop(n)
  File "C:\Users\zachary.price\AppData\Local\Programs\Python\Python310\lib\tkinter\__init__.py", line 1921, in __call__
    return self.func(*args)
  File "E:\OneDrive - zachthetech.com\Documents\GitHub\python-translation\main.py", line 368, in on_closing
    f.write("".join(traceback.format_stack(limit=10)))
[2026-02-06 18:27:32.853] STATUS: Process exiting

--- Process Exit ---
  File "E:\OneDrive - zachthetech.com\Documents\GitHub\python-translation\main.py", line 431, in _log_process_exit
    f.write("".join(traceback.format_stack(limit=10)))
