[2026-02-13 10:49:39.870] STATUS: Listening (Spanish)
[2026-02-13 10:49:45.777] STATUS: Translating...
[2026-02-13 10:49:47.056] STATUS: Listening (Spanish)
[2026-02-13 10:49:52.179] STATUS: Translating...
[2026-02-13 10:49:53.606] STATUS: Listening (Spanish)
[2026-02-13 10:49:56.378] STATUS: Apply clicked
[2026-02-13 10:49:56.633] STATUS: Settings applied
[2026-02-13 10:49:56.636] STATUS: Apply finished
[2026-02-13 10:49:57.141] STATUS: Listening (Spanish)
[2026-02-13 10:50:05.095] STATUS: Translating...
[2026-02-13 10:50:06.267] STATUS: Listening (Spanish)
[2026-02-13 10:50:08.172] STATUS: Translating...
[2026-02-13 10:50:09.610] STATUS: Listening (Spanish)
[2026-02-13 10:50:23.938] STATUS: Translating...
[2026-02-13 10:50:24.638] STATUS: Listening (Spanish)
[2026-02-13 10:50:42.453] STATUS: Translating...
[2026-02-13 10:50:43.886] STATUS: Listening (Spanish)
[2026-02-13 10:50:51.191] STATUS: Translating...
[2026-02-13 10:50:52.413] STATUS: Listening (Spanish)
[2026-02-13 10:50:56.013] STATUS: Translating...
[2026-02-13 10:50:57.354] STATUS: Listening (Spanish)
[2026-02-13 10:51:05.832] STATUS: Translating...
[2026-02-13 10:51:07.127] STATUS: Listening (Spanish)
[2026-02-13 10:51:09.256] STATUS: Translating...
[2026-02-13 10:51:09.932] STATUS: Listening (Spanish)
[2026-02-13 10:51:22.972] STATUS: Translating...
[2026-02-13 10:51:25.067] STATUS: Listening (Spanish)
[2026-02-13 10:51:33.910] STATUS: Translating...
[2026-02-13 10:51:35.307] STATUS: Listening (Spanish)
[2026-02-13 10:52:25.952] STATUS: Translating...
[2026-02-13 10:52:27.025] STATUS: Listening (Spanish)
[2026-02-13 10:52:30.620] STATUS: Translating...
[2026-02-13 10:52:31.556] STATUS: Listening (Spanish)
[2026-02-13 10:52:32.710] STATUS: Translating...
[2026-02-13 10:52:33.508] STATUS: Listening (Spanish)
[2026-02-13 10:52:41.713] STATUS: Translating...
[2026-02-13 10:52:43.038] STATUS: Listening (Spanish)
[2026-02-13 10:52:52.925] STATUS: Translating...
[2026-02-13 10:52:53.459] STATUS: Listening (Spanish)
[2026-02-13 10:53:00.940] STATUS: Translating...
[2026-02-13 10:53:01.582] STATUS: Listening (Spanish)
[2026-02-13 10:54:31.721] STATUS: No speech detected. Check mic level or device.
[2026-02-13 10:56:14.207] STATUS: Translating...
[2026-02-13 10:56:14.830] STATUS: Listening (Spanish)
[2026-02-13 10:56:21.061] STATUS: No speech detected. Check mic level or device.
[2026-02-13 11:02:12.108] STATUS: Translating...
[2026-02-13 11:02:13.437] STATUS: Listening (Spanish)
[2026-02-13 11:02:16.051] STATUS: No speech detected. Check mic level or device.
[2026-02-13 11:03:43.182] STATUS: Translating...
[2026-02-13 11:03:43.892] STATUS: Listening (Spanish)
[2026-02-13 11:03:46.566] STATUS: Translating...
[2026-02-13 11:03:47.308] STATUS: Listening (Spanish)
[2026-02-13 11:03:48.878] STATUS: Translating...
[2026-02-13 11:03:49.680] STATUS: Listening (Spanish)
[2026-02-13 11:03:59.245] STATUS: Translating...
[2026-02-13 11:04:00.007] STATUS: Listening (Spanish)
[2026-02-13 11:04:05.581] STATUS: Translating...
[2026-02-13 11:04:06.261] STATUS: Listening (Spanish)
[2026-02-13 11:04:14.567] STATUS: Translating...
[2026-02-13 11:04:15.150] STATUS: Listening (Spanish)
[2026-02-13 11:04:18.293] STATUS: Translating...
[2026-02-13 11:04:19.338] STATUS: Listening (Spanish)
[2026-02-13 11:04:27.586] STATUS: Translating...
[2026-02-13 11:04:28.272] STATUS: Listening (Spanish)
[2026-02-13 11:04:34.933] STATUS: Translating...
[2026-02-13 11:04:35.901] STATUS: Listening (Spanish)
[2026-02-13 11:04:40.308] STATUS: Translating...
[2026-02-13 11:04:40.945] STATUS: Listening (Spanish)
[2026-02-13 11:04:44.098] STATUS: Translating...
[2026-02-13 11:04:44.910] STATUS: Listening (Spanish)
[2026-02-13 11:04:46.121] STATUS: Translating...
[2026-02-13 11:04:46.834] STATUS: Listening (Spanish)
[2026-02-13 11:04:50.517] STATUS: Translating...
[2026-02-13 11:04:51.899] STATUS: Listening (Spanish)
[2026-02-13 11:05:01.236] STATUS: Translating...
[2026-02-13 11:05:01.797] STATUS: Listening (Spanish)
[2026-02-13 11:05:04.282] STATUS: Translating...
[2026-02-13 11:05:05.181] STATUS: Listening (Spanish)
[2026-02-13 11:05:09.036] STATUS: Translating...
[2026-02-13 11:05:09.714] STATUS: Listening (Spanish)
[2026-02-13 11:05:13.396] STATUS: Translating...
[2026-02-13 11:05:14.354] STATUS: Listening (Spanish)
[2026-02-13 11:05:18.854] STATUS: Translating...
[2026-02-13 11:05:19.815] STATUS: Listening (Spanish)
[2026-02-13 11:05:24.933] STATUS: Translating...
[2026-02-13 11:05:25.568] STATUS: Listening (Spanish)
[2026-02-13 11:05:28.799] STATUS: Translating...
[2026-02-13 11:05:30.388] STATUS: Listening (Spanish)
[2026-02-13 11:05:34.570] STATUS: Translating...
[2026-02-13 11:05:35.634] STATUS: Listening (Spanish)
[2026-02-13 11:05:43.373] STATUS: Translating...
[2026-02-13 11:05:44.888] STATUS: Listening (Spanish)
[2026-02-13 11:05:47.978] STATUS: Translating...
[2026-02-13 11:05:48.883] STATUS: Listening (Spanish)
[2026-02-13 11:05:56.733] STATUS: Translating...
[2026-02-13 11:05:57.742] STATUS: Listening (Spanish)
[2026-02-13 11:06:12.473] STATUS: Translating...
[2026-02-13 11:06:13.277] STATUS: Listening (Spanish)
[2026-02-13 11:06:21.762] STATUS: Translating...
[2026-02-13 11:06:22.554] STATUS: Listening (Spanish)
[2026-02-13 11:06:27.383] STATUS: Translating...
[2026-02-13 11:06:28.657] STATUS: Listening (Spanish)
[2026-02-13 11:06:38.845] STATUS: Translating...
[2026-02-13 11:06:39.419] STATUS: Listening (Spanish)
[2026-02-13 11:06:54.238] STATUS: Translating...
[2026-02-13 11:06:54.936] STATUS: Listening (Spanish)
[2026-02-13 11:07:05.885] STATUS: Translating...
[2026-02-13 11:07:07.343] STATUS: Listening (Spanish)
[2026-02-13 11:07:22.044] STATUS: Translating...
[2026-02-13 11:07:23.288] STATUS: Listening (Spanish)
[2026-02-13 11:08:03.801] STATUS: Translating...
[2026-02-13 11:08:04.912] STATUS: Listening (Spanish)
[2026-02-13 11:08:37.879] STATUS: Translating...
[2026-02-13 11:08:38.548] STATUS: Listening (Spanish)
[2026-02-13 11:08:44.283] STATUS: Translating...
[2026-02-13 11:08:45.197] STATUS: Listening (Spanish)
[2026-02-13 11:08:47.936] STATUS: Translating...
[2026-02-13 11:08:48.569] STATUS: Listening (Spanish)
[2026-02-13 11:09:10.536] STATUS: Translating...
[2026-02-13 11:09:11.666] STATUS: Listening (Spanish)
[2026-02-13 11:09:14.979] STATUS: Translating...
[2026-02-13 11:09:17.840] STATUS: Listening (Spanish)
[2026-02-13 11:09:36.887] STATUS: Translating...
[2026-02-13 11:09:38.506] STATUS: Listening (Spanish)
[2026-02-13 11:09:40.072] STATUS: Translating...
[2026-02-13 11:09:40.661] STATUS: Listening (Spanish)
[2026-02-13 11:09:54.978] STATUS: Translating...
[2026-02-13 11:09:56.698] STATUS: Listening (Spanish)
[2026-02-13 11:09:58.440] STATUS: Translating...
[2026-02-13 11:09:59.184] STATUS: Listening (Spanish)
[2026-02-13 11:10:00.813] STATUS: Translating...
[2026-02-13 11:10:01.558] STATUS: Listening (Spanish)
[2026-02-13 11:10:10.773] STATUS: Translating...
[2026-02-13 11:10:11.556] STATUS: Listening (Spanish)
[2026-02-13 11:10:14.806] STATUS: Translating...
[2026-02-13 11:10:15.762] STATUS: Listening (Spanish)
[2026-02-13 11:10:24.218] STATUS: Translating...
[2026-02-13 11:10:25.085] STATUS: Listening (Spanish)
[2026-02-13 11:10:34.703] STATUS: Translating...
[2026-02-13 11:10:35.635] STATUS: Listening (Spanish)
[2026-02-13 11:10:51.873] STATUS: Translating...
[2026-02-13 11:10:52.635] STATUS: Listening (Spanish)
[2026-02-13 11:10:57.163] STATUS: Translating...
[2026-02-13 11:10:57.955] STATUS: Listening (Spanish)
[2026-02-13 11:11:01.007] STATUS: Translating...
[2026-02-13 11:11:08.108] STATUS: Listening (Spanish)
[2026-02-13 11:11:10.037] STATUS: Translating...
[2026-02-13 11:11:10.869] STATUS: Listening (Spanish)
[2026-02-13 11:11:46.838] STATUS: Translating...
[2026-02-13 11:11:47.683] STATUS: Listening (Spanish)
[2026-02-13 11:12:02.346] STATUS: Translating...
[2026-02-13 11:12:02.960] STATUS: Listening (Spanish)
[2026-02-13 11:12:11.658] STATUS: Translating...
[2026-02-13 11:12:12.923] STATUS: Listening (Spanish)
[2026-02-13 11:12:17.065] STATUS: Translating...
[2026-02-13 11:12:18.608] STATUS: Listening (Spanish)
[2026-02-13 11:12:32.340] STATUS: App closing requested

--- Close Requested ---
  File "E:\OneDrive - zachthetech.com\Documents\GitHub\python-translation\main.py", line 5249, in <module>
    app = TranslationApp()
  File "E:\OneDrive - zachthetech.com\Documents\GitHub\python-translation\main.py", line 431, in __init__
    self.root.mainloop()
  File "C:\Users\zachary.price\AppData\Local\Programs\Python\Python310\lib\tkinter\__init__.py", line 1458, in mainloop
    self.tk.mainloop(n)
  File "C:\Users\zachary.price\AppData\Local\Programs\Python\Python310\lib\tkinter\__init__.py", line 1921, in __call__
    return self.func(*args)
  File "E:\OneDrive - zachthetech.com\Documents\GitHub\python-translation\main.py", line 517, in on_closing
    f.write("".join(traceback.format_stack(limit=10)))
[2026-02-13 11:12:32.350] STATUS: Process exiting

--- Process Exit ---
  File "E:\OneDrive - zachthetech.com\Documents\GitHub\python-translation\main.py", line 580, in _log_process_exit
    f.write("".join(traceback.format_stack(limit=10)))
