[2026-02-13 18:18:47.651] STATUS: Listening (English)
[2026-02-13 18:18:53.361] STATUS: Transcribing...
[2026-02-13 18:18:53.373] STATUS: Listening (English)
[2026-02-13 18:18:58.196] STATUS: Transcribing...
[2026-02-13 18:18:58.209] STATUS: Listening (English)
[2026-02-13 18:19:06.077] STATUS: Transcribing...
[2026-02-13 18:19:06.091] STATUS: Listening (English)
[2026-02-13 18:19:06.891] STATUS: Transcribing...
[2026-02-13 18:19:06.905] STATUS: Listening (English)
[2026-02-13 18:19:11.518] STATUS: Transcribing...
[2026-02-13 18:19:11.532] STATUS: Listening (English)
[2026-02-13 18:19:16.733] STATUS: Transcribing...
[2026-02-13 18:19:16.753] STATUS: Listening (English)
[2026-02-13 18:19:22.044] STATUS: Transcribing...
[2026-02-13 18:19:22.060] STATUS: Listening (English)
[2026-02-13 18:19:27.111] STATUS: Transcribing...
[2026-02-13 18:19:27.126] STATUS: Listening (English)
[2026-02-13 18:19:32.415] STATUS: Transcribing...
[2026-02-13 18:19:32.437] STATUS: Listening (English)
[2026-02-13 18:19:38.318] STATUS: Transcribing...
[2026-02-13 18:19:38.334] STATUS: Listening (English)
[2026-02-13 18:19:43.051] STATUS: Transcribing...
[2026-02-13 18:19:43.071] STATUS: Listening (English)
[2026-02-13 18:19:58.947] STATUS: Transcribing...
[2026-02-13 18:19:58.965] STATUS: Listening (English)
[2026-02-13 18:20:03.732] STATUS: Transcribing...
[2026-02-13 18:20:03.748] STATUS: Listening (English)
[2026-02-13 18:20:41.835] STATUS: Transcribing...
[2026-02-13 18:20:41.852] STATUS: Listening (English)
[2026-02-13 18:20:49.096] STATUS: Transcribing...
[2026-02-13 18:20:49.120] STATUS: Listening (English)
[2026-02-13 18:21:40.783] STATUS: No speech detected. Check mic level or device.
[2026-02-13 18:22:16.108] STATUS: Transcribing...
[2026-02-13 18:22:16.125] STATUS: Listening (English)
[2026-02-13 18:22:19.802] STATUS: Transcribing...
[2026-02-13 18:22:19.822] STATUS: Listening (English)
[2026-02-13 18:22:26.069] STATUS: Transcribing...
[2026-02-13 18:22:26.089] STATUS: Listening (English)
[2026-02-13 18:22:32.194] STATUS: No speech detected. Check mic level or device.
[2026-02-13 18:22:40.286] STATUS: Transcribing...
[2026-02-13 18:22:40.312] STATUS: Listening (English)
[2026-02-13 18:22:49.934] STATUS: No speech detected. Check mic level or device.
[2026-02-13 18:24:19.526] STATUS: App closing requested

--- Close Requested ---
  File "E:\OneDrive - zachthetech.com\Documents\GitHub\python-translation\main.py", line 5908, in <module>
  File "E:\OneDrive - zachthetech.com\Documents\GitHub\python-translation\main.py", line 456, in __init__
    self.root.mainloop()
  File "C:\Users\zachary.price\AppData\Local\Programs\Python\Python310\lib\tkinter\__init__.py", line 1458, in mainloop
    self.tk.mainloop(n)
  File "C:\Users\zachary.price\AppData\Local\Programs\Python\Python310\lib\tkinter\__init__.py", line 1921, in __call__
    return self.func(*args)
  File "E:\OneDrive - zachthetech.com\Documents\GitHub\python-translation\main.py", line 536, in on_closing
    f.write("".join(traceback.format_stack(limit=10)))
[2026-02-13 18:24:19.537] STATUS: Process exiting

--- Process Exit ---
  File "E:\OneDrive - zachthetech.com\Documents\GitHub\python-translation\main.py", line 599, in _log_process_exit
    f.write("".join(traceback.format_stack(limit=10)))
