[2026-02-12 16:31:03.153] STATUS: Listening (English)
[2026-02-12 16:31:07.476] STATUS: Loading faster-whisper model (first run can take a few minutes)...
[2026-02-12 16:31:09.754] STATUS: Local model ready
[2026-02-12 16:31:11.259] STATUS: Listening (English)
[2026-02-12 16:31:11.773] STATUS: Transcribing...
[2026-02-12 16:31:11.807] STATUS: Listening (English)
[2026-02-12 16:31:16.833] STATUS: No speech detected. Check mic level or device.
[2026-02-12 16:31:25.275] STATUS: Transcribing...
[2026-02-12 16:31:25.308] STATUS: Listening (English)
[2026-02-12 16:31:29.723] STATUS: No speech detected. Check mic level or device.
[2026-02-12 16:31:40.847] STATUS: Transcribing...
[2026-02-12 16:31:40.883] STATUS: Listening (English)
[2026-02-12 16:31:45.045] STATUS: Transcribing...
[2026-02-12 16:31:45.077] STATUS: Listening (English)
[2026-02-12 16:31:52.156] STATUS: Transcribing...
[2026-02-12 16:31:52.193] STATUS: Listening (English)
[2026-02-12 16:31:55.814] STATUS: Transcribing...
[2026-02-12 16:31:55.852] STATUS: Listening (English)
[2026-02-12 16:31:59.100] STATUS: Transcribing...
[2026-02-12 16:31:59.136] STATUS: Listening (English)
[2026-02-12 16:32:01.293] STATUS: Transcribing...
[2026-02-12 16:32:01.356] STATUS: Listening (English)
[2026-02-12 16:32:03.843] STATUS: Transcribing...
[2026-02-12 16:32:03.879] STATUS: Listening (English)
[2026-02-12 16:32:05.667] STATUS: Transcribing...
[2026-02-12 16:32:05.748] STATUS: Listening (English)
[2026-02-12 16:32:11.554] STATUS: Transcribing...
[2026-02-12 16:32:11.588] STATUS: Listening (English)
[2026-02-12 16:32:13.323] STATUS: Transcribing...
[2026-02-12 16:32:13.325] STATUS: Listening (English)
[2026-02-12 16:32:18.253] STATUS: Transcribing...
[2026-02-12 16:32:18.290] STATUS: Listening (English)
[2026-02-12 16:32:20.241] STATUS: Transcribing...
[2026-02-12 16:32:20.277] STATUS: Listening (English)
[2026-02-12 16:32:23.165] STATUS: Transcribing...
[2026-02-12 16:32:23.200] STATUS: Listening (English)
[2026-02-12 16:32:32.790] STATUS: Transcribing...
[2026-02-12 16:32:32.829] STATUS: Listening (English)
[2026-02-12 16:32:43.494] STATUS: Transcribing...
[2026-02-12 16:32:43.536] STATUS: Listening (English)
[2026-02-12 16:32:47.971] STATUS: Transcribing...
[2026-02-12 16:32:48.010] STATUS: Listening (English)
[2026-02-12 16:32:56.101] STATUS: Transcribing...
[2026-02-12 16:32:56.137] STATUS: Listening (English)
[2026-02-12 16:32:58.920] STATUS: Transcribing...
[2026-02-12 16:32:58.921] STATUS: Listening (English)
[2026-02-12 16:33:01.348] STATUS: Transcribing...
[2026-02-12 16:33:01.349] STATUS: Listening (English)
[2026-02-12 16:33:11.035] STATUS: Transcribing...
[2026-02-12 16:33:11.068] STATUS: Listening (English)
[2026-02-12 16:33:14.134] STATUS: Transcribing...
[2026-02-12 16:33:14.169] STATUS: Listening (English)
[2026-02-12 16:33:18.795] STATUS: Transcribing...
[2026-02-12 16:33:18.834] STATUS: Listening (English)
[2026-02-12 16:33:22.466] STATUS: Transcribing...
[2026-02-12 16:33:22.499] STATUS: Listening (English)
[2026-02-12 16:33:26.059] STATUS: Transcribing...
[2026-02-12 16:33:26.097] STATUS: Listening (English)
[2026-02-12 16:33:31.779] STATUS: Transcribing...
[2026-02-12 16:33:31.814] STATUS: Listening (English)
[2026-02-12 16:33:35.761] STATUS: Transcribing...
[2026-02-12 16:33:35.794] STATUS: Listening (English)
[2026-02-12 16:33:40.853] STATUS: Transcribing...
[2026-02-12 16:33:40.891] STATUS: Listening (English)
[2026-02-12 16:33:43.100] STATUS: Transcribing...
[2026-02-12 16:33:43.132] STATUS: Listening (English)
[2026-02-12 16:33:48.379] STATUS: Transcribing...
[2026-02-12 16:33:48.417] STATUS: Listening (English)
[2026-02-12 16:33:50.026] STATUS: Transcribing...
[2026-02-12 16:33:50.026] STATUS: Listening (English)
[2026-02-12 16:33:53.584] STATUS: Transcribing...
[2026-02-12 16:33:53.620] STATUS: Listening (English)
[2026-02-12 16:33:56.446] STATUS: Transcribing...
[2026-02-12 16:33:56.521] STATUS: Listening (English)
[2026-02-12 16:33:59.044] STATUS: Transcribing...
[2026-02-12 16:33:59.078] STATUS: Listening (English)
[2026-02-12 16:34:03.803] STATUS: Transcribing...
[2026-02-12 16:34:03.841] STATUS: Listening (English)
[2026-02-12 16:34:05.301] STATUS: Transcribing...
[2026-02-12 16:34:05.335] STATUS: Listening (English)
[2026-02-12 16:34:10.171] STATUS: Transcribing...
[2026-02-12 16:34:10.210] STATUS: Listening (English)
[2026-02-12 16:34:14.642] STATUS: Transcribing...
[2026-02-12 16:34:14.683] STATUS: Listening (English)
[2026-02-12 16:34:19.618] STATUS: Transcribing...
[2026-02-12 16:34:19.654] STATUS: Listening (English)
[2026-02-12 16:34:21.092] STATUS: Transcribing...
[2026-02-12 16:34:21.126] STATUS: Listening (English)
[2026-02-12 16:34:23.691] STATUS: Transcribing...
[2026-02-12 16:34:23.729] STATUS: Listening (English)
[2026-02-12 16:34:28.623] STATUS: Transcribing...
[2026-02-12 16:34:28.658] STATUS: Listening (English)
[2026-02-12 16:34:31.027] STATUS: Transcribing...
[2026-02-12 16:34:31.064] STATUS: Listening (English)
[2026-02-12 16:34:32.410] STATUS: Transcribing...
[2026-02-12 16:34:32.447] STATUS: Listening (English)
[2026-02-12 16:34:34.246] STATUS: Transcribing...
[2026-02-12 16:34:34.281] STATUS: Listening (English)
[2026-02-12 16:34:36.456] STATUS: Apply clicked
[2026-02-12 16:34:42.952] STATUS: Settings applied
[2026-02-12 16:34:42.952] STATUS: Apply finished
[2026-02-12 16:34:43.734] STATUS: Listening (English)
[2026-02-12 16:34:44.445] STATUS: Transcribing...
[2026-02-12 16:34:44.481] STATUS: Listening (English)
[2026-02-12 16:34:48.666] STATUS: Transcribing...
[2026-02-12 16:34:48.666] STATUS: Listening (English)
[2026-02-12 16:34:52.835] STATUS: Transcribing...
[2026-02-12 16:34:52.874] STATUS: Listening (English)
[2026-02-12 16:35:01.145] STATUS: Transcribing...
[2026-02-12 16:35:01.180] STATUS: Listening (English)
[2026-02-12 16:35:14.065] STATUS: Transcribing...
[2026-02-12 16:35:14.112] STATUS: Listening (English)
[2026-02-12 16:35:16.148] STATUS: Transcribing...
[2026-02-12 16:35:16.150] STATUS: Listening (English)
[2026-02-12 16:35:20.130] STATUS: Transcribing...
[2026-02-12 16:35:20.168] STATUS: Listening (English)
[2026-02-12 16:35:22.773] STATUS: Transcribing...
[2026-02-12 16:35:22.807] STATUS: Listening (English)
[2026-02-12 16:35:25.071] STATUS: Transcribing...
[2026-02-12 16:35:25.107] STATUS: Listening (English)
[2026-02-12 16:35:33.405] STATUS: Transcribing...
[2026-02-12 16:35:33.439] STATUS: Listening (English)
[2026-02-12 16:35:38.082] STATUS: Transcribing...
[2026-02-12 16:35:38.084] STATUS: Listening (English)
[2026-02-12 16:35:43.790] STATUS: Transcribing...
[2026-02-12 16:35:43.827] STATUS: Listening (English)
[2026-02-12 16:35:47.777] STATUS: Transcribing...
[2026-02-12 16:35:47.811] STATUS: Listening (English)
[2026-02-12 16:35:50.356] STATUS: Transcribing...
[2026-02-12 16:35:50.395] STATUS: Listening (English)
[2026-02-12 16:35:52.812] STATUS: Transcribing...
[2026-02-12 16:35:52.846] STATUS: Listening (English)
[2026-02-12 16:35:55.610] STATUS: Transcribing...
[2026-02-12 16:35:55.648] STATUS: Listening (English)
[2026-02-12 16:35:57.518] STATUS: Transcribing...
[2026-02-12 16:35:57.551] STATUS: Listening (English)
[2026-02-12 16:36:04.918] STATUS: Transcribing...
[2026-02-12 16:36:04.953] STATUS: Listening (English)
[2026-02-12 16:36:07.136] STATUS: Transcribing...
[2026-02-12 16:36:07.142] STATUS: Listening (English)
[2026-02-12 16:36:11.484] STATUS: Transcribing...
[2026-02-12 16:36:11.517] STATUS: Listening (English)
[2026-02-12 16:36:13.035] STATUS: Transcribing...
[2026-02-12 16:36:13.036] STATUS: Listening (English)
[2026-02-12 16:36:17.367] STATUS: Transcribing...
[2026-02-12 16:36:17.401] STATUS: Listening (English)
[2026-02-12 16:36:19.122] STATUS: Transcribing...
[2026-02-12 16:36:19.160] STATUS: Listening (English)
[2026-02-12 16:36:22.374] STATUS: Transcribing...
[2026-02-12 16:36:22.410] STATUS: Listening (English)
[2026-02-12 16:36:32.847] STATUS: Transcribing...
[2026-02-12 16:36:32.882] STATUS: Listening (English)
[2026-02-12 16:36:38.350] STATUS: Transcribing...
[2026-02-12 16:36:38.351] STATUS: Listening (English)
[2026-02-12 16:36:40.625] STATUS: Transcribing...
[2026-02-12 16:36:40.626] STATUS: Listening (English)
[2026-02-12 16:36:44.366] STATUS: Transcribing...
[2026-02-12 16:36:44.403] STATUS: Listening (English)
[2026-02-12 16:36:49.325] STATUS: Transcribing...
[2026-02-12 16:36:49.368] STATUS: Listening (English)
[2026-02-12 16:36:57.157] STATUS: Transcribing...
[2026-02-12 16:36:57.192] STATUS: Listening (English)
[2026-02-12 16:37:03.557] STATUS: Transcribing...
[2026-02-12 16:37:03.653] STATUS: Listening (English)
[2026-02-12 16:37:14.803] STATUS: No speech detected. Check mic level or device.
[2026-02-12 16:37:22.367] STATUS: Transcribing...
[2026-02-12 16:37:22.402] STATUS: Listening (English)
[2026-02-12 16:37:24.027] STATUS: Transcribing...
[2026-02-12 16:37:24.062] STATUS: Listening (English)
[2026-02-12 16:37:26.894] STATUS: App closing requested

--- Close Requested ---
  File "E:\OneDrive - zachthetech.com\Documents\GitHub\python-translation\main.py", line 4328, in <module>
    )
  File "E:\OneDrive - zachthetech.com\Documents\GitHub\python-translation\main.py", line 344, in __init__
    self.root.mainloop()
  File "C:\Users\zachary.price\AppData\Local\Programs\Python\Python310\lib\tkinter\__init__.py", line 1458, in mainloop
    self.tk.mainloop(n)
  File "C:\Users\zachary.price\AppData\Local\Programs\Python\Python310\lib\tkinter\__init__.py", line 1921, in __call__
    return self.func(*args)
  File "E:\OneDrive - zachthetech.com\Documents\GitHub\python-translation\main.py", line 430, in on_closing
    f.write("".join(traceback.format_stack(limit=10)))
[2026-02-12 16:37:26.900] STATUS: Process exiting

--- Process Exit ---
  File "E:\OneDrive - zachthetech.com\Documents\GitHub\python-translation\main.py", line 493, in _log_process_exit
    f.write("".join(traceback.format_stack(limit=10)))
