[2026-02-12 15:23:00.999] STATUS: Listening (English)
[2026-02-12 15:23:10.557] STATUS: Transcribing...
[2026-02-12 15:23:10.594] STATUS: Listening (English)
[2026-02-12 15:23:14.526] STATUS: Transcribing...
[2026-02-12 15:23:14.565] STATUS: Listening (English)
[2026-02-12 15:23:19.559] STATUS: No speech detected. Check mic level or device.
[2026-02-12 15:23:22.696] STATUS: Transcribing...
[2026-02-12 15:23:22.729] STATUS: Listening (English)
[2026-02-12 15:23:27.756] STATUS: Transcribing...
[2026-02-12 15:23:27.775] STATUS: Listening (English)
[2026-02-12 15:23:41.632] STATUS: Transcribing...
[2026-02-12 15:23:41.645] STATUS: Listening (English)
[2026-02-12 15:23:43.965] STATUS: Transcribing...
[2026-02-12 15:23:43.979] STATUS: Listening (English)
[2026-02-12 15:23:48.877] STATUS: Transcribing...
[2026-02-12 15:23:48.890] STATUS: Listening (English)
[2026-02-12 15:24:08.724] STATUS: Transcribing...
[2026-02-12 15:24:08.751] STATUS: Listening (English)
[2026-02-12 15:24:11.988] STATUS: Transcribing...
[2026-02-12 15:24:12.017] STATUS: Listening (English)
[2026-02-12 15:24:18.899] STATUS: Transcribing...
[2026-02-12 15:24:18.928] STATUS: Listening (English)
[2026-02-12 15:24:49.880] STATUS: No speech detected. Check mic level or device.
[2026-02-12 15:25:30.803] STATUS: Transcribing...
[2026-02-12 15:25:30.835] STATUS: Listening (English)
[2026-02-12 15:25:35.664] STATUS: Transcribing...
[2026-02-12 15:25:35.666] STATUS: Listening (English)
[2026-02-12 15:25:40.260] STATUS: Transcribing...
[2026-02-12 15:25:40.261] STATUS: Listening (English)
[2026-02-12 15:25:49.738] STATUS: Transcribing...
[2026-02-12 15:25:49.740] STATUS: Listening (English)
[2026-02-12 15:25:53.676] STATUS: Transcribing...
[2026-02-12 15:25:53.677] STATUS: Listening (English)
[2026-02-12 15:26:00.804] STATUS: Transcribing...
[2026-02-12 15:26:00.911] STATUS: App closing requested

--- Close Requested ---
  File "E:\OneDrive - zachthetech.com\Documents\GitHub\python-translation\main.py", line 4278, in <module>
    def clamp_text_to_fit(self):
  File "E:\OneDrive - zachthetech.com\Documents\GitHub\python-translation\main.py", line 342, in __init__
    self.root.mainloop()
  File "C:\Users\zachary.price\AppData\Local\Programs\Python\Python310\lib\tkinter\__init__.py", line 1458, in mainloop
    self.tk.mainloop(n)
  File "C:\Users\zachary.price\AppData\Local\Programs\Python\Python310\lib\tkinter\__init__.py", line 1921, in __call__
    return self.func(*args)
  File "E:\OneDrive - zachthetech.com\Documents\GitHub\python-translation\main.py", line 428, in on_closing
    f.write("".join(traceback.format_stack(limit=10)))
[2026-02-12 15:26:00.916] STATUS: Process exiting

--- Process Exit ---
  File "E:\OneDrive - zachthetech.com\Documents\GitHub\python-translation\main.py", line 491, in _log_process_exit
    f.write("".join(traceback.format_stack(limit=10)))
