[2026-02-05 17:05:53.982] STATUS: Listening...
[2026-02-05 17:05:59.867] STATUS: No speech detected. Check mic level or device.
[2026-02-05 17:06:56.075] STATUS: Translating...
[2026-02-05 17:06:57.786] STATUS: Listening...
[2026-02-05 17:06:59.990] STATUS: Translating...
[2026-02-05 17:07:01.634] STATUS: Listening...
[2026-02-05 17:07:14.553] STATUS: No speech detected. Check mic level or device.
[2026-02-05 17:07:24.320] STATUS: Translating...
[2026-02-05 17:07:26.158] STATUS: Listening...
[2026-02-05 17:07:28.431] STATUS: No speech detected. Check mic level or device.
[2026-02-05 17:16:22.152] STATUS: App closing requested

--- Close Requested ---
  File "E:\OneDrive - zachthetech.com\Documents\GitHub\python-translation\main.py", line 3078, in <module>
  File "E:\OneDrive - zachthetech.com\Documents\GitHub\python-translation\main.py", line 273, in __init__
    self.root.mainloop()
  File "C:\Users\zachary.price\AppData\Local\Programs\Python\Python310\lib\tkinter\__init__.py", line 1458, in mainloop
    self.tk.mainloop(n)
  File "C:\Users\zachary.price\AppData\Local\Programs\Python\Python310\lib\tkinter\__init__.py", line 1921, in __call__
    return self.func(*args)
  File "E:\OneDrive - zachthetech.com\Documents\GitHub\python-translation\main.py", line 359, in on_closing
    f.write("".join(traceback.format_stack(limit=10)))
[2026-02-05 17:16:22.155] STATUS: Process exiting

--- Process Exit ---
  File "E:\OneDrive - zachthetech.com\Documents\GitHub\python-translation\main.py", line 422, in _log_process_exit
    f.write("".join(traceback.format_stack(limit=10)))
