[2026-02-12 16:22:58.350] STATUS: Listening (English)
[2026-02-12 16:23:02.386] STATUS: Apply clicked
[2026-02-12 16:23:03.587] STATUS: Settings applied
[2026-02-12 16:23:03.589] STATUS: Apply finished
[2026-02-12 16:23:04.348] STATUS: Listening (English)
[2026-02-12 16:23:06.915] STATUS: Loading faster-whisper model (first run can take a few minutes)...
[2026-02-12 16:23:09.336] STATUS: Local model ready
[2026-02-12 16:23:10.849] STATUS: Listening (English)
[2026-02-12 16:23:11.020] STATUS: Transcribing...
[2026-02-12 16:23:11.059] STATUS: Listening (English)
[2026-02-12 16:23:16.247] STATUS: Transcribing...
[2026-02-12 16:23:16.300] STATUS: Listening (English)
[2026-02-12 16:23:18.703] STATUS: Transcribing...
[2026-02-12 16:23:18.761] STATUS: Listening (English)
[2026-02-12 16:23:24.788] STATUS: No speech detected. Check mic level or device.
[2026-02-12 16:23:33.237] STATUS: Transcribing...
[2026-02-12 16:23:33.254] STATUS: Listening (English)
[2026-02-12 16:23:35.399] STATUS: Transcribing...
[2026-02-12 16:23:35.412] STATUS: Listening (English)
[2026-02-12 16:23:39.199] STATUS: Transcribing...
[2026-02-12 16:23:39.212] STATUS: Listening (English)
[2026-02-12 16:23:42.186] STATUS: Transcribing...
[2026-02-12 16:23:42.199] STATUS: Listening (English)
[2026-02-12 16:23:46.421] STATUS: Transcribing...
[2026-02-12 16:23:46.453] STATUS: Listening (English)
[2026-02-12 16:23:51.189] STATUS: No speech detected. Check mic level or device.
[2026-02-12 16:23:55.402] STATUS: Transcribing...
[2026-02-12 16:23:55.431] STATUS: Listening (English)
[2026-02-12 16:24:00.074] STATUS: Transcribing...
[2026-02-12 16:24:00.102] STATUS: Listening (English)
[2026-02-12 16:24:05.219] STATUS: Transcribing...
[2026-02-12 16:24:05.248] STATUS: Listening (English)
[2026-02-12 16:24:11.417] STATUS: Transcribing...
[2026-02-12 16:24:11.448] STATUS: Listening (English)
[2026-02-12 16:24:16.440] STATUS: Transcribing...
[2026-02-12 16:24:16.472] STATUS: Listening (English)
[2026-02-12 16:24:19.987] STATUS: Transcribing...
[2026-02-12 16:24:20.016] STATUS: Listening (English)
[2026-02-12 16:24:21.680] STATUS: Transcribing...
[2026-02-12 16:24:21.681] STATUS: Listening (English)
[2026-02-12 16:24:23.836] STATUS: Transcribing...
[2026-02-12 16:24:23.874] STATUS: Listening (English)
[2026-02-12 16:24:27.370] STATUS: Transcribing...
[2026-02-12 16:24:27.412] STATUS: Listening (English)
[2026-02-12 16:24:38.424] STATUS: Transcribing...
[2026-02-12 16:24:38.460] STATUS: Listening (English)
[2026-02-12 16:24:44.301] STATUS: Transcribing...
[2026-02-12 16:24:44.338] STATUS: Listening (English)
[2026-02-12 16:24:47.639] STATUS: Transcribing...
[2026-02-12 16:24:47.674] STATUS: Listening (English)
[2026-02-12 16:24:50.161] STATUS: Transcribing...
[2026-02-12 16:24:50.198] STATUS: Listening (English)
[2026-02-12 16:24:52.376] STATUS: Transcribing...
[2026-02-12 16:24:52.414] STATUS: Listening (English)
[2026-02-12 16:24:56.979] STATUS: Transcribing...
[2026-02-12 16:24:57.016] STATUS: Listening (English)
[2026-02-12 16:24:59.755] STATUS: Transcribing...
[2026-02-12 16:24:59.792] STATUS: Listening (English)
[2026-02-12 16:25:08.331] STATUS: Transcribing...
[2026-02-12 16:25:08.368] STATUS: Listening (English)
[2026-02-12 16:25:17.467] STATUS: Transcribing...
[2026-02-12 16:25:17.506] STATUS: Listening (English)
[2026-02-12 16:25:19.393] STATUS: Transcribing...
[2026-02-12 16:25:19.394] STATUS: Listening (English)
[2026-02-12 16:25:21.600] STATUS: Transcribing...
[2026-02-12 16:25:21.601] STATUS: Listening (English)
[2026-02-12 16:25:27.273] STATUS: Transcribing...
[2026-02-12 16:25:27.309] STATUS: Listening (English)
[2026-02-12 16:25:33.983] STATUS: Transcribing...
[2026-02-12 16:25:34.026] STATUS: Listening (English)
[2026-02-12 16:25:37.655] STATUS: Transcribing...
[2026-02-12 16:25:37.692] STATUS: Listening (English)
[2026-02-12 16:25:42.243] STATUS: Transcribing...
[2026-02-12 16:25:42.279] STATUS: Listening (English)
[2026-02-12 16:25:45.038] STATUS: Transcribing...
[2026-02-12 16:25:45.073] STATUS: Listening (English)
[2026-02-12 16:25:47.629] STATUS: Transcribing...
[2026-02-12 16:25:47.666] STATUS: Listening (English)
[2026-02-12 16:25:49.479] STATUS: Transcribing...
[2026-02-12 16:25:49.480] STATUS: Listening (English)
[2026-02-12 16:25:51.750] STATUS: Transcribing...
[2026-02-12 16:25:51.788] STATUS: Listening (English)
[2026-02-12 16:25:59.221] STATUS: Transcribing...
[2026-02-12 16:25:59.261] STATUS: Listening (English)
[2026-02-12 16:26:09.280] STATUS: Transcribing...
[2026-02-12 16:26:09.319] STATUS: Listening (English)
[2026-02-12 16:26:13.050] STATUS: Transcribing...
[2026-02-12 16:26:13.086] STATUS: Listening (English)
[2026-02-12 16:26:17.245] STATUS: Transcribing...
[2026-02-12 16:26:17.283] STATUS: Listening (English)
[2026-02-12 16:26:21.026] STATUS: Transcribing...
[2026-02-12 16:26:21.064] STATUS: Listening (English)
[2026-02-12 16:26:22.814] STATUS: Transcribing...
[2026-02-12 16:26:22.816] STATUS: Listening (English)
[2026-02-12 16:26:25.859] STATUS: Transcribing...
[2026-02-12 16:26:25.896] STATUS: Listening (English)
[2026-02-12 16:26:30.006] STATUS: Transcribing...
[2026-02-12 16:26:30.045] STATUS: Listening (English)
[2026-02-12 16:26:35.919] STATUS: Transcribing...
[2026-02-12 16:26:35.954] STATUS: Listening (English)
[2026-02-12 16:26:42.964] STATUS: Transcribing...
[2026-02-12 16:26:43.006] STATUS: Listening (English)
[2026-02-12 16:26:45.570] STATUS: Transcribing...
[2026-02-12 16:26:45.570] STATUS: Listening (English)
[2026-02-12 16:26:55.386] STATUS: Transcribing...
[2026-02-12 16:26:55.421] STATUS: Listening (English)
[2026-02-12 16:26:59.081] STATUS: Transcribing...
[2026-02-12 16:26:59.082] STATUS: Listening (English)
[2026-02-12 16:27:01.533] STATUS: Transcribing...
[2026-02-12 16:27:01.534] STATUS: Listening (English)
[2026-02-12 16:27:07.754] STATUS: Transcribing...
[2026-02-12 16:27:07.792] STATUS: Listening (English)
[2026-02-12 16:27:13.058] STATUS: Transcribing...
[2026-02-12 16:27:13.095] STATUS: Listening (English)
[2026-02-12 16:27:15.989] STATUS: Transcribing...
[2026-02-12 16:27:15.990] STATUS: Listening (English)
[2026-02-12 16:27:27.338] STATUS: Transcribing...
[2026-02-12 16:27:27.376] STATUS: Listening (English)
[2026-02-12 16:27:30.910] STATUS: Transcribing...
[2026-02-12 16:27:30.913] STATUS: Listening (English)
[2026-02-12 16:27:36.274] STATUS: Transcribing...
[2026-02-12 16:27:36.310] STATUS: Listening (English)
[2026-02-12 16:27:39.682] STATUS: Transcribing...
[2026-02-12 16:27:39.722] STATUS: Listening (English)
[2026-02-12 16:27:44.582] STATUS: Transcribing...
[2026-02-12 16:27:44.636] STATUS: Listening (English)
[2026-02-12 16:27:46.385] STATUS: Transcribing...
[2026-02-12 16:27:46.386] STATUS: Listening (English)
[2026-02-12 16:27:49.696] STATUS: Transcribing...
[2026-02-12 16:27:49.730] STATUS: Listening (English)
[2026-02-12 16:28:00.454] STATUS: Transcribing...
[2026-02-12 16:28:00.491] STATUS: Listening (English)
[2026-02-12 16:28:03.945] STATUS: Transcribing...
[2026-02-12 16:28:03.982] STATUS: Listening (English)
[2026-02-12 16:28:09.526] STATUS: Transcribing...
[2026-02-12 16:28:09.564] STATUS: Listening (English)
[2026-02-12 16:28:11.358] STATUS: Transcribing...
[2026-02-12 16:28:11.396] STATUS: Listening (English)
[2026-02-12 16:28:16.324] STATUS: Transcribing...
[2026-02-12 16:28:16.369] STATUS: Listening (English)
[2026-02-12 16:28:21.349] STATUS: No speech detected. Check mic level or device.
[2026-02-12 16:28:30.551] STATUS: Heard audio but could not recognize speech.
[2026-02-12 16:28:33.789] STATUS: Transcribing...
[2026-02-12 16:28:33.832] STATUS: Listening (English)
[2026-02-12 16:28:37.137] STATUS: Transcribing...
[2026-02-12 16:28:37.189] STATUS: Listening (English)
[2026-02-12 16:28:40.100] STATUS: Transcribing...
[2026-02-12 16:28:40.140] STATUS: Listening (English)
[2026-02-12 16:28:50.244] STATUS: Transcribing...
[2026-02-12 16:28:50.290] STATUS: Listening (English)
[2026-02-12 16:28:54.907] STATUS: Transcribing...
[2026-02-12 16:28:54.943] STATUS: Listening (English)
[2026-02-12 16:29:01.558] STATUS: Transcribing...
[2026-02-12 16:29:01.620] STATUS: Listening (English)
[2026-02-12 16:29:04.763] STATUS: Transcribing...
[2026-02-12 16:29:04.802] STATUS: Listening (English)
[2026-02-12 16:29:11.998] STATUS: Transcribing...
[2026-02-12 16:29:12.034] STATUS: Listening (English)
[2026-02-12 16:29:18.993] STATUS: Transcribing...
[2026-02-12 16:29:19.029] STATUS: Listening (English)
[2026-02-12 16:29:20.438] STATUS: Transcribing...
[2026-02-12 16:29:20.462] STATUS: Listening (English)
[2026-02-12 16:29:24.819] STATUS: Transcribing...
[2026-02-12 16:29:24.855] STATUS: Listening (English)
[2026-02-12 16:29:32.187] STATUS: Transcribing...
[2026-02-12 16:29:32.223] STATUS: Listening (English)
[2026-02-12 16:29:34.452] STATUS: Transcribing...
[2026-02-12 16:29:34.453] STATUS: Listening (English)
[2026-02-12 16:29:44.505] STATUS: Transcribing...
[2026-02-12 16:29:44.540] STATUS: Listening (English)
[2026-02-12 16:29:54.675] STATUS: Transcribing...
[2026-02-12 16:29:54.712] STATUS: Listening (English)
[2026-02-12 16:29:57.971] STATUS: Transcribing...
[2026-02-12 16:29:58.010] STATUS: Listening (English)
[2026-02-12 16:30:02.914] STATUS: Transcribing...
[2026-02-12 16:30:02.955] STATUS: Listening (English)
[2026-02-12 16:30:05.513] STATUS: Transcribing...
[2026-02-12 16:30:05.548] STATUS: Listening (English)
[2026-02-12 16:30:08.270] STATUS: Transcribing...
[2026-02-12 16:30:08.306] STATUS: Listening (English)
[2026-02-12 16:30:10.641] STATUS: Transcribing...
[2026-02-12 16:30:10.680] STATUS: Listening (English)
[2026-02-12 16:30:13.551] STATUS: Transcribing...
[2026-02-12 16:30:13.588] STATUS: Listening (English)
[2026-02-12 16:30:20.187] STATUS: Transcribing...
[2026-02-12 16:30:20.230] STATUS: Listening (English)
[2026-02-12 16:30:22.905] STATUS: Transcribing...
[2026-02-12 16:30:22.940] STATUS: Listening (English)
[2026-02-12 16:30:29.892] STATUS: Heard audio but could not recognize speech.
[2026-02-12 16:30:34.997] STATUS: Transcribing...
[2026-02-12 16:30:35.037] STATUS: Listening (English)
[2026-02-12 16:30:36.661] STATUS: Transcribing...
[2026-02-12 16:30:36.662] STATUS: Listening (English)
[2026-02-12 16:30:39.959] STATUS: Transcribing...
[2026-02-12 16:30:40.038] STATUS: Listening (English)
[2026-02-12 16:30:43.232] STATUS: App closing requested

--- Close Requested ---
  File "E:\OneDrive - zachthetech.com\Documents\GitHub\python-translation\main.py", line 4322, in <module>
    self.update_text_metrics()
  File "E:\OneDrive - zachthetech.com\Documents\GitHub\python-translation\main.py", line 344, in __init__
    self.root.mainloop()
  File "C:\Users\zachary.price\AppData\Local\Programs\Python\Python310\lib\tkinter\__init__.py", line 1458, in mainloop
    self.tk.mainloop(n)
  File "C:\Users\zachary.price\AppData\Local\Programs\Python\Python310\lib\tkinter\__init__.py", line 1921, in __call__
    return self.func(*args)
  File "E:\OneDrive - zachthetech.com\Documents\GitHub\python-translation\main.py", line 430, in on_closing
    f.write("".join(traceback.format_stack(limit=10)))
[2026-02-12 16:30:43.238] STATUS: Process exiting

--- Process Exit ---
  File "E:\OneDrive - zachthetech.com\Documents\GitHub\python-translation\main.py", line 493, in _log_process_exit
    f.write("".join(traceback.format_stack(limit=10)))
