[2026-02-12 19:56:45.703] STATUS: Listening (Detecting: English/Spanish)
[2026-02-12 19:56:54.112] STATUS: Translating...
[2026-02-12 19:56:54.636] STATUS: Listening (Detecting: English/Spanish)
[2026-02-12 19:57:05.092] STATUS: Translating...
[2026-02-12 19:57:05.719] STATUS: Listening (Detecting: English/Spanish)
[2026-02-12 19:57:08.900] STATUS: Translating...
[2026-02-12 19:57:09.607] STATUS: Listening (Detecting: English/Spanish)
[2026-02-12 19:57:15.269] STATUS: Translating...
[2026-02-12 19:57:16.146] STATUS: Listening (Detecting: English/Spanish)
[2026-02-12 19:57:22.586] STATUS: Translating...
[2026-02-12 19:57:23.649] STATUS: Listening (Detecting: English/Spanish)
[2026-02-12 19:57:50.765] STATUS: Translating...
[2026-02-12 19:57:51.433] STATUS: Listening (Detected: Spanish)
[2026-02-12 19:58:02.034] STATUS: Translating...
[2026-02-12 19:58:02.676] STATUS: Listening (Detected: Spanish)
[2026-02-12 19:58:06.371] STATUS: Translating...
[2026-02-12 19:58:06.962] STATUS: Listening (Detected: Spanish)
[2026-02-12 19:58:08.993] STATUS: Translating...
[2026-02-12 19:58:09.677] STATUS: Listening (Detected: Spanish)
[2026-02-12 19:58:11.695] STATUS: Translating...
[2026-02-12 19:58:12.431] STATUS: Listening (Detected: Spanish)
[2026-02-12 19:58:13.666] STATUS: Translating...
[2026-02-12 19:58:14.511] STATUS: Listening (Detected: Spanish)
[2026-02-12 19:58:16.026] STATUS: Translating...
[2026-02-12 19:58:16.691] STATUS: Listening (Detected: Spanish)
[2026-02-12 19:58:18.660] STATUS: Translating...
[2026-02-12 19:58:19.201] STATUS: Listening (Detected: Spanish)
[2026-02-12 19:58:22.640] STATUS: Translating...
[2026-02-12 19:58:23.115] STATUS: Listening (Detected: Spanish)
[2026-02-12 19:58:27.988] STATUS: Translating...
[2026-02-12 19:58:28.604] STATUS: Listening (Detected: Spanish)
[2026-02-12 19:58:30.186] STATUS: Translating...
[2026-02-12 19:58:30.696] STATUS: Listening (Detected: Spanish)
[2026-02-12 19:58:31.943] STATUS: Translating...
[2026-02-12 19:58:32.656] STATUS: Listening (Detected: Spanish)
[2026-02-12 19:58:36.649] STATUS: Translating...
[2026-02-12 19:58:37.204] STATUS: Listening (Detected: Spanish)
[2026-02-12 19:58:39.115] STATUS: Translating...
[2026-02-12 19:58:39.652] STATUS: Listening (Detected: English)
[2026-02-12 19:58:41.375] STATUS: App closing requested

--- Close Requested ---
  File "E:\OneDrive - zachthetech.com\Documents\GitHub\python-translation\main.py", line 5064, in <module>
    app = TranslationApp()
  File "E:\OneDrive - zachthetech.com\Documents\GitHub\python-translation\main.py", line 375, in __init__
    self.root.mainloop()
  File "C:\Users\zachary.price\AppData\Local\Programs\Python\Python310\lib\tkinter\__init__.py", line 1458, in mainloop
    self.tk.mainloop(n)
  File "C:\Users\zachary.price\AppData\Local\Programs\Python\Python310\lib\tkinter\__init__.py", line 1921, in __call__
    return self.func(*args)
  File "E:\OneDrive - zachthetech.com\Documents\GitHub\python-translation\main.py", line 461, in on_closing
    f.write("".join(traceback.format_stack(limit=10)))
[2026-02-12 19:58:41.383] STATUS: Process exiting

--- Process Exit ---
  File "E:\OneDrive - zachthetech.com\Documents\GitHub\python-translation\main.py", line 524, in _log_process_exit
    f.write("".join(traceback.format_stack(limit=10)))
