[2026-02-13 18:02:36.183] STATUS: Listening (English)
[2026-02-13 18:02:42.523] STATUS: No speech detected. Check mic level or device.
[2026-02-13 18:02:48.411] STATUS: Transcribing...
[2026-02-13 18:02:48.421] STATUS: Listening (English)
[2026-02-13 18:02:54.168] STATUS: Transcribing...
[2026-02-13 18:02:54.180] STATUS: Listening (English)
[2026-02-13 18:02:54.710] STATUS: Transcribing...
[2026-02-13 18:02:54.755] STATUS: Listening (English)
[2026-02-13 18:03:00.904] STATUS: Transcribing...
[2026-02-13 18:03:00.916] STATUS: Listening (English)
[2026-02-13 18:03:06.038] STATUS: Transcribing...
[2026-02-13 18:03:06.050] STATUS: Listening (English)
[2026-02-13 18:03:08.760] STATUS: Transcribing...
[2026-02-13 18:03:08.772] STATUS: Listening (English)
[2026-02-13 18:03:14.540] STATUS: Transcribing...
[2026-02-13 18:03:14.554] STATUS: Listening (English)
[2026-02-13 18:03:16.782] STATUS: Transcribing...
[2026-02-13 18:03:16.892] STATUS: Listening (English)
[2026-02-13 18:03:17.581] STATUS: Transcribing...
[2026-02-13 18:03:17.598] STATUS: Listening (English)
[2026-02-13 18:03:27.414] STATUS: Transcribing...
[2026-02-13 18:03:27.429] STATUS: Listening (English)
[2026-02-13 18:03:29.917] STATUS: Transcribing...
[2026-02-13 18:03:29.934] STATUS: Listening (English)
[2026-02-13 18:03:34.933] STATUS: Transcribing...
[2026-02-13 18:03:34.951] STATUS: Listening (English)
[2026-02-13 18:03:37.419] STATUS: Transcribing...
[2026-02-13 18:03:37.504] STATUS: Listening (English)
[2026-02-13 18:03:48.856] STATUS: Transcribing...
[2026-02-13 18:03:48.872] STATUS: Listening (English)
[2026-02-13 18:03:53.109] STATUS: Transcribing...
[2026-02-13 18:03:53.126] STATUS: Listening (English)
[2026-02-13 18:03:57.084] STATUS: Transcribing...
[2026-02-13 18:03:57.105] STATUS: Listening (English)
[2026-02-13 18:03:58.651] STATUS: Transcribing...
[2026-02-13 18:03:58.668] STATUS: Listening (English)
[2026-02-13 18:04:00.075] STATUS: Transcribing...
[2026-02-13 18:04:00.092] STATUS: Listening (English)
[2026-02-13 18:04:05.905] STATUS: Transcribing...
[2026-02-13 18:04:05.922] STATUS: Listening (English)
[2026-02-13 18:04:10.273] STATUS: Transcribing...
[2026-02-13 18:04:10.292] STATUS: Listening (English)
[2026-02-13 18:04:13.482] STATUS: Transcribing...
[2026-02-13 18:04:13.504] STATUS: Listening (English)
[2026-02-13 18:04:22.523] STATUS: Transcribing...
[2026-02-13 18:04:22.542] STATUS: Listening (English)
[2026-02-13 18:04:25.500] STATUS: Transcribing...
[2026-02-13 18:04:25.518] STATUS: Listening (English)
[2026-02-13 18:04:30.424] STATUS: Transcribing...
[2026-02-13 18:04:30.452] STATUS: Listening (English)
[2026-02-13 18:04:35.150] STATUS: Transcribing...
[2026-02-13 18:04:35.173] STATUS: Listening (English)
[2026-02-13 18:04:40.559] STATUS: Transcribing...
[2026-02-13 18:04:40.581] STATUS: Listening (English)
[2026-02-13 18:04:45.554] STATUS: Transcribing...
[2026-02-13 18:04:45.574] STATUS: Listening (English)
[2026-02-13 18:04:46.623] STATUS: Transcribing...
[2026-02-13 18:04:46.699] STATUS: Listening (English)
[2026-02-13 18:04:52.270] STATUS: Transcribing...
[2026-02-13 18:04:52.294] STATUS: Listening (English)
[2026-02-13 18:04:57.384] STATUS: Transcribing...
[2026-02-13 18:04:57.408] STATUS: Listening (English)
[2026-02-13 18:05:01.777] STATUS: Transcribing...
[2026-02-13 18:05:01.801] STATUS: Listening (English)
[2026-02-13 18:05:06.102] STATUS: Transcribing...
[2026-02-13 18:05:06.127] STATUS: Listening (English)
[2026-02-13 18:05:20.821] STATUS: Transcribing...
[2026-02-13 18:05:20.845] STATUS: Listening (English)
[2026-02-13 18:05:25.637] STATUS: Transcribing...
[2026-02-13 18:05:25.668] STATUS: Listening (English)
[2026-02-13 18:05:35.043] STATUS: Transcribing...
[2026-02-13 18:05:35.067] STATUS: Listening (English)
[2026-02-13 18:05:36.910] STATUS: Transcribing...
[2026-02-13 18:05:36.967] STATUS: Listening (English)
[2026-02-13 18:05:41.812] STATUS: Transcribing...
[2026-02-13 18:05:41.836] STATUS: Listening (English)
[2026-02-13 18:05:48.727] STATUS: Transcribing...
[2026-02-13 18:05:48.753] STATUS: Listening (English)
[2026-02-13 18:05:52.996] STATUS: Transcribing...
[2026-02-13 18:05:53.020] STATUS: Listening (English)
[2026-02-13 18:06:07.607] STATUS: Transcribing...
[2026-02-13 18:06:07.635] STATUS: Listening (English)
[2026-02-13 18:06:13.113] STATUS: Transcribing...
[2026-02-13 18:06:13.140] STATUS: Listening (English)
[2026-02-13 18:06:18.155] STATUS: Transcribing...
[2026-02-13 18:06:18.181] STATUS: Listening (English)
[2026-02-13 18:06:28.400] STATUS: Transcribing...
[2026-02-13 18:06:28.429] STATUS: Listening (English)
[2026-02-13 18:06:37.889] STATUS: Transcribing...
[2026-02-13 18:06:37.924] STATUS: Listening (English)
[2026-02-13 18:06:41.750] STATUS: Transcribing...
[2026-02-13 18:06:41.781] STATUS: Listening (English)
[2026-02-13 18:06:47.311] STATUS: App closing requested

--- Close Requested ---
  File "E:\OneDrive - zachthetech.com\Documents\GitHub\python-translation\main.py", line 5835, in <module>
    app = TranslationApp()
  File "E:\OneDrive - zachthetech.com\Documents\GitHub\python-translation\main.py", line 455, in __init__
    self.root.mainloop()
  File "C:\Users\zachary.price\AppData\Local\Programs\Python\Python310\lib\tkinter\__init__.py", line 1458, in mainloop
    self.tk.mainloop(n)
  File "C:\Users\zachary.price\AppData\Local\Programs\Python\Python310\lib\tkinter\__init__.py", line 1921, in __call__
    return self.func(*args)
  File "E:\OneDrive - zachthetech.com\Documents\GitHub\python-translation\main.py", line 535, in on_closing
    f.write("".join(traceback.format_stack(limit=10)))
[2026-02-13 18:06:47.321] STATUS: Process exiting

--- Process Exit ---
  File "E:\OneDrive - zachthetech.com\Documents\GitHub\python-translation\main.py", line 598, in _log_process_exit
    f.write("".join(traceback.format_stack(limit=10)))
