[2026-02-12 21:45:32.315] STATUS: Listening (Spanish)
[2026-02-12 21:45:38.306] STATUS: No speech detected. Check mic level or device.
[2026-02-12 21:46:14.906] STATUS: Apply clicked
[2026-02-12 21:46:15.319] STATUS: Settings applied
[2026-02-12 21:46:15.320] STATUS: Apply finished
[2026-02-12 21:46:15.949] STATUS: Listening (Spanish)
[2026-02-12 21:46:17.715] STATUS: Apply clicked
[2026-02-12 21:46:18.015] STATUS: Settings applied
[2026-02-12 21:46:18.017] STATUS: Apply finished
[2026-02-12 21:46:18.663] STATUS: Listening (Spanish)
[2026-02-12 21:46:19.664] STATUS: No speech detected. Check mic level or device.
[2026-02-12 21:46:20.022] STATUS: Listening (Spanish)
[2026-02-12 21:46:25.653] STATUS: No speech detected. Check mic level or device.
[2026-02-12 21:48:10.500] STATUS: App closing requested

--- Close Requested ---
  File "E:\OneDrive - zachthetech.com\Documents\GitHub\python-translation\main.py", line 5239, in <module>
    app = TranslationApp()
  File "E:\OneDrive - zachthetech.com\Documents\GitHub\python-translation\main.py", line 379, in __init__
    self.root.mainloop()
  File "C:\Users\zachary.price\AppData\Local\Programs\Python\Python310\lib\tkinter\__init__.py", line 1458, in mainloop
    self.tk.mainloop(n)
  File "C:\Users\zachary.price\AppData\Local\Programs\Python\Python310\lib\tkinter\__init__.py", line 1921, in __call__
    return self.func(*args)
  File "E:\OneDrive - zachthetech.com\Documents\GitHub\python-translation\main.py", line 465, in on_closing
    f.write("".join(traceback.format_stack(limit=10)))
[2026-02-12 21:48:10.508] STATUS: Process exiting

--- Process Exit ---
  File "E:\OneDrive - zachthetech.com\Documents\GitHub\python-translation\main.py", line 528, in _log_process_exit
    f.write("".join(traceback.format_stack(limit=10)))
