[2026-02-12 23:32:21.789] STATUS: Listening (Spanish)
[2026-02-12 23:32:30.095] STATUS: Translating...
[2026-02-12 23:32:30.396] STATUS: Apply clicked
[2026-02-12 23:32:32.416] STATUS: Settings applied
[2026-02-12 23:32:32.422] STATUS: Apply finished
[2026-02-12 23:32:32.426] STATUS: Listening (English)
[2026-02-12 23:32:39.099] STATUS: No speech detected. Check mic level or device.
[2026-02-12 23:32:48.319] STATUS: Translating...
[2026-02-12 23:32:49.058] STATUS: Listening (English)
[2026-02-12 23:33:00.823] STATUS: Translating...
[2026-02-12 23:33:01.476] STATUS: Listening (English)
[2026-02-12 23:33:03.097] STATUS: Translating...
[2026-02-12 23:33:03.845] STATUS: Listening (English)
[2026-02-12 23:33:16.412] STATUS: Translating...
[2026-02-12 23:33:17.044] STATUS: Listening (English)
[2026-02-12 23:33:17.976] STATUS: Translating...
[2026-02-12 23:33:19.479] STATUS: Listening (English)
[2026-02-12 23:33:21.557] STATUS: Translating...
[2026-02-12 23:33:22.059] STATUS: Listening (English)
[2026-02-12 23:33:29.309] STATUS: Translating...
[2026-02-12 23:33:30.874] STATUS: Listening (English)
[2026-02-12 23:33:31.673] STATUS: Translating...
[2026-02-12 23:33:32.660] STATUS: Listening (English)
[2026-02-12 23:33:36.003] STATUS: Translating...
[2026-02-12 23:33:36.527] STATUS: Listening (English)
[2026-02-12 23:33:39.639] STATUS: Translating...
[2026-02-12 23:33:40.527] STATUS: Listening (English)
[2026-02-12 23:33:51.625] STATUS: Translating...
[2026-02-12 23:33:52.294] STATUS: Listening (English)
[2026-02-12 23:33:56.959] STATUS: No speech detected. Check mic level or device.
[2026-02-12 23:35:42.730] STATUS: Translating...
[2026-02-12 23:35:43.392] STATUS: Listening (English)
[2026-02-12 23:35:58.844] STATUS: Translating...
[2026-02-12 23:35:59.480] STATUS: Listening (English)
[2026-02-12 23:36:02.557] STATUS: Translating...
[2026-02-12 23:36:03.117] STATUS: Listening (English)
[2026-02-12 23:36:06.044] STATUS: Translating...
[2026-02-12 23:36:06.733] STATUS: Listening (English)
[2026-02-12 23:36:22.097] STATUS: Translating...
[2026-02-12 23:36:23.157] STATUS: Listening (English)
[2026-02-12 23:36:28.359] STATUS: Translating...
[2026-02-12 23:36:29.305] STATUS: Listening (English)
[2026-02-12 23:36:31.399] STATUS: Translating...
[2026-02-12 23:36:32.014] STATUS: Listening (English)
[2026-02-12 23:36:40.153] STATUS: Translating...
[2026-02-12 23:36:40.953] STATUS: Listening (English)
[2026-02-12 23:36:45.029] STATUS: Translating...
[2026-02-12 23:36:45.713] STATUS: Listening (English)
[2026-02-12 23:36:59.804] STATUS: Translating...
[2026-02-12 23:37:00.773] STATUS: Listening (English)
[2026-02-12 23:37:01.509] STATUS: Translating...
[2026-02-12 23:37:02.054] STATUS: Listening (English)
[2026-02-12 23:37:07.406] STATUS: Translating...
[2026-02-12 23:37:07.920] STATUS: Listening (English)
[2026-02-12 23:37:21.995] STATUS: Translating...
[2026-02-12 23:37:22.858] STATUS: Listening (English)
[2026-02-12 23:37:27.869] STATUS: No speech detected. Check mic level or device.
[2026-02-12 23:37:37.861] STATUS: Translating...
[2026-02-12 23:37:38.368] STATUS: Listening (English)
[2026-02-12 23:37:46.723] STATUS: Translating...
[2026-02-12 23:37:47.331] STATUS: Listening (English)
[2026-02-12 23:37:50.760] STATUS: Translating...
[2026-02-12 23:37:51.782] STATUS: Listening (English)
[2026-02-12 23:37:53.521] STATUS: Translating...
[2026-02-12 23:37:54.176] STATUS: Listening (English)
[2026-02-12 23:37:57.235] STATUS: Translating...
[2026-02-12 23:37:57.895] STATUS: Listening (English)
[2026-02-12 23:37:59.095] STATUS: Translating...
[2026-02-12 23:37:59.822] STATUS: Listening (English)
[2026-02-12 23:38:01.464] STATUS: Translating...
[2026-02-12 23:38:02.016] STATUS: Listening (English)
[2026-02-12 23:38:05.103] STATUS: Translating...
[2026-02-12 23:38:05.704] STATUS: Listening (English)
[2026-02-12 23:38:10.227] STATUS: Translating...
[2026-02-12 23:38:10.798] STATUS: Listening (English)
[2026-02-12 23:38:20.947] STATUS: Translating...
[2026-02-12 23:38:21.461] STATUS: Listening (English)
[2026-02-12 23:38:24.193] STATUS: Translating...
[2026-02-12 23:38:24.960] STATUS: Listening (English)
[2026-02-12 23:38:50.600] STATUS: No speech detected. Check mic level or device.
[2026-02-12 23:38:58.075] STATUS: Translating...
[2026-02-12 23:38:58.982] STATUS: Listening (English)
[2026-02-12 23:39:03.830] STATUS: Translating...
[2026-02-12 23:39:10.181] STATUS: Listening (English)
[2026-02-12 23:39:10.271] STATUS: Translating...
[2026-02-12 23:39:11.027] STATUS: Listening (English)
[2026-02-12 23:39:19.829] STATUS: No speech detected. Check mic level or device.
[2026-02-12 23:39:29.972] STATUS: Translating...
[2026-02-12 23:39:30.757] STATUS: Listening (English)
[2026-02-12 23:39:44.077] STATUS: Translating...
[2026-02-12 23:39:44.629] STATUS: Listening (English)
[2026-02-12 23:39:49.493] STATUS: Translating...
[2026-02-12 23:39:50.093] STATUS: Listening (English)
[2026-02-12 23:39:54.985] STATUS: Translating...
[2026-02-12 23:39:55.692] STATUS: Listening (English)
[2026-02-12 23:40:07.076] STATUS: Translating...
[2026-02-12 23:40:07.783] STATUS: Listening (English)
[2026-02-12 23:40:26.367] STATUS: Translating...
[2026-02-12 23:40:28.455] STATUS: Listening (English)
[2026-02-12 23:40:28.563] STATUS: Translating...
[2026-02-12 23:40:29.294] STATUS: Listening (English)
[2026-02-12 23:40:31.414] STATUS: Translating...
[2026-02-12 23:40:32.066] STATUS: Listening (English)
[2026-02-12 23:40:40.290] STATUS: No speech detected. Check mic level or device.
[2026-02-12 23:41:54.941] STATUS: Translating...
[2026-02-12 23:41:55.633] STATUS: Listening (English)
[2026-02-12 23:42:11.130] STATUS: No speech detected. Check mic level or device.
[2026-02-12 23:43:07.029] STATUS: Translating...
[2026-02-12 23:43:07.841] STATUS: Listening (English)
[2026-02-12 23:43:09.604] STATUS: Translating...
[2026-02-12 23:43:10.403] STATUS: Listening (English)
[2026-02-12 23:43:36.899] STATUS: No speech detected. Check mic level or device.
[2026-02-12 23:43:43.921] STATUS: App closing requested

--- Close Requested ---
  File "E:\OneDrive - zachthetech.com\Documents\GitHub\python-translation\main.py", line 5129, in <module>
    if not self.translations:
  File "E:\OneDrive - zachthetech.com\Documents\GitHub\python-translation\main.py", line 376, in __init__
    self.root.mainloop()
  File "C:\Users\zachary.price\AppData\Local\Programs\Python\Python310\lib\tkinter\__init__.py", line 1458, in mainloop
    self.tk.mainloop(n)
  File "C:\Users\zachary.price\AppData\Local\Programs\Python\Python310\lib\tkinter\__init__.py", line 1921, in __call__
    return self.func(*args)
  File "E:\OneDrive - zachthetech.com\Documents\GitHub\python-translation\main.py", line 462, in on_closing
    f.write("".join(traceback.format_stack(limit=10)))
[2026-02-12 23:43:43.934] STATUS: Process exiting

--- Process Exit ---
  File "E:\OneDrive - zachthetech.com\Documents\GitHub\python-translation\main.py", line 525, in _log_process_exit
    f.write("".join(traceback.format_stack(limit=10)))
