[2026-02-07 15:50:03.021] STATUS: Listening (English)
[2026-02-07 15:50:09.946] STATUS: Transcribing...
[2026-02-07 15:50:10.018] STATUS: Listening (English)
[2026-02-07 15:50:12.390] STATUS: Transcribing...
[2026-02-07 15:50:12.412] STATUS: Listening (English)
[2026-02-07 15:50:13.966] STATUS: App closing requested

--- Close Requested ---
  File "E:\OneDrive - zachthetech.com\Documents\GitHub\python-translation\main.py", line 3964, in <module>
    app = TranslationApp()
  File "E:\OneDrive - zachthetech.com\Documents\GitHub\python-translation\main.py", line 333, in __init__
    self.root.mainloop()
  File "C:\Users\zachary.price\AppData\Local\Programs\Python\Python310\lib\tkinter\__init__.py", line 1458, in mainloop
    self.tk.mainloop(n)
  File "C:\Users\zachary.price\AppData\Local\Programs\Python\Python310\lib\tkinter\__init__.py", line 1921, in __call__
    return self.func(*args)
  File "E:\OneDrive - zachthetech.com\Documents\GitHub\python-translation\main.py", line 419, in on_closing
    f.write("".join(traceback.format_stack(limit=10)))
[2026-02-07 15:50:14.025] STATUS: Process exiting

--- Process Exit ---
  File "E:\OneDrive - zachthetech.com\Documents\GitHub\python-translation\main.py", line 482, in _log_process_exit
    f.write("".join(traceback.format_stack(limit=10)))
