[2026-02-12 14:59:42.821] STATUS: Listening (English)
[2026-02-12 14:59:48.811] STATUS: No speech detected. Check mic level or device.
[2026-02-12 14:59:55.953] STATUS: Loading faster-whisper model (first run can take a few minutes)...
[2026-02-12 14:59:56.869] STATUS: Local model ready
[2026-02-12 14:59:58.382] STATUS: Listening (English)
[2026-02-12 15:00:02.416] STATUS: Transcribing...
[2026-02-12 15:00:02.456] STATUS: Listening (English)
[2026-02-12 15:00:13.226] STATUS: Heard audio but could not recognize speech.
[2026-02-12 15:00:20.736] STATUS: Transcribing...
[2026-02-12 15:00:20.776] STATUS: Listening (English)
[2026-02-12 15:00:22.450] STATUS: Transcribing...
[2026-02-12 15:00:22.450] STATUS: Listening (English)
[2026-02-12 15:00:29.870] STATUS: Transcribing...
[2026-02-12 15:00:29.905] STATUS: Listening (English)
[2026-02-12 15:00:36.375] STATUS: Transcribing...
[2026-02-12 15:00:36.416] STATUS: Listening (English)
[2026-02-12 15:00:44.579] STATUS: Transcribing...
[2026-02-12 15:00:44.616] STATUS: Listening (English)
[2026-02-12 15:00:46.646] STATUS: Transcribing...
[2026-02-12 15:00:46.647] STATUS: Listening (English)
[2026-02-12 15:00:47.380] STATUS: Apply clicked
[2026-02-12 15:00:48.704] STATUS: Settings applied
[2026-02-12 15:00:48.704] STATUS: Apply finished
[2026-02-12 15:00:49.510] STATUS: Listening (English)
[2026-02-12 15:00:50.779] STATUS: Transcribing...
[2026-02-12 15:00:50.780] STATUS: Listening (English)
[2026-02-12 15:00:57.351] STATUS: Transcribing...
[2026-02-12 15:00:57.385] STATUS: Listening (English)
[2026-02-12 15:01:11.659] STATUS: Transcribing...
[2026-02-12 15:01:11.692] STATUS: Listening (English)
[2026-02-12 15:01:13.749] STATUS: Transcribing...
[2026-02-12 15:01:13.749] STATUS: Listening (English)
[2026-02-12 15:01:17.180] STATUS: Transcribing...
[2026-02-12 15:01:17.181] STATUS: Listening (English)
[2026-02-12 15:01:23.839] STATUS: Transcribing...
[2026-02-12 15:01:23.873] STATUS: Listening (English)
[2026-02-12 15:01:26.699] STATUS: Transcribing...
[2026-02-12 15:01:26.700] STATUS: Listening (English)
[2026-02-12 15:01:31.919] STATUS: Transcribing...
[2026-02-12 15:01:31.955] STATUS: Listening (English)
[2026-02-12 15:01:36.318] STATUS: Transcribing...
[2026-02-12 15:01:36.353] STATUS: Listening (English)
[2026-02-12 15:01:38.929] STATUS: Transcribing...
[2026-02-12 15:01:38.963] STATUS: Listening (English)
[2026-02-12 15:01:41.752] STATUS: Transcribing...
[2026-02-12 15:01:41.785] STATUS: Listening (English)
[2026-02-12 15:01:50.464] STATUS: Transcribing...
[2026-02-12 15:01:50.500] STATUS: Listening (English)
[2026-02-12 15:01:59.174] STATUS: Transcribing...
[2026-02-12 15:01:59.208] STATUS: Listening (English)
[2026-02-12 15:02:01.566] STATUS: Transcribing...
[2026-02-12 15:02:01.603] STATUS: Listening (English)
[2026-02-12 15:02:03.771] STATUS: Transcribing...
[2026-02-12 15:02:03.805] STATUS: Listening (English)
[2026-02-12 15:02:07.333] STATUS: Transcribing...
[2026-02-12 15:02:07.370] STATUS: Listening (English)
[2026-02-12 15:02:13.893] STATUS: Transcribing...
[2026-02-12 15:02:13.925] STATUS: Listening (English)
[2026-02-12 15:02:20.475] STATUS: Transcribing...
[2026-02-12 15:02:20.514] STATUS: Listening (English)
[2026-02-12 15:02:24.141] STATUS: Transcribing...
[2026-02-12 15:02:24.188] STATUS: Listening (English)
[2026-02-12 15:02:29.488] STATUS: Transcribing...
[2026-02-12 15:02:29.525] STATUS: Listening (English)
[2026-02-12 15:02:33.747] STATUS: Transcribing...
[2026-02-12 15:02:33.790] STATUS: Listening (English)
[2026-02-12 15:02:40.427] STATUS: Transcribing...
[2026-02-12 15:02:40.464] STATUS: Listening (English)
[2026-02-12 15:02:47.977] STATUS: Transcribing...
[2026-02-12 15:02:48.018] STATUS: Listening (English)
[2026-02-12 15:02:51.050] STATUS: Transcribing...
[2026-02-12 15:02:51.086] STATUS: Listening (English)
[2026-02-12 15:02:52.771] STATUS: Transcribing...
[2026-02-12 15:02:52.805] STATUS: Listening (English)
[2026-02-12 15:02:55.530] STATUS: Transcribing...
[2026-02-12 15:02:55.567] STATUS: Listening (English)
[2026-02-12 15:03:00.170] STATUS: No speech detected. Check mic level or device.
[2026-02-12 15:03:04.633] STATUS: Transcribing...
[2026-02-12 15:03:04.728] STATUS: Listening (English)
[2026-02-12 15:03:11.649] STATUS: Transcribing...
[2026-02-12 15:03:11.689] STATUS: Listening (English)
[2026-02-12 15:03:37.210] STATUS: Transcribing...
[2026-02-12 15:03:37.249] STATUS: Listening (English)
[2026-02-12 15:03:45.203] STATUS: Transcribing...
[2026-02-12 15:03:45.236] STATUS: Listening (English)
[2026-02-12 15:03:51.023] STATUS: Transcribing...
[2026-02-12 15:03:51.060] STATUS: Listening (English)
[2026-02-12 15:03:56.764] STATUS: Transcribing...
[2026-02-12 15:03:56.799] STATUS: Listening (English)
[2026-02-12 15:04:02.363] STATUS: Transcribing...
[2026-02-12 15:04:02.399] STATUS: Listening (English)
[2026-02-12 15:04:05.277] STATUS: Transcribing...
[2026-02-12 15:04:05.295] STATUS: Listening (English)
[2026-02-12 15:04:07.951] STATUS: Transcribing...
[2026-02-12 15:04:07.985] STATUS: Listening (English)
[2026-02-12 15:04:11.547] STATUS: Transcribing...
[2026-02-12 15:04:11.590] STATUS: Listening (English)
[2026-02-12 15:04:31.190] STATUS: No speech detected. Check mic level or device.
[2026-02-12 15:06:38.034] STATUS: Transcribing...
[2026-02-12 15:06:38.073] STATUS: Listening (English)
[2026-02-12 15:07:31.675] STATUS: Transcribing...
[2026-02-12 15:07:31.712] STATUS: Listening (English)
[2026-02-12 15:07:34.373] STATUS: Transcribing...
[2026-02-12 15:07:34.414] STATUS: Listening (English)
[2026-02-12 15:07:38.286] STATUS: Transcribing...
[2026-02-12 15:07:38.319] STATUS: Listening (English)
[2026-02-12 15:07:52.913] STATUS: App closing requested

--- Close Requested ---
  File "E:\OneDrive - zachthetech.com\Documents\GitHub\python-translation\main.py", line 4275, in <module>
    app = TranslationApp()
  File "E:\OneDrive - zachthetech.com\Documents\GitHub\python-translation\main.py", line 342, in __init__
    self.root.mainloop()
  File "C:\Users\zachary.price\AppData\Local\Programs\Python\Python310\lib\tkinter\__init__.py", line 1458, in mainloop
    self.tk.mainloop(n)
  File "C:\Users\zachary.price\AppData\Local\Programs\Python\Python310\lib\tkinter\__init__.py", line 1921, in __call__
    return self.func(*args)
  File "E:\OneDrive - zachthetech.com\Documents\GitHub\python-translation\main.py", line 428, in on_closing
    f.write("".join(traceback.format_stack(limit=10)))
[2026-02-12 15:07:52.919] STATUS: Process exiting

--- Process Exit ---
  File "E:\OneDrive - zachthetech.com\Documents\GitHub\python-translation\main.py", line 491, in _log_process_exit
    f.write("".join(traceback.format_stack(limit=10)))
