[2026-02-13 12:08:39.747] STATUS: Listening (Spanish)
[2026-02-13 12:08:52.414] STATUS: Translating...
[2026-02-13 12:08:53.448] STATUS: Listening (Spanish)
[2026-02-13 12:08:59.747] STATUS: Translating...
[2026-02-13 12:09:01.473] STATUS: Listening (Spanish)
[2026-02-13 12:09:08.412] STATUS: Translating...
[2026-02-13 12:09:09.264] STATUS: Listening (Spanish)
[2026-02-13 12:09:13.065] STATUS: Translating...
[2026-02-13 12:09:14.000] STATUS: Listening (Spanish)
[2026-02-13 12:09:16.800] STATUS: Translating...
[2026-02-13 12:09:17.662] STATUS: Listening (Spanish)
[2026-02-13 12:09:22.222] STATUS: Translating...
[2026-02-13 12:09:23.125] STATUS: Listening (Spanish)
[2026-02-13 12:09:27.234] STATUS: Translating...
[2026-02-13 12:09:28.125] STATUS: Listening (Spanish)
[2026-02-13 12:09:28.804] STATUS: Translating...
[2026-02-13 12:09:29.701] STATUS: Listening (Spanish)
[2026-02-13 12:09:31.938] STATUS: Translating...
[2026-02-13 12:09:32.643] STATUS: Listening (Spanish)
[2026-02-13 12:09:52.340] STATUS: Translating...
[2026-02-13 12:09:53.097] STATUS: Listening (Spanish)
[2026-02-13 12:09:57.403] STATUS: Translating...
[2026-02-13 12:09:58.184] STATUS: Listening (Spanish)
[2026-02-13 12:10:01.316] STATUS: Translating...
[2026-02-13 12:10:01.869] STATUS: Listening (Spanish)
[2026-02-13 12:10:04.544] STATUS: Translating...
[2026-02-13 12:10:05.719] STATUS: Listening (Spanish)
[2026-02-13 12:10:12.280] STATUS: Translating...
[2026-02-13 12:10:13.031] STATUS: Listening (Spanish)
[2026-02-13 12:10:30.684] STATUS: Translating...
[2026-02-13 12:10:31.369] STATUS: Listening (Spanish)
[2026-02-13 12:10:32.770] STATUS: Translating...
[2026-02-13 12:10:33.233] STATUS: Listening (Spanish)
[2026-02-13 12:11:26.067] STATUS: Translating...
[2026-02-13 12:11:26.655] STATUS: Listening (Spanish)
[2026-02-13 12:11:51.236] STATUS: Translating...
[2026-02-13 12:11:51.714] STATUS: Listening (Spanish)
[2026-02-13 12:11:56.994] STATUS: Translating...
[2026-02-13 12:11:57.551] STATUS: Listening (Spanish)
[2026-02-13 12:12:27.269] STATUS: Translating...
[2026-02-13 12:12:27.977] STATUS: Listening (Spanish)
[2026-02-13 12:13:02.170] STATUS: App closing requested

--- Close Requested ---
  File "E:\OneDrive - zachthetech.com\Documents\GitHub\python-translation\main.py", line 5398, in <module>
    return
  File "E:\OneDrive - zachthetech.com\Documents\GitHub\python-translation\main.py", line 438, in __init__
    self.root.mainloop()
  File "C:\Users\zachary.price\AppData\Local\Programs\Python\Python310\lib\tkinter\__init__.py", line 1458, in mainloop
    self.tk.mainloop(n)
  File "C:\Users\zachary.price\AppData\Local\Programs\Python\Python310\lib\tkinter\__init__.py", line 1921, in __call__
    return self.func(*args)
  File "E:\OneDrive - zachthetech.com\Documents\GitHub\python-translation\main.py", line 524, in on_closing
    f.write("".join(traceback.format_stack(limit=10)))
[2026-02-13 12:13:02.199] STATUS: Process exiting

--- Process Exit ---
  File "E:\OneDrive - zachthetech.com\Documents\GitHub\python-translation\main.py", line 587, in _log_process_exit
    f.write("".join(traceback.format_stack(limit=10)))
