[2026-02-12 15:17:05.356] STATUS: Listening (English)
[2026-02-12 15:17:11.931] STATUS: Apply clicked
[2026-02-12 15:17:13.778] STATUS: Settings applied
[2026-02-12 15:17:13.779] STATUS: Apply finished
[2026-02-12 15:17:14.553] STATUS: Listening (English)
[2026-02-12 15:17:15.618] STATUS: Transcribing...
[2026-02-12 15:17:15.652] STATUS: Listening (English)
[2026-02-12 15:17:17.747] STATUS: Transcribing...
[2026-02-12 15:17:17.779] STATUS: Listening (English)
[2026-02-12 15:17:25.999] STATUS: Transcribing...
[2026-02-12 15:17:26.033] STATUS: Listening (English)
[2026-02-12 15:17:30.689] STATUS: Transcribing...
[2026-02-12 15:17:30.728] STATUS: Listening (English)
[2026-02-12 15:17:32.847] STATUS: Transcribing...
[2026-02-12 15:17:32.865] STATUS: Listening (English)
[2026-02-12 15:17:36.240] STATUS: Transcribing...
[2026-02-12 15:17:36.275] STATUS: Listening (English)
[2026-02-12 15:17:39.512] STATUS: Transcribing...
[2026-02-12 15:17:39.552] STATUS: Listening (English)
[2026-02-12 15:17:43.675] STATUS: Transcribing...
[2026-02-12 15:17:43.711] STATUS: Listening (English)
[2026-02-12 15:17:46.546] STATUS: Transcribing...
[2026-02-12 15:17:46.581] STATUS: Listening (English)
[2026-02-12 15:17:48.194] STATUS: Transcribing...
[2026-02-12 15:17:48.230] STATUS: Listening (English)
[2026-02-12 15:17:52.295] STATUS: Transcribing...
[2026-02-12 15:17:52.346] STATUS: Listening (English)
[2026-02-12 15:17:54.673] STATUS: Transcribing...
[2026-02-12 15:17:54.708] STATUS: Listening (English)
[2026-02-12 15:17:59.452] STATUS: Transcribing...
[2026-02-12 15:17:59.504] STATUS: Listening (English)
[2026-02-12 15:18:03.029] STATUS: Transcribing...
[2026-02-12 15:18:03.031] STATUS: Listening (English)
[2026-02-12 15:18:10.613] STATUS: Transcribing...
[2026-02-12 15:18:10.647] STATUS: Listening (English)
[2026-02-12 15:18:12.819] STATUS: Transcribing...
[2026-02-12 15:18:12.819] STATUS: Listening (English)
[2026-02-12 15:18:16.640] STATUS: Transcribing...
[2026-02-12 15:18:16.690] STATUS: Listening (English)
[2026-02-12 15:18:23.644] STATUS: Transcribing...
[2026-02-12 15:18:23.659] STATUS: Listening (English)
[2026-02-12 15:18:28.527] STATUS: Transcribing...
[2026-02-12 15:18:28.539] STATUS: Listening (English)
[2026-02-12 15:18:35.390] STATUS: Transcribing...
[2026-02-12 15:18:35.405] STATUS: Listening (English)
[2026-02-12 15:18:39.982] STATUS: Transcribing...
[2026-02-12 15:18:39.996] STATUS: Listening (English)
[2026-02-12 15:18:43.693] STATUS: Transcribing...
[2026-02-12 15:18:43.722] STATUS: Listening (English)
[2026-02-12 15:18:46.955] STATUS: Transcribing...
[2026-02-12 15:18:46.984] STATUS: Listening (English)
[2026-02-12 15:18:48.947] STATUS: Transcribing...
[2026-02-12 15:18:48.975] STATUS: Listening (English)
[2026-02-12 15:18:52.958] STATUS: Transcribing...
[2026-02-12 15:18:52.985] STATUS: Listening (English)
[2026-02-12 15:19:00.269] STATUS: Transcribing...
[2026-02-12 15:19:00.297] STATUS: Listening (English)
[2026-02-12 15:19:02.909] STATUS: Transcribing...
[2026-02-12 15:19:02.954] STATUS: Listening (English)
[2026-02-12 15:19:06.092] STATUS: Transcribing...
[2026-02-12 15:19:06.129] STATUS: Listening (English)
[2026-02-12 15:19:08.823] STATUS: Transcribing...
[2026-02-12 15:19:08.853] STATUS: Listening (English)
[2026-02-12 15:19:10.788] STATUS: Transcribing...
[2026-02-12 15:19:10.816] STATUS: Listening (English)
[2026-02-12 15:19:17.726] STATUS: Transcribing...
[2026-02-12 15:19:17.756] STATUS: Listening (English)
[2026-02-12 15:19:21.099] STATUS: Transcribing...
[2026-02-12 15:19:21.100] STATUS: Listening (English)
[2026-02-12 15:19:23.674] STATUS: Transcribing...
[2026-02-12 15:19:23.702] STATUS: Listening (English)
[2026-02-12 15:19:26.333] STATUS: Transcribing...
[2026-02-12 15:19:26.361] STATUS: Listening (English)
[2026-02-12 15:19:30.142] STATUS: Transcribing...
[2026-02-12 15:19:30.171] STATUS: Listening (English)
[2026-02-12 15:19:32.425] STATUS: Transcribing...
[2026-02-12 15:19:32.455] STATUS: Listening (English)
[2026-02-12 15:19:36.466] STATUS: Transcribing...
[2026-02-12 15:19:36.498] STATUS: Listening (English)
[2026-02-12 15:19:42.273] STATUS: Transcribing...
[2026-02-12 15:19:42.301] STATUS: Listening (English)
[2026-02-12 15:19:46.639] STATUS: Transcribing...
[2026-02-12 15:19:46.675] STATUS: Listening (English)
[2026-02-12 15:19:49.863] STATUS: Transcribing...
[2026-02-12 15:19:49.891] STATUS: Listening (English)
[2026-02-12 15:19:58.066] STATUS: Transcribing...
[2026-02-12 15:19:58.096] STATUS: Listening (English)
[2026-02-12 15:20:01.631] STATUS: Transcribing...
[2026-02-12 15:20:01.659] STATUS: Listening (English)
[2026-02-12 15:20:04.729] STATUS: Transcribing...
[2026-02-12 15:20:04.758] STATUS: Listening (English)
[2026-02-12 15:20:10.255] STATUS: Transcribing...
[2026-02-12 15:20:10.287] STATUS: Listening (English)
[2026-02-12 15:20:12.984] STATUS: Transcribing...
[2026-02-12 15:20:13.013] STATUS: Listening (English)
[2026-02-12 15:20:14.833] STATUS: Transcribing...
[2026-02-12 15:20:14.862] STATUS: Listening (English)
[2026-02-12 15:20:17.977] STATUS: Transcribing...
[2026-02-12 15:20:18.005] STATUS: Listening (English)
[2026-02-12 15:20:24.967] STATUS: Transcribing...
[2026-02-12 15:20:24.999] STATUS: Listening (English)
[2026-02-12 15:20:30.323] STATUS: Transcribing...
[2026-02-12 15:20:30.354] STATUS: Listening (English)
[2026-02-12 15:20:36.278] STATUS: Transcribing...
[2026-02-12 15:20:36.306] STATUS: Listening (English)
[2026-02-12 15:20:40.724] STATUS: Transcribing...
[2026-02-12 15:20:40.764] STATUS: Listening (English)
[2026-02-12 15:20:44.576] STATUS: Transcribing...
[2026-02-12 15:20:44.608] STATUS: Listening (English)
[2026-02-12 15:20:49.139] STATUS: Transcribing...
[2026-02-12 15:20:49.168] STATUS: Listening (English)
[2026-02-12 15:20:55.270] STATUS: Transcribing...
[2026-02-12 15:20:55.297] STATUS: Listening (English)
[2026-02-12 15:20:57.561] STATUS: Transcribing...
[2026-02-12 15:20:57.561] STATUS: Listening (English)
[2026-02-12 15:21:01.831] STATUS: Transcribing...
[2026-02-12 15:21:01.859] STATUS: Listening (English)
[2026-02-12 15:21:04.116] STATUS: Transcribing...
[2026-02-12 15:21:04.143] STATUS: Listening (English)
[2026-02-12 15:21:08.137] STATUS: Transcribing...
[2026-02-12 15:21:08.169] STATUS: Listening (English)
[2026-02-12 15:21:12.334] STATUS: Transcribing...
[2026-02-12 15:21:12.363] STATUS: Listening (English)
[2026-02-12 15:21:14.505] STATUS: Transcribing...
[2026-02-12 15:21:14.533] STATUS: Listening (English)
[2026-02-12 15:21:17.228] STATUS: Transcribing...
[2026-02-12 15:21:17.256] STATUS: Listening (English)
[2026-02-12 15:21:27.642] STATUS: Transcribing...
[2026-02-12 15:21:27.671] STATUS: Listening (English)
[2026-02-12 15:21:30.307] STATUS: Transcribing...
[2026-02-12 15:21:30.334] STATUS: Listening (English)
[2026-02-12 15:21:31.971] STATUS: Transcribing...
[2026-02-12 15:21:32.001] STATUS: Listening (English)
[2026-02-12 15:21:36.015] STATUS: Transcribing...
[2026-02-12 15:21:36.043] STATUS: Listening (English)
[2026-02-12 15:21:39.077] STATUS: Transcribing...
[2026-02-12 15:21:39.104] STATUS: Listening (English)
[2026-02-12 15:21:47.679] STATUS: Transcribing...
[2026-02-12 15:21:47.708] STATUS: Listening (English)
[2026-02-12 15:21:59.497] STATUS: Transcribing...
[2026-02-12 15:21:59.523] STATUS: Listening (English)
[2026-02-12 15:22:04.445] STATUS: Transcribing...
[2026-02-12 15:22:04.475] STATUS: Listening (English)
[2026-02-12 15:22:12.691] STATUS: Transcribing...
[2026-02-12 15:22:12.719] STATUS: Listening (English)
[2026-02-12 15:22:17.413] STATUS: No speech detected. Check mic level or device.
[2026-02-12 15:22:55.729] STATUS: App closing requested

--- Close Requested ---
  File "E:\OneDrive - zachthetech.com\Documents\GitHub\python-translation\main.py", line 4275, in <module>
  File "E:\OneDrive - zachthetech.com\Documents\GitHub\python-translation\main.py", line 342, in __init__
    self.root.mainloop()
  File "C:\Users\zachary.price\AppData\Local\Programs\Python\Python310\lib\tkinter\__init__.py", line 1458, in mainloop
    self.tk.mainloop(n)
  File "C:\Users\zachary.price\AppData\Local\Programs\Python\Python310\lib\tkinter\__init__.py", line 1921, in __call__
    return self.func(*args)
  File "E:\OneDrive - zachthetech.com\Documents\GitHub\python-translation\main.py", line 428, in on_closing
    f.write("".join(traceback.format_stack(limit=10)))
[2026-02-12 15:22:55.734] STATUS: Process exiting

--- Process Exit ---
  File "E:\OneDrive - zachthetech.com\Documents\GitHub\python-translation\main.py", line 491, in _log_process_exit
    f.write("".join(traceback.format_stack(limit=10)))
