[2026-02-12 16:40:46.899] STATUS: Listening (English)
[2026-02-12 16:40:52.890] STATUS: No speech detected. Check mic level or device.
[2026-02-12 16:40:56.549] STATUS: Loading faster-whisper model (first run can take a few minutes)...
[2026-02-12 16:40:58.775] STATUS: Local model ready
[2026-02-12 16:41:00.279] STATUS: Listening (English)
[2026-02-12 16:41:00.761] STATUS: Transcribing...
[2026-02-12 16:41:00.796] STATUS: Listening (English)
[2026-02-12 16:41:08.236] STATUS: Transcribing...
[2026-02-12 16:41:08.248] STATUS: Listening (English)
[2026-02-12 16:41:23.561] STATUS: Heard audio but could not recognize speech.
[2026-02-12 16:42:02.099] STATUS: Transcribing...
[2026-02-12 16:42:02.112] STATUS: Listening (English)
[2026-02-12 16:42:07.934] STATUS: Transcribing...
[2026-02-12 16:42:07.969] STATUS: Listening (English)
[2026-02-12 16:42:10.709] STATUS: App closing requested

--- Close Requested ---
  File "E:\OneDrive - zachthetech.com\Documents\GitHub\python-translation\main.py", line 4451, in <module>
    app = TranslationApp()
  File "E:\OneDrive - zachthetech.com\Documents\GitHub\python-translation\main.py", line 349, in __init__
    self.root.mainloop()
  File "C:\Users\zachary.price\AppData\Local\Programs\Python\Python310\lib\tkinter\__init__.py", line 1458, in mainloop
    self.tk.mainloop(n)
  File "C:\Users\zachary.price\AppData\Local\Programs\Python\Python310\lib\tkinter\__init__.py", line 1921, in __call__
    return self.func(*args)
  File "E:\OneDrive - zachthetech.com\Documents\GitHub\python-translation\main.py", line 435, in on_closing
    f.write("".join(traceback.format_stack(limit=10)))
[2026-02-12 16:42:10.715] STATUS: Process exiting

--- Process Exit ---
  File "E:\OneDrive - zachthetech.com\Documents\GitHub\python-translation\main.py", line 498, in _log_process_exit
    f.write("".join(traceback.format_stack(limit=10)))
