[2026-02-13 00:28:27.412] STATUS: Listening (English)
[2026-02-13 00:28:34.300] STATUS: Apply clicked
[2026-02-13 00:28:34.605] STATUS: Settings applied
[2026-02-13 00:28:34.606] STATUS: Apply finished
[2026-02-13 00:28:35.062] STATUS: Listening (English)
[2026-02-13 00:28:47.793] STATUS: No speech detected. Check mic level or device.
[2026-02-13 00:32:18.811] STATUS: Apply clicked
[2026-02-13 00:32:21.673] STATUS: Settings applied
[2026-02-13 00:32:21.676] STATUS: Apply finished
[2026-02-13 00:32:22.313] STATUS: Listening (English)
[2026-02-13 00:32:42.583] STATUS: No speech detected. Check mic level or device.
[2026-02-13 00:33:09.687] STATUS: App closing requested

--- Close Requested ---
  File "E:\OneDrive - zachthetech.com\Documents\GitHub\python-translation\main.py", line 5161, in <module>
    app = TranslationApp()
  File "E:\OneDrive - zachthetech.com\Documents\GitHub\python-translation\main.py", line 376, in __init__
    self.root.mainloop()
  File "C:\Users\zachary.price\AppData\Local\Programs\Python\Python310\lib\tkinter\__init__.py", line 1458, in mainloop
    self.tk.mainloop(n)
  File "C:\Users\zachary.price\AppData\Local\Programs\Python\Python310\lib\tkinter\__init__.py", line 1921, in __call__
    return self.func(*args)
  File "E:\OneDrive - zachthetech.com\Documents\GitHub\python-translation\main.py", line 462, in on_closing
    f.write("".join(traceback.format_stack(limit=10)))
[2026-02-13 00:33:09.696] STATUS: Process exiting

--- Process Exit ---
  File "E:\OneDrive - zachthetech.com\Documents\GitHub\python-translation\main.py", line 525, in _log_process_exit
    f.write("".join(traceback.format_stack(limit=10)))
