[2026-02-12 17:29:21.624] STATUS: Listening (English)
[2026-02-12 17:29:32.364] STATUS: Loading faster-whisper model (first run can take a few minutes)...
[2026-02-12 17:29:34.676] STATUS: Local model ready
[2026-02-12 17:29:36.183] STATUS: Listening (English)
[2026-02-12 17:29:37.039] STATUS: Transcribing...
[2026-02-12 17:29:37.077] STATUS: Listening (English)
[2026-02-12 17:29:43.528] STATUS: Transcribing...
[2026-02-12 17:29:43.559] STATUS: Listening (English)
[2026-02-12 17:29:47.725] STATUS: Transcribing...
[2026-02-12 17:29:47.726] STATUS: Listening (English)
[2026-02-12 17:29:59.599] STATUS: Transcribing...
[2026-02-12 17:29:59.642] STATUS: Listening (English)
[2026-02-12 17:30:09.533] STATUS: Transcribing...
[2026-02-12 17:30:09.570] STATUS: Listening (English)
[2026-02-12 17:30:19.152] STATUS: Transcribing...
[2026-02-12 17:30:19.189] STATUS: Listening (English)
[2026-02-12 17:30:30.289] STATUS: Transcribing...
[2026-02-12 17:30:30.323] STATUS: Listening (English)
[2026-02-12 17:30:37.690] STATUS: Transcribing...
[2026-02-12 17:30:37.726] STATUS: Listening (English)
[2026-02-12 17:30:47.432] STATUS: Transcribing...
[2026-02-12 17:30:47.472] STATUS: Listening (English)
[2026-02-12 17:30:58.981] STATUS: Transcribing...
[2026-02-12 17:30:59.017] STATUS: Listening (English)
[2026-02-12 17:31:00.913] STATUS: Transcribing...
[2026-02-12 17:31:00.914] STATUS: Listening (English)
[2026-02-12 17:31:03.960] STATUS: App closing requested

--- Close Requested ---
  File "E:\OneDrive - zachthetech.com\Documents\GitHub\python-translation\main.py", line 4695, in <module>
    app = TranslationApp()
  File "E:\OneDrive - zachthetech.com\Documents\GitHub\python-translation\main.py", line 362, in __init__
    self.root.mainloop()
  File "C:\Users\zachary.price\AppData\Local\Programs\Python\Python310\lib\tkinter\__init__.py", line 1458, in mainloop
    self.tk.mainloop(n)
  File "C:\Users\zachary.price\AppData\Local\Programs\Python\Python310\lib\tkinter\__init__.py", line 1921, in __call__
    return self.func(*args)
  File "E:\OneDrive - zachthetech.com\Documents\GitHub\python-translation\main.py", line 448, in on_closing
    f.write("".join(traceback.format_stack(limit=10)))
[2026-02-12 17:31:03.966] STATUS: Process exiting

--- Process Exit ---
  File "E:\OneDrive - zachthetech.com\Documents\GitHub\python-translation\main.py", line 511, in _log_process_exit
    f.write("".join(traceback.format_stack(limit=10)))
