[2026-02-06 23:25:13.877] STATUS: Listening (English)
[2026-02-06 23:25:22.583] STATUS: Translating...
[2026-02-06 23:25:25.528] STATUS: Listening (English)
[2026-02-06 23:25:34.980] STATUS: Translating...
[2026-02-06 23:25:36.093] STATUS: Listening (English)
[2026-02-06 23:25:38.085] STATUS: Translating...
[2026-02-06 23:25:39.135] STATUS: Listening (English)
[2026-02-06 23:25:52.267] STATUS: No speech detected. Check mic level or device.
[2026-02-06 23:28:16.612] STATUS: App closing requested

--- Close Requested ---
  File "E:\OneDrive - zachthetech.com\Documents\GitHub\python-translation\main.py", line 3600, in <module>
    app = TranslationApp()
  File "E:\OneDrive - zachthetech.com\Documents\GitHub\python-translation\main.py", line 308, in __init__
    self.root.mainloop()
  File "C:\Users\zachary.price\AppData\Local\Programs\Python\Python310\lib\tkinter\__init__.py", line 1458, in mainloop
    self.tk.mainloop(n)
  File "C:\Users\zachary.price\AppData\Local\Programs\Python\Python310\lib\tkinter\__init__.py", line 1921, in __call__
    return self.func(*args)
  File "E:\OneDrive - zachthetech.com\Documents\GitHub\python-translation\main.py", line 394, in on_closing
    f.write("".join(traceback.format_stack(limit=10)))
[2026-02-06 23:28:16.625] STATUS: Process exiting

--- Process Exit ---
  File "E:\OneDrive - zachthetech.com\Documents\GitHub\python-translation\main.py", line 457, in _log_process_exit
    f.write("".join(traceback.format_stack(limit=10)))
