[2026-02-12 17:56:03.105] STATUS: Listening (English)
[2026-02-12 17:56:09.881] STATUS: Transcribing...
[2026-02-12 17:56:09.885] STATUS: Listening (English)
[2026-02-12 17:56:21.747] STATUS: Transcribing...
[2026-02-12 17:56:21.749] STATUS: Listening (English)
[2026-02-12 17:56:31.022] STATUS: Transcribing...
[2026-02-12 17:56:31.023] STATUS: Listening (English)
[2026-02-12 17:56:34.185] STATUS: Transcribing...
[2026-02-12 17:56:34.186] STATUS: Listening (English)
[2026-02-12 17:56:44.940] STATUS: Transcribing...
[2026-02-12 17:56:44.942] STATUS: Listening (English)
[2026-02-12 17:56:49.063] STATUS: Transcribing...
[2026-02-12 17:56:49.068] STATUS: Listening (English)
[2026-02-12 17:56:55.474] STATUS: Transcribing...
[2026-02-12 17:56:55.474] STATUS: Listening (English)
[2026-02-12 17:57:06.311] STATUS: Transcribing...
[2026-02-12 17:57:06.311] STATUS: Listening (English)
[2026-02-12 17:57:16.109] STATUS: Transcribing...
[2026-02-12 17:57:16.110] STATUS: Listening (English)
[2026-02-12 17:57:26.281] STATUS: Transcribing...
[2026-02-12 17:57:26.282] STATUS: Listening (English)
[2026-02-12 17:57:30.122] STATUS: Transcribing...
[2026-02-12 17:57:30.123] STATUS: Listening (English)
[2026-02-12 17:57:33.711] STATUS: Transcribing...
[2026-02-12 17:57:33.712] STATUS: Listening (English)
[2026-02-12 17:57:40.183] STATUS: Transcribing...
[2026-02-12 17:57:40.184] STATUS: Listening (English)
[2026-02-12 17:57:50.481] STATUS: Transcribing...
[2026-02-12 17:57:50.482] STATUS: Listening (English)
[2026-02-12 17:57:54.963] STATUS: Transcribing...
[2026-02-12 17:57:54.964] STATUS: Listening (English)
[2026-02-12 17:57:57.106] STATUS: Transcribing...
[2026-02-12 17:57:57.107] STATUS: Listening (English)
[2026-02-12 17:58:05.258] STATUS: Transcribing...
[2026-02-12 17:58:05.260] STATUS: Listening (English)
[2026-02-12 17:58:15.617] STATUS: Transcribing...
[2026-02-12 17:58:15.618] STATUS: Listening (English)
[2026-02-12 17:58:24.556] STATUS: Transcribing...
[2026-02-12 17:58:24.557] STATUS: Listening (English)
[2026-02-12 17:58:33.886] STATUS: Transcribing...
[2026-02-12 17:58:33.887] STATUS: Listening (English)
[2026-02-12 17:58:44.404] STATUS: Transcribing...
[2026-02-12 17:58:44.405] STATUS: Listening (English)
[2026-02-12 17:58:54.445] STATUS: Transcribing...
[2026-02-12 17:58:54.445] STATUS: Listening (English)
[2026-02-12 17:58:57.605] STATUS: App closing requested

--- Close Requested ---
  File "E:\OneDrive - zachthetech.com\Documents\GitHub\python-translation\main.py", line 4765, in <module>
    app = TranslationApp()
  File "E:\OneDrive - zachthetech.com\Documents\GitHub\python-translation\main.py", line 365, in __init__
    self.root.mainloop()
  File "C:\Users\zachary.price\AppData\Local\Programs\Python\Python310\lib\tkinter\__init__.py", line 1458, in mainloop
    self.tk.mainloop(n)
  File "C:\Users\zachary.price\AppData\Local\Programs\Python\Python310\lib\tkinter\__init__.py", line 1921, in __call__
    return self.func(*args)
  File "E:\OneDrive - zachthetech.com\Documents\GitHub\python-translation\main.py", line 451, in on_closing
    f.write("".join(traceback.format_stack(limit=10)))
[2026-02-12 17:58:57.612] STATUS: Process exiting

--- Process Exit ---
  File "E:\OneDrive - zachthetech.com\Documents\GitHub\python-translation\main.py", line 514, in _log_process_exit
    f.write("".join(traceback.format_stack(limit=10)))
