[2026-02-12 17:37:29.170] STATUS: Listening (English)
[2026-02-12 17:37:32.060] STATUS: Loading faster-whisper model (first run can take a few minutes)...
[2026-02-12 17:37:34.769] STATUS: Local model ready
[2026-02-12 17:37:36.280] STATUS: Listening (English)
[2026-02-12 17:37:36.667] STATUS: Transcribing...
[2026-02-12 17:37:36.710] STATUS: Listening (English)
[2026-02-12 17:37:45.238] STATUS: Transcribing...
[2026-02-12 17:37:45.273] STATUS: Listening (English)
[2026-02-12 17:37:54.865] STATUS: Transcribing...
[2026-02-12 17:37:54.903] STATUS: Listening (English)
[2026-02-12 17:38:04.334] STATUS: Transcribing...
[2026-02-12 17:38:04.375] STATUS: Listening (English)
[2026-02-12 17:38:08.393] STATUS: Transcribing...
[2026-02-12 17:38:08.394] STATUS: Listening (English)
[2026-02-12 17:38:13.960] STATUS: Transcribing...
[2026-02-12 17:38:13.962] STATUS: Listening (English)
[2026-02-12 17:38:14.896] STATUS: Apply clicked
[2026-02-12 17:38:22.564] STATUS: Settings applied
[2026-02-12 17:38:22.564] STATUS: Apply finished
[2026-02-12 17:38:23.217] STATUS: Listening (English)
[2026-02-12 17:38:25.312] STATUS: Transcribing...
[2026-02-12 17:38:25.351] STATUS: Listening (English)
[2026-02-12 17:38:32.760] STATUS: Transcribing...
[2026-02-12 17:38:32.795] STATUS: Listening (English)
[2026-02-12 17:38:42.100] STATUS: Transcribing...
[2026-02-12 17:38:42.137] STATUS: Listening (English)
[2026-02-12 17:38:47.089] STATUS: Transcribing...
[2026-02-12 17:38:47.147] STATUS: Listening (English)
[2026-02-12 17:38:58.448] STATUS: Transcribing...
[2026-02-12 17:38:58.485] STATUS: Listening (English)
[2026-02-12 17:39:06.651] STATUS: Transcribing...
[2026-02-12 17:39:06.715] STATUS: Listening (English)
[2026-02-12 17:39:09.223] STATUS: Transcribing...
[2026-02-12 17:39:09.270] STATUS: Listening (English)
[2026-02-12 17:39:18.860] STATUS: Transcribing...
[2026-02-12 17:39:18.896] STATUS: Listening (English)
[2026-02-12 17:39:29.967] STATUS: Transcribing...
[2026-02-12 17:39:30.007] STATUS: Listening (English)
[2026-02-12 17:40:37.469] STATUS: Transcribing...
[2026-02-12 17:40:37.527] STATUS: Listening (English)
[2026-02-12 17:40:43.314] STATUS: Transcribing...
[2026-02-12 17:40:43.372] STATUS: Listening (English)
[2026-02-12 17:40:50.335] STATUS: Transcribing...
[2026-02-12 17:40:50.374] STATUS: Listening (English)
[2026-02-12 17:41:00.684] STATUS: Transcribing...
[2026-02-12 17:41:00.720] STATUS: Listening (English)
[2026-02-12 17:41:04.038] STATUS: Transcribing...
[2026-02-12 17:41:04.039] STATUS: Listening (English)
[2026-02-12 17:41:15.045] STATUS: Transcribing...
[2026-02-12 17:41:15.082] STATUS: Listening (English)
[2026-02-12 17:41:21.606] STATUS: Transcribing...
[2026-02-12 17:41:21.642] STATUS: Listening (English)
[2026-02-12 17:41:31.828] STATUS: Transcribing...
[2026-02-12 17:41:31.872] STATUS: Listening (English)
[2026-02-12 17:41:33.894] STATUS: Transcribing...
[2026-02-12 17:41:33.895] STATUS: Listening (English)
[2026-02-12 17:41:40.689] STATUS: Transcribing...
[2026-02-12 17:41:40.724] STATUS: Listening (English)
[2026-02-12 17:41:42.896] STATUS: Transcribing...
[2026-02-12 17:41:42.931] STATUS: Listening (English)
[2026-02-12 17:41:48.370] STATUS: Transcribing...
[2026-02-12 17:41:48.424] STATUS: Listening (English)
[2026-02-12 17:41:51.331] STATUS: Transcribing...
[2026-02-12 17:41:51.372] STATUS: Listening (English)
[2026-02-12 17:41:55.070] STATUS: Transcribing...
[2026-02-12 17:41:55.109] STATUS: Listening (English)
[2026-02-12 17:42:04.954] STATUS: Transcribing...
[2026-02-12 17:42:04.993] STATUS: Listening (English)
[2026-02-12 17:42:11.091] STATUS: Transcribing...
[2026-02-12 17:42:11.128] STATUS: Listening (English)
[2026-02-12 17:42:14.293] STATUS: Transcribing...
[2026-02-12 17:42:14.330] STATUS: Listening (English)
[2026-02-12 17:42:19.173] STATUS: Transcribing...
[2026-02-12 17:42:19.210] STATUS: Listening (English)
[2026-02-12 17:42:27.017] STATUS: Transcribing...
[2026-02-12 17:42:27.053] STATUS: Listening (English)
[2026-02-12 17:42:37.215] STATUS: Transcribing...
[2026-02-12 17:42:37.250] STATUS: Listening (English)
[2026-02-12 17:42:44.171] STATUS: Transcribing...
[2026-02-12 17:42:44.207] STATUS: Listening (English)
[2026-02-12 17:42:46.068] STATUS: Transcribing...
[2026-02-12 17:42:46.069] STATUS: Listening (English)
[2026-02-12 17:42:56.698] STATUS: Transcribing...
[2026-02-12 17:42:56.737] STATUS: Listening (English)
[2026-02-12 17:43:03.369] STATUS: Transcribing...
[2026-02-12 17:43:03.409] STATUS: Listening (English)
[2026-02-12 17:43:05.035] STATUS: Transcribing...
[2026-02-12 17:43:05.036] STATUS: Listening (English)
[2026-02-12 17:43:10.495] STATUS: Transcribing...
[2026-02-12 17:43:10.534] STATUS: Listening (English)
[2026-02-12 17:43:13.894] STATUS: Transcribing...
[2026-02-12 17:43:13.930] STATUS: Listening (English)
[2026-02-12 17:43:17.013] STATUS: Transcribing...
[2026-02-12 17:43:17.050] STATUS: Listening (English)
[2026-02-12 17:43:23.010] STATUS: Transcribing...
[2026-02-12 17:43:23.045] STATUS: Listening (English)
[2026-02-12 17:43:27.333] STATUS: Transcribing...
[2026-02-12 17:43:27.370] STATUS: Listening (English)
[2026-02-12 17:43:33.294] STATUS: Transcribing...
[2026-02-12 17:43:33.333] STATUS: Listening (English)
[2026-02-12 17:43:38.162] STATUS: Transcribing...
[2026-02-12 17:43:38.202] STATUS: Listening (English)
[2026-02-12 17:43:45.206] STATUS: Transcribing...
[2026-02-12 17:43:45.247] STATUS: Listening (English)
[2026-02-12 17:43:49.444] STATUS: Transcribing...
[2026-02-12 17:43:49.445] STATUS: Listening (English)
[2026-02-12 17:43:54.394] STATUS: Transcribing...
[2026-02-12 17:43:54.434] STATUS: Listening (English)
[2026-02-12 17:43:58.569] STATUS: Transcribing...
[2026-02-12 17:43:58.605] STATUS: Listening (English)
[2026-02-12 17:44:02.844] STATUS: Transcribing...
[2026-02-12 17:44:02.886] STATUS: Listening (English)
[2026-02-12 17:44:08.445] STATUS: Transcribing...
[2026-02-12 17:44:08.482] STATUS: Listening (English)
[2026-02-12 17:44:11.884] STATUS: Transcribing...
[2026-02-12 17:44:11.924] STATUS: Listening (English)
[2026-02-12 17:44:19.610] STATUS: Transcribing...
[2026-02-12 17:44:19.647] STATUS: Listening (English)
[2026-02-12 17:44:29.447] STATUS: Transcribing...
[2026-02-12 17:44:29.487] STATUS: Listening (English)
[2026-02-12 17:44:35.445] STATUS: Transcribing...
[2026-02-12 17:44:35.446] STATUS: Listening (English)
[2026-02-12 17:44:47.039] STATUS: Transcribing...
[2026-02-12 17:44:47.078] STATUS: Listening (English)
[2026-02-12 17:44:59.146] STATUS: Transcribing...
[2026-02-12 17:44:59.219] STATUS: Listening (English)
[2026-02-12 17:45:08.840] STATUS: Transcribing...
[2026-02-12 17:45:08.884] STATUS: Listening (English)
[2026-02-12 17:45:19.756] STATUS: Transcribing...
[2026-02-12 17:45:19.791] STATUS: Listening (English)
[2026-02-12 17:45:30.500] STATUS: Transcribing...
[2026-02-12 17:45:30.522] STATUS: Listening (English)
[2026-02-12 17:45:37.783] STATUS: Transcribing...
[2026-02-12 17:45:37.819] STATUS: Listening (English)
[2026-02-12 17:45:47.389] STATUS: Transcribing...
[2026-02-12 17:45:47.432] STATUS: Listening (English)
[2026-02-12 17:45:59.121] STATUS: Transcribing...
[2026-02-12 17:45:59.162] STATUS: Listening (English)
[2026-02-12 17:46:03.288] STATUS: Transcribing...
[2026-02-12 17:46:03.328] STATUS: Listening (English)
[2026-02-12 17:46:13.405] STATUS: Transcribing...
[2026-02-12 17:46:13.445] STATUS: Listening (English)
[2026-02-12 17:46:21.507] STATUS: Transcribing...
[2026-02-12 17:46:21.552] STATUS: Listening (English)
[2026-02-12 17:46:26.546] STATUS: Transcribing...
[2026-02-12 17:46:26.548] STATUS: Listening (English)
[2026-02-12 17:46:29.681] STATUS: Transcribing...
[2026-02-12 17:46:29.683] STATUS: Listening (English)
[2026-02-12 17:46:31.886] STATUS: Transcribing...
[2026-02-12 17:46:31.887] STATUS: Listening (English)
[2026-02-12 17:46:37.084] STATUS: Transcribing...
[2026-02-12 17:46:37.138] STATUS: Listening (English)
[2026-02-12 17:46:39.600] STATUS: Transcribing...
[2026-02-12 17:46:39.636] STATUS: Listening (English)
[2026-02-12 17:46:49.889] STATUS: Transcribing...
[2026-02-12 17:46:49.927] STATUS: Listening (English)
[2026-02-12 17:47:00.584] STATUS: Transcribing...
[2026-02-12 17:47:00.624] STATUS: Listening (English)
[2026-02-12 17:47:02.811] STATUS: Transcribing...
[2026-02-12 17:47:02.812] STATUS: Listening (English)
[2026-02-12 17:47:05.281] STATUS: Transcribing...
[2026-02-12 17:47:05.320] STATUS: Listening (English)
[2026-02-12 17:47:15.636] STATUS: Transcribing...
[2026-02-12 17:47:15.675] STATUS: Listening (English)
[2026-02-12 17:47:26.393] STATUS: Transcribing...
[2026-02-12 17:47:26.444] STATUS: Listening (English)
[2026-02-12 17:47:32.293] STATUS: Transcribing...
[2026-02-12 17:47:32.332] STATUS: Listening (English)
[2026-02-12 17:47:35.043] STATUS: Transcribing...
[2026-02-12 17:47:35.079] STATUS: Listening (English)
[2026-02-12 17:47:39.481] STATUS: Transcribing...
[2026-02-12 17:47:39.524] STATUS: Listening (English)
[2026-02-12 17:47:46.370] STATUS: Transcribing...
[2026-02-12 17:47:46.408] STATUS: Listening (English)
[2026-02-12 17:47:48.359] STATUS: Transcribing...
[2026-02-12 17:47:48.395] STATUS: Listening (English)
[2026-02-12 17:47:54.101] STATUS: Transcribing...
[2026-02-12 17:47:54.139] STATUS: Listening (English)
[2026-02-12 17:48:04.880] STATUS: Transcribing...
[2026-02-12 17:48:04.895] STATUS: Listening (English)
[2026-02-12 17:48:13.287] STATUS: Transcribing...
[2026-02-12 17:48:13.303] STATUS: Listening (English)
[2026-02-12 17:48:17.976] STATUS: Transcribing...
[2026-02-12 17:48:18.006] STATUS: Listening (English)
[2026-02-12 17:48:28.254] STATUS: Transcribing...
[2026-02-12 17:48:28.283] STATUS: Listening (English)
[2026-02-12 17:48:38.489] STATUS: Transcribing...
[2026-02-12 17:48:38.522] STATUS: Listening (English)
[2026-02-12 17:48:45.471] STATUS: Transcribing...
[2026-02-12 17:48:45.513] STATUS: Listening (English)
[2026-02-12 17:48:55.689] STATUS: Transcribing...
[2026-02-12 17:48:55.723] STATUS: Listening (English)
[2026-02-12 17:49:05.797] STATUS: Transcribing...
[2026-02-12 17:49:05.825] STATUS: Listening (English)
[2026-02-12 17:49:12.815] STATUS: Transcribing...
[2026-02-12 17:49:12.855] STATUS: Listening (English)
[2026-02-12 17:49:19.668] STATUS: Transcribing...
[2026-02-12 17:49:19.726] STATUS: Listening (English)
[2026-02-12 17:49:22.099] STATUS: Transcribing...
[2026-02-12 17:49:22.100] STATUS: Listening (English)
[2026-02-12 17:49:28.305] STATUS: Transcribing...
[2026-02-12 17:49:28.337] STATUS: Listening (English)
[2026-02-12 17:49:38.738] STATUS: Transcribing...
[2026-02-12 17:49:38.769] STATUS: Listening (English)
[2026-02-12 17:49:49.644] STATUS: Transcribing...
[2026-02-12 17:49:49.677] STATUS: Listening (English)
[2026-02-12 17:49:54.083] STATUS: App closing requested

--- Close Requested ---
  File "E:\OneDrive - zachthetech.com\Documents\GitHub\python-translation\main.py", line 4695, in <module>
    self.text_canvas.update_idletasks()
  File "E:\OneDrive - zachthetech.com\Documents\GitHub\python-translation\main.py", line 362, in __init__
    self.thread.start()
  File "C:\Users\zachary.price\AppData\Local\Programs\Python\Python310\lib\tkinter\__init__.py", line 1458, in mainloop
    self.tk.mainloop(n)
  File "C:\Users\zachary.price\AppData\Local\Programs\Python\Python310\lib\tkinter\__init__.py", line 1921, in __call__
    return self.func(*args)
  File "E:\OneDrive - zachthetech.com\Documents\GitHub\python-translation\main.py", line 448, in on_closing
    self._log_status("App closing requested")
[2026-02-12 17:49:54.090] STATUS: Process exiting

--- Process Exit ---
  File "E:\OneDrive - zachthetech.com\Documents\GitHub\python-translation\main.py", line 511, in _log_process_exit
    self._log_status("Process exiting")
