[2026-02-12 17:24:26.432] STATUS: Listening (English)
[2026-02-12 17:24:28.954] STATUS: Loading faster-whisper model (first run can take a few minutes)...
[2026-02-12 17:24:31.273] STATUS: Local model ready
[2026-02-12 17:24:32.785] STATUS: Listening (English)
[2026-02-12 17:24:33.202] STATUS: Transcribing...
[2026-02-12 17:24:33.243] STATUS: Listening (English)
[2026-02-12 17:24:35.371] STATUS: Transcribing...
[2026-02-12 17:24:35.372] STATUS: Listening (English)
[2026-02-12 17:24:36.782] STATUS: Transcribing...
[2026-02-12 17:24:36.783] STATUS: Listening (English)
[2026-02-12 17:24:39.305] STATUS: Transcribing...
[2026-02-12 17:24:39.349] STATUS: Listening (English)
[2026-02-12 17:24:41.479] STATUS: Transcribing...
[2026-02-12 17:24:41.520] STATUS: Listening (English)
[2026-02-12 17:24:44.709] STATUS: Transcribing...
[2026-02-12 17:24:44.749] STATUS: Listening (English)
[2026-02-12 17:24:46.739] STATUS: Transcribing...
[2026-02-12 17:24:46.778] STATUS: Listening (English)
[2026-02-12 17:24:51.423] STATUS: Transcribing...
[2026-02-12 17:24:51.466] STATUS: Listening (English)
[2026-02-12 17:24:55.963] STATUS: Transcribing...
[2026-02-12 17:24:56.003] STATUS: Listening (English)
[2026-02-12 17:25:00.594] STATUS: Transcribing...
[2026-02-12 17:25:00.625] STATUS: Listening (English)
[2026-02-12 17:25:05.655] STATUS: Transcribing...
[2026-02-12 17:25:05.688] STATUS: Listening (English)
[2026-02-12 17:25:10.322] STATUS: Transcribing...
[2026-02-12 17:25:10.376] STATUS: Listening (English)
[2026-02-12 17:25:20.775] STATUS: Transcribing...
[2026-02-12 17:25:20.790] STATUS: Listening (English)
[2026-02-12 17:25:30.256] STATUS: Transcribing...
[2026-02-12 17:25:30.295] STATUS: Listening (English)
[2026-02-12 17:25:38.251] STATUS: Transcribing...
[2026-02-12 17:25:38.253] STATUS: Listening (English)
[2026-02-12 17:25:48.479] STATUS: Transcribing...
[2026-02-12 17:25:48.483] STATUS: Listening (English)
[2026-02-12 17:25:56.876] STATUS: Transcribing...
[2026-02-12 17:25:56.877] STATUS: Listening (English)
[2026-02-12 17:26:01.789] STATUS: Transcribing...
[2026-02-12 17:26:01.790] STATUS: Listening (English)
[2026-02-12 17:26:07.064] STATUS: Transcribing...
[2026-02-12 17:26:07.065] STATUS: Listening (English)
[2026-02-12 17:26:11.844] STATUS: Transcribing...
[2026-02-12 17:26:11.860] STATUS: Listening (English)
[2026-02-12 17:26:12.724] STATUS: App closing requested

--- Close Requested ---
  File "E:\OneDrive - zachthetech.com\Documents\GitHub\python-translation\main.py", line 4644, in <module>
    app = TranslationApp()
  File "E:\OneDrive - zachthetech.com\Documents\GitHub\python-translation\main.py", line 360, in __init__
    self.root.mainloop()
  File "C:\Users\zachary.price\AppData\Local\Programs\Python\Python310\lib\tkinter\__init__.py", line 1458, in mainloop
    self.tk.mainloop(n)
  File "C:\Users\zachary.price\AppData\Local\Programs\Python\Python310\lib\tkinter\__init__.py", line 1921, in __call__
    return self.func(*args)
  File "E:\OneDrive - zachthetech.com\Documents\GitHub\python-translation\main.py", line 446, in on_closing
    f.write("".join(traceback.format_stack(limit=10)))
[2026-02-12 17:26:12.730] STATUS: Process exiting

--- Process Exit ---
  File "E:\OneDrive - zachthetech.com\Documents\GitHub\python-translation\main.py", line 509, in _log_process_exit
    f.write("".join(traceback.format_stack(limit=10)))
