[2026-02-13 13:07:17.398] STATUS: Listening (Spanish)
[2026-02-13 13:07:30.701] STATUS: Translating...
[2026-02-13 13:07:31.439] STATUS: Listening (Spanish)
[2026-02-13 13:07:55.094] STATUS: Apply clicked
[2026-02-13 13:07:56.264] STATUS: Settings applied
[2026-02-13 13:07:56.265] STATUS: Apply finished
[2026-02-13 13:07:56.726] STATUS: Listening (Spanish)
[2026-02-13 13:08:25.622] STATUS: Translating...
[2026-02-13 13:08:26.372] STATUS: Listening (Spanish)
[2026-02-13 13:09:01.023] STATUS: Translating...
[2026-02-13 13:09:01.521] STATUS: Listening (Spanish)
[2026-02-13 13:09:15.259] STATUS: Translating...
[2026-02-13 13:09:16.000] STATUS: Listening (Spanish)
[2026-02-13 13:09:29.581] STATUS: Translating...
[2026-02-13 13:09:30.286] STATUS: Listening (Spanish)
[2026-02-13 13:09:34.970] STATUS: Translating...
[2026-02-13 13:09:35.625] STATUS: Listening (Spanish)
[2026-02-13 13:09:39.077] STATUS: Translating...
[2026-02-13 13:09:39.908] STATUS: Listening (Spanish)
[2026-02-13 13:09:43.390] STATUS: Translating...
[2026-02-13 13:09:44.066] STATUS: Listening (Spanish)
[2026-02-13 13:09:46.524] STATUS: Translating...
[2026-02-13 13:09:47.095] STATUS: Listening (Spanish)
[2026-02-13 13:09:49.750] STATUS: Translating...
[2026-02-13 13:09:50.249] STATUS: Listening (Spanish)
[2026-02-13 13:09:53.352] STATUS: Translating...
[2026-02-13 13:09:54.049] STATUS: Listening (Spanish)
[2026-02-13 13:09:55.017] STATUS: Translating...
[2026-02-13 13:09:55.521] STATUS: Listening (Spanish)
[2026-02-13 13:09:56.635] STATUS: Translating...
[2026-02-13 13:09:57.257] STATUS: Listening (Spanish)
[2026-02-13 13:09:58.963] STATUS: Translating...
[2026-02-13 13:09:59.846] STATUS: Listening (Spanish)
[2026-02-13 13:10:02.218] STATUS: Translating...
[2026-02-13 13:10:02.799] STATUS: Listening (Spanish)
[2026-02-13 13:10:06.288] STATUS: Translating...
[2026-02-13 13:10:06.957] STATUS: Listening (Spanish)
[2026-02-13 13:10:12.111] STATUS: Translating...
[2026-02-13 13:10:12.651] STATUS: Listening (Spanish)
[2026-02-13 13:10:25.908] STATUS: Translating...
[2026-02-13 13:10:27.240] STATUS: Listening (Spanish)
[2026-02-13 13:10:28.709] STATUS: Translating...
[2026-02-13 13:10:29.383] STATUS: Listening (Spanish)
[2026-02-13 13:10:31.576] STATUS: Translating...
[2026-02-13 13:10:32.160] STATUS: Listening (Spanish)
[2026-02-13 13:10:33.285] STATUS: Translating...
[2026-02-13 13:10:33.836] STATUS: Listening (Spanish)
[2026-02-13 13:10:38.866] STATUS: Translating...
[2026-02-13 13:10:39.794] STATUS: Listening (Spanish)
[2026-02-13 13:10:45.718] STATUS: Translating...
[2026-02-13 13:10:46.250] STATUS: Listening (Spanish)
[2026-02-13 13:10:49.639] STATUS: Translating...
[2026-02-13 13:10:50.228] STATUS: Listening (Spanish)
[2026-02-13 13:10:56.468] STATUS: Translating...
[2026-02-13 13:10:57.028] STATUS: Listening (Spanish)
[2026-02-13 13:10:59.760] STATUS: Translating...
[2026-02-13 13:11:00.324] STATUS: Listening (Spanish)
[2026-02-13 13:11:06.832] STATUS: Translating...
[2026-02-13 13:11:08.002] STATUS: Listening (Spanish)
[2026-02-13 13:11:13.192] STATUS: Translating...
[2026-02-13 13:11:14.263] STATUS: Listening (Spanish)
[2026-02-13 13:11:26.428] STATUS: Translating...
[2026-02-13 13:11:27.198] STATUS: Listening (Spanish)
[2026-02-13 13:11:31.067] STATUS: Translating...
[2026-02-13 13:11:31.744] STATUS: Listening (Spanish)
[2026-02-13 13:11:35.942] STATUS: Translating...
[2026-02-13 13:11:36.497] STATUS: Listening (Spanish)
[2026-02-13 13:11:38.729] STATUS: Translating...
[2026-02-13 13:11:39.264] STATUS: Listening (Spanish)
[2026-02-13 13:11:41.372] STATUS: Translating...
[2026-02-13 13:11:42.031] STATUS: Listening (Spanish)
[2026-02-13 13:11:44.835] STATUS: Translating...
[2026-02-13 13:11:45.480] STATUS: Listening (Spanish)
[2026-02-13 13:11:47.410] STATUS: Translating...
[2026-02-13 13:11:48.011] STATUS: Listening (Spanish)
[2026-02-13 13:11:50.909] STATUS: Translating...
[2026-02-13 13:11:51.497] STATUS: Listening (Spanish)
[2026-02-13 13:11:56.672] STATUS: Translating...
[2026-02-13 13:11:57.306] STATUS: Listening (Spanish)
[2026-02-13 13:11:57.985] STATUS: Translating...
[2026-02-13 13:11:58.690] STATUS: Listening (Spanish)
[2026-02-13 13:12:01.600] STATUS: Translating...
[2026-02-13 13:12:02.347] STATUS: Listening (Spanish)
[2026-02-13 13:12:06.832] STATUS: Translating...
[2026-02-13 13:12:07.689] STATUS: Listening (Spanish)
[2026-02-13 13:12:10.699] STATUS: Translating...
[2026-02-13 13:12:11.264] STATUS: Listening (Spanish)
[2026-02-13 13:12:13.164] STATUS: Translating...
[2026-02-13 13:12:13.809] STATUS: Listening (Spanish)
[2026-02-13 13:12:18.018] STATUS: Translating...
[2026-02-13 13:12:18.837] STATUS: Listening (Spanish)
[2026-02-13 13:12:22.838] STATUS: Apply clicked
[2026-02-13 13:12:23.453] STATUS: Translating...
[2026-02-13 13:12:27.189] STATUS: Settings applied
[2026-02-13 13:12:27.191] STATUS: Apply finished
[2026-02-13 13:12:27.646] STATUS: Listening (Spanish)
[2026-02-13 13:12:33.804] STATUS: Loading faster-whisper model (first run can take a few minutes)...
[2026-02-13 13:12:37.661] STATUS: Local model ready
[2026-02-13 13:12:39.167] STATUS: Listening (Spanish)
[2026-02-13 13:12:41.175] STATUS: Translating...
[2026-02-13 13:12:42.314] STATUS: Listening (Spanish)
[2026-02-13 13:12:56.820] STATUS: Heard audio but could not recognize speech.
[2026-02-13 13:13:11.390] STATUS: Translating...
[2026-02-13 13:13:12.185] STATUS: Listening (Spanish)
[2026-02-13 13:13:15.770] STATUS: Translating...
[2026-02-13 13:13:16.405] STATUS: Listening (Spanish)
[2026-02-13 13:13:24.609] STATUS: Translating...
[2026-02-13 13:13:25.253] STATUS: Listening (Spanish)
[2026-02-13 13:13:32.596] STATUS: Translating...
[2026-02-13 13:13:33.215] STATUS: Listening (Spanish)
[2026-02-13 13:13:37.524] STATUS: Translating...
[2026-02-13 13:13:38.152] STATUS: Listening (Spanish)
[2026-02-13 13:13:44.363] STATUS: Heard audio but could not recognize speech.
[2026-02-13 13:13:49.976] STATUS: Translating...
[2026-02-13 13:13:50.587] STATUS: Listening (Spanish)
[2026-02-13 13:14:02.351] STATUS: Translating...
[2026-02-13 13:14:03.122] STATUS: Listening (Spanish)
[2026-02-13 13:14:12.678] STATUS: Translating...
[2026-02-13 13:14:13.478] STATUS: Listening (Spanish)
[2026-02-13 13:14:24.117] STATUS: Heard audio but could not recognize speech.
[2026-02-13 13:14:42.566] STATUS: Translating...
[2026-02-13 13:14:43.372] STATUS: Listening (Spanish)
[2026-02-13 13:14:52.722] STATUS: Heard audio but could not recognize speech.
[2026-02-13 13:14:55.924] STATUS: Translating...
[2026-02-13 13:14:56.614] STATUS: Listening (Spanish)
[2026-02-13 13:15:07.331] STATUS: Translating...
[2026-02-13 13:15:07.924] STATUS: Listening (Spanish)
[2026-02-13 13:15:12.746] STATUS: Heard audio but could not recognize speech.
[2026-02-13 13:15:43.350] STATUS: Translating...
[2026-02-13 13:15:44.252] STATUS: Listening (Spanish)
[2026-02-13 13:15:45.574] STATUS: Translating...
[2026-02-13 13:15:46.187] STATUS: Listening (Spanish)
[2026-02-13 13:15:51.794] STATUS: Translating...
[2026-02-13 13:15:52.853] STATUS: Listening (Spanish)
[2026-02-13 13:15:57.093] STATUS: Translating...
[2026-02-13 13:15:57.750] STATUS: Listening (Spanish)
[2026-02-13 13:16:00.750] STATUS: Translating...
[2026-02-13 13:16:01.354] STATUS: Listening (Spanish)
[2026-02-13 13:16:07.903] STATUS: Translating...
[2026-02-13 13:16:08.601] STATUS: Listening (Spanish)
[2026-02-13 13:16:13.465] STATUS: Translating...
[2026-02-13 13:16:14.222] STATUS: Listening (Spanish)
[2026-02-13 13:16:20.158] STATUS: Translating...
[2026-02-13 13:16:20.839] STATUS: Listening (Spanish)
[2026-02-13 13:16:24.137] STATUS: Translating...
[2026-02-13 13:16:24.941] STATUS: Listening (Spanish)
[2026-02-13 13:16:28.891] STATUS: Translating...
[2026-02-13 13:16:29.590] STATUS: Listening (Spanish)
[2026-02-13 13:16:36.469] STATUS: Translating...
[2026-02-13 13:16:37.126] STATUS: Listening (Spanish)
[2026-02-13 13:16:40.403] STATUS: Translating...
[2026-02-13 13:16:41.096] STATUS: Listening (Spanish)
[2026-02-13 13:16:55.091] STATUS: Translating...
[2026-02-13 13:16:55.919] STATUS: Listening (Spanish)
[2026-02-13 13:16:59.734] STATUS: Translating...
[2026-02-13 13:17:00.600] STATUS: Listening (Spanish)
[2026-02-13 13:17:13.548] STATUS: Translating...
[2026-02-13 13:17:14.391] STATUS: Listening (Spanish)
[2026-02-13 13:17:28.999] STATUS: Translating...
[2026-02-13 13:17:29.535] STATUS: Listening (Spanish)
[2026-02-13 13:17:30.235] STATUS: Translating...
[2026-02-13 13:17:44.457] STATUS: Listening (Spanish)
[2026-02-13 13:18:11.790] STATUS: Heard audio but could not recognize speech.
[2026-02-13 13:19:12.911] STATUS: App closing requested

--- Close Requested ---
  File "E:\OneDrive - zachthetech.com\Documents\GitHub\python-translation\main.py", line 5447, in <module>
    def clamp_text_to_fit(self):
  File "E:\OneDrive - zachthetech.com\Documents\GitHub\python-translation\main.py", line 442, in __init__
    self.root.mainloop()
  File "C:\Users\zachary.price\AppData\Local\Programs\Python\Python310\lib\tkinter\__init__.py", line 1458, in mainloop
    self.tk.mainloop(n)
  File "C:\Users\zachary.price\AppData\Local\Programs\Python\Python310\lib\tkinter\__init__.py", line 1921, in __call__
    return self.func(*args)
  File "E:\OneDrive - zachthetech.com\Documents\GitHub\python-translation\main.py", line 528, in on_closing
    f.write("".join(traceback.format_stack(limit=10)))
[2026-02-13 13:19:12.923] STATUS: Process exiting

--- Process Exit ---
  File "E:\OneDrive - zachthetech.com\Documents\GitHub\python-translation\main.py", line 591, in _log_process_exit
    f.write("".join(traceback.format_stack(limit=10)))
