[2026-02-12 16:57:28.444] STATUS: Listening (English)
[2026-02-12 16:57:33.723] STATUS: Loading faster-whisper model (first run can take a few minutes)...
[2026-02-12 16:57:36.115] STATUS: Local model ready
[2026-02-12 16:57:37.626] STATUS: Listening (English)
[2026-02-12 16:57:52.003] STATUS: Heard audio but could not recognize speech.
[2026-02-12 16:58:02.987] STATUS: Transcribing...
[2026-02-12 16:58:03.022] STATUS: Listening (English)
[2026-02-12 16:58:05.743] STATUS: Transcribing...
[2026-02-12 16:58:05.745] STATUS: Listening (English)
[2026-02-12 16:58:13.965] STATUS: Transcribing...
[2026-02-12 16:58:14.005] STATUS: Listening (English)
[2026-02-12 16:58:23.824] STATUS: Transcribing...
[2026-02-12 16:58:23.843] STATUS: Listening (English)
[2026-02-12 16:58:25.910] STATUS: Transcribing...
[2026-02-12 16:58:25.941] STATUS: Listening (English)
[2026-02-12 16:58:36.857] STATUS: Transcribing...
[2026-02-12 16:58:36.887] STATUS: Listening (English)
[2026-02-12 16:58:39.671] STATUS: Transcribing...
[2026-02-12 16:58:39.673] STATUS: Listening (English)
[2026-02-12 16:58:50.023] STATUS: Transcribing...
[2026-02-12 16:58:50.054] STATUS: Listening (English)
[2026-02-12 16:58:55.197] STATUS: Transcribing...
[2026-02-12 16:58:55.198] STATUS: Listening (English)
[2026-02-12 16:58:57.394] STATUS: Transcribing...
[2026-02-12 16:58:57.396] STATUS: Listening (English)
[2026-02-12 16:59:08.327] STATUS: Transcribing...
[2026-02-12 16:59:08.359] STATUS: Listening (English)
[2026-02-12 16:59:17.958] STATUS: Transcribing...
[2026-02-12 16:59:17.990] STATUS: Listening (English)
[2026-02-12 16:59:27.004] STATUS: Transcribing...
[2026-02-12 16:59:27.035] STATUS: Listening (English)
[2026-02-12 16:59:36.884] STATUS: Transcribing...
[2026-02-12 16:59:36.915] STATUS: Listening (English)
[2026-02-12 16:59:46.219] STATUS: Transcribing...
[2026-02-12 16:59:46.250] STATUS: Listening (English)
[2026-02-12 16:59:57.427] STATUS: Transcribing...
[2026-02-12 16:59:57.456] STATUS: Listening (English)
[2026-02-12 17:00:02.561] STATUS: Transcribing...
[2026-02-12 17:00:02.589] STATUS: Listening (English)
[2026-02-12 17:00:12.350] STATUS: Transcribing...
[2026-02-12 17:00:12.383] STATUS: Listening (English)
[2026-02-12 17:00:17.204] STATUS: Transcribing...
[2026-02-12 17:00:17.205] STATUS: Listening (English)
[2026-02-12 17:00:21.305] STATUS: Transcribing...
[2026-02-12 17:00:21.336] STATUS: Listening (English)
[2026-02-12 17:00:26.914] STATUS: Transcribing...
[2026-02-12 17:00:26.943] STATUS: Listening (English)
[2026-02-12 17:00:31.995] STATUS: Transcribing...
[2026-02-12 17:00:32.026] STATUS: Listening (English)
[2026-02-12 17:00:44.811] STATUS: Transcribing...
[2026-02-12 17:00:44.866] STATUS: Listening (English)
[2026-02-12 17:00:51.890] STATUS: Transcribing...
[2026-02-12 17:00:51.933] STATUS: Listening (English)
[2026-02-12 17:00:55.234] STATUS: Transcribing...
[2026-02-12 17:00:55.235] STATUS: Listening (English)
[2026-02-12 17:00:58.379] STATUS: Transcribing...
[2026-02-12 17:00:58.407] STATUS: Listening (English)
[2026-02-12 17:01:03.941] STATUS: App closing requested

--- Close Requested ---
  File "E:\OneDrive - zachthetech.com\Documents\GitHub\python-translation\main.py", line 4453, in <module>
    self.truncate_text_to_fit(available)
  File "E:\OneDrive - zachthetech.com\Documents\GitHub\python-translation\main.py", line 352, in __init__
    self.thread.daemon = True
  File "C:\Users\zachary.price\AppData\Local\Programs\Python\Python310\lib\tkinter\__init__.py", line 1458, in mainloop
    self.tk.mainloop(n)
  File "C:\Users\zachary.price\AppData\Local\Programs\Python\Python310\lib\tkinter\__init__.py", line 1921, in __call__
    return self.func(*args)
  File "E:\OneDrive - zachthetech.com\Documents\GitHub\python-translation\main.py", line 438, in on_closing
    self._log_status("App closing requested")
[2026-02-12 17:01:03.946] STATUS: Process exiting

--- Process Exit ---
  File "E:\OneDrive - zachthetech.com\Documents\GitHub\python-translation\main.py", line 501, in _log_process_exit
    self._log_status("Process exiting")
