[2026-02-07 19:00:10.802] STATUS: Listening (Bilingual: English/Spanish)
[2026-02-07 19:00:16.423] STATUS: Apply clicked
[2026-02-07 19:00:16.792] STATUS: No speech detected. Check mic level or device.
[2026-02-07 19:00:18.487] STATUS: Capture suspend timed out
[2026-02-07 19:00:18.528] STATUS: Settings applied
[2026-02-07 19:00:18.529] STATUS: Apply finished
[2026-02-07 19:00:18.571] STATUS: Apply clicked
[2026-02-07 19:00:19.325] STATUS: Listening (Bilingual: English/Spanish)
[2026-02-07 19:00:20.637] STATUS: Capture suspend timed out
[2026-02-07 19:00:20.690] STATUS: Settings applied
[2026-02-07 19:00:20.692] STATUS: Apply finished
[2026-02-07 19:00:20.694] STATUS: Listening (Bilingual: English/Spanish)
[2026-02-07 19:00:22.504] STATUS: No speech detected. Check mic level or device.
[2026-02-07 19:00:22.697] STATUS: Listening (Bilingual: English/Spanish)
[2026-02-07 19:00:24.484] STATUS: Apply clicked
[2026-02-07 19:00:24.723] STATUS: Settings applied
[2026-02-07 19:00:24.725] STATUS: Apply finished
[2026-02-07 19:00:25.490] STATUS: Listening (Bilingual: English/Spanish)
[2026-02-07 19:00:27.992] STATUS: Apply clicked
[2026-02-07 19:00:28.489] STATUS: No speech detected. Check mic level or device.
[2026-02-07 19:00:30.059] STATUS: Capture suspend timed out
[2026-02-07 19:00:30.101] STATUS: Settings applied
[2026-02-07 19:00:30.103] STATUS: Apply finished
[2026-02-07 19:00:30.686] STATUS: App closing requested

--- Close Requested ---
  File "E:\OneDrive - zachthetech.com\Documents\GitHub\python-translation\main.py", line 4009, in <module>
    app = TranslationApp()
  File "E:\OneDrive - zachthetech.com\Documents\GitHub\python-translation\main.py", line 333, in __init__
    self.root.mainloop()
  File "C:\Users\zachary.price\AppData\Local\Programs\Python\Python310\lib\tkinter\__init__.py", line 1458, in mainloop
    self.tk.mainloop(n)
  File "C:\Users\zachary.price\AppData\Local\Programs\Python\Python310\lib\tkinter\__init__.py", line 1921, in __call__
    return self.func(*args)
  File "E:\OneDrive - zachthetech.com\Documents\GitHub\python-translation\main.py", line 419, in on_closing
    f.write("".join(traceback.format_stack(limit=10)))
[2026-02-07 19:00:30.694] STATUS: Process exiting

--- Process Exit ---
  File "E:\OneDrive - zachthetech.com\Documents\GitHub\python-translation\main.py", line 482, in _log_process_exit
    f.write("".join(traceback.format_stack(limit=10)))
