[2026-02-07 14:51:48.508] STATUS: Listening (English)
[2026-02-07 14:51:55.484] STATUS: Apply clicked
[2026-02-07 14:51:56.343] STATUS: Settings applied
[2026-02-07 14:51:56.347] STATUS: Apply finished
[2026-02-07 14:51:56.357] STATUS: Apply clicked
[2026-02-07 14:51:57.195] STATUS: Listening (English)
[2026-02-07 14:51:58.407] STATUS: Capture suspend timed out
[2026-02-07 14:51:58.488] STATUS: Settings applied
[2026-02-07 14:51:58.494] STATUS: Apply finished
[2026-02-07 14:51:58.500] STATUS: Listening (English)
[2026-02-07 14:51:59.254] STATUS: App closing requested

--- Close Requested ---
  File "E:\OneDrive - zachthetech.com\Documents\GitHub\python-translation\main.py", line 3742, in <module>
    app = TranslationApp()
  File "E:\OneDrive - zachthetech.com\Documents\GitHub\python-translation\main.py", line 330, in __init__
    self.root.mainloop()
  File "C:\Users\zachary.price\AppData\Local\Programs\Python\Python310\lib\tkinter\__init__.py", line 1458, in mainloop
    self.tk.mainloop(n)
  File "C:\Users\zachary.price\AppData\Local\Programs\Python\Python310\lib\tkinter\__init__.py", line 1921, in __call__
    return self.func(*args)
  File "E:\OneDrive - zachthetech.com\Documents\GitHub\python-translation\main.py", line 416, in on_closing
    f.write("".join(traceback.format_stack(limit=10)))
[2026-02-07 14:51:59.266] STATUS: Process exiting

--- Process Exit ---
  File "E:\OneDrive - zachthetech.com\Documents\GitHub\python-translation\main.py", line 479, in _log_process_exit
    f.write("".join(traceback.format_stack(limit=10)))
