[2026-02-12 23:43:48.839] STATUS: Listening (English)
[2026-02-12 23:44:10.336] STATUS: Translating...
[2026-02-12 23:44:11.304] STATUS: Listening (English)
[2026-02-12 23:44:18.508] STATUS: Translating...
[2026-02-12 23:44:19.176] STATUS: Listening (English)
[2026-02-12 23:44:20.775] STATUS: Translating...
[2026-02-12 23:44:21.868] STATUS: Listening (English)
[2026-02-12 23:44:25.655] STATUS: Translating...
[2026-02-12 23:44:26.317] STATUS: Listening (English)
[2026-02-12 23:44:33.771] STATUS: Translating...
[2026-02-12 23:44:34.904] STATUS: Listening (English)
[2026-02-12 23:44:41.587] STATUS: Translating...
[2026-02-12 23:44:42.461] STATUS: Listening (English)
[2026-02-12 23:44:51.738] STATUS: Translating...
[2026-02-12 23:44:52.372] STATUS: Listening (English)
[2026-02-12 23:44:57.202] STATUS: Translating...
[2026-02-12 23:44:58.245] STATUS: Listening (English)
[2026-02-12 23:44:59.023] STATUS: Translating...
[2026-02-12 23:44:59.635] STATUS: Listening (English)
[2026-02-12 23:45:08.673] STATUS: Translating...
[2026-02-12 23:45:09.280] STATUS: Listening (English)
[2026-02-12 23:45:14.449] STATUS: Translating...
[2026-02-12 23:45:15.104] STATUS: Listening (English)
[2026-02-12 23:45:39.039] STATUS: No speech detected. Check mic level or device.
[2026-02-12 23:45:53.484] STATUS: Translating...
[2026-02-12 23:45:54.148] STATUS: Listening (English)
[2026-02-12 23:45:55.835] STATUS: Translating...
[2026-02-12 23:45:56.442] STATUS: Listening (English)
[2026-02-12 23:46:00.780] STATUS: Translating...
[2026-02-12 23:46:01.947] STATUS: Listening (English)
[2026-02-12 23:46:20.843] STATUS: Translating...
[2026-02-12 23:46:22.085] STATUS: Listening (English)
[2026-02-12 23:46:30.723] STATUS: Translating...
[2026-02-12 23:46:31.481] STATUS: Listening (English)
[2026-02-12 23:46:48.290] STATUS: No speech detected. Check mic level or device.
[2026-02-12 23:46:58.551] STATUS: Translating...
[2026-02-12 23:46:59.252] STATUS: Listening (English)
[2026-02-12 23:47:01.906] STATUS: Translating...
[2026-02-12 23:47:02.441] STATUS: Listening (English)
[2026-02-12 23:47:10.715] STATUS: Translating...
[2026-02-12 23:47:11.778] STATUS: Listening (English)
[2026-02-12 23:47:14.630] STATUS: Translating...
[2026-02-12 23:47:15.254] STATUS: Listening (English)
[2026-02-12 23:47:27.654] STATUS: Translating...
[2026-02-12 23:47:28.406] STATUS: Listening (English)
[2026-02-12 23:47:36.610] STATUS: No speech detected. Check mic level or device.
[2026-02-12 23:48:15.781] STATUS: Translating...
[2026-02-12 23:48:16.553] STATUS: Listening (English)
[2026-02-12 23:48:17.941] STATUS: Translating...
[2026-02-12 23:48:18.700] STATUS: Listening (English)
[2026-02-12 23:48:25.498] STATUS: Translating...
[2026-02-12 23:48:26.617] STATUS: Listening (English)
[2026-02-12 23:48:36.947] STATUS: Translating...
[2026-02-12 23:48:37.628] STATUS: Listening (English)
[2026-02-12 23:48:44.540] STATUS: Translating...
[2026-02-12 23:48:45.278] STATUS: Listening (English)
[2026-02-12 23:48:48.511] STATUS: Translating...
[2026-02-12 23:48:49.002] STATUS: Listening (English)
[2026-02-12 23:48:51.168] STATUS: Translating...
[2026-02-12 23:48:51.887] STATUS: Listening (English)
[2026-02-12 23:48:54.106] STATUS: Translating...
[2026-02-12 23:48:54.693] STATUS: Listening (English)
[2026-02-12 23:48:55.759] STATUS: Translating...
[2026-02-12 23:48:56.479] STATUS: Listening (English)
[2026-02-12 23:49:00.295] STATUS: Translating...
[2026-02-12 23:49:01.067] STATUS: Listening (English)
[2026-02-12 23:49:09.184] STATUS: Translating...
[2026-02-12 23:49:09.731] STATUS: Listening (English)
[2026-02-12 23:49:21.305] STATUS: Translating...
[2026-02-12 23:49:22.057] STATUS: Listening (English)
[2026-02-12 23:49:24.234] STATUS: Translating...
[2026-02-12 23:49:24.841] STATUS: Listening (English)
[2026-02-12 23:49:28.220] STATUS: Translating...
[2026-02-12 23:49:28.878] STATUS: Listening (English)
[2026-02-12 23:49:44.474] STATUS: Translating...
[2026-02-12 23:49:45.238] STATUS: Listening (English)
[2026-02-12 23:49:47.546] STATUS: Translating...
[2026-02-12 23:49:48.196] STATUS: Listening (English)
[2026-02-12 23:49:50.542] STATUS: Translating...
[2026-02-12 23:49:51.079] STATUS: Listening (English)
[2026-02-12 23:49:52.628] STATUS: Translating...
[2026-02-12 23:49:54.127] STATUS: Listening (English)
[2026-02-12 23:49:55.887] STATUS: Translating...
[2026-02-12 23:49:56.453] STATUS: Listening (English)
[2026-02-12 23:50:01.495] STATUS: Translating...
[2026-02-12 23:50:02.311] STATUS: Listening (English)
[2026-02-12 23:50:11.105] STATUS: Translating...
[2026-02-12 23:50:11.795] STATUS: Listening (English)
[2026-02-12 23:50:18.264] STATUS: Translating...
[2026-02-12 23:50:18.732] STATUS: Listening (English)
[2026-02-12 23:50:20.949] STATUS: Translating...
[2026-02-12 23:50:21.488] STATUS: Listening (English)
[2026-02-12 23:50:28.124] STATUS: Translating...
[2026-02-12 23:50:28.659] STATUS: Listening (English)
[2026-02-12 23:50:33.940] STATUS: Translating...
[2026-02-12 23:50:34.528] STATUS: Listening (English)
[2026-02-12 23:50:38.079] STATUS: Translating...
[2026-02-12 23:50:38.718] STATUS: Listening (English)
[2026-02-12 23:50:41.122] STATUS: Translating...
[2026-02-12 23:50:41.755] STATUS: Listening (English)
[2026-02-12 23:50:49.025] STATUS: Translating...
[2026-02-12 23:50:49.680] STATUS: Listening (English)
[2026-02-12 23:50:50.961] STATUS: Translating...
[2026-02-12 23:50:52.000] STATUS: Listening (English)
[2026-02-12 23:50:54.539] STATUS: Translating...
[2026-02-12 23:50:55.000] STATUS: Listening (English)
[2026-02-12 23:50:56.720] STATUS: Translating...
[2026-02-12 23:50:57.188] STATUS: Listening (English)
[2026-02-12 23:51:05.752] STATUS: Translating...
[2026-02-12 23:51:06.712] STATUS: Listening (English)
[2026-02-12 23:51:08.528] STATUS: Translating...
[2026-02-12 23:51:09.184] STATUS: Listening (English)
[2026-02-12 23:51:12.638] STATUS: Translating...
[2026-02-12 23:51:13.271] STATUS: Listening (English)
[2026-02-12 23:51:20.251] STATUS: Translating...
[2026-02-12 23:51:20.863] STATUS: Listening (English)
[2026-02-12 23:51:33.369] STATUS: App closing requested

--- Close Requested ---
  File "E:\OneDrive - zachthetech.com\Documents\GitHub\python-translation\main.py", line 5142, in <module>
  File "E:\OneDrive - zachthetech.com\Documents\GitHub\python-translation\main.py", line 376, in __init__
    self.root.mainloop()
  File "C:\Users\zachary.price\AppData\Local\Programs\Python\Python310\lib\tkinter\__init__.py", line 1458, in mainloop
    self.tk.mainloop(n)
  File "C:\Users\zachary.price\AppData\Local\Programs\Python\Python310\lib\tkinter\__init__.py", line 1921, in __call__
    return self.func(*args)
  File "E:\OneDrive - zachthetech.com\Documents\GitHub\python-translation\main.py", line 462, in on_closing
    f.write("".join(traceback.format_stack(limit=10)))
[2026-02-12 23:51:33.381] STATUS: Process exiting

--- Process Exit ---
  File "E:\OneDrive - zachthetech.com\Documents\GitHub\python-translation\main.py", line 525, in _log_process_exit
    f.write("".join(traceback.format_stack(limit=10)))
