[2026-02-13 17:50:55.150] STATUS: Listening (English)
[2026-02-13 17:50:59.831] STATUS: Transcribing...
[2026-02-13 17:50:59.838] STATUS: Listening (English)
[2026-02-13 17:51:05.551] STATUS: Transcribing...
[2026-02-13 17:51:05.558] STATUS: Listening (English)
[2026-02-13 17:51:10.876] STATUS: Transcribing...
[2026-02-13 17:51:10.884] STATUS: Listening (English)
[2026-02-13 17:51:16.570] STATUS: Transcribing...
[2026-02-13 17:51:16.580] STATUS: Listening (English)
[2026-02-13 17:51:21.610] STATUS: Transcribing...
[2026-02-13 17:51:21.621] STATUS: Listening (English)
[2026-02-13 17:52:06.001] STATUS: No speech detected. Check mic level or device.
[2026-02-13 17:54:15.787] STATUS: Transcribing...
[2026-02-13 17:54:15.797] STATUS: Listening (English)
[2026-02-13 17:54:24.114] STATUS: No speech detected. Check mic level or device.
[2026-02-13 17:55:33.322] STATUS: Transcribing...
[2026-02-13 17:55:33.335] STATUS: Listening (English)
[2026-02-13 17:55:38.375] STATUS: No speech detected. Check mic level or device.
[2026-02-13 17:56:58.025] STATUS: Transcribing...
[2026-02-13 17:56:58.037] STATUS: Listening (English)
[2026-02-13 17:57:08.996] STATUS: No speech detected. Check mic level or device.
[2026-02-13 17:58:05.911] STATUS: Transcribing...
[2026-02-13 17:58:05.923] STATUS: Listening (English)
[2026-02-13 17:58:15.367] STATUS: No speech detected. Check mic level or device.
[2026-02-13 17:59:54.337] STATUS: Transcribing...
[2026-02-13 17:59:54.349] STATUS: Listening (English)
[2026-02-13 18:00:00.458] STATUS: No speech detected. Check mic level or device.
[2026-02-13 18:00:42.263] STATUS: Transcribing...
[2026-02-13 18:00:42.276] STATUS: Listening (English)
[2026-02-13 18:00:53.239] STATUS: No speech detected. Check mic level or device.
[2026-02-13 18:01:08.411] STATUS: Transcribing...
[2026-02-13 18:01:08.424] STATUS: Listening (English)
[2026-02-13 18:01:11.633] STATUS: Transcribing...
[2026-02-13 18:01:11.647] STATUS: Listening (English)
[2026-02-13 18:01:34.130] STATUS: No speech detected. Check mic level or device.
[2026-02-13 18:02:32.494] STATUS: App closing requested

--- Close Requested ---
  File "E:\OneDrive - zachthetech.com\Documents\GitHub\python-translation\main.py", line 5829, in <module>
    def update_text_metrics(self):
  File "E:\OneDrive - zachthetech.com\Documents\GitHub\python-translation\main.py", line 453, in __init__
    self._start_audio_level_stream_thread()
  File "C:\Users\zachary.price\AppData\Local\Programs\Python\Python310\lib\tkinter\__init__.py", line 1458, in mainloop
    self.tk.mainloop(n)
  File "C:\Users\zachary.price\AppData\Local\Programs\Python\Python310\lib\tkinter\__init__.py", line 1921, in __call__
    return self.func(*args)
  File "E:\OneDrive - zachthetech.com\Documents\GitHub\python-translation\main.py", line 533, in on_closing
    with open(self.error_log_path, "a", encoding="utf-8") as f:
[2026-02-13 18:02:32.503] STATUS: Process exiting

--- Process Exit ---
  File "E:\OneDrive - zachthetech.com\Documents\GitHub\python-translation\main.py", line 596, in _log_process_exit
    with open(self.error_log_path, "a", encoding="utf-8") as f:
