[2026-02-13 20:15:23.258] STATUS: Listening (Spanish)
[2026-02-13 20:15:28.745] STATUS: Loading faster-whisper model (first run can take a few minutes)...
[2026-02-13 20:15:31.552] STATUS: Local model ready
[2026-02-13 20:15:32.435] STATUS: Transcribing...
[2026-02-13 20:15:32.452] STATUS: Listening (Spanish)
[2026-02-13 20:15:33.534] STATUS: Transcribing...
[2026-02-13 20:15:33.551] STATUS: Listening (Spanish)
[2026-02-13 20:15:40.384] STATUS: Transcribing...
[2026-02-13 20:15:40.403] STATUS: Listening (Spanish)
[2026-02-13 20:15:45.474] STATUS: Transcribing...
[2026-02-13 20:15:45.495] STATUS: Listening (Spanish)
[2026-02-13 20:15:55.190] STATUS: Transcribing...
[2026-02-13 20:15:55.210] STATUS: Listening (Spanish)
[2026-02-13 20:16:00.221] STATUS: Transcribing...
[2026-02-13 20:16:00.242] STATUS: Listening (Spanish)
[2026-02-13 20:16:10.486] STATUS: Transcribing...
[2026-02-13 20:16:10.514] STATUS: Listening (Spanish)
[2026-02-13 20:16:15.457] STATUS: Transcribing...
[2026-02-13 20:16:15.479] STATUS: Listening (Spanish)
[2026-02-13 20:16:20.887] STATUS: Transcribing...
[2026-02-13 20:16:20.909] STATUS: Listening (Spanish)
[2026-02-13 20:16:27.949] STATUS: Transcribing...
[2026-02-13 20:16:27.971] STATUS: Listening (Spanish)
[2026-02-13 20:16:32.508] STATUS: Transcribing...
[2026-02-13 20:16:32.531] STATUS: Listening (Spanish)
[2026-02-13 20:16:39.283] STATUS: Transcribing...
[2026-02-13 20:16:39.307] STATUS: Listening (Spanish)
[2026-02-13 20:16:40.566] STATUS: Transcribing...
[2026-02-13 20:16:40.592] STATUS: Listening (Spanish)
[2026-02-13 20:16:46.204] STATUS: Transcribing...
[2026-02-13 20:16:46.233] STATUS: Listening (Spanish)
[2026-02-13 20:16:56.200] STATUS: Transcribing...
[2026-02-13 20:16:56.226] STATUS: Listening (Spanish)
[2026-02-13 20:17:01.080] STATUS: Transcribing...
[2026-02-13 20:17:01.106] STATUS: Listening (Spanish)
[2026-02-13 20:17:06.608] STATUS: Transcribing...
[2026-02-13 20:17:06.634] STATUS: Listening (Spanish)
[2026-02-13 20:17:11.684] STATUS: Transcribing...
[2026-02-13 20:17:11.710] STATUS: Listening (Spanish)
[2026-02-13 20:17:14.715] STATUS: Transcribing...
[2026-02-13 20:17:14.743] STATUS: Listening (Spanish)
[2026-02-13 20:17:20.342] STATUS: Transcribing...
[2026-02-13 20:17:20.368] STATUS: Listening (Spanish)
[2026-02-13 20:17:25.542] STATUS: Transcribing...
[2026-02-13 20:17:25.568] STATUS: Listening (Spanish)
[2026-02-13 20:17:30.588] STATUS: Transcribing...
[2026-02-13 20:17:30.614] STATUS: Listening (Spanish)
[2026-02-13 20:17:41.013] STATUS: Transcribing...
[2026-02-13 20:17:41.058] STATUS: Listening (Spanish)
[2026-02-13 20:17:48.207] STATUS: Transcribing...
[2026-02-13 20:17:48.234] STATUS: Listening (Spanish)
[2026-02-13 20:18:01.274] STATUS: Heard audio but could not recognize speech.
[2026-02-13 20:18:17.168] STATUS: Transcribing...
[2026-02-13 20:18:17.197] STATUS: Listening (Spanish)
[2026-02-13 20:18:22.177] STATUS: Transcribing...
[2026-02-13 20:18:22.212] STATUS: Listening (Spanish)
[2026-02-13 20:18:27.459] STATUS: Transcribing...
[2026-02-13 20:18:27.489] STATUS: Listening (Spanish)
[2026-02-13 20:18:32.401] STATUS: Transcribing...
[2026-02-13 20:18:32.427] STATUS: Listening (Spanish)
[2026-02-13 20:18:38.302] STATUS: Transcribing...
[2026-02-13 20:18:38.331] STATUS: Listening (Spanish)
[2026-02-13 20:18:49.466] STATUS: Transcribing...
[2026-02-13 20:18:49.498] STATUS: Listening (Spanish)
[2026-02-13 20:18:56.840] STATUS: Transcribing...
[2026-02-13 20:18:56.876] STATUS: Listening (Spanish)
[2026-02-13 20:19:07.692] STATUS: Transcribing...
[2026-02-13 20:19:07.728] STATUS: Listening (Spanish)
[2026-02-13 20:19:15.486] STATUS: Transcribing...
[2026-02-13 20:19:15.520] STATUS: Listening (Spanish)
[2026-02-13 20:19:19.574] STATUS: Transcribing...
[2026-02-13 20:19:19.617] STATUS: Listening (Spanish)
[2026-02-13 20:19:24.671] STATUS: Transcribing...
[2026-02-13 20:19:24.710] STATUS: Listening (Spanish)
[2026-02-13 20:19:25.655] STATUS: Transcribing...
[2026-02-13 20:19:25.754] STATUS: Listening (Spanish)
[2026-02-13 20:19:33.055] STATUS: Heard audio but could not recognize speech.
[2026-02-13 20:19:39.056] STATUS: Transcribing...
[2026-02-13 20:19:39.093] STATUS: Listening (Spanish)
[2026-02-13 20:19:44.098] STATUS: Transcribing...
[2026-02-13 20:19:44.136] STATUS: Listening (Spanish)
[2026-02-13 20:19:54.226] STATUS: Transcribing...
[2026-02-13 20:19:54.257] STATUS: Listening (Spanish)
[2026-02-13 20:19:59.485] STATUS: Transcribing...
[2026-02-13 20:19:59.517] STATUS: Listening (Spanish)
[2026-02-13 20:20:04.588] STATUS: Transcribing...
[2026-02-13 20:20:04.621] STATUS: Listening (Spanish)
[2026-02-13 20:20:14.875] STATUS: Transcribing...
[2026-02-13 20:20:14.905] STATUS: Listening (Spanish)
[2026-02-13 20:20:20.295] STATUS: Transcribing...
[2026-02-13 20:20:20.332] STATUS: Listening (Spanish)
[2026-02-13 20:20:26.337] STATUS: Transcribing...
[2026-02-13 20:20:26.373] STATUS: Listening (Spanish)
[2026-02-13 20:20:29.443] STATUS: App closing requested

--- Close Requested ---
  File "E:\OneDrive - zachthetech.com\Documents\GitHub\python-translation\main.py", line 6272, in <module>
    for item in self.text_line_items:
  File "E:\OneDrive - zachthetech.com\Documents\GitHub\python-translation\main.py", line 474, in __init__
    self.root.mainloop()
  File "C:\Users\zachary.price\AppData\Local\Programs\Python\Python310\lib\tkinter\__init__.py", line 1458, in mainloop
    self.tk.mainloop(n)
  File "C:\Users\zachary.price\AppData\Local\Programs\Python\Python310\lib\tkinter\__init__.py", line 1921, in __call__
    return self.func(*args)
  File "E:\OneDrive - zachthetech.com\Documents\GitHub\python-translation\main.py", line 554, in on_closing
    f.write("".join(traceback.format_stack(limit=10)))
[2026-02-13 20:20:29.458] STATUS: Process exiting

--- Process Exit ---
  File "E:\OneDrive - zachthetech.com\Documents\GitHub\python-translation\main.py", line 617, in _log_process_exit
    f.write("".join(traceback.format_stack(limit=10)))
