[2026-02-06 10:42:23.714] STATUS: Listening...
[2026-02-06 10:42:57.330] STATUS: Translating...
[2026-02-06 10:42:58.669] STATUS: Apply clicked
[2026-02-06 10:43:00.669] STATUS: Capture suspend timed out
[2026-02-06 10:43:00.669] STATUS: Settings applied
[2026-02-06 10:43:00.669] STATUS: Apply finished
[2026-02-06 10:43:00.717] STATUS: Listening...
[2026-02-06 10:43:10.619] STATUS: Translating...
[2026-02-06 10:43:12.795] STATUS: Listening...
[2026-02-06 10:43:26.121] STATUS: Translating...
[2026-02-06 10:43:27.569] STATUS: Listening...
[2026-02-06 10:43:27.652] STATUS: Apply clicked
[2026-02-06 10:43:29.684] STATUS: Capture suspend timed out
[2026-02-06 10:43:29.684] STATUS: Settings applied
[2026-02-06 10:43:29.684] STATUS: Apply finished
[2026-02-06 10:43:30.597] STATUS: Listening...
[2026-02-06 10:43:32.502] STATUS: Translating...
[2026-02-06 10:43:34.728] STATUS: Listening...
[2026-02-06 10:43:38.358] STATUS: Translating...
[2026-02-06 10:43:39.849] STATUS: Listening...
[2026-02-06 10:43:45.971] STATUS: Translating...
[2026-02-06 10:43:47.584] STATUS: Listening...
[2026-02-06 10:43:55.637] STATUS: Apply clicked
[2026-02-06 10:43:57.749] STATUS: Capture suspend timed out
[2026-02-06 10:43:57.749] STATUS: Settings applied
[2026-02-06 10:43:57.749] STATUS: Apply finished
[2026-02-06 10:43:57.749] STATUS: Translating...
[2026-02-06 10:43:59.305] STATUS: Listening...
[2026-02-06 10:44:03.345] STATUS: Translating...
[2026-02-06 10:44:05.276] STATUS: Listening...
[2026-02-06 10:44:10.763] STATUS: Translating...
[2026-02-06 10:44:12.330] STATUS: Listening...
[2026-02-06 10:44:16.906] STATUS: Translating...
[2026-02-06 10:44:18.511] STATUS: Listening...
[2026-02-06 10:44:23.708] STATUS: Translating...
[2026-02-06 10:44:25.574] STATUS: Listening...
[2026-02-06 10:44:26.663] STATUS: Apply clicked
[2026-02-06 10:44:28.705] STATUS: Capture suspend timed out
[2026-02-06 10:44:28.705] STATUS: Settings applied
[2026-02-06 10:44:28.716] STATUS: Apply finished
[2026-02-06 10:44:29.698] STATUS: Listening...
[2026-02-06 10:44:30.493] STATUS: App closing requested

--- Close Requested ---
  File "C:\Users\zachary.price\OneDrive - zachthetech.com\Documents\GitHub\python-translation\main.py", line 3104, in <module>
    app = TranslationApp()
  File "C:\Users\zachary.price\OneDrive - zachthetech.com\Documents\GitHub\python-translation\main.py", line 274, in __init__
    self.root.mainloop()
  File "C:\Users\zachary.price\AppData\Local\Programs\Python\Python312\Lib\tkinter\__init__.py", line 1505, in mainloop
    self.tk.mainloop(n)
  File "C:\Users\zachary.price\AppData\Local\Programs\Python\Python312\Lib\tkinter\__init__.py", line 1968, in __call__
    return self.func(*args)
  File "C:\Users\zachary.price\OneDrive - zachthetech.com\Documents\GitHub\python-translation\main.py", line 360, in on_closing
    f.write("".join(traceback.format_stack(limit=10)))
[2026-02-06 10:44:30.500] STATUS: Process exiting

--- Process Exit ---
  File "C:\Users\zachary.price\OneDrive - zachthetech.com\Documents\GitHub\python-translation\main.py", line 423, in _log_process_exit
    f.write("".join(traceback.format_stack(limit=10)))
