[2026-02-12 18:44:38.452] STATUS: Listening (English)
[2026-02-12 18:44:44.286] STATUS: Transcribing...
[2026-02-12 18:44:44.291] STATUS: Listening (English)
[2026-02-12 18:44:47.182] STATUS: Transcribing...
[2026-02-12 18:44:47.185] STATUS: Listening (English)
[2026-02-12 18:44:50.136] STATUS: Transcribing...
[2026-02-12 18:44:50.138] STATUS: Listening (English)
[2026-02-12 18:44:52.900] STATUS: Transcribing...
[2026-02-12 18:44:52.903] STATUS: Listening (English)
[2026-02-12 18:44:56.291] STATUS: Transcribing...
[2026-02-12 18:44:56.293] STATUS: Listening (English)
[2026-02-12 18:44:59.274] STATUS: Transcribing...
[2026-02-12 18:44:59.280] STATUS: Listening (English)
[2026-02-12 18:45:02.247] STATUS: Transcribing...
[2026-02-12 18:45:02.250] STATUS: Listening (English)
[2026-02-12 18:45:05.439] STATUS: Transcribing...
[2026-02-12 18:45:05.442] STATUS: Listening (English)
[2026-02-12 18:45:09.023] STATUS: Transcribing...
[2026-02-12 18:45:09.025] STATUS: Listening (English)
[2026-02-12 18:45:13.577] STATUS: Transcribing...
[2026-02-12 18:45:13.580] STATUS: Listening (English)
[2026-02-12 18:45:15.693] STATUS: Transcribing...
[2026-02-12 18:45:15.695] STATUS: Listening (English)
[2026-02-12 18:45:18.814] STATUS: Transcribing...
[2026-02-12 18:45:18.817] STATUS: Listening (English)
[2026-02-12 18:45:21.502] STATUS: Transcribing...
[2026-02-12 18:45:21.505] STATUS: Listening (English)
[2026-02-12 18:45:25.836] STATUS: Transcribing...
[2026-02-12 18:45:25.839] STATUS: Listening (English)
[2026-02-12 18:45:27.811] STATUS: Transcribing...
[2026-02-12 18:45:27.814] STATUS: Listening (English)
[2026-02-12 18:45:31.289] STATUS: Transcribing...
[2026-02-12 18:45:31.291] STATUS: Listening (English)
[2026-02-12 18:45:34.775] STATUS: Transcribing...
[2026-02-12 18:45:34.777] STATUS: Listening (English)
[2026-02-12 18:45:36.469] STATUS: Transcribing...
[2026-02-12 18:45:36.471] STATUS: Listening (English)
[2026-02-12 18:45:39.282] STATUS: Transcribing...
[2026-02-12 18:45:39.285] STATUS: Listening (English)
[2026-02-12 18:45:42.363] STATUS: Transcribing...
[2026-02-12 18:45:42.368] STATUS: Listening (English)
[2026-02-12 18:45:46.074] STATUS: Transcribing...
[2026-02-12 18:45:46.077] STATUS: Listening (English)
[2026-02-12 18:45:48.960] STATUS: Transcribing...
[2026-02-12 18:45:48.962] STATUS: Listening (English)
[2026-02-12 18:45:50.623] STATUS: Transcribing...
[2026-02-12 18:45:50.626] STATUS: Listening (English)
[2026-02-12 18:45:54.872] STATUS: Transcribing...
[2026-02-12 18:45:54.875] STATUS: Listening (English)
[2026-02-12 18:45:58.664] STATUS: Transcribing...
[2026-02-12 18:45:58.666] STATUS: Listening (English)
[2026-02-12 18:46:00.536] STATUS: Transcribing...
[2026-02-12 18:46:00.539] STATUS: Listening (English)
[2026-02-12 18:46:03.685] STATUS: Transcribing...
[2026-02-12 18:46:03.687] STATUS: Listening (English)
[2026-02-12 18:46:06.828] STATUS: Transcribing...
[2026-02-12 18:46:06.830] STATUS: Listening (English)
[2026-02-12 18:46:10.374] STATUS: Transcribing...
[2026-02-12 18:46:10.377] STATUS: Listening (English)
[2026-02-12 18:46:12.989] STATUS: Transcribing...
[2026-02-12 18:46:12.991] STATUS: Listening (English)
[2026-02-12 18:46:16.774] STATUS: Transcribing...
[2026-02-12 18:46:16.776] STATUS: Listening (English)
[2026-02-12 18:46:20.028] STATUS: Transcribing...
[2026-02-12 18:46:20.030] STATUS: Listening (English)
[2026-02-12 18:46:22.643] STATUS: App closing requested

--- Close Requested ---
  File "E:\OneDrive - zachthetech.com\Documents\GitHub\python-translation\main.py", line 4879, in <module>
    app = TranslationApp()
  File "E:\OneDrive - zachthetech.com\Documents\GitHub\python-translation\main.py", line 371, in __init__
    self.root.mainloop()
  File "C:\Users\zachary.price\AppData\Local\Programs\Python\Python310\lib\tkinter\__init__.py", line 1458, in mainloop
    self.tk.mainloop(n)
  File "C:\Users\zachary.price\AppData\Local\Programs\Python\Python310\lib\tkinter\__init__.py", line 1921, in __call__
    return self.func(*args)
  File "E:\OneDrive - zachthetech.com\Documents\GitHub\python-translation\main.py", line 457, in on_closing
    f.write("".join(traceback.format_stack(limit=10)))
[2026-02-12 18:46:22.651] STATUS: Process exiting

--- Process Exit ---
  File "E:\OneDrive - zachthetech.com\Documents\GitHub\python-translation\main.py", line 520, in _log_process_exit
    f.write("".join(traceback.format_stack(limit=10)))
