[2026-02-12 15:26:06.381] STATUS: Listening (English)
[2026-02-12 15:26:18.249] STATUS: Transcribing...
[2026-02-12 15:26:18.284] STATUS: Listening (English)
[2026-02-12 15:26:26.023] STATUS: Transcribing...
[2026-02-12 15:26:26.057] STATUS: Listening (English)
[2026-02-12 15:26:30.977] STATUS: Transcribing...
[2026-02-12 15:26:31.012] STATUS: Listening (English)
[2026-02-12 15:26:34.001] STATUS: Transcribing...
[2026-02-12 15:26:34.035] STATUS: Listening (English)
[2026-02-12 15:26:38.472] STATUS: No speech detected. Check mic level or device.
[2026-02-12 15:26:47.759] STATUS: Transcribing...
[2026-02-12 15:26:47.797] STATUS: Listening (English)
[2026-02-12 15:26:55.441] STATUS: Transcribing...
[2026-02-12 15:26:55.481] STATUS: Listening (English)
[2026-02-12 15:27:01.839] STATUS: Transcribing...
[2026-02-12 15:27:01.872] STATUS: Listening (English)
[2026-02-12 15:27:06.092] STATUS: Transcribing...
[2026-02-12 15:27:06.130] STATUS: Listening (English)
[2026-02-12 15:27:16.492] STATUS: Transcribing...
[2026-02-12 15:27:16.526] STATUS: Listening (English)
[2026-02-12 15:27:21.412] STATUS: No speech detected. Check mic level or device.
[2026-02-12 15:30:23.981] STATUS: Transcribing...
[2026-02-12 15:30:24.018] STATUS: Listening (English)
[2026-02-12 15:30:30.301] STATUS: No speech detected. Check mic level or device.
[2026-02-12 15:31:05.569] STATUS: Transcribing...
[2026-02-12 15:31:05.605] STATUS: Listening (English)
[2026-02-12 15:31:14.076] STATUS: Transcribing...
[2026-02-12 15:31:14.110] STATUS: Listening (English)
[2026-02-12 15:31:22.427] STATUS: Transcribing...
[2026-02-12 15:31:22.463] STATUS: Listening (English)
[2026-02-12 15:31:31.834] STATUS: Transcribing...
[2026-02-12 15:31:31.870] STATUS: Listening (English)
[2026-02-12 15:31:41.854] STATUS: Transcribing...
[2026-02-12 15:31:41.890] STATUS: Listening (English)
[2026-02-12 15:31:49.129] STATUS: Transcribing...
[2026-02-12 15:31:49.213] STATUS: Listening (English)
[2026-02-12 15:31:56.388] STATUS: Transcribing...
[2026-02-12 15:31:56.426] STATUS: Listening (English)
[2026-02-12 15:32:00.749] STATUS: Transcribing...
[2026-02-12 15:32:00.791] STATUS: Listening (English)
[2026-02-12 15:32:05.845] STATUS: Transcribing...
[2026-02-12 15:32:05.880] STATUS: Listening (English)
[2026-02-12 15:32:10.519] STATUS: Transcribing...
[2026-02-12 15:32:10.557] STATUS: Listening (English)
[2026-02-12 15:32:15.919] STATUS: Transcribing...
[2026-02-12 15:32:15.957] STATUS: Listening (English)
[2026-02-12 15:32:41.031] STATUS: No speech detected. Check mic level or device.
[2026-02-12 15:33:12.521] STATUS: Transcribing...
[2026-02-12 15:33:12.557] STATUS: Listening (English)
[2026-02-12 15:33:14.637] STATUS: Transcribing...
[2026-02-12 15:33:14.639] STATUS: Listening (English)
[2026-02-12 15:33:19.353] STATUS: Transcribing...
[2026-02-12 15:33:19.353] STATUS: Listening (English)
[2026-02-12 15:33:30.111] STATUS: Transcribing...
[2026-02-12 15:33:30.146] STATUS: Listening (English)
[2026-02-12 15:33:32.274] STATUS: Transcribing...
[2026-02-12 15:33:32.276] STATUS: Listening (English)
[2026-02-12 15:33:55.475] STATUS: Transcribing...
[2026-02-12 15:33:55.515] STATUS: Listening (English)
[2026-02-12 15:33:58.137] STATUS: Transcribing...
[2026-02-12 15:33:58.171] STATUS: Listening (English)
[2026-02-12 15:34:09.260] STATUS: Transcribing...
[2026-02-12 15:34:09.310] STATUS: Listening (English)
[2026-02-12 15:34:16.139] STATUS: Transcribing...
[2026-02-12 15:34:16.175] STATUS: Listening (English)
[2026-02-12 15:34:32.413] STATUS: Transcribing...
[2026-02-12 15:34:32.467] STATUS: Listening (English)
[2026-02-12 15:34:38.118] STATUS: Transcribing...
[2026-02-12 15:34:38.186] STATUS: Listening (English)
[2026-02-12 15:34:45.661] STATUS: Transcribing...
[2026-02-12 15:34:45.697] STATUS: Listening (English)
[2026-02-12 15:35:07.756] STATUS: App closing requested

--- Close Requested ---
  File "E:\OneDrive - zachthetech.com\Documents\GitHub\python-translation\main.py", line 4298, in <module>
    app = TranslationApp()
  File "E:\OneDrive - zachthetech.com\Documents\GitHub\python-translation\main.py", line 342, in __init__
    self.root.mainloop()
  File "C:\Users\zachary.price\AppData\Local\Programs\Python\Python310\lib\tkinter\__init__.py", line 1458, in mainloop
    self.tk.mainloop(n)
  File "C:\Users\zachary.price\AppData\Local\Programs\Python\Python310\lib\tkinter\__init__.py", line 1921, in __call__
    return self.func(*args)
  File "E:\OneDrive - zachthetech.com\Documents\GitHub\python-translation\main.py", line 428, in on_closing
    f.write("".join(traceback.format_stack(limit=10)))
[2026-02-12 15:35:07.761] STATUS: Process exiting

--- Process Exit ---
  File "E:\OneDrive - zachthetech.com\Documents\GitHub\python-translation\main.py", line 491, in _log_process_exit
    f.write("".join(traceback.format_stack(limit=10)))
