[2026-02-12 17:01:08.024] STATUS: Listening (English)
[2026-02-12 17:01:11.042] STATUS: Loading faster-whisper model (first run can take a few minutes)...
[2026-02-12 17:01:13.311] STATUS: Local model ready
[2026-02-12 17:01:14.817] STATUS: Listening (English)
[2026-02-12 17:01:15.190] STATUS: Transcribing...
[2026-02-12 17:01:15.225] STATUS: Listening (English)
[2026-02-12 17:01:22.802] STATUS: Transcribing...
[2026-02-12 17:01:22.836] STATUS: Listening (English)
[2026-02-12 17:01:27.274] STATUS: Transcribing...
[2026-02-12 17:01:27.275] STATUS: Listening (English)
[2026-02-12 17:01:37.371] STATUS: Transcribing...
[2026-02-12 17:01:37.390] STATUS: Listening (English)
[2026-02-12 17:01:46.218] STATUS: Transcribing...
[2026-02-12 17:01:46.254] STATUS: Listening (English)
[2026-02-12 17:01:57.280] STATUS: Transcribing...
[2026-02-12 17:01:57.311] STATUS: Listening (English)
[2026-02-12 17:02:05.810] STATUS: Transcribing...
[2026-02-12 17:02:05.843] STATUS: Listening (English)
[2026-02-12 17:02:11.272] STATUS: Transcribing...
[2026-02-12 17:02:11.273] STATUS: Listening (English)
[2026-02-12 17:02:21.897] STATUS: Transcribing...
[2026-02-12 17:02:21.929] STATUS: Listening (English)
[2026-02-12 17:02:28.999] STATUS: Transcribing...
[2026-02-12 17:02:29.051] STATUS: Listening (English)
[2026-02-12 17:02:34.564] STATUS: Transcribing...
[2026-02-12 17:02:34.599] STATUS: Listening (English)
[2026-02-12 17:02:43.411] STATUS: Transcribing...
[2026-02-12 17:02:43.462] STATUS: Listening (English)
[2026-02-12 17:02:44.677] STATUS: App closing requested

--- Close Requested ---
  File "E:\OneDrive - zachthetech.com\Documents\GitHub\python-translation\main.py", line 4469, in <module>
    app = TranslationApp()
  File "E:\OneDrive - zachthetech.com\Documents\GitHub\python-translation\main.py", line 355, in __init__
    self.root.mainloop()
  File "C:\Users\zachary.price\AppData\Local\Programs\Python\Python310\lib\tkinter\__init__.py", line 1458, in mainloop
    self.tk.mainloop(n)
  File "C:\Users\zachary.price\AppData\Local\Programs\Python\Python310\lib\tkinter\__init__.py", line 1921, in __call__
    return self.func(*args)
  File "E:\OneDrive - zachthetech.com\Documents\GitHub\python-translation\main.py", line 441, in on_closing
    f.write("".join(traceback.format_stack(limit=10)))
[2026-02-12 17:02:44.683] STATUS: Process exiting

--- Process Exit ---
  File "E:\OneDrive - zachthetech.com\Documents\GitHub\python-translation\main.py", line 504, in _log_process_exit
    f.write("".join(traceback.format_stack(limit=10)))
