[2026-02-13 09:42:07.060] STATUS: Listening (Spanish)
[2026-02-13 09:42:13.380] STATUS: No speech detected. Check mic level or device.
[2026-02-13 09:42:34.763] STATUS: Translating...
[2026-02-13 09:42:37.378] STATUS: Listening (Spanish)
[2026-02-13 09:42:38.042] STATUS: Translating...
[2026-02-13 09:42:40.373] STATUS: Listening (Spanish)
[2026-02-13 09:42:43.170] STATUS: No speech detected. Check mic level or device.
[2026-02-13 09:43:08.086] STATUS: Translating...
[2026-02-13 09:43:09.484] STATUS: Listening (Spanish)
[2026-02-13 09:43:12.891] STATUS: No speech detected. Check mic level or device.
[2026-02-13 09:44:10.672] STATUS: Translating...
[2026-02-13 09:44:11.312] STATUS: Listening (Spanish)
[2026-02-13 09:44:20.840] STATUS: Translating...
[2026-02-13 09:44:22.686] STATUS: Listening (Spanish)
[2026-02-13 09:44:27.118] STATUS: Translating...
[2026-02-13 09:44:28.433] STATUS: Listening (Spanish)
[2026-02-13 09:44:30.256] STATUS: Translating...
[2026-02-13 09:44:31.979] STATUS: Listening (Spanish)
[2026-02-13 09:44:45.117] STATUS: Translating...
[2026-02-13 09:44:46.017] STATUS: Listening (Spanish)
[2026-02-13 09:45:01.276] STATUS: Translating...
[2026-02-13 09:45:03.512] STATUS: Listening (Spanish)
[2026-02-13 09:45:08.059] STATUS: No speech detected. Check mic level or device.
[2026-02-13 09:45:12.090] STATUS: Translating...
[2026-02-13 09:45:13.301] STATUS: Listening (Spanish)
[2026-02-13 09:45:30.470] STATUS: No speech detected. Check mic level or device.
[2026-02-13 09:45:49.813] STATUS: Translating...
[2026-02-13 09:45:50.500] STATUS: Listening (Spanish)
[2026-02-13 09:45:55.920] STATUS: No speech detected. Check mic level or device.
[2026-02-13 09:46:09.948] STATUS: Translating...
[2026-02-13 09:46:10.731] STATUS: Listening (Spanish)
[2026-02-13 09:46:13.581] STATUS: Translating...
[2026-02-13 09:46:14.236] STATUS: Listening (Spanish)
[2026-02-13 09:46:17.650] STATUS: No speech detected. Check mic level or device.
[2026-02-13 09:47:40.572] STATUS: App closing requested

--- Close Requested ---
  File "E:\OneDrive - zachthetech.com\Documents\GitHub\python-translation\main.py", line 5239, in <module>
    self.text_canvas.update_idletasks()
  File "E:\OneDrive - zachthetech.com\Documents\GitHub\python-translation\main.py", line 424, in __init__
    self.thread.daemon = True
  File "C:\Users\zachary.price\AppData\Local\Programs\Python\Python310\lib\tkinter\__init__.py", line 1458, in mainloop
    self.tk.mainloop(n)
  File "C:\Users\zachary.price\AppData\Local\Programs\Python\Python310\lib\tkinter\__init__.py", line 1921, in __call__
    return self.func(*args)
  File "E:\OneDrive - zachthetech.com\Documents\GitHub\python-translation\main.py", line 510, in on_closing
    try:
[2026-02-13 09:47:40.582] STATUS: Process exiting

--- Process Exit ---
  File "E:\OneDrive - zachthetech.com\Documents\GitHub\python-translation\main.py", line 573, in _log_process_exit
    try:
