[2026-02-12 19:31:30.812] STATUS: Listening (English)
[2026-02-12 19:31:36.902] STATUS: No speech detected. Check mic level or device.
[2026-02-12 19:32:01.801] STATUS: Listening (English)
[2026-02-12 19:32:14.702] STATUS: No speech detected. Check mic level or device.
[2026-02-12 19:32:24.264] STATUS: Transcribing...
[2026-02-12 19:32:24.276] STATUS: Listening (English)
[2026-02-12 19:32:40.992] STATUS: No speech detected. Check mic level or device.
[2026-02-12 19:33:20.978] STATUS: Transcribing...
[2026-02-12 19:33:20.983] STATUS: Listening (English)
[2026-02-12 19:33:26.622] STATUS: No speech detected. Check mic level or device.
[2026-02-12 19:33:55.289] STATUS: Transcribing...
[2026-02-12 19:33:55.297] STATUS: Listening (English)
[2026-02-12 19:33:57.355] STATUS: Transcribing...
[2026-02-12 19:33:57.362] STATUS: Listening (English)
[2026-02-12 19:34:01.780] STATUS: Transcribing...
[2026-02-12 19:34:01.789] STATUS: Listening (English)
[2026-02-12 19:34:04.481] STATUS: Transcribing...
[2026-02-12 19:34:04.489] STATUS: Listening (English)
[2026-02-12 19:34:09.948] STATUS: Transcribing...
[2026-02-12 19:34:09.957] STATUS: Listening (English)
[2026-02-12 19:34:11.361] STATUS: Transcribing...
[2026-02-12 19:34:11.369] STATUS: Listening (English)
[2026-02-12 19:34:14.437] STATUS: Transcribing...
[2026-02-12 19:34:14.445] STATUS: Listening (English)
[2026-02-12 19:34:17.084] STATUS: Transcribing...
[2026-02-12 19:34:17.094] STATUS: Listening (English)
[2026-02-12 19:34:20.443] STATUS: Transcribing...
[2026-02-12 19:34:20.452] STATUS: Listening (English)
[2026-02-12 19:34:23.460] STATUS: Transcribing...
[2026-02-12 19:34:23.470] STATUS: Listening (English)
[2026-02-12 19:34:26.223] STATUS: Transcribing...
[2026-02-12 19:34:26.233] STATUS: Listening (English)
[2026-02-12 19:34:29.255] STATUS: Transcribing...
[2026-02-12 19:34:29.264] STATUS: Listening (English)
[2026-02-12 19:34:30.577] STATUS: Apply clicked
[2026-02-12 19:34:31.890] STATUS: Settings applied
[2026-02-12 19:34:31.892] STATUS: Apply finished
[2026-02-12 19:34:32.509] STATUS: Listening (English)
[2026-02-12 19:34:47.211] STATUS: Transcribing...
[2026-02-12 19:34:47.221] STATUS: Listening (English)
[2026-02-12 19:34:53.359] STATUS: Transcribing...
[2026-02-12 19:34:53.368] STATUS: Listening (English)
[2026-02-12 19:34:58.308] STATUS: Transcribing...
[2026-02-12 19:34:58.323] STATUS: Listening (English)
[2026-02-12 19:35:00.846] STATUS: Transcribing...
[2026-02-12 19:35:00.857] STATUS: Listening (English)
[2026-02-12 19:35:04.073] STATUS: Transcribing...
[2026-02-12 19:35:04.084] STATUS: Listening (English)
[2026-02-12 19:35:06.092] STATUS: Transcribing...
[2026-02-12 19:35:06.106] STATUS: Listening (English)
[2026-02-12 19:35:07.954] STATUS: Transcribing...
[2026-02-12 19:35:07.964] STATUS: Listening (English)
[2026-02-12 19:35:10.567] STATUS: Transcribing...
[2026-02-12 19:35:10.581] STATUS: Listening (English)
[2026-02-12 19:35:15.279] STATUS: Transcribing...
[2026-02-12 19:35:15.292] STATUS: Listening (English)
[2026-02-12 19:35:19.552] STATUS: Apply clicked
[2026-02-12 19:35:22.172] STATUS: Settings applied
[2026-02-12 19:35:22.174] STATUS: Apply finished
[2026-02-12 19:35:22.803] STATUS: Listening (English)
[2026-02-12 19:35:22.894] STATUS: Transcribing...
[2026-02-12 19:35:22.912] STATUS: Listening (English)
[2026-02-12 19:35:26.689] STATUS: Transcribing...
[2026-02-12 19:35:26.700] STATUS: Listening (English)
[2026-02-12 19:35:30.708] STATUS: Transcribing...
[2026-02-12 19:35:30.718] STATUS: Listening (English)
[2026-02-12 19:35:33.671] STATUS: Transcribing...
[2026-02-12 19:35:33.683] STATUS: Listening (English)
[2026-02-12 19:35:36.813] STATUS: Transcribing...
[2026-02-12 19:35:36.825] STATUS: Listening (English)
[2026-02-12 19:35:39.934] STATUS: Transcribing...
[2026-02-12 19:35:39.946] STATUS: Listening (English)
[2026-02-12 19:35:43.352] STATUS: Transcribing...
[2026-02-12 19:35:43.369] STATUS: Listening (English)
[2026-02-12 19:35:47.139] STATUS: Transcribing...
[2026-02-12 19:35:47.152] STATUS: Listening (English)
[2026-02-12 19:35:51.099] STATUS: Transcribing...
[2026-02-12 19:35:51.110] STATUS: Listening (English)
[2026-02-12 19:35:54.569] STATUS: Transcribing...
[2026-02-12 19:35:54.582] STATUS: Listening (English)
[2026-02-12 19:35:57.332] STATUS: Transcribing...
[2026-02-12 19:35:57.344] STATUS: Listening (English)
[2026-02-12 19:36:00.738] STATUS: Transcribing...
[2026-02-12 19:36:00.754] STATUS: Listening (English)
[2026-02-12 19:36:03.892] STATUS: Transcribing...
[2026-02-12 19:36:03.905] STATUS: Listening (English)
[2026-02-12 19:36:08.118] STATUS: Transcribing...
[2026-02-12 19:36:08.132] STATUS: Listening (English)
[2026-02-12 19:36:10.787] STATUS: Transcribing...
[2026-02-12 19:36:10.801] STATUS: Listening (English)
[2026-02-12 19:36:14.565] STATUS: Transcribing...
[2026-02-12 19:36:14.578] STATUS: Listening (English)
[2026-02-12 19:36:17.453] STATUS: Transcribing...
[2026-02-12 19:36:17.468] STATUS: Listening (English)
[2026-02-12 19:36:21.013] STATUS: Transcribing...
[2026-02-12 19:36:21.026] STATUS: Listening (English)
[2026-02-12 19:36:25.185] STATUS: Transcribing...
[2026-02-12 19:36:25.198] STATUS: Listening (English)
[2026-02-12 19:36:28.867] STATUS: Transcribing...
[2026-02-12 19:36:28.881] STATUS: Listening (English)
[2026-02-12 19:36:32.038] STATUS: Transcribing...
[2026-02-12 19:36:32.052] STATUS: Listening (English)
[2026-02-12 19:36:35.289] STATUS: Transcribing...
[2026-02-12 19:36:35.303] STATUS: Listening (English)
[2026-02-12 19:36:37.593] STATUS: Transcribing...
[2026-02-12 19:36:37.607] STATUS: Listening (English)
[2026-02-12 19:36:39.195] STATUS: Transcribing...
[2026-02-12 19:36:39.208] STATUS: Listening (English)
[2026-02-12 19:36:43.307] STATUS: Transcribing...
[2026-02-12 19:36:43.320] STATUS: Listening (English)
[2026-02-12 19:36:46.727] STATUS: Transcribing...
[2026-02-12 19:36:46.742] STATUS: Listening (English)
[2026-02-12 19:36:51.179] STATUS: Transcribing...
[2026-02-12 19:36:51.193] STATUS: Listening (English)
[2026-02-12 19:36:53.761] STATUS: Transcribing...
[2026-02-12 19:36:53.779] STATUS: Listening (English)
[2026-02-12 19:36:56.311] STATUS: Transcribing...
[2026-02-12 19:36:56.325] STATUS: Listening (English)
[2026-02-12 19:37:01.378] STATUS: Transcribing...
[2026-02-12 19:37:01.393] STATUS: Listening (English)
[2026-02-12 19:37:04.416] STATUS: Transcribing...
[2026-02-12 19:37:04.431] STATUS: Listening (English)
[2026-02-12 19:37:07.623] STATUS: Transcribing...
[2026-02-12 19:37:07.639] STATUS: Listening (English)
[2026-02-12 19:37:09.470] STATUS: Transcribing...
[2026-02-12 19:37:09.485] STATUS: Listening (English)
[2026-02-12 19:37:12.714] STATUS: Transcribing...
[2026-02-12 19:37:12.732] STATUS: Listening (English)
[2026-02-12 19:37:15.802] STATUS: Transcribing...
[2026-02-12 19:37:15.819] STATUS: Listening (English)
[2026-02-12 19:37:20.033] STATUS: Transcribing...
[2026-02-12 19:37:20.049] STATUS: Listening (English)
[2026-02-12 19:37:23.271] STATUS: Transcribing...
[2026-02-12 19:37:23.287] STATUS: Listening (English)
[2026-02-12 19:37:24.389] STATUS: Transcribing...
[2026-02-12 19:37:24.407] STATUS: Listening (English)
[2026-02-12 19:37:27.297] STATUS: Transcribing...
[2026-02-12 19:37:27.313] STATUS: Listening (English)
[2026-02-12 19:37:28.808] STATUS: Transcribing...
[2026-02-12 19:37:28.825] STATUS: Listening (English)
[2026-02-12 19:37:30.349] STATUS: Transcribing...
[2026-02-12 19:37:30.365] STATUS: Listening (English)
[2026-02-12 19:37:33.894] STATUS: Transcribing...
[2026-02-12 19:37:33.911] STATUS: Listening (English)
[2026-02-12 19:37:38.172] STATUS: Transcribing...
[2026-02-12 19:37:38.188] STATUS: Listening (English)
[2026-02-12 19:37:41.186] STATUS: Transcribing...
[2026-02-12 19:37:41.203] STATUS: Listening (English)
[2026-02-12 19:37:44.042] STATUS: Transcribing...
[2026-02-12 19:37:44.059] STATUS: Listening (English)
[2026-02-12 19:37:48.099] STATUS: Transcribing...
[2026-02-12 19:37:48.118] STATUS: Listening (English)
[2026-02-12 19:37:50.706] STATUS: Transcribing...
[2026-02-12 19:37:50.723] STATUS: Listening (English)
[2026-02-12 19:37:54.606] STATUS: Transcribing...
[2026-02-12 19:37:54.624] STATUS: Listening (English)
[2026-02-12 19:37:56.372] STATUS: Transcribing...
[2026-02-12 19:37:56.389] STATUS: Listening (English)
[2026-02-12 19:37:59.832] STATUS: Transcribing...
[2026-02-12 19:37:59.851] STATUS: Listening (English)
[2026-02-12 19:38:03.389] STATUS: Transcribing...
[2026-02-12 19:38:03.409] STATUS: Listening (English)
[2026-02-12 19:38:06.927] STATUS: Transcribing...
[2026-02-12 19:38:06.946] STATUS: Listening (English)
[2026-02-12 19:38:10.010] STATUS: Transcribing...
[2026-02-12 19:38:10.026] STATUS: Listening (English)
[2026-02-12 19:38:13.148] STATUS: Transcribing...
[2026-02-12 19:38:13.169] STATUS: Listening (English)
[2026-02-12 19:38:16.148] STATUS: Transcribing...
[2026-02-12 19:38:16.165] STATUS: Listening (English)
[2026-02-12 19:38:19.649] STATUS: Transcribing...
[2026-02-12 19:38:19.666] STATUS: Listening (English)
[2026-02-12 19:38:23.123] STATUS: Transcribing...
[2026-02-12 19:38:23.143] STATUS: Listening (English)
[2026-02-12 19:38:27.044] STATUS: Transcribing...
[2026-02-12 19:38:27.066] STATUS: Listening (English)
[2026-02-12 19:38:30.683] STATUS: Transcribing...
[2026-02-12 19:38:30.702] STATUS: Listening (English)
[2026-02-12 19:38:32.252] STATUS: Transcribing...
[2026-02-12 19:38:32.270] STATUS: Listening (English)
[2026-02-12 19:38:34.832] STATUS: Transcribing...
[2026-02-12 19:38:34.850] STATUS: Listening (English)
[2026-02-12 19:38:37.995] STATUS: Transcribing...
[2026-02-12 19:38:38.012] STATUS: Listening (English)
[2026-02-12 19:38:41.297] STATUS: Transcribing...
[2026-02-12 19:38:41.314] STATUS: Listening (English)
[2026-02-12 19:38:44.551] STATUS: Transcribing...
[2026-02-12 19:38:44.568] STATUS: Listening (English)
[2026-02-12 19:38:47.580] STATUS: Transcribing...
[2026-02-12 19:38:47.596] STATUS: Listening (English)
[2026-02-12 19:38:49.543] STATUS: Transcribing...
[2026-02-12 19:38:49.560] STATUS: Listening (English)
[2026-02-12 19:38:52.936] STATUS: Transcribing...
[2026-02-12 19:38:52.956] STATUS: Listening (English)
[2026-02-12 19:38:55.545] STATUS: Transcribing...
[2026-02-12 19:38:55.565] STATUS: Listening (English)
[2026-02-12 19:38:57.836] STATUS: Transcribing...
[2026-02-12 19:38:57.858] STATUS: Listening (English)
[2026-02-12 19:39:00.973] STATUS: Transcribing...
[2026-02-12 19:39:01.004] STATUS: Listening (English)
[2026-02-12 19:39:03.633] STATUS: Transcribing...
[2026-02-12 19:39:03.663] STATUS: Listening (English)
[2026-02-12 19:39:07.038] STATUS: Transcribing...
[2026-02-12 19:39:07.057] STATUS: Listening (English)
[2026-02-12 19:39:10.308] STATUS: Transcribing...
[2026-02-12 19:39:10.326] STATUS: Listening (English)
[2026-02-12 19:39:13.148] STATUS: Transcribing...
[2026-02-12 19:39:13.168] STATUS: Listening (English)
[2026-02-12 19:39:15.666] STATUS: Transcribing...
[2026-02-12 19:39:15.686] STATUS: Listening (English)
[2026-02-12 19:39:19.312] STATUS: Transcribing...
[2026-02-12 19:39:19.330] STATUS: Listening (English)
[2026-02-12 19:39:22.660] STATUS: Transcribing...
[2026-02-12 19:39:22.678] STATUS: Listening (English)
[2026-02-12 19:39:25.511] STATUS: Transcribing...
[2026-02-12 19:39:25.529] STATUS: Listening (English)
[2026-02-12 19:39:28.410] STATUS: Transcribing...
[2026-02-12 19:39:28.429] STATUS: Listening (English)
[2026-02-12 19:39:31.274] STATUS: Transcribing...
[2026-02-12 19:39:31.292] STATUS: Listening (English)
[2026-02-12 19:39:34.775] STATUS: Transcribing...
[2026-02-12 19:39:34.792] STATUS: Listening (English)
[2026-02-12 19:39:37.752] STATUS: Transcribing...
[2026-02-12 19:39:37.769] STATUS: Listening (English)
[2026-02-12 19:39:41.232] STATUS: Transcribing...
[2026-02-12 19:39:41.250] STATUS: Listening (English)
[2026-02-12 19:39:44.055] STATUS: Transcribing...
[2026-02-12 19:39:44.072] STATUS: Listening (English)
[2026-02-12 19:39:46.105] STATUS: Transcribing...
[2026-02-12 19:39:46.123] STATUS: Listening (English)
[2026-02-12 19:39:49.541] STATUS: Transcribing...
[2026-02-12 19:39:49.562] STATUS: Listening (English)
[2026-02-12 19:39:54.209] STATUS: Transcribing...
[2026-02-12 19:39:54.228] STATUS: Listening (English)
[2026-02-12 19:39:57.873] STATUS: Transcribing...
[2026-02-12 19:39:57.891] STATUS: Listening (English)
[2026-02-12 19:40:01.826] STATUS: Transcribing...
[2026-02-12 19:40:01.844] STATUS: Listening (English)
[2026-02-12 19:40:04.436] STATUS: Transcribing...
[2026-02-12 19:40:04.456] STATUS: Listening (English)
[2026-02-12 19:40:05.338] STATUS: Transcribing...
[2026-02-12 19:40:05.355] STATUS: Listening (English)
[2026-02-12 19:40:08.975] STATUS: Transcribing...
[2026-02-12 19:40:08.993] STATUS: Listening (English)
[2026-02-12 19:40:11.158] STATUS: Transcribing...
[2026-02-12 19:40:11.174] STATUS: Listening (English)
[2026-02-12 19:40:14.234] STATUS: Transcribing...
[2026-02-12 19:40:14.251] STATUS: Listening (English)
[2026-02-12 19:40:17.410] STATUS: Transcribing...
[2026-02-12 19:40:17.430] STATUS: Listening (English)
[2026-02-12 19:40:19.357] STATUS: Transcribing...
[2026-02-12 19:40:19.376] STATUS: Listening (English)
[2026-02-12 19:40:22.667] STATUS: Transcribing...
[2026-02-12 19:40:22.685] STATUS: Listening (English)
[2026-02-12 19:40:26.007] STATUS: Transcribing...
[2026-02-12 19:40:26.025] STATUS: Listening (English)
[2026-02-12 19:40:28.596] STATUS: Transcribing...
[2026-02-12 19:40:28.615] STATUS: Listening (English)
[2026-02-12 19:40:31.682] STATUS: Transcribing...
[2026-02-12 19:40:31.701] STATUS: Listening (English)
[2026-02-12 19:40:35.606] STATUS: Transcribing...
[2026-02-12 19:40:35.625] STATUS: Listening (English)
[2026-02-12 19:40:38.774] STATUS: Transcribing...
[2026-02-12 19:40:38.790] STATUS: Listening (English)
[2026-02-12 19:40:41.630] STATUS: Transcribing...
[2026-02-12 19:40:41.648] STATUS: Listening (English)
[2026-02-12 19:40:43.740] STATUS: Transcribing...
[2026-02-12 19:40:43.760] STATUS: Listening (English)
[2026-02-12 19:40:47.511] STATUS: Transcribing...
[2026-02-12 19:40:47.529] STATUS: Listening (English)
[2026-02-12 19:40:50.996] STATUS: Transcribing...
[2026-02-12 19:40:51.015] STATUS: Listening (English)
[2026-02-12 19:40:53.997] STATUS: Transcribing...
[2026-02-12 19:40:54.017] STATUS: Listening (English)
[2026-02-12 19:40:57.252] STATUS: Transcribing...
[2026-02-12 19:40:57.271] STATUS: Listening (English)
[2026-02-12 19:41:00.233] STATUS: Transcribing...
[2026-02-12 19:41:00.249] STATUS: Listening (English)
[2026-02-12 19:41:02.945] STATUS: Transcribing...
[2026-02-12 19:41:02.962] STATUS: Listening (English)
[2026-02-12 19:41:05.663] STATUS: Transcribing...
[2026-02-12 19:41:05.684] STATUS: Listening (English)
[2026-02-12 19:41:08.794] STATUS: Transcribing...
[2026-02-12 19:41:08.811] STATUS: Listening (English)
[2026-02-12 19:41:13.028] STATUS: Transcribing...
[2026-02-12 19:41:13.046] STATUS: Listening (English)
[2026-02-12 19:41:15.157] STATUS: Transcribing...
[2026-02-12 19:41:15.173] STATUS: Listening (English)
[2026-02-12 19:41:17.450] STATUS: Transcribing...
[2026-02-12 19:41:17.468] STATUS: Listening (English)
[2026-02-12 19:41:20.705] STATUS: Transcribing...
[2026-02-12 19:41:20.725] STATUS: Listening (English)
[2026-02-12 19:41:24.512] STATUS: Transcribing...
[2026-02-12 19:41:24.529] STATUS: Listening (English)
[2026-02-12 19:41:27.893] STATUS: Transcribing...
[2026-02-12 19:41:27.911] STATUS: Listening (English)
[2026-02-12 19:41:30.257] STATUS: Transcribing...
[2026-02-12 19:41:30.275] STATUS: Listening (English)
[2026-02-12 19:41:33.288] STATUS: Transcribing...
[2026-02-12 19:41:33.309] STATUS: Listening (English)
[2026-02-12 19:41:35.575] STATUS: Transcribing...
[2026-02-12 19:41:35.592] STATUS: Listening (English)
[2026-02-12 19:41:38.512] STATUS: Transcribing...
[2026-02-12 19:41:38.528] STATUS: Listening (English)
[2026-02-12 19:41:41.248] STATUS: Transcribing...
[2026-02-12 19:41:41.265] STATUS: Listening (English)
[2026-02-12 19:41:44.361] STATUS: Transcribing...
[2026-02-12 19:41:44.381] STATUS: Listening (English)
[2026-02-12 19:41:49.254] STATUS: Transcribing...
[2026-02-12 19:41:49.270] STATUS: Listening (English)
[2026-02-12 19:41:52.045] STATUS: Transcribing...
[2026-02-12 19:41:52.066] STATUS: Listening (English)
[2026-02-12 19:41:55.322] STATUS: Transcribing...
[2026-02-12 19:41:55.338] STATUS: Listening (English)
[2026-02-12 19:41:58.536] STATUS: Transcribing...
[2026-02-12 19:41:58.554] STATUS: Listening (English)
[2026-02-12 19:41:59.717] STATUS: Transcribing...
[2026-02-12 19:41:59.733] STATUS: Listening (English)
[2026-02-12 19:42:00.689] STATUS: App closing requested

--- Close Requested ---
  File "E:\OneDrive - zachthetech.com\Documents\GitHub\python-translation\main.py", line 5068, in <module>
  File "E:\OneDrive - zachthetech.com\Documents\GitHub\python-translation\main.py", line 375, in __init__
    self.root.mainloop()
  File "C:\Users\zachary.price\AppData\Local\Programs\Python\Python310\lib\tkinter\__init__.py", line 1458, in mainloop
    self.tk.mainloop(n)
  File "C:\Users\zachary.price\AppData\Local\Programs\Python\Python310\lib\tkinter\__init__.py", line 1921, in __call__
    return self.func(*args)
  File "E:\OneDrive - zachthetech.com\Documents\GitHub\python-translation\main.py", line 461, in on_closing
    f.write("".join(traceback.format_stack(limit=10)))
[2026-02-12 19:42:00.698] STATUS: Process exiting

--- Process Exit ---
  File "E:\OneDrive - zachthetech.com\Documents\GitHub\python-translation\main.py", line 524, in _log_process_exit
    f.write("".join(traceback.format_stack(limit=10)))
