[2026-02-07 10:15:23.731] STATUS: Listening (English)
[2026-02-07 10:15:27.265] STATUS: Apply clicked
[2026-02-07 10:15:27.953] STATUS: Settings applied
[2026-02-07 10:15:27.954] STATUS: Apply finished
[2026-02-07 10:15:28.737] STATUS: Listening (English)
[2026-02-07 10:15:30.738] STATUS: No speech detected. Check mic level or device.
[2026-02-07 10:15:35.091] STATUS: Apply clicked
[2026-02-07 10:15:35.995] STATUS: Settings applied
[2026-02-07 10:15:35.998] STATUS: Apply finished
[2026-02-07 10:15:37.028] STATUS: Listening (English)
[2026-02-07 10:15:38.028] STATUS: No speech detected. Check mic level or device.
[2026-02-07 10:15:38.729] STATUS: App closing requested

--- Close Requested ---
  File "E:\OneDrive - zachthetech.com\Documents\GitHub\python-translation\main.py", line 3676, in <module>
    app = TranslationApp()
  File "E:\OneDrive - zachthetech.com\Documents\GitHub\python-translation\main.py", line 326, in __init__
    self.root.mainloop()
  File "C:\Users\zachary.price\AppData\Local\Programs\Python\Python310\lib\tkinter\__init__.py", line 1458, in mainloop
    self.tk.mainloop(n)
  File "C:\Users\zachary.price\AppData\Local\Programs\Python\Python310\lib\tkinter\__init__.py", line 1921, in __call__
    return self.func(*args)
  File "E:\OneDrive - zachthetech.com\Documents\GitHub\python-translation\main.py", line 412, in on_closing
    f.write("".join(traceback.format_stack(limit=10)))
[2026-02-07 10:15:38.736] STATUS: Process exiting

--- Process Exit ---
  File "E:\OneDrive - zachthetech.com\Documents\GitHub\python-translation\main.py", line 475, in _log_process_exit
    f.write("".join(traceback.format_stack(limit=10)))
