[2026-02-12 16:04:38.395] STATUS: Listening (English)
[2026-02-12 16:04:45.085] STATUS: Loading faster-whisper model (first run can take a few minutes)...
[2026-02-12 16:04:45.854] STATUS: Apply clicked
[2026-02-12 16:04:45.861] STATUS: Local model ready
[2026-02-12 16:04:48.345] STATUS: Settings applied
[2026-02-12 16:04:48.346] STATUS: Apply finished
[2026-02-12 16:04:48.963] STATUS: Loading faster-whisper model (first run can take a few minutes)...
[2026-02-12 16:04:49.234] STATUS: Listening (English)
Fatal Python error: Aborted

Thread 0x0000083c (most recent call first):
  File "C:\Users\zachary.price\AppData\Local\Programs\Python\Python310\lib\threading.py", line 324 in wait
  File "C:\Users\zachary.price\AppData\Local\Programs\Python\Python310\lib\threading.py", line 607 in wait
  File "E:\OneDrive - zachthetech.com\Documents\GitHub\python-translation\.venv\lib\site-packages\tqdm\_monitor.py", line 60 in run
  File "C:\Users\zachary.price\AppData\Local\Programs\Python\Python310\lib\threading.py", line 1016 in _bootstrap_inner
  File "C:\Users\zachary.price\AppData\Local\Programs\Python\Python310\lib\threading.py", line 973 in _bootstrap

Thread 0x000055e8 (most recent call first):
  File "C:\Users\zachary.price\AppData\Local\Programs\Python\Python310\lib\threading.py", line 324 in wait
  File "C:\Users\zachary.price\AppData\Local\Programs\Python\Python310\lib\threading.py", line 607 in wait
  File "E:\OneDrive - zachthetech.com\Documents\GitHub\python-translation\.venv\lib\site-packages\tqdm\_monitor.py", line 60 in run
  File "C:\Users\zachary.price\AppData\Local\Programs\Python\Python310\lib\threading.py", line 1016 in _bootstrap_inner
  File "C:\Users\zachary.price\AppData\Local\Programs\Python\Python310\lib\threading.py", line 973 in _bootstrap

Thread 0x0000af44 (most recent call first):
  File "E:\OneDrive - zachthetech.com\Documents\GitHub\python-translation\.venv\lib\site-packages\pyaudio\__init__.py", line 570 in read
  File "E:\OneDrive - zachthetech.com\Documents\GitHub\python-translation\.venv\lib\site-packages\speech_recognition\__init__.py", line 192 in read
  File "E:\OneDrive - zachthetech.com\Documents\GitHub\python-translation\.venv\lib\site-packages\speech_recognition\__init__.py", line 531 in _listen
  File "E:\OneDrive - zachthetech.com\Documents\GitHub\python-translation\.venv\lib\site-packages\speech_recognition\__init__.py", line 461 in listen
  File "E:\OneDrive - zachthetech.com\Documents\GitHub\python-translation\main.py", line 3181 in _capture_loop
  File "C:\Users\zachary.price\AppData\Local\Programs\Python\Python310\lib\threading.py", line 953 in run
  File "C:\Users\zachary.price\AppData\Local\Programs\Python\Python310\lib\threading.py", line 1016 in _bootstrap_inner
  File "C:\Users\zachary.price\AppData\Local\Programs\Python\Python310\lib\threading.py", line 973 in _bootstrap

Thread 0x000032f8 (most recent call first):
  File "E:\OneDrive - zachthetech.com\Documents\GitHub\python-translation\main.py", line 3388 in _get_faster_whisper_model
  File "E:\OneDrive - zachthetech.com\Documents\GitHub\python-translation\main.py", line 3409 in recognize_faster_whisper
  File "E:\OneDrive - zachthetech.com\Documents\GitHub\python-translation\main.py", line 3226 in _recognize_audio
  File "E:\OneDrive - zachthetech.com\Documents\GitHub\python-translation\main.py", line 3291 in process_audio
  File "E:\OneDrive - zachthetech.com\Documents\GitHub\python-translation\main.py", line 3024 in listen_and_translate
  File "C:\Users\zachary.price\AppData\Local\Programs\Python\Python310\lib\threading.py", line 953 in run
  File "C:\Users\zachary.price\AppData\Local\Programs\Python\Python310\lib\threading.py", line 1016 in _bootstrap_inner
  File "C:\Users\zachary.price\AppData\Local\Programs\Python\Python310\lib\threading.py", line 973 in _bootstrap

Thread 0x0000a648 (most recent call first):
  File "C:\Users\zachary.price\AppData\Local\Programs\Python\Python310\lib\threading.py", line 324 in wait
  File "C:\Users\zachary.price\AppData\Local\Programs\Python\Python310\lib\queue.py", line 180 in get
  File "E:\OneDrive - zachthetech.com\Documents\GitHub\python-translation\main.py", line 3500 in _translation_worker
  File "C:\Users\zachary.price\AppData\Local\Programs\Python\Python310\lib\threading.py", line 953 in run
  File "C:\Users\zachary.price\AppData\Local\Programs\Python\Python310\lib\threading.py", line 1016 in _bootstrap_inner
  File "C:\Users\zachary.price\AppData\Local\Programs\Python\Python310\lib\threading.py", line 973 in _bootstrap

Thread 0x0000a4b0 (most recent call first):
  File "C:\Users\zachary.price\AppData\Local\Programs\Python\Python310\lib\tkinter\__init__.py", line 1458 in mainloop
  File "E:\OneDrive - zachthetech.com\Documents\GitHub\python-translation\main.py", line 342 in __init__
  File "E:\OneDrive - zachthetech.com\Documents\GitHub\python-translation\main.py", line 4300 in <module>

Extension modules: charset_normalizer.md, pyaudio._portaudio, PIL._imaging, PIL._imagingft, av._core, av.logging, av.bytesource, av.buffer, av.audio.format, av.error, av.dictionary, av.container.pyio, av.option, av.descriptor, av.format, av.utils, av.stream, av.container.streams, av.sidedata.encparams, av.sidedata.motionvectors, av.sidedata.sidedata, av.opaque, av.packet, av.container.input, av.container.output, av.container.core, av.codec.context, av.video.format, av.video.reformatter, av.plane, av.video.plane, av.video.frame, av.video.stream, av.codec.hwaccel, av.codec.codec, av.frame, av.audio.layout, av.audio.plane, av.audio.frame, av.audio.stream, av.filter.link, av.filter.context, av.filter.graph, av.filter.filter, av.filter.loudnorm, av.audio.resampler, av.audio.codeccontext, av.audio.fifo, av.bitstream, av.video.codeccontext, numpy._core._multiarray_umath, numpy.linalg._umath_linalg, yaml._yaml, av.subtitles.stream (total: 54)
