[2026-02-13 13:00:44.965] STATUS: Listening (Spanish)
[2026-02-13 13:01:21.956] STATUS: Translating...
[2026-02-13 13:01:22.696] STATUS: Listening (Spanish)
[2026-02-13 13:01:38.322] STATUS: Translating...
[2026-02-13 13:01:38.799] STATUS: Listening (Spanish)
[2026-02-13 13:01:40.335] STATUS: Translating...
[2026-02-13 13:01:40.920] STATUS: Listening (Spanish)
[2026-02-13 13:01:46.116] STATUS: Translating...
[2026-02-13 13:01:46.789] STATUS: Listening (Spanish)
[2026-02-13 13:01:51.887] STATUS: Translating...
[2026-02-13 13:01:52.536] STATUS: Listening (Spanish)
[2026-02-13 13:02:07.289] STATUS: Translating...
[2026-02-13 13:02:07.971] STATUS: Listening (Spanish)
[2026-02-13 13:02:13.606] STATUS: Translating...
[2026-02-13 13:02:14.205] STATUS: Listening (Spanish)
[2026-02-13 13:02:21.663] STATUS: Translating...
[2026-02-13 13:02:22.314] STATUS: Listening (Spanish)
[2026-02-13 13:02:24.851] STATUS: Translating...
[2026-02-13 13:02:25.592] STATUS: Listening (Spanish)
[2026-02-13 13:02:28.932] STATUS: Translating...
[2026-02-13 13:02:29.579] STATUS: Listening (Spanish)
[2026-02-13 13:02:31.884] STATUS: Translating...
[2026-02-13 13:02:32.536] STATUS: Listening (Spanish)
[2026-02-13 13:03:05.963] STATUS: Translating...
[2026-02-13 13:03:06.587] STATUS: Listening (Spanish)
[2026-02-13 13:03:23.796] STATUS: Translating...
[2026-02-13 13:03:24.316] STATUS: Listening (Spanish)
[2026-02-13 13:03:25.795] STATUS: Translating...
[2026-02-13 13:03:26.610] STATUS: Listening (Spanish)
[2026-02-13 13:03:31.185] STATUS: Translating...
[2026-02-13 13:03:31.762] STATUS: Listening (Spanish)
[2026-02-13 13:03:42.933] STATUS: Translating...
[2026-02-13 13:03:43.561] STATUS: Listening (Spanish)
[2026-02-13 13:03:45.731] STATUS: Translating...
[2026-02-13 13:03:46.407] STATUS: Listening (Spanish)
[2026-02-13 13:03:55.996] STATUS: Translating...
[2026-02-13 13:03:56.595] STATUS: Listening (Spanish)
[2026-02-13 13:03:58.276] STATUS: Translating...
[2026-02-13 13:03:58.989] STATUS: Listening (Spanish)
[2026-02-13 13:04:11.795] STATUS: Translating...
[2026-02-13 13:04:12.591] STATUS: Listening (Spanish)
[2026-02-13 13:04:37.634] STATUS: Translating...
[2026-02-13 13:04:38.259] STATUS: Listening (Spanish)
[2026-02-13 13:04:43.768] STATUS: Translating...
[2026-02-13 13:04:44.257] STATUS: Listening (Spanish)
[2026-02-13 13:04:47.999] STATUS: Translating...
[2026-02-13 13:04:48.574] STATUS: Listening (Spanish)
[2026-02-13 13:04:50.267] STATUS: Translating...
[2026-02-13 13:04:50.756] STATUS: Listening (Spanish)
[2026-02-13 13:04:53.022] STATUS: Translating...
[2026-02-13 13:04:53.527] STATUS: Listening (Spanish)
[2026-02-13 13:05:01.649] STATUS: Translating...
[2026-02-13 13:05:02.228] STATUS: Listening (Spanish)
[2026-02-13 13:05:05.537] STATUS: Translating...
[2026-02-13 13:05:06.120] STATUS: Listening (Spanish)
[2026-02-13 13:06:06.172] STATUS: Translating...
[2026-02-13 13:06:06.702] STATUS: Listening (Spanish)
[2026-02-13 13:06:11.581] STATUS: No speech detected. Check mic level or device.
[2026-02-13 13:06:18.659] STATUS: App closing requested

--- Close Requested ---
  File "E:\OneDrive - zachthetech.com\Documents\GitHub\python-translation\main.py", line 5438, in <module>
    text = text[: max(10, int(len(text) * 0.85))].rstrip() + "..."
  File "E:\OneDrive - zachthetech.com\Documents\GitHub\python-translation\main.py", line 442, in __init__
    self.root.mainloop()
  File "C:\Users\zachary.price\AppData\Local\Programs\Python\Python310\lib\tkinter\__init__.py", line 1458, in mainloop
    self.tk.mainloop(n)
  File "C:\Users\zachary.price\AppData\Local\Programs\Python\Python310\lib\tkinter\__init__.py", line 1921, in __call__
    return self.func(*args)
  File "E:\OneDrive - zachthetech.com\Documents\GitHub\python-translation\main.py", line 528, in on_closing
    f.write("".join(traceback.format_stack(limit=10)))
[2026-02-13 13:06:18.668] STATUS: Process exiting

--- Process Exit ---
  File "E:\OneDrive - zachthetech.com\Documents\GitHub\python-translation\main.py", line 591, in _log_process_exit
    f.write("".join(traceback.format_stack(limit=10)))
