[2026-02-12 23:51:38.049] STATUS: Listening (English)
[2026-02-12 23:51:43.043] STATUS: Translating...
[2026-02-12 23:51:43.699] STATUS: Listening (English)
[2026-02-12 23:51:44.122] STATUS: Translating...
[2026-02-12 23:51:45.291] STATUS: Listening (English)
[2026-02-12 23:51:47.196] STATUS: Translating...
[2026-02-12 23:51:47.781] STATUS: Listening (English)
[2026-02-12 23:52:09.139] STATUS: No speech detected. Check mic level or device.
[2026-02-12 23:52:42.517] STATUS: Translating...
[2026-02-12 23:52:43.400] STATUS: Listening (English)
[2026-02-12 23:52:46.173] STATUS: Translating...
[2026-02-12 23:52:46.816] STATUS: Listening (English)
[2026-02-12 23:52:52.100] STATUS: No speech detected. Check mic level or device.
[2026-02-12 23:52:55.622] STATUS: Translating...
[2026-02-12 23:52:56.290] STATUS: Listening (English)
[2026-02-12 23:53:14.541] STATUS: Translating...
[2026-02-12 23:53:15.315] STATUS: Listening (English)
[2026-02-12 23:53:32.282] STATUS: Translating...
[2026-02-12 23:53:32.769] STATUS: Listening (English)
[2026-02-12 23:53:39.115] STATUS: Translating...
[2026-02-12 23:53:40.131] STATUS: Listening (English)
[2026-02-12 23:53:41.337] STATUS: Translating...
[2026-02-12 23:53:42.104] STATUS: Listening (English)
[2026-02-12 23:53:58.120] STATUS: No speech detected. Check mic level or device.
[2026-02-12 23:54:02.203] STATUS: Translating...
[2026-02-12 23:54:02.791] STATUS: Listening (English)
[2026-02-12 23:54:07.869] STATUS: No speech detected. Check mic level or device.
[2026-02-12 23:54:59.514] STATUS: Translating...
[2026-02-12 23:55:00.071] STATUS: Listening (English)
[2026-02-12 23:55:04.870] STATUS: No speech detected. Check mic level or device.
[2026-02-12 23:55:30.208] STATUS: Translating...
[2026-02-12 23:55:30.842] STATUS: Listening (English)
[2026-02-12 23:55:33.493] STATUS: Translating...
[2026-02-12 23:55:34.303] STATUS: Listening (English)
[2026-02-12 23:55:44.859] STATUS: No speech detected. Check mic level or device.
[2026-02-12 23:56:39.934] STATUS: Translating...
[2026-02-12 23:56:40.614] STATUS: Listening (English)
[2026-02-12 23:56:41.081] STATUS: Translating...
[2026-02-12 23:56:41.977] STATUS: Listening (English)
[2026-02-12 23:56:45.195] STATUS: Translating...
[2026-02-12 23:56:45.770] STATUS: Listening (English)
[2026-02-12 23:57:01.812] STATUS: Translating...
[2026-02-12 23:57:02.473] STATUS: Listening (English)
[2026-02-12 23:57:07.973] STATUS: Translating...
[2026-02-12 23:57:08.692] STATUS: Listening (English)
[2026-02-12 23:57:18.840] STATUS: Translating...
[2026-02-12 23:57:19.419] STATUS: Listening (English)
[2026-02-12 23:57:28.063] STATUS: Translating...
[2026-02-12 23:57:28.589] STATUS: Listening (English)
[2026-02-12 23:57:29.879] STATUS: Translating...
[2026-02-12 23:57:30.439] STATUS: Listening (English)
[2026-02-12 23:57:36.102] STATUS: Translating...
[2026-02-12 23:57:36.764] STATUS: Listening (English)
[2026-02-12 23:57:48.763] STATUS: Translating...
[2026-02-12 23:57:49.753] STATUS: Listening (English)
[2026-02-12 23:58:00.501] STATUS: Translating...
[2026-02-12 23:58:01.191] STATUS: Listening (English)
[2026-02-12 23:58:27.870] STATUS: Translating...
[2026-02-12 23:58:28.486] STATUS: Listening (English)
[2026-02-12 23:58:33.481] STATUS: No speech detected. Check mic level or device.
[2026-02-12 23:58:42.142] STATUS: Translating...
[2026-02-12 23:58:42.657] STATUS: Listening (English)
[2026-02-12 23:58:43.725] STATUS: Translating...
[2026-02-12 23:58:44.580] STATUS: Listening (English)
[2026-02-12 23:58:49.389] STATUS: No speech detected. Check mic level or device.
[2026-02-12 23:58:55.346] STATUS: Translating...
[2026-02-12 23:58:55.934] STATUS: Listening (English)
[2026-02-12 23:59:19.850] STATUS: No speech detected. Check mic level or device.
[2026-02-13 00:00:02.585] STATUS: Translating...
[2026-02-13 00:00:03.428] STATUS: Listening (English)
[2026-02-13 00:00:12.657] STATUS: Translating...
[2026-02-13 00:00:13.506] STATUS: Listening (English)
[2026-02-13 00:00:18.529] STATUS: No speech detected. Check mic level or device.
[2026-02-13 00:00:30.901] STATUS: Translating...
[2026-02-13 00:00:31.763] STATUS: Listening (English)
[2026-02-13 00:00:41.190] STATUS: No speech detected. Check mic level or device.
[2026-02-13 00:00:46.564] STATUS: Translating...
[2026-02-13 00:00:47.233] STATUS: Listening (English)
[2026-02-13 00:00:51.500] STATUS: No speech detected. Check mic level or device.
[2026-02-13 00:01:01.646] STATUS: Translating...
[2026-02-13 00:01:02.866] STATUS: Listening (English)
[2026-02-13 00:01:33.134] STATUS: Translating...
[2026-02-13 00:01:33.973] STATUS: Listening (English)
[2026-02-13 00:01:40.311] STATUS: Translating...
[2026-02-13 00:01:41.095] STATUS: Listening (English)
[2026-02-13 00:01:54.150] STATUS: No speech detected. Check mic level or device.
[2026-02-13 00:01:56.781] STATUS: Translating...
[2026-02-13 00:01:57.302] STATUS: Listening (English)
[2026-02-13 00:03:12.047] STATUS: Translating...
[2026-02-13 00:03:13.135] STATUS: Listening (English)
[2026-02-13 00:03:22.681] STATUS: Translating...
[2026-02-13 00:03:23.473] STATUS: Listening (English)
[2026-02-13 00:03:36.909] STATUS: No speech detected. Check mic level or device.
[2026-02-13 00:03:53.125] STATUS: Translating...
[2026-02-13 00:03:53.714] STATUS: Listening (English)
[2026-02-13 00:03:58.340] STATUS: No speech detected. Check mic level or device.
[2026-02-13 00:04:25.587] STATUS: Translating...
[2026-02-13 00:04:27.150] STATUS: Listening (English)
[2026-02-13 00:04:29.290] STATUS: Translating...
[2026-02-13 00:04:30.113] STATUS: Listening (English)
[2026-02-13 00:04:33.749] STATUS: Translating...
[2026-02-13 00:04:34.596] STATUS: Listening (English)
[2026-02-13 00:04:38.559] STATUS: No speech detected. Check mic level or device.
[2026-02-13 00:06:36.868] STATUS: Translating...
[2026-02-13 00:06:37.607] STATUS: Listening (English)
[2026-02-13 00:06:41.879] STATUS: No speech detected. Check mic level or device.
[2026-02-13 00:06:45.922] STATUS: Translating...
[2026-02-13 00:06:46.830] STATUS: Listening (English)
[2026-02-13 00:07:14.269] STATUS: No speech detected. Check mic level or device.
[2026-02-13 00:07:40.122] STATUS: Translating...
[2026-02-13 00:07:40.805] STATUS: Listening (English)
[2026-02-13 00:07:44.970] STATUS: No speech detected. Check mic level or device.
[2026-02-13 00:10:30.295] STATUS: Translating...
[2026-02-13 00:10:31.213] STATUS: Listening (English)
[2026-02-13 00:10:32.432] STATUS: Translating...
[2026-02-13 00:10:37.081] STATUS: Listening (English)
[2026-02-13 00:10:38.140] STATUS: No speech detected. Check mic level or device.
[2026-02-13 00:11:33.137] STATUS: Translating...
[2026-02-13 00:11:33.701] STATUS: Listening (English)
[2026-02-13 00:11:37.736] STATUS: Translating...
[2026-02-13 00:11:38.522] STATUS: Listening (English)
[2026-02-13 00:11:42.867] STATUS: Translating...
[2026-02-13 00:11:43.413] STATUS: Listening (English)
[2026-02-13 00:11:49.674] STATUS: Translating...
[2026-02-13 00:11:50.165] STATUS: Listening (English)
[2026-02-13 00:11:55.510] STATUS: Translating...
[2026-02-13 00:11:56.142] STATUS: Listening (English)
[2026-02-13 00:12:02.291] STATUS: Translating...
[2026-02-13 00:12:02.859] STATUS: Listening (English)
[2026-02-13 00:12:04.291] STATUS: Translating...
[2026-02-13 00:12:04.948] STATUS: Listening (English)
[2026-02-13 00:12:17.309] STATUS: Translating...
[2026-02-13 00:12:17.973] STATUS: Listening (English)
[2026-02-13 00:12:25.751] STATUS: Translating...
[2026-02-13 00:12:26.315] STATUS: Listening (English)
[2026-02-13 00:12:36.179] STATUS: Translating...
[2026-02-13 00:12:36.629] STATUS: Listening (English)
[2026-02-13 00:12:42.951] STATUS: Translating...
[2026-02-13 00:12:43.485] STATUS: Listening (English)
[2026-02-13 00:12:55.881] STATUS: Translating...
[2026-02-13 00:12:56.769] STATUS: Listening (English)
[2026-02-13 00:13:02.430] STATUS: No speech detected. Check mic level or device.
[2026-02-13 00:13:23.518] STATUS: Translating...
[2026-02-13 00:13:24.247] STATUS: Listening (English)
[2026-02-13 00:13:28.048] STATUS: Translating...
[2026-02-13 00:13:28.750] STATUS: Listening (English)
[2026-02-13 00:13:29.350] STATUS: Translating...
[2026-02-13 00:13:31.782] STATUS: Listening (English)
[2026-02-13 00:13:33.078] STATUS: Translating...
[2026-02-13 00:13:33.663] STATUS: Listening (English)
[2026-02-13 00:13:34.368] STATUS: Translating...
[2026-02-13 00:13:34.897] STATUS: Listening (English)
[2026-02-13 00:13:42.929] STATUS: Translating...
[2026-02-13 00:13:43.733] STATUS: Listening (English)
[2026-02-13 00:13:54.416] STATUS: Translating...
[2026-02-13 00:13:55.270] STATUS: Listening (English)
[2026-02-13 00:14:05.306] STATUS: Translating...
[2026-02-13 00:14:06.941] STATUS: Listening (English)
[2026-02-13 00:14:07.713] STATUS: Translating...
[2026-02-13 00:14:08.387] STATUS: Listening (English)
[2026-02-13 00:14:09.736] STATUS: Translating...
[2026-02-13 00:14:10.333] STATUS: Listening (English)
[2026-02-13 00:14:15.619] STATUS: Translating...
[2026-02-13 00:14:16.180] STATUS: Listening (English)
[2026-02-13 00:14:31.160] STATUS: No speech detected. Check mic level or device.
[2026-02-13 00:14:52.858] STATUS: Translating...
[2026-02-13 00:14:53.499] STATUS: Listening (English)
[2026-02-13 00:15:03.059] STATUS: No speech detected. Check mic level or device.
[2026-02-13 00:15:08.896] STATUS: Translating...
[2026-02-13 00:15:09.373] STATUS: Listening (English)
[2026-02-13 00:15:12.352] STATUS: Translating...
[2026-02-13 00:15:12.923] STATUS: Listening (English)
[2026-02-13 00:15:17.352] STATUS: Translating...
[2026-02-13 00:15:17.866] STATUS: Listening (English)
[2026-02-13 00:15:22.520] STATUS: No speech detected. Check mic level or device.
[2026-02-13 00:15:33.333] STATUS: Translating...
[2026-02-13 00:15:35.016] STATUS: Listening (English)
[2026-02-13 00:15:37.846] STATUS: Translating...
[2026-02-13 00:15:38.544] STATUS: Listening (English)
[2026-02-13 00:15:40.754] STATUS: Translating...
[2026-02-13 00:15:41.737] STATUS: Listening (English)
[2026-02-13 00:15:47.498] STATUS: Translating...
[2026-02-13 00:15:48.094] STATUS: Listening (English)
[2026-02-13 00:16:03.526] STATUS: Translating...
[2026-02-13 00:16:04.054] STATUS: Listening (English)
[2026-02-13 00:16:07.992] STATUS: Translating...
[2026-02-13 00:16:08.595] STATUS: Listening (English)
[2026-02-13 00:16:22.806] STATUS: Translating...
[2026-02-13 00:16:23.475] STATUS: Listening (English)
[2026-02-13 00:16:52.499] STATUS: No speech detected. Check mic level or device.
[2026-02-13 00:17:21.572] STATUS: Translating...
[2026-02-13 00:17:28.677] STATUS: Listening (English)
[2026-02-13 00:17:28.773] STATUS: Translating...
[2026-02-13 00:17:29.418] STATUS: Listening (English)
[2026-02-13 00:17:29.481] STATUS: Translating...
[2026-02-13 00:17:30.069] STATUS: Listening (English)
[2026-02-13 00:17:37.590] STATUS: No speech detected. Check mic level or device.
[2026-02-13 00:18:25.490] STATUS: Translating...
[2026-02-13 00:18:26.171] STATUS: Listening (English)
[2026-02-13 00:18:29.357] STATUS: Translating...
[2026-02-13 00:18:30.004] STATUS: Listening (English)
[2026-02-13 00:18:34.320] STATUS: No speech detected. Check mic level or device.
[2026-02-13 00:18:39.106] STATUS: Translating...
[2026-02-13 00:18:39.680] STATUS: Listening (English)
[2026-02-13 00:18:42.932] STATUS: Translating...
[2026-02-13 00:18:43.625] STATUS: Listening (English)
[2026-02-13 00:18:48.039] STATUS: No speech detected. Check mic level or device.
[2026-02-13 00:18:59.248] STATUS: Translating...
[2026-02-13 00:19:00.042] STATUS: Listening (English)
[2026-02-13 00:19:02.212] STATUS: Translating...
[2026-02-13 00:19:02.771] STATUS: Listening (English)
[2026-02-13 00:19:21.239] STATUS: No speech detected. Check mic level or device.
[2026-02-13 00:20:56.014] STATUS: Translating...
[2026-02-13 00:20:57.032] STATUS: Listening (English)
[2026-02-13 00:21:01.089] STATUS: No speech detected. Check mic level or device.
[2026-02-13 00:24:25.246] STATUS: Translating...
[2026-02-13 00:24:25.865] STATUS: Listening (English)
[2026-02-13 00:24:29.006] STATUS: App closing requested

--- Close Requested ---
  File "E:\OneDrive - zachthetech.com\Documents\GitHub\python-translation\main.py", line 5145, in <module>
    app = TranslationApp()
  File "E:\OneDrive - zachthetech.com\Documents\GitHub\python-translation\main.py", line 376, in __init__
    self.root.mainloop()
  File "C:\Users\zachary.price\AppData\Local\Programs\Python\Python310\lib\tkinter\__init__.py", line 1458, in mainloop
    self.tk.mainloop(n)
  File "C:\Users\zachary.price\AppData\Local\Programs\Python\Python310\lib\tkinter\__init__.py", line 1921, in __call__
    return self.func(*args)
  File "E:\OneDrive - zachthetech.com\Documents\GitHub\python-translation\main.py", line 462, in on_closing
    f.write("".join(traceback.format_stack(limit=10)))
[2026-02-13 00:24:29.015] STATUS: Process exiting

--- Process Exit ---
  File "E:\OneDrive - zachthetech.com\Documents\GitHub\python-translation\main.py", line 525, in _log_process_exit
    f.write("".join(traceback.format_stack(limit=10)))
