[2026-02-12 19:42:06.735] STATUS: Listening (English)
[2026-02-12 19:42:09.864] STATUS: Transcribing...
[2026-02-12 19:42:09.873] STATUS: Listening (English)
[2026-02-12 19:42:12.065] STATUS: Transcribing...
[2026-02-12 19:42:12.069] STATUS: Listening (English)
[2026-02-12 19:42:15.444] STATUS: Transcribing...
[2026-02-12 19:42:15.452] STATUS: Listening (English)
[2026-02-12 19:42:18.295] STATUS: Transcribing...
[2026-02-12 19:42:18.302] STATUS: Listening (English)
[2026-02-12 19:42:21.731] STATUS: Transcribing...
[2026-02-12 19:42:21.737] STATUS: Listening (English)
[2026-02-12 19:42:25.213] STATUS: Transcribing...
[2026-02-12 19:42:25.219] STATUS: Listening (English)
[2026-02-12 19:42:28.398] STATUS: Transcribing...
[2026-02-12 19:42:28.406] STATUS: Listening (English)
[2026-02-12 19:42:31.190] STATUS: Transcribing...
[2026-02-12 19:42:31.199] STATUS: Listening (English)
[2026-02-12 19:42:34.709] STATUS: Transcribing...
[2026-02-12 19:42:34.717] STATUS: Listening (English)
[2026-02-12 19:42:37.053] STATUS: Transcribing...
[2026-02-12 19:42:37.062] STATUS: Listening (English)
[2026-02-12 19:42:39.256] STATUS: Transcribing...
[2026-02-12 19:42:39.266] STATUS: Listening (English)
[2026-02-12 19:42:40.993] STATUS: Transcribing...
[2026-02-12 19:42:41.000] STATUS: Listening (English)
[2026-02-12 19:42:44.914] STATUS: Transcribing...
[2026-02-12 19:42:44.924] STATUS: Listening (English)
[2026-02-12 19:42:48.600] STATUS: Transcribing...
[2026-02-12 19:42:48.607] STATUS: Listening (English)
[2026-02-12 19:42:52.294] STATUS: Transcribing...
[2026-02-12 19:42:52.304] STATUS: Listening (English)
[2026-02-12 19:42:54.098] STATUS: Transcribing...
[2026-02-12 19:42:54.107] STATUS: Listening (English)
[2026-02-12 19:42:58.564] STATUS: Transcribing...
[2026-02-12 19:42:58.575] STATUS: Listening (English)
[2026-02-12 19:43:02.013] STATUS: Transcribing...
[2026-02-12 19:43:02.023] STATUS: Listening (English)
[2026-02-12 19:43:05.028] STATUS: Transcribing...
[2026-02-12 19:43:05.039] STATUS: Listening (English)
[2026-02-12 19:43:08.494] STATUS: Transcribing...
[2026-02-12 19:43:08.504] STATUS: Listening (English)
[2026-02-12 19:43:10.660] STATUS: Transcribing...
[2026-02-12 19:43:10.671] STATUS: Listening (English)
[2026-02-12 19:43:13.076] STATUS: Transcribing...
[2026-02-12 19:43:13.086] STATUS: Listening (English)
[2026-02-12 19:43:15.079] STATUS: Transcribing...
[2026-02-12 19:43:15.091] STATUS: Listening (English)
[2026-02-12 19:43:19.249] STATUS: Transcribing...
[2026-02-12 19:43:19.260] STATUS: Listening (English)
[2026-02-12 19:43:23.517] STATUS: Transcribing...
[2026-02-12 19:43:23.527] STATUS: Listening (English)
[2026-02-12 19:43:26.634] STATUS: Transcribing...
[2026-02-12 19:43:26.645] STATUS: Listening (English)
[2026-02-12 19:43:29.373] STATUS: Transcribing...
[2026-02-12 19:43:29.383] STATUS: Listening (English)
[2026-02-12 19:43:33.216] STATUS: Transcribing...
[2026-02-12 19:43:33.225] STATUS: Listening (English)
[2026-02-12 19:43:35.241] STATUS: Transcribing...
[2026-02-12 19:43:35.251] STATUS: Listening (English)
[2026-02-12 19:43:38.105] STATUS: Transcribing...
[2026-02-12 19:43:38.116] STATUS: Listening (English)
[2026-02-12 19:43:41.053] STATUS: Transcribing...
[2026-02-12 19:43:41.064] STATUS: Listening (English)
[2026-02-12 19:43:42.813] STATUS: Transcribing...
[2026-02-12 19:43:42.824] STATUS: Listening (English)
[2026-02-12 19:43:47.072] STATUS: Transcribing...
[2026-02-12 19:43:47.083] STATUS: Listening (English)
[2026-02-12 19:43:50.795] STATUS: Transcribing...
[2026-02-12 19:43:50.807] STATUS: Listening (English)
[2026-02-12 19:43:54.215] STATUS: Transcribing...
[2026-02-12 19:43:54.227] STATUS: Listening (English)
[2026-02-12 19:43:57.086] STATUS: Transcribing...
[2026-02-12 19:43:57.098] STATUS: Listening (English)
[2026-02-12 19:44:00.588] STATUS: Transcribing...
[2026-02-12 19:44:00.604] STATUS: Listening (English)
[2026-02-12 19:44:03.402] STATUS: Transcribing...
[2026-02-12 19:44:03.413] STATUS: Listening (English)
[2026-02-12 19:44:05.326] STATUS: Transcribing...
[2026-02-12 19:44:05.336] STATUS: Listening (English)
[2026-02-12 19:44:08.329] STATUS: Transcribing...
[2026-02-12 19:44:08.343] STATUS: Listening (English)
[2026-02-12 19:44:12.622] STATUS: Transcribing...
[2026-02-12 19:44:12.636] STATUS: Listening (English)
[2026-02-12 19:44:16.401] STATUS: Transcribing...
[2026-02-12 19:44:16.417] STATUS: Listening (English)
[2026-02-12 19:44:18.155] STATUS: Transcribing...
[2026-02-12 19:44:18.170] STATUS: Listening (English)
[2026-02-12 19:44:21.512] STATUS: Transcribing...
[2026-02-12 19:44:21.526] STATUS: Listening (English)
[2026-02-12 19:44:24.059] STATUS: Transcribing...
[2026-02-12 19:44:24.072] STATUS: Listening (English)
[2026-02-12 19:44:26.998] STATUS: Transcribing...
[2026-02-12 19:44:27.011] STATUS: Listening (English)
[2026-02-12 19:44:30.219] STATUS: Transcribing...
[2026-02-12 19:44:30.233] STATUS: Listening (English)
[2026-02-12 19:44:33.385] STATUS: Transcribing...
[2026-02-12 19:44:33.399] STATUS: Listening (English)
[2026-02-12 19:44:36.997] STATUS: Transcribing...
[2026-02-12 19:44:37.010] STATUS: Listening (English)
[2026-02-12 19:44:40.886] STATUS: Transcribing...
[2026-02-12 19:44:40.899] STATUS: Listening (English)
[2026-02-12 19:44:44.887] STATUS: Transcribing...
[2026-02-12 19:44:44.903] STATUS: Listening (English)
[2026-02-12 19:44:48.076] STATUS: Transcribing...
[2026-02-12 19:44:48.091] STATUS: Listening (English)
[2026-02-12 19:44:50.991] STATUS: Transcribing...
[2026-02-12 19:44:51.006] STATUS: Listening (English)
[2026-02-12 19:44:52.361] STATUS: Transcribing...
[2026-02-12 19:44:52.374] STATUS: Listening (English)
[2026-02-12 19:44:57.578] STATUS: Transcribing...
[2026-02-12 19:44:57.594] STATUS: Listening (English)
[2026-02-12 19:44:59.287] STATUS: Transcribing...
[2026-02-12 19:44:59.302] STATUS: Listening (English)
[2026-02-12 19:45:03.163] STATUS: Transcribing...
[2026-02-12 19:45:03.181] STATUS: Listening (English)
[2026-02-12 19:45:04.688] STATUS: Transcribing...
[2026-02-12 19:45:04.705] STATUS: Listening (English)
[2026-02-12 19:45:07.663] STATUS: Transcribing...
[2026-02-12 19:45:07.678] STATUS: Listening (English)
[2026-02-12 19:45:09.605] STATUS: Transcribing...
[2026-02-12 19:45:09.623] STATUS: Listening (English)
[2026-02-12 19:45:14.573] STATUS: Transcribing...
[2026-02-12 19:45:14.588] STATUS: Listening (English)
[2026-02-12 19:45:18.804] STATUS: Transcribing...
[2026-02-12 19:45:18.819] STATUS: Listening (English)
[2026-02-12 19:45:23.381] STATUS: Transcribing...
[2026-02-12 19:45:23.397] STATUS: Listening (English)
[2026-02-12 19:45:25.778] STATUS: Transcribing...
[2026-02-12 19:45:25.794] STATUS: Listening (English)
[2026-02-12 19:45:28.873] STATUS: Transcribing...
[2026-02-12 19:45:28.889] STATUS: Listening (English)
[2026-02-12 19:45:31.159] STATUS: Transcribing...
[2026-02-12 19:45:31.174] STATUS: Listening (English)
[2026-02-12 19:45:38.272] STATUS: Transcribing...
[2026-02-12 19:45:38.292] STATUS: Listening (English)
[2026-02-12 19:45:41.918] STATUS: Transcribing...
[2026-02-12 19:45:41.935] STATUS: Listening (English)
[2026-02-12 19:45:44.661] STATUS: Transcribing...
[2026-02-12 19:45:44.679] STATUS: Listening (English)
[2026-02-12 19:45:47.999] STATUS: Transcribing...
[2026-02-12 19:45:48.017] STATUS: Listening (English)
[2026-02-12 19:45:51.640] STATUS: Transcribing...
[2026-02-12 19:45:51.658] STATUS: Listening (English)
[2026-02-12 19:45:55.865] STATUS: Transcribing...
[2026-02-12 19:45:55.881] STATUS: Listening (English)
[2026-02-12 19:45:57.747] STATUS: Transcribing...
[2026-02-12 19:45:57.762] STATUS: Listening (English)
[2026-02-12 19:46:01.382] STATUS: Transcribing...
[2026-02-12 19:46:01.400] STATUS: Listening (English)
[2026-02-12 19:46:06.151] STATUS: Transcribing...
[2026-02-12 19:46:06.169] STATUS: Listening (English)
[2026-02-12 19:46:08.580] STATUS: Transcribing...
[2026-02-12 19:46:08.598] STATUS: Listening (English)
[2026-02-12 19:46:10.160] STATUS: Transcribing...
[2026-02-12 19:46:10.178] STATUS: Listening (English)
[2026-02-12 19:46:14.521] STATUS: Transcribing...
[2026-02-12 19:46:14.540] STATUS: Listening (English)
[2026-02-12 19:46:19.926] STATUS: No speech detected. Check mic level or device.
[2026-02-12 19:46:26.100] STATUS: Apply clicked
[2026-02-12 19:46:27.264] STATUS: Settings applied
[2026-02-12 19:46:27.266] STATUS: Apply finished
[2026-02-12 19:46:27.909] STATUS: Listening (Detecting: English/Spanish)
[2026-02-12 19:46:30.669] STATUS: Translating...
[2026-02-12 19:46:32.374] STATUS: Listening (Detecting: English/Spanish)
[2026-02-12 19:46:36.340] STATUS: No speech detected. Check mic level or device.
[2026-02-12 19:46:41.658] STATUS: Translating...
[2026-02-12 19:46:43.260] STATUS: Listening (Detecting: English/Spanish)
[2026-02-12 19:46:55.341] STATUS: Translating...
[2026-02-12 19:46:57.436] STATUS: Listening (Detecting: English/Spanish)
[2026-02-12 19:47:02.737] STATUS: Translating...
[2026-02-12 19:47:03.334] STATUS: Listening (Detecting: English/Spanish)
[2026-02-12 19:47:04.041] STATUS: Translating...
[2026-02-12 19:47:06.248] STATUS: Listening (Detecting: English/Spanish)
[2026-02-12 19:47:11.725] STATUS: Translating...
[2026-02-12 19:47:14.510] STATUS: Listening (Detecting: English/Spanish)
[2026-02-12 19:47:16.063] STATUS: Translating...
[2026-02-12 19:47:17.628] STATUS: Listening (Detecting: English/Spanish)
[2026-02-12 19:47:20.284] STATUS: Translating...
[2026-02-12 19:47:20.870] STATUS: Listening (Detecting: English/Spanish)
[2026-02-12 19:47:26.422] STATUS: Translating...
[2026-02-12 19:47:27.116] STATUS: Listening (Detecting: English/Spanish)
[2026-02-12 19:47:31.807] STATUS: Translating...
[2026-02-12 19:47:33.437] STATUS: Listening (Detecting: English/Spanish)
[2026-02-12 19:47:41.408] STATUS: Apply clicked
[2026-02-12 19:47:42.141] STATUS: Translating...
[2026-02-12 19:47:42.617] STATUS: Settings applied
[2026-02-12 19:47:42.619] STATUS: Apply finished
[2026-02-12 19:47:43.059] STATUS: Listening (Detecting: English/Spanish)
[2026-02-12 19:47:45.821] STATUS: Translating...
[2026-02-12 19:47:46.315] STATUS: Listening (Detecting: English/Spanish)
[2026-02-12 19:47:56.549] STATUS: Translating...
[2026-02-12 19:47:57.115] STATUS: Listening (Detecting: English/Spanish)
[2026-02-12 19:48:08.810] STATUS: Translating...
[2026-02-12 19:48:09.787] STATUS: Listening (Detecting: English/Spanish)
[2026-02-12 19:48:26.904] STATUS: Translating...
[2026-02-12 19:48:27.781] STATUS: Listening (Detecting: English/Spanish)
[2026-02-12 19:48:46.433] STATUS: Translating...
[2026-02-12 19:48:46.850] STATUS: Listening (Detecting: English/Spanish)
[2026-02-12 19:48:56.527] STATUS: Translating...
[2026-02-12 19:48:57.151] STATUS: Listening (Detecting: English/Spanish)
[2026-02-12 19:48:58.905] STATUS: Translating...
[2026-02-12 19:48:59.488] STATUS: Listening (Detecting: English/Spanish)
[2026-02-12 19:49:03.779] STATUS: No speech detected. Check mic level or device.
[2026-02-12 19:49:43.067] STATUS: Translating...
[2026-02-12 19:49:44.689] STATUS: Listening (Detecting: English/Spanish)
[2026-02-12 19:49:48.959] STATUS: No speech detected. Check mic level or device.
[2026-02-12 19:49:56.428] STATUS: Translating...
[2026-02-12 19:49:57.218] STATUS: Listening (Detecting: English/Spanish)
[2026-02-12 19:50:27.894] STATUS: Translating...
[2026-02-12 19:50:28.526] STATUS: Listening (Detecting: English/Spanish)
[2026-02-12 19:50:30.937] STATUS: Translating...
[2026-02-12 19:50:31.523] STATUS: Listening (Detecting: English/Spanish)
[2026-02-12 19:50:36.335] STATUS: Translating...
[2026-02-12 19:50:37.192] STATUS: Listening (Detecting: English/Spanish)
[2026-02-12 19:50:38.381] STATUS: Translating...
[2026-02-12 19:50:38.943] STATUS: Listening (Detecting: English/Spanish)
[2026-02-12 19:50:43.215] STATUS: App closing requested

--- Close Requested ---
  File "E:\OneDrive - zachthetech.com\Documents\GitHub\python-translation\main.py", line 5064, in <module>
    self.text_canvas.itemconfigure(self.text_item, text="", state="hidden")
  File "E:\OneDrive - zachthetech.com\Documents\GitHub\python-translation\main.py", line 375, in __init__
    self.root.mainloop()
  File "C:\Users\zachary.price\AppData\Local\Programs\Python\Python310\lib\tkinter\__init__.py", line 1458, in mainloop
    self.tk.mainloop(n)
  File "C:\Users\zachary.price\AppData\Local\Programs\Python\Python310\lib\tkinter\__init__.py", line 1921, in __call__
    return self.func(*args)
  File "E:\OneDrive - zachthetech.com\Documents\GitHub\python-translation\main.py", line 461, in on_closing
    f.write("".join(traceback.format_stack(limit=10)))
[2026-02-12 19:50:43.223] STATUS: Process exiting

--- Process Exit ---
  File "E:\OneDrive - zachthetech.com\Documents\GitHub\python-translation\main.py", line 524, in _log_process_exit
    f.write("".join(traceback.format_stack(limit=10)))
