[2026-02-12 18:08:07.787] STATUS: Listening (English)
[2026-02-12 18:08:11.995] STATUS: Transcribing...
[2026-02-12 18:08:11.999] STATUS: Listening (English)
[2026-02-12 18:08:15.108] STATUS: Transcribing...
[2026-02-12 18:08:15.109] STATUS: Listening (English)
[2026-02-12 18:08:19.191] STATUS: Transcribing...
[2026-02-12 18:08:19.192] STATUS: Listening (English)
[2026-02-12 18:08:22.190] STATUS: Transcribing...
[2026-02-12 18:08:22.190] STATUS: Listening (English)
[2026-02-12 18:08:24.646] STATUS: Transcribing...
[2026-02-12 18:08:24.647] STATUS: Listening (English)
[2026-02-12 18:08:28.670] STATUS: Transcribing...
[2026-02-12 18:08:28.675] STATUS: Listening (English)
[2026-02-12 18:08:31.339] STATUS: Transcribing...
[2026-02-12 18:08:31.340] STATUS: Listening (English)
[2026-02-12 18:08:36.135] STATUS: Transcribing...
[2026-02-12 18:08:36.136] STATUS: Listening (English)
[2026-02-12 18:08:39.792] STATUS: Transcribing...
[2026-02-12 18:08:39.793] STATUS: Listening (English)
[2026-02-12 18:08:43.135] STATUS: Transcribing...
[2026-02-12 18:08:43.136] STATUS: Listening (English)
[2026-02-12 18:08:46.995] STATUS: Transcribing...
[2026-02-12 18:08:46.996] STATUS: Listening (English)
[2026-02-12 18:08:49.949] STATUS: Transcribing...
[2026-02-12 18:08:49.949] STATUS: Listening (English)
[2026-02-12 18:08:52.479] STATUS: Transcribing...
[2026-02-12 18:08:52.480] STATUS: Listening (English)
[2026-02-12 18:08:55.120] STATUS: Transcribing...
[2026-02-12 18:08:55.120] STATUS: Listening (English)
[2026-02-12 18:08:58.474] STATUS: Transcribing...
[2026-02-12 18:08:58.475] STATUS: Listening (English)
[2026-02-12 18:09:01.841] STATUS: Transcribing...
[2026-02-12 18:09:01.842] STATUS: Listening (English)
[2026-02-12 18:09:05.322] STATUS: Transcribing...
[2026-02-12 18:09:05.323] STATUS: Listening (English)
[2026-02-12 18:09:08.477] STATUS: Transcribing...
[2026-02-12 18:09:08.478] STATUS: Listening (English)
[2026-02-12 18:09:11.495] STATUS: Transcribing...
[2026-02-12 18:09:11.496] STATUS: Listening (English)
[2026-02-12 18:09:15.136] STATUS: Transcribing...
[2026-02-12 18:09:15.136] STATUS: Listening (English)
[2026-02-12 18:09:18.817] STATUS: Transcribing...
[2026-02-12 18:09:18.818] STATUS: Listening (English)
[2026-02-12 18:09:21.489] STATUS: Transcribing...
[2026-02-12 18:09:21.489] STATUS: Listening (English)
[2026-02-12 18:09:24.450] STATUS: Transcribing...
[2026-02-12 18:09:24.452] STATUS: Listening (English)
[2026-02-12 18:09:28.738] STATUS: Transcribing...
[2026-02-12 18:09:28.740] STATUS: Listening (English)
[2026-02-12 18:09:32.776] STATUS: Transcribing...
[2026-02-12 18:09:32.777] STATUS: Listening (English)
[2026-02-12 18:09:35.032] STATUS: Transcribing...
[2026-02-12 18:09:35.033] STATUS: Listening (English)
[2026-02-12 18:09:38.432] STATUS: Transcribing...
[2026-02-12 18:09:38.434] STATUS: Listening (English)
[2026-02-12 18:09:41.505] STATUS: Transcribing...
[2026-02-12 18:09:41.506] STATUS: Listening (English)
[2026-02-12 18:09:44.811] STATUS: Transcribing...
[2026-02-12 18:09:44.812] STATUS: Listening (English)
[2026-02-12 18:09:47.621] STATUS: Transcribing...
[2026-02-12 18:09:47.622] STATUS: Listening (English)
[2026-02-12 18:09:50.688] STATUS: Transcribing...
[2026-02-12 18:09:50.690] STATUS: Listening (English)
[2026-02-12 18:09:51.532] STATUS: App closing requested

--- Close Requested ---
  File "E:\OneDrive - zachthetech.com\Documents\GitHub\python-translation\main.py", line 4765, in <module>
    app = TranslationApp()
  File "E:\OneDrive - zachthetech.com\Documents\GitHub\python-translation\main.py", line 365, in __init__
    self.root.mainloop()
  File "C:\Users\zachary.price\AppData\Local\Programs\Python\Python310\lib\tkinter\__init__.py", line 1458, in mainloop
    self.tk.mainloop(n)
  File "C:\Users\zachary.price\AppData\Local\Programs\Python\Python310\lib\tkinter\__init__.py", line 1921, in __call__
    return self.func(*args)
  File "E:\OneDrive - zachthetech.com\Documents\GitHub\python-translation\main.py", line 451, in on_closing
    f.write("".join(traceback.format_stack(limit=10)))
[2026-02-12 18:09:51.537] STATUS: Process exiting

--- Process Exit ---
  File "E:\OneDrive - zachthetech.com\Documents\GitHub\python-translation\main.py", line 514, in _log_process_exit
    f.write("".join(traceback.format_stack(limit=10)))
