[2026-02-07 15:50:39.561] STATUS: Listening (English)
[2026-02-07 15:50:45.926] STATUS: Apply clicked
[2026-02-07 15:50:47.375] STATUS: Settings applied
[2026-02-07 15:50:47.381] STATUS: Apply finished
[2026-02-07 15:50:48.361] STATUS: Listening (English)
[2026-02-07 15:50:53.323] STATUS: Transcribing...
[2026-02-07 15:50:53.564] STATUS: Listening (English)
[2026-02-07 15:50:59.019] STATUS: Transcribing...
[2026-02-07 15:50:59.073] STATUS: Listening (English)
[2026-02-07 15:51:06.407] STATUS: Transcribing...
[2026-02-07 15:51:06.496] STATUS: Listening (English)
[2026-02-07 15:51:08.548] STATUS: Transcribing...
[2026-02-07 15:51:08.669] STATUS: Listening (English)
[2026-02-07 15:51:10.698] STATUS: Transcribing...
[2026-02-07 15:51:10.773] STATUS: Listening (English)
[2026-02-07 15:51:13.862] STATUS: Transcribing...
[2026-02-07 15:51:13.928] STATUS: Listening (English)
[2026-02-07 15:51:19.649] STATUS: Transcribing...
[2026-02-07 15:51:19.766] STATUS: Listening (English)
[2026-02-07 15:51:23.475] STATUS: Transcribing...
[2026-02-07 15:51:23.483] STATUS: Listening (English)
[2026-02-07 15:51:34.201] STATUS: No speech detected. Check mic level or device.
[2026-02-07 15:51:56.277] STATUS: Transcribing...
[2026-02-07 15:51:56.360] STATUS: Listening (English)
[2026-02-07 15:51:58.623] STATUS: Transcribing...
[2026-02-07 15:51:58.680] STATUS: Listening (English)
[2026-02-07 15:52:03.195] STATUS: Transcribing...
[2026-02-07 15:52:03.255] STATUS: Listening (English)
[2026-02-07 15:52:20.238] STATUS: Transcribing...
[2026-02-07 15:52:20.321] STATUS: Listening (English)
[2026-02-07 15:52:49.661] STATUS: No speech detected. Check mic level or device.
[2026-02-07 15:53:10.228] STATUS: Transcribing...
[2026-02-07 15:53:10.294] STATUS: Listening (English)
[2026-02-07 15:53:15.341] STATUS: No speech detected. Check mic level or device.
[2026-02-07 15:53:41.716] STATUS: Transcribing...
[2026-02-07 15:53:41.825] STATUS: Listening (English)
[2026-02-07 15:53:45.373] STATUS: Transcribing...
[2026-02-07 15:53:45.454] STATUS: Listening (English)
[2026-02-07 15:53:49.795] STATUS: Transcribing...
[2026-02-07 15:53:49.895] STATUS: Listening (English)
[2026-02-07 15:53:54.208] STATUS: Transcribing...
[2026-02-07 15:53:54.331] STATUS: Listening (English)
[2026-02-07 15:53:56.194] STATUS: Transcribing...
[2026-02-07 15:53:56.272] STATUS: Listening (English)
[2026-02-07 15:54:01.939] STATUS: Transcribing...
[2026-02-07 15:54:02.061] STATUS: Listening (English)
[2026-02-07 15:54:06.031] STATUS: No speech detected. Check mic level or device.
[2026-02-07 15:54:11.175] STATUS: Transcribing...
[2026-02-07 15:54:11.272] STATUS: Listening (English)
[2026-02-07 15:54:22.378] STATUS: Transcribing...
[2026-02-07 15:54:22.468] STATUS: Listening (English)
[2026-02-07 15:54:24.033] STATUS: Transcribing...
[2026-02-07 15:54:24.149] STATUS: Listening (English)
[2026-02-07 15:54:29.670] STATUS: No speech detected. Check mic level or device.
[2026-02-07 15:54:42.599] STATUS: Transcribing...
[2026-02-07 15:54:42.686] STATUS: Listening (English)
[2026-02-07 15:54:45.127] STATUS: Transcribing...
[2026-02-07 15:54:45.184] STATUS: Listening (English)
[2026-02-07 15:54:47.431] STATUS: Transcribing...
[2026-02-07 15:54:47.553] STATUS: Listening (English)
[2026-02-07 15:54:50.648] STATUS: Transcribing...
[2026-02-07 15:54:50.759] STATUS: Listening (English)
[2026-02-07 15:55:02.606] STATUS: Transcribing...
[2026-02-07 15:55:02.662] STATUS: Listening (English)
[2026-02-07 15:55:07.556] STATUS: Transcribing...
[2026-02-07 15:55:07.614] STATUS: Listening (English)
[2026-02-07 15:55:21.595] STATUS: Transcribing...
[2026-02-07 15:55:21.678] STATUS: Listening (English)
[2026-02-07 15:55:36.341] STATUS: No speech detected. Check mic level or device.
[2026-02-07 15:56:08.080] STATUS: Transcribing...
[2026-02-07 15:56:08.144] STATUS: Listening (English)
[2026-02-07 15:56:31.040] STATUS: No speech detected. Check mic level or device.
[2026-02-07 15:56:55.101] STATUS: Transcribing...
[2026-02-07 15:56:55.165] STATUS: Listening (English)
[2026-02-07 15:57:00.041] STATUS: No speech detected. Check mic level or device.
[2026-02-07 15:57:11.993] STATUS: Transcribing...
[2026-02-07 15:57:12.084] STATUS: Listening (English)
[2026-02-07 15:57:16.411] STATUS: Transcribing...
[2026-02-07 15:57:16.558] STATUS: Listening (English)
[2026-02-07 15:57:21.042] STATUS: No speech detected. Check mic level or device.
[2026-02-07 15:58:00.070] STATUS: Apply clicked
[2026-02-07 15:58:01.373] STATUS: Settings applied
[2026-02-07 15:58:01.375] STATUS: Apply finished
[2026-02-07 15:58:02.181] STATUS: Listening (Bilingual: English/Spanish)
[2026-02-07 15:58:17.775] STATUS: Translating...
[2026-02-07 15:58:19.174] STATUS: Listening (Bilingual: English/Spanish)
[2026-02-07 15:58:20.442] STATUS: Translating...
[2026-02-07 15:58:21.772] STATUS: Listening (Bilingual: English/Spanish)
[2026-02-07 15:58:23.986] STATUS: Translating...
[2026-02-07 15:58:25.179] STATUS: Listening (Bilingual: English/Spanish)
[2026-02-07 15:58:28.191] STATUS: No speech detected. Check mic level or device.
[2026-02-07 15:58:34.122] STATUS: Translating...
[2026-02-07 15:58:35.532] STATUS: Listening (Bilingual: English/Spanish)
[2026-02-07 15:58:41.241] STATUS: Translating...
[2026-02-07 15:58:42.465] STATUS: Listening (Bilingual: English/Spanish)
[2026-02-07 15:58:45.670] STATUS: No speech detected. Check mic level or device.
[2026-02-07 16:01:24.125] STATUS: Translating...
[2026-02-07 16:01:24.769] STATUS: Listening (Bilingual: English/Spanish)
[2026-02-07 16:01:27.555] STATUS: Translating...
[2026-02-07 16:01:28.856] STATUS: Listening (Bilingual: English/Spanish, Detected: English)
[2026-02-07 16:01:35.170] STATUS: Translating...
[2026-02-07 16:01:36.372] STATUS: Listening (Bilingual: English/Spanish, Detected: English)
[2026-02-07 16:01:53.520] STATUS: No speech detected. Check mic level or device.
[2026-02-07 16:03:20.893] STATUS: Translating...
[2026-02-07 16:03:21.510] STATUS: Listening (Bilingual: English/Spanish, Detected: English)
[2026-02-07 16:03:29.645] STATUS: Translating...
[2026-02-07 16:03:30.283] STATUS: Listening (Bilingual: English/Spanish, Detected: English)
[2026-02-07 16:03:43.451] STATUS: No speech detected. Check mic level or device.
[2026-02-07 16:04:14.999] STATUS: Translating...
[2026-02-07 16:04:15.689] STATUS: Listening (Bilingual: English/Spanish, Detected: English)
[2026-02-07 16:04:21.201] STATUS: Translating...
[2026-02-07 16:04:21.775] STATUS: Listening (Bilingual: English/Spanish, Detected: English)
[2026-02-07 16:04:26.720] STATUS: Translating...
[2026-02-07 16:04:27.415] STATUS: Listening (Bilingual: English/Spanish, Detected: English)
[2026-02-07 16:04:30.733] STATUS: Translating...
[2026-02-07 16:04:31.386] STATUS: Listening (Bilingual: English/Spanish, Detected: English)
[2026-02-07 16:05:36.901] STATUS: No speech detected. Check mic level or device.
[2026-02-07 16:08:47.940] STATUS: App closing requested

--- Close Requested ---
  File "E:\OneDrive - zachthetech.com\Documents\GitHub\python-translation\main.py", line 3964, in <module>
    app = TranslationApp()
  File "E:\OneDrive - zachthetech.com\Documents\GitHub\python-translation\main.py", line 333, in __init__
    self.root.mainloop()
  File "C:\Users\zachary.price\AppData\Local\Programs\Python\Python310\lib\tkinter\__init__.py", line 1458, in mainloop
    self.tk.mainloop(n)
  File "C:\Users\zachary.price\AppData\Local\Programs\Python\Python310\lib\tkinter\__init__.py", line 1921, in __call__
    return self.func(*args)
  File "E:\OneDrive - zachthetech.com\Documents\GitHub\python-translation\main.py", line 419, in on_closing
    f.write("".join(traceback.format_stack(limit=10)))
[2026-02-07 16:08:47.955] STATUS: Process exiting

--- Process Exit ---
  File "E:\OneDrive - zachthetech.com\Documents\GitHub\python-translation\main.py", line 482, in _log_process_exit
    f.write("".join(traceback.format_stack(limit=10)))
