[2026-02-12 19:05:24.504] STATUS: Listening (English)
[2026-02-12 19:05:27.311] STATUS: Transcribing...
[2026-02-12 19:05:27.319] STATUS: Listening (English)
[2026-02-12 19:05:30.744] STATUS: Transcribing...
[2026-02-12 19:05:30.749] STATUS: Listening (English)
[2026-02-12 19:05:33.748] STATUS: Transcribing...
[2026-02-12 19:05:33.753] STATUS: Listening (English)
[2026-02-12 19:05:37.168] STATUS: Transcribing...
[2026-02-12 19:05:37.174] STATUS: Listening (English)
[2026-02-12 19:05:40.134] STATUS: Transcribing...
[2026-02-12 19:05:40.141] STATUS: Listening (English)
[2026-02-12 19:05:42.935] STATUS: Transcribing...
[2026-02-12 19:05:42.945] STATUS: Listening (English)
[2026-02-12 19:05:46.296] STATUS: Transcribing...
[2026-02-12 19:05:46.304] STATUS: Listening (English)
[2026-02-12 19:05:49.418] STATUS: Transcribing...
[2026-02-12 19:05:49.426] STATUS: Listening (English)
[2026-02-12 19:05:52.519] STATUS: Transcribing...
[2026-02-12 19:05:52.527] STATUS: Listening (English)
[2026-02-12 19:05:55.996] STATUS: Transcribing...
[2026-02-12 19:05:56.004] STATUS: Listening (English)
[2026-02-12 19:05:59.008] STATUS: Transcribing...
[2026-02-12 19:05:59.015] STATUS: Listening (English)
[2026-02-12 19:06:02.131] STATUS: Transcribing...
[2026-02-12 19:06:02.140] STATUS: Listening (English)
[2026-02-12 19:06:05.284] STATUS: Transcribing...
[2026-02-12 19:06:05.293] STATUS: Listening (English)
[2026-02-12 19:06:08.683] STATUS: Transcribing...
[2026-02-12 19:06:08.690] STATUS: Listening (English)
[2026-02-12 19:06:11.529] STATUS: Transcribing...
[2026-02-12 19:06:11.539] STATUS: Listening (English)
[2026-02-12 19:06:14.751] STATUS: Transcribing...
[2026-02-12 19:06:14.760] STATUS: Listening (English)
[2026-02-12 19:06:18.724] STATUS: Transcribing...
[2026-02-12 19:06:18.733] STATUS: Listening (English)
[2026-02-12 19:06:21.542] STATUS: Transcribing...
[2026-02-12 19:06:21.550] STATUS: Listening (English)
[2026-02-12 19:06:24.451] STATUS: Transcribing...
[2026-02-12 19:06:24.460] STATUS: Listening (English)
[2026-02-12 19:06:27.348] STATUS: Transcribing...
[2026-02-12 19:06:27.357] STATUS: Listening (English)
[2026-02-12 19:06:29.334] STATUS: Transcribing...
[2026-02-12 19:06:29.343] STATUS: Listening (English)
[2026-02-12 19:06:32.129] STATUS: Transcribing...
[2026-02-12 19:06:32.139] STATUS: Listening (English)
[2026-02-12 19:06:35.111] STATUS: Transcribing...
[2026-02-12 19:06:35.121] STATUS: Listening (English)
[2026-02-12 19:06:40.192] STATUS: Transcribing...
[2026-02-12 19:06:40.204] STATUS: Listening (English)
[2026-02-12 19:06:43.100] STATUS: Transcribing...
[2026-02-12 19:06:43.110] STATUS: Listening (English)
[2026-02-12 19:06:44.813] STATUS: Transcribing...
[2026-02-12 19:06:44.825] STATUS: Listening (English)
[2026-02-12 19:06:48.492] STATUS: Transcribing...
[2026-02-12 19:06:48.504] STATUS: Listening (English)
[2026-02-12 19:06:51.338] STATUS: Transcribing...
[2026-02-12 19:06:51.351] STATUS: Listening (English)
[2026-02-12 19:06:55.334] STATUS: Transcribing...
[2026-02-12 19:06:55.343] STATUS: Listening (English)
[2026-02-12 19:06:57.210] STATUS: Transcribing...
[2026-02-12 19:06:57.222] STATUS: Listening (English)
[2026-02-12 19:06:59.634] STATUS: Transcribing...
[2026-02-12 19:06:59.646] STATUS: Listening (English)
[2026-02-12 19:07:03.839] STATUS: Transcribing...
[2026-02-12 19:07:03.853] STATUS: Listening (English)
[2026-02-12 19:07:06.740] STATUS: Transcribing...
[2026-02-12 19:07:06.752] STATUS: Listening (English)
[2026-02-12 19:07:10.760] STATUS: Transcribing...
[2026-02-12 19:07:10.772] STATUS: Listening (English)
[2026-02-12 19:07:13.114] STATUS: Transcribing...
[2026-02-12 19:07:13.127] STATUS: Listening (English)
[2026-02-12 19:07:15.767] STATUS: Transcribing...
[2026-02-12 19:07:15.778] STATUS: Listening (English)
[2026-02-12 19:07:19.196] STATUS: Transcribing...
[2026-02-12 19:07:19.210] STATUS: Listening (English)
[2026-02-12 19:07:22.379] STATUS: Transcribing...
[2026-02-12 19:07:22.392] STATUS: Listening (English)
[2026-02-12 19:07:26.095] STATUS: Transcribing...
[2026-02-12 19:07:26.108] STATUS: Listening (English)
[2026-02-12 19:07:27.048] STATUS: Transcribing...
[2026-02-12 19:07:27.061] STATUS: Listening (English)
[2026-02-12 19:07:30.281] STATUS: Transcribing...
[2026-02-12 19:07:30.299] STATUS: Listening (English)
[2026-02-12 19:07:33.181] STATUS: Transcribing...
[2026-02-12 19:07:33.196] STATUS: Listening (English)
[2026-02-12 19:07:36.387] STATUS: Transcribing...
[2026-02-12 19:07:36.434] STATUS: Listening (English)
[2026-02-12 19:07:40.676] STATUS: Transcribing...
[2026-02-12 19:07:40.694] STATUS: Listening (English)
[2026-02-12 19:07:43.570] STATUS: Transcribing...
[2026-02-12 19:07:43.584] STATUS: Listening (English)
[2026-02-12 19:07:46.822] STATUS: Transcribing...
[2026-02-12 19:07:46.839] STATUS: Listening (English)
[2026-02-12 19:07:48.779] STATUS: Transcribing...
[2026-02-12 19:07:48.792] STATUS: Listening (English)
[2026-02-12 19:07:52.721] STATUS: Transcribing...
[2026-02-12 19:07:52.735] STATUS: Listening (English)
[2026-02-12 19:07:55.650] STATUS: Transcribing...
[2026-02-12 19:07:55.662] STATUS: Listening (English)
[2026-02-12 19:07:58.711] STATUS: Transcribing...
[2026-02-12 19:07:58.726] STATUS: Listening (English)
[2026-02-12 19:08:02.358] STATUS: Transcribing...
[2026-02-12 19:08:02.371] STATUS: Listening (English)
[2026-02-12 19:08:05.834] STATUS: Transcribing...
[2026-02-12 19:08:05.851] STATUS: Listening (English)
[2026-02-12 19:08:08.872] STATUS: Transcribing...
[2026-02-12 19:08:08.886] STATUS: Listening (English)
[2026-02-12 19:08:11.713] STATUS: Transcribing...
[2026-02-12 19:08:11.730] STATUS: Listening (English)
[2026-02-12 19:08:14.909] STATUS: Transcribing...
[2026-02-12 19:08:14.923] STATUS: Listening (English)
[2026-02-12 19:08:17.809] STATUS: Transcribing...
[2026-02-12 19:08:17.825] STATUS: Listening (English)
[2026-02-12 19:08:20.680] STATUS: Transcribing...
[2026-02-12 19:08:20.695] STATUS: Listening (English)
[2026-02-12 19:08:24.060] STATUS: Transcribing...
[2026-02-12 19:08:24.076] STATUS: Listening (English)
[2026-02-12 19:08:26.812] STATUS: Transcribing...
[2026-02-12 19:08:26.827] STATUS: Listening (English)
[2026-02-12 19:08:29.767] STATUS: Transcribing...
[2026-02-12 19:08:29.781] STATUS: Listening (English)
[2026-02-12 19:08:33.222] STATUS: Transcribing...
[2026-02-12 19:08:33.237] STATUS: Listening (English)
[2026-02-12 19:08:36.667] STATUS: Transcribing...
[2026-02-12 19:08:36.681] STATUS: Listening (English)
[2026-02-12 19:08:39.624] STATUS: Transcribing...
[2026-02-12 19:08:39.640] STATUS: Listening (English)
[2026-02-12 19:08:42.920] STATUS: Transcribing...
[2026-02-12 19:08:42.936] STATUS: Listening (English)
[2026-02-12 19:08:45.718] STATUS: Transcribing...
[2026-02-12 19:08:45.737] STATUS: Listening (English)
[2026-02-12 19:08:49.057] STATUS: Transcribing...
[2026-02-12 19:08:49.075] STATUS: Listening (English)
[2026-02-12 19:08:52.087] STATUS: Transcribing...
[2026-02-12 19:08:52.104] STATUS: Listening (English)
[2026-02-12 19:08:53.779] STATUS: Transcribing...
[2026-02-12 19:08:53.799] STATUS: Listening (English)
[2026-02-12 19:08:56.451] STATUS: Transcribing...
[2026-02-12 19:08:56.467] STATUS: Listening (English)
[2026-02-12 19:08:59.648] STATUS: Transcribing...
[2026-02-12 19:08:59.669] STATUS: Listening (English)
[2026-02-12 19:09:04.372] STATUS: Transcribing...
[2026-02-12 19:09:04.390] STATUS: Listening (English)
[2026-02-12 19:09:08.656] STATUS: Transcribing...
[2026-02-12 19:09:08.676] STATUS: Listening (English)
[2026-02-12 19:09:11.793] STATUS: Transcribing...
[2026-02-12 19:09:11.812] STATUS: Listening (English)
[2026-02-12 19:09:14.772] STATUS: Transcribing...
[2026-02-12 19:09:14.793] STATUS: Listening (English)
[2026-02-12 19:09:18.184] STATUS: Transcribing...
[2026-02-12 19:09:18.203] STATUS: Listening (English)
[2026-02-12 19:09:21.158] STATUS: Transcribing...
[2026-02-12 19:09:21.177] STATUS: Listening (English)
[2026-02-12 19:09:24.265] STATUS: Transcribing...
[2026-02-12 19:09:24.283] STATUS: Listening (English)
[2026-02-12 19:09:27.552] STATUS: Transcribing...
[2026-02-12 19:09:27.577] STATUS: Listening (English)
[2026-02-12 19:09:30.528] STATUS: Transcribing...
[2026-02-12 19:09:30.547] STATUS: Listening (English)
[2026-02-12 19:09:34.386] STATUS: Transcribing...
[2026-02-12 19:09:34.406] STATUS: Listening (English)
[2026-02-12 19:09:37.041] STATUS: Transcribing...
[2026-02-12 19:09:37.060] STATUS: Listening (English)
[2026-02-12 19:09:39.347] STATUS: Transcribing...
[2026-02-12 19:09:39.375] STATUS: Listening (English)
[2026-02-12 19:09:42.605] STATUS: Transcribing...
[2026-02-12 19:09:42.624] STATUS: Listening (English)
[2026-02-12 19:09:46.286] STATUS: Transcribing...
[2026-02-12 19:09:46.307] STATUS: Listening (English)
[2026-02-12 19:09:49.115] STATUS: Transcribing...
[2026-02-12 19:09:49.139] STATUS: Listening (English)
[2026-02-12 19:09:51.611] STATUS: Transcribing...
[2026-02-12 19:09:51.629] STATUS: Listening (English)
[2026-02-12 19:09:53.886] STATUS: Transcribing...
[2026-02-12 19:09:53.909] STATUS: Listening (English)
[2026-02-12 19:09:57.070] STATUS: Transcribing...
[2026-02-12 19:09:57.090] STATUS: Listening (English)
[2026-02-12 19:09:58.437] STATUS: Transcribing...
[2026-02-12 19:09:58.457] STATUS: Listening (English)
[2026-02-12 19:10:03.826] STATUS: Transcribing...
[2026-02-12 19:10:03.846] STATUS: Listening (English)
[2026-02-12 19:10:06.941] STATUS: Transcribing...
[2026-02-12 19:10:06.963] STATUS: Listening (English)
[2026-02-12 19:10:09.711] STATUS: Transcribing...
[2026-02-12 19:10:09.733] STATUS: Listening (English)
[2026-02-12 19:10:13.306] STATUS: Transcribing...
[2026-02-12 19:10:13.328] STATUS: Listening (English)
[2026-02-12 19:10:14.720] STATUS: Transcribing...
[2026-02-12 19:10:14.742] STATUS: Listening (English)
[2026-02-12 19:10:18.170] STATUS: Transcribing...
[2026-02-12 19:10:18.190] STATUS: Listening (English)
[2026-02-12 19:10:21.043] STATUS: Transcribing...
[2026-02-12 19:10:21.063] STATUS: Listening (English)
[2026-02-12 19:10:24.100] STATUS: Transcribing...
[2026-02-12 19:10:24.122] STATUS: Listening (English)
[2026-02-12 19:10:27.343] STATUS: Transcribing...
[2026-02-12 19:10:27.363] STATUS: Listening (English)
[2026-02-12 19:10:30.362] STATUS: Transcribing...
[2026-02-12 19:10:30.381] STATUS: Listening (English)
[2026-02-12 19:10:33.874] STATUS: Transcribing...
[2026-02-12 19:10:33.895] STATUS: Listening (English)
[2026-02-12 19:10:38.556] STATUS: Transcribing...
[2026-02-12 19:10:38.578] STATUS: Listening (English)
[2026-02-12 19:10:41.409] STATUS: Transcribing...
[2026-02-12 19:10:41.429] STATUS: Listening (English)
[2026-02-12 19:10:44.318] STATUS: Transcribing...
[2026-02-12 19:10:44.341] STATUS: Listening (English)
[2026-02-12 19:10:47.953] STATUS: Transcribing...
[2026-02-12 19:10:47.977] STATUS: Listening (English)
[2026-02-12 19:10:49.256] STATUS: Transcribing...
[2026-02-12 19:10:49.280] STATUS: Listening (English)
[2026-02-12 19:10:52.392] STATUS: Transcribing...
[2026-02-12 19:10:52.415] STATUS: Listening (English)
[2026-02-12 19:10:55.602] STATUS: Transcribing...
[2026-02-12 19:10:55.623] STATUS: Listening (English)
[2026-02-12 19:10:58.970] STATUS: Transcribing...
[2026-02-12 19:10:58.993] STATUS: Listening (English)
[2026-02-12 19:11:01.652] STATUS: Transcribing...
[2026-02-12 19:11:01.675] STATUS: Listening (English)
[2026-02-12 19:11:04.695] STATUS: Transcribing...
[2026-02-12 19:11:04.719] STATUS: Listening (English)
[2026-02-12 19:11:07.711] STATUS: Transcribing...
[2026-02-12 19:11:07.733] STATUS: Listening (English)
[2026-02-12 19:11:11.200] STATUS: Transcribing...
[2026-02-12 19:11:11.224] STATUS: Listening (English)
[2026-02-12 19:11:14.801] STATUS: Transcribing...
[2026-02-12 19:11:14.824] STATUS: Listening (English)
[2026-02-12 19:11:17.614] STATUS: Transcribing...
[2026-02-12 19:11:17.638] STATUS: Listening (English)
[2026-02-12 19:11:20.963] STATUS: Transcribing...
[2026-02-12 19:11:20.993] STATUS: Listening (English)
[2026-02-12 19:11:23.933] STATUS: Transcribing...
[2026-02-12 19:11:23.958] STATUS: Listening (English)
[2026-02-12 19:11:27.258] STATUS: Transcribing...
[2026-02-12 19:11:27.281] STATUS: Listening (English)
[2026-02-12 19:11:30.375] STATUS: Transcribing...
[2026-02-12 19:11:30.401] STATUS: Listening (English)
[2026-02-12 19:11:33.344] STATUS: Transcribing...
[2026-02-12 19:11:33.373] STATUS: Listening (English)
[2026-02-12 19:11:36.435] STATUS: Transcribing...
[2026-02-12 19:11:36.467] STATUS: Listening (English)
[2026-02-12 19:11:39.786] STATUS: Transcribing...
[2026-02-12 19:11:39.810] STATUS: Listening (English)
[2026-02-12 19:11:42.880] STATUS: Transcribing...
[2026-02-12 19:11:42.905] STATUS: Listening (English)
[2026-02-12 19:11:47.024] STATUS: Transcribing...
[2026-02-12 19:11:47.070] STATUS: Listening (English)
[2026-02-12 19:11:48.120] STATUS: Transcribing...
[2026-02-12 19:11:48.147] STATUS: Listening (English)
[2026-02-12 19:11:51.466] STATUS: Transcribing...
[2026-02-12 19:11:51.493] STATUS: Listening (English)
[2026-02-12 19:11:54.981] STATUS: Transcribing...
[2026-02-12 19:11:55.007] STATUS: Listening (English)
[2026-02-12 19:11:57.946] STATUS: Transcribing...
[2026-02-12 19:11:57.972] STATUS: Listening (English)
[2026-02-12 19:11:59.934] STATUS: Transcribing...
[2026-02-12 19:11:59.959] STATUS: Listening (English)
[2026-02-12 19:12:03.151] STATUS: Transcribing...
[2026-02-12 19:12:03.177] STATUS: Listening (English)
[2026-02-12 19:12:05.633] STATUS: Transcribing...
[2026-02-12 19:12:05.658] STATUS: Listening (English)
[2026-02-12 19:12:09.780] STATUS: Transcribing...
[2026-02-12 19:12:09.806] STATUS: Listening (English)
[2026-02-12 19:12:13.039] STATUS: Transcribing...
[2026-02-12 19:12:13.066] STATUS: Listening (English)
[2026-02-12 19:12:16.101] STATUS: Transcribing...
[2026-02-12 19:12:16.126] STATUS: Listening (English)
[2026-02-12 19:12:19.583] STATUS: Transcribing...
[2026-02-12 19:12:19.610] STATUS: Listening (English)
[2026-02-12 19:12:22.641] STATUS: Transcribing...
[2026-02-12 19:12:22.666] STATUS: Listening (English)
[2026-02-12 19:12:25.761] STATUS: Transcribing...
[2026-02-12 19:12:25.787] STATUS: Listening (English)
[2026-02-12 19:12:28.716] STATUS: Transcribing...
[2026-02-12 19:12:28.744] STATUS: Listening (English)
[2026-02-12 19:12:32.245] STATUS: Transcribing...
[2026-02-12 19:12:32.271] STATUS: Listening (English)
[2026-02-12 19:12:35.643] STATUS: Transcribing...
[2026-02-12 19:12:35.672] STATUS: Listening (English)
[2026-02-12 19:12:38.419] STATUS: Transcribing...
[2026-02-12 19:12:38.449] STATUS: Listening (English)
[2026-02-12 19:13:29.685] STATUS: No speech detected. Check mic level or device.
[2026-02-12 19:13:33.874] STATUS: App closing requested

--- Close Requested ---
  File "E:\OneDrive - zachthetech.com\Documents\GitHub\python-translation\main.py", line 4971, in <module>
    text = text[: max(10, int(len(text) * 0.85))].rstrip() + "..."
  File "E:\OneDrive - zachthetech.com\Documents\GitHub\python-translation\main.py", line 374, in __init__
  File "C:\Users\zachary.price\AppData\Local\Programs\Python\Python310\lib\tkinter\__init__.py", line 1458, in mainloop
    self.tk.mainloop(n)
  File "C:\Users\zachary.price\AppData\Local\Programs\Python\Python310\lib\tkinter\__init__.py", line 1921, in __call__
    return self.func(*args)
  File "E:\OneDrive - zachthetech.com\Documents\GitHub\python-translation\main.py", line 460, in on_closing
    f.write("\n--- Close Requested ---\n")
[2026-02-12 19:13:33.885] STATUS: Process exiting

--- Process Exit ---
  File "E:\OneDrive - zachthetech.com\Documents\GitHub\python-translation\main.py", line 523, in _log_process_exit
    f.write("\n--- Process Exit ---\n")
