[2026-02-05 16:11:06.040] STATUS: Listening...
[2026-02-05 16:11:16.662] STATUS: No speech detected. Check mic level or device.
[2026-02-05 16:11:51.540] STATUS: Translating...
[2026-02-05 16:11:51.694] STATUS: Listening...
[2026-02-05 16:11:57.906] STATUS: Translating...
[2026-02-05 16:11:58.062] STATUS: Listening...
[2026-02-05 16:12:08.206] STATUS: Translating...
[2026-02-05 16:12:08.294] STATUS: Listening...
[2026-02-05 16:12:11.629] STATUS: Translating...
[2026-02-05 16:12:11.773] STATUS: Listening...
[2026-02-05 16:12:23.562] STATUS: Translating...
[2026-02-05 16:12:23.650] STATUS: Listening...
[2026-02-05 16:12:28.192] STATUS: Translating...
[2026-02-05 16:12:28.327] STATUS: Listening...
[2026-02-05 16:12:36.329] STATUS: Translating...
[2026-02-05 16:12:36.419] STATUS: Listening...
[2026-02-05 16:12:39.885] STATUS: Translating...
[2026-02-05 16:12:39.974] STATUS: Listening...
[2026-02-05 16:12:50.136] STATUS: Translating...
[2026-02-05 16:12:50.219] STATUS: Listening...
[2026-02-05 16:12:54.653] STATUS: Translating...
[2026-02-05 16:12:54.741] STATUS: Listening...
[2026-02-05 16:13:00.838] STATUS: Translating...
[2026-02-05 16:13:00.932] STATUS: Listening...
[2026-02-05 16:13:14.984] STATUS: Translating...
[2026-02-05 16:13:15.076] STATUS: Listening...
[2026-02-05 16:13:20.345] STATUS: Translating...
[2026-02-05 16:13:20.437] STATUS: Listening...
[2026-02-05 16:13:25.206] STATUS: Translating...
[2026-02-05 16:13:25.346] STATUS: Listening...
[2026-02-05 16:13:45.636] STATUS: Translating...
[2026-02-05 16:13:45.731] STATUS: Listening...
[2026-02-05 16:13:49.687] STATUS: Translating...
[2026-02-05 16:13:49.775] STATUS: Listening...
[2026-02-05 16:14:01.115] STATUS: Translating...
[2026-02-05 16:14:01.199] STATUS: Listening...
[2026-02-05 16:14:02.963] STATUS: Translating...
[2026-02-05 16:14:03.025] STATUS: Listening...
[2026-02-05 16:14:32.309] STATUS: Translating...
[2026-02-05 16:14:32.406] STATUS: Listening...
[2026-02-05 16:14:38.607] STATUS: Translating...
[2026-02-05 16:14:38.692] STATUS: Listening...
[2026-02-05 16:14:41.903] STATUS: Translating...
[2026-02-05 16:14:41.987] STATUS: Listening...
[2026-02-05 16:14:45.222] STATUS: Translating...
[2026-02-05 16:14:45.306] STATUS: Listening...
[2026-02-05 16:14:53.293] STATUS: Translating...
[2026-02-05 16:14:53.431] STATUS: Listening...
[2026-02-05 16:14:56.593] STATUS: Translating...
[2026-02-05 16:14:56.692] STATUS: Listening...
[2026-02-05 16:15:05.591] STATUS: No speech detected. Check mic level or device.
[2026-02-05 16:17:30.027] STATUS: Apply clicked
[2026-02-05 16:17:30.967] STATUS: Settings applied
[2026-02-05 16:17:30.968] STATUS: Apply finished
[2026-02-05 16:17:31.716] STATUS: Listening...
[2026-02-05 16:17:40.205] STATUS: Translating...
[2026-02-05 16:17:40.375] STATUS: Listening...
[2026-02-05 16:17:47.915] STATUS: Translating...
[2026-02-05 16:17:48.016] STATUS: Listening...
[2026-02-05 16:17:52.623] STATUS: Translating...
[2026-02-05 16:17:52.708] STATUS: Listening...
[2026-02-05 16:17:57.692] STATUS: No speech detected. Check mic level or device.
[2026-02-05 16:23:26.575] STATUS: App closing requested

--- Close Requested ---
  File "E:\OneDrive - zachthetech.com\Documents\GitHub\python-translation\main.py", line 2852, in <module>
    return
  File "E:\OneDrive - zachthetech.com\Documents\GitHub\python-translation\main.py", line 269, in __init__
  File "C:\Users\zachary.price\AppData\Local\Programs\Python\Python310\lib\tkinter\__init__.py", line 1458, in mainloop
    self.tk.mainloop(n)
  File "C:\Users\zachary.price\AppData\Local\Programs\Python\Python310\lib\tkinter\__init__.py", line 1921, in __call__
    return self.func(*args)
  File "E:\OneDrive - zachthetech.com\Documents\GitHub\python-translation\main.py", line 355, in on_closing
    f.write("\n--- Close Requested ---\n")
[2026-02-05 16:23:26.578] STATUS: Process exiting

--- Process Exit ---
  File "E:\OneDrive - zachthetech.com\Documents\GitHub\python-translation\main.py", line 418, in _log_process_exit
    f.write("\n--- Process Exit ---\n")
