[2026-02-13 20:09:41.672] STATUS: Listening (Spanish)
[2026-02-13 20:09:47.393] STATUS: Loading faster-whisper model (first run can take a few minutes)...
[2026-02-13 20:09:50.341] STATUS: Local model ready
[2026-02-13 20:09:51.211] STATUS: Transcribing...
[2026-02-13 20:09:51.221] STATUS: Listening (Spanish)
[2026-02-13 20:09:52.256] STATUS: Transcribing...
[2026-02-13 20:09:52.266] STATUS: Listening (Spanish)
[2026-02-13 20:09:57.535] STATUS: Transcribing...
[2026-02-13 20:09:57.547] STATUS: Listening (Spanish)
[2026-02-13 20:09:58.143] STATUS: Apply clicked
[2026-02-13 20:10:02.428] STATUS: Settings applied
[2026-02-13 20:10:02.437] STATUS: Apply finished
[2026-02-13 20:10:02.882] STATUS: Translating...
[2026-02-13 20:10:03.083] STATUS: Listening (Spanish)
[2026-02-13 20:10:06.457] STATUS: Apply clicked
[2026-02-13 20:10:08.192] STATUS: Settings applied
[2026-02-13 20:10:08.196] STATUS: Apply finished
[2026-02-13 20:10:08.563] STATUS: Transcribing...
[2026-02-13 20:10:08.574] STATUS: Listening (Spanish)
[2026-02-13 20:10:12.651] STATUS: Transcribing...
[2026-02-13 20:10:12.663] STATUS: Listening (Spanish)
[2026-02-13 20:10:17.702] STATUS: Transcribing...
[2026-02-13 20:10:17.715] STATUS: Listening (Spanish)
[2026-02-13 20:10:27.686] STATUS: Transcribing...
[2026-02-13 20:10:27.699] STATUS: Listening (Spanish)
[2026-02-13 20:10:32.982] STATUS: Transcribing...
[2026-02-13 20:10:32.995] STATUS: Listening (Spanish)
[2026-02-13 20:10:37.923] STATUS: Transcribing...
[2026-02-13 20:10:37.938] STATUS: Listening (Spanish)
[2026-02-13 20:10:42.764] STATUS: Transcribing...
[2026-02-13 20:10:42.776] STATUS: Listening (Spanish)
[2026-02-13 20:10:52.705] STATUS: Transcribing...
[2026-02-13 20:10:52.717] STATUS: Listening (Spanish)
[2026-02-13 20:11:03.167] STATUS: Transcribing...
[2026-02-13 20:11:03.180] STATUS: Listening (Spanish)
[2026-02-13 20:11:08.344] STATUS: Transcribing...
[2026-02-13 20:11:08.365] STATUS: Listening (Spanish)
[2026-02-13 20:11:09.921] STATUS: App closing requested

--- Close Requested ---
  File "E:\OneDrive - zachthetech.com\Documents\GitHub\python-translation\main.py", line 6225, in <module>
    app = TranslationApp()
  File "E:\OneDrive - zachthetech.com\Documents\GitHub\python-translation\main.py", line 474, in __init__
    self.root.mainloop()
  File "C:\Users\zachary.price\AppData\Local\Programs\Python\Python310\lib\tkinter\__init__.py", line 1458, in mainloop
    self.tk.mainloop(n)
  File "C:\Users\zachary.price\AppData\Local\Programs\Python\Python310\lib\tkinter\__init__.py", line 1921, in __call__
    return self.func(*args)
  File "E:\OneDrive - zachthetech.com\Documents\GitHub\python-translation\main.py", line 554, in on_closing
    f.write("".join(traceback.format_stack(limit=10)))
[2026-02-13 20:11:09.935] STATUS: Process exiting

--- Process Exit ---
  File "E:\OneDrive - zachthetech.com\Documents\GitHub\python-translation\main.py", line 617, in _log_process_exit
    f.write("".join(traceback.format_stack(limit=10)))
