[2026-02-13 20:03:21.172] STATUS: Listening (Spanish)
[2026-02-13 20:03:23.949] STATUS: Loading faster-whisper model (first run can take a few minutes)...
[2026-02-13 20:03:26.947] STATUS: Local model ready
[2026-02-13 20:03:28.466] STATUS: Listening (Spanish)
[2026-02-13 20:03:37.945] STATUS: Translating...
[2026-02-13 20:03:39.181] STATUS: Listening (Spanish)
[2026-02-13 20:03:43.190] STATUS: Translating...
[2026-02-13 20:03:44.556] STATUS: Listening (Spanish)
[2026-02-13 20:03:47.990] STATUS: Translating...
[2026-02-13 20:03:48.866] STATUS: Listening (Spanish)
[2026-02-13 20:03:57.969] STATUS: Translating...
[2026-02-13 20:03:59.007] STATUS: Listening (Spanish)
[2026-02-13 20:04:03.282] STATUS: Translating...
[2026-02-13 20:04:04.163] STATUS: Listening (Spanish)
[2026-02-13 20:04:09.405] STATUS: Translating...
[2026-02-13 20:04:10.198] STATUS: Listening (Spanish)
[2026-02-13 20:04:14.548] STATUS: Translating...
[2026-02-13 20:04:15.426] STATUS: Listening (Spanish)
[2026-02-13 20:04:17.389] STATUS: Translating...
[2026-02-13 20:04:18.086] STATUS: Listening (Spanish)
[2026-02-13 20:04:29.419] STATUS: Translating...
[2026-02-13 20:04:30.024] STATUS: Listening (Spanish)
[2026-02-13 20:04:34.455] STATUS: Translating...
[2026-02-13 20:04:35.331] STATUS: Listening (Spanish)
[2026-02-13 20:04:49.442] STATUS: Translating...
[2026-02-13 20:04:50.334] STATUS: Listening (Spanish)
[2026-02-13 20:04:54.401] STATUS: Translating...
[2026-02-13 20:04:55.557] STATUS: Listening (Spanish)
[2026-02-13 20:04:58.377] STATUS: Translating...
[2026-02-13 20:04:59.148] STATUS: Listening (Spanish)
[2026-02-13 20:05:08.669] STATUS: Translating...
[2026-02-13 20:05:09.702] STATUS: Listening (Spanish)
[2026-02-13 20:05:13.844] STATUS: Translating...
[2026-02-13 20:05:14.905] STATUS: Listening (Spanish)
[2026-02-13 20:05:15.482] STATUS: Apply clicked
[2026-02-13 20:05:18.413] STATUS: Settings applied
[2026-02-13 20:05:18.419] STATUS: Apply finished
[2026-02-13 20:05:18.828] STATUS: Transcribing...
[2026-02-13 20:05:18.842] STATUS: Listening (Spanish)
[2026-02-13 20:05:24.896] STATUS: Transcribing...
[2026-02-13 20:05:24.909] STATUS: Listening (Spanish)
[2026-02-13 20:05:29.775] STATUS: Transcribing...
[2026-02-13 20:05:29.792] STATUS: Listening (Spanish)
[2026-02-13 20:05:34.992] STATUS: Transcribing...
[2026-02-13 20:05:35.010] STATUS: Listening (Spanish)
[2026-02-13 20:05:40.106] STATUS: Transcribing...
[2026-02-13 20:05:40.122] STATUS: Listening (Spanish)
[2026-02-13 20:05:45.217] STATUS: Transcribing...
[2026-02-13 20:05:45.235] STATUS: Listening (Spanish)
[2026-02-13 20:05:59.076] STATUS: Transcribing...
[2026-02-13 20:05:59.093] STATUS: Listening (Spanish)
[2026-02-13 20:06:00.656] STATUS: Transcribing...
[2026-02-13 20:06:00.733] STATUS: Listening (Spanish)
[2026-02-13 20:06:04.888] STATUS: Transcribing...
[2026-02-13 20:06:04.904] STATUS: Listening (Spanish)
[2026-02-13 20:06:08.397] STATUS: Transcribing...
[2026-02-13 20:06:08.414] STATUS: Listening (Spanish)
[2026-02-13 20:06:13.757] STATUS: Transcribing...
[2026-02-13 20:06:13.777] STATUS: Listening (Spanish)
[2026-02-13 20:06:19.440] STATUS: Transcribing...
[2026-02-13 20:06:19.456] STATUS: Listening (Spanish)
[2026-02-13 20:06:21.735] STATUS: Transcribing...
[2026-02-13 20:06:21.751] STATUS: Listening (Spanish)
[2026-02-13 20:06:27.224] STATUS: Transcribing...
[2026-02-13 20:06:27.244] STATUS: Listening (Spanish)
[2026-02-13 20:06:32.345] STATUS: Transcribing...
[2026-02-13 20:06:32.365] STATUS: Listening (Spanish)
[2026-02-13 20:06:35.200] STATUS: Transcribing...
[2026-02-13 20:06:35.225] STATUS: Listening (Spanish)
[2026-02-13 20:06:40.819] STATUS: Transcribing...
[2026-02-13 20:06:40.838] STATUS: Listening (Spanish)
[2026-02-13 20:06:51.028] STATUS: Transcribing...
[2026-02-13 20:06:51.046] STATUS: Listening (Spanish)
[2026-02-13 20:06:56.234] STATUS: Transcribing...
[2026-02-13 20:06:56.257] STATUS: Listening (Spanish)
[2026-02-13 20:07:01.408] STATUS: Transcribing...
[2026-02-13 20:07:01.433] STATUS: Listening (Spanish)
[2026-02-13 20:07:06.707] STATUS: Transcribing...
[2026-02-13 20:07:06.727] STATUS: Listening (Spanish)
[2026-02-13 20:07:16.848] STATUS: Transcribing...
[2026-02-13 20:07:16.874] STATUS: Listening (Spanish)
[2026-02-13 20:07:26.955] STATUS: Transcribing...
[2026-02-13 20:07:26.978] STATUS: Listening (Spanish)
[2026-02-13 20:07:29.278] STATUS: Transcribing...
[2026-02-13 20:07:29.299] STATUS: Listening (Spanish)
[2026-02-13 20:07:32.026] STATUS: Transcribing...
[2026-02-13 20:07:32.048] STATUS: Listening (Spanish)
[2026-02-13 20:07:33.492] STATUS: Transcribing...
[2026-02-13 20:07:33.574] STATUS: Listening (Spanish)
[2026-02-13 20:07:39.748] STATUS: Transcribing...
[2026-02-13 20:07:39.769] STATUS: Listening (Spanish)
[2026-02-13 20:07:41.031] STATUS: Transcribing...
[2026-02-13 20:07:41.054] STATUS: Listening (Spanish)
[2026-02-13 20:07:45.638] STATUS: Transcribing...
[2026-02-13 20:07:45.665] STATUS: Listening (Spanish)
[2026-02-13 20:07:47.165] STATUS: Transcribing...
[2026-02-13 20:07:47.186] STATUS: Listening (Spanish)
[2026-02-13 20:07:51.538] STATUS: Transcribing...
[2026-02-13 20:07:51.561] STATUS: Listening (Spanish)
[2026-02-13 20:07:52.816] STATUS: Transcribing...
[2026-02-13 20:07:52.840] STATUS: Listening (Spanish)
[2026-02-13 20:07:58.560] STATUS: Transcribing...
[2026-02-13 20:07:58.583] STATUS: Listening (Spanish)
[2026-02-13 20:08:06.393] STATUS: Heard audio but could not recognize speech.
[2026-02-13 20:08:12.332] STATUS: Transcribing...
[2026-02-13 20:08:12.357] STATUS: Listening (Spanish)
[2026-02-13 20:08:18.820] STATUS: Transcribing...
[2026-02-13 20:08:18.852] STATUS: Listening (Spanish)
[2026-02-13 20:08:21.041] STATUS: Transcribing...
[2026-02-13 20:08:21.071] STATUS: Listening (Spanish)
[2026-02-13 20:08:27.088] STATUS: Transcribing...
[2026-02-13 20:08:27.120] STATUS: Listening (Spanish)
[2026-02-13 20:08:32.550] STATUS: Transcribing...
[2026-02-13 20:08:32.574] STATUS: Listening (Spanish)
[2026-02-13 20:08:37.621] STATUS: Transcribing...
[2026-02-13 20:08:37.649] STATUS: Listening (Spanish)
[2026-02-13 20:08:48.027] STATUS: Transcribing...
[2026-02-13 20:08:48.051] STATUS: Listening (Spanish)
[2026-02-13 20:08:53.027] STATUS: Transcribing...
[2026-02-13 20:08:53.052] STATUS: Listening (Spanish)
[2026-02-13 20:08:57.992] STATUS: Transcribing...
[2026-02-13 20:08:58.017] STATUS: Listening (Spanish)
[2026-02-13 20:09:01.595] STATUS: Transcribing...
[2026-02-13 20:09:01.619] STATUS: Listening (Spanish)
[2026-02-13 20:09:06.792] STATUS: Transcribing...
[2026-02-13 20:09:06.818] STATUS: Listening (Spanish)
[2026-02-13 20:09:12.274] STATUS: Transcribing...
[2026-02-13 20:09:12.304] STATUS: Listening (Spanish)
[2026-02-13 20:09:16.888] STATUS: Transcribing...
[2026-02-13 20:09:16.918] STATUS: Listening (Spanish)
[2026-02-13 20:09:22.320] STATUS: Transcribing...
[2026-02-13 20:09:22.346] STATUS: Listening (Spanish)
[2026-02-13 20:09:29.614] STATUS: Transcribing...
[2026-02-13 20:09:29.648] STATUS: Listening (Spanish)
[2026-02-13 20:09:32.695] STATUS: Transcribing...
[2026-02-13 20:09:32.723] STATUS: Listening (Spanish)
[2026-02-13 20:09:36.514] STATUS: App closing requested

--- Close Requested ---
  File "E:\OneDrive - zachthetech.com\Documents\GitHub\python-translation\main.py", line 6167, in <module>
    else:
  File "E:\OneDrive - zachthetech.com\Documents\GitHub\python-translation\main.py", line 474, in __init__
    self.root.mainloop()
  File "C:\Users\zachary.price\AppData\Local\Programs\Python\Python310\lib\tkinter\__init__.py", line 1458, in mainloop
    self.tk.mainloop(n)
  File "C:\Users\zachary.price\AppData\Local\Programs\Python\Python310\lib\tkinter\__init__.py", line 1921, in __call__
    return self.func(*args)
  File "E:\OneDrive - zachthetech.com\Documents\GitHub\python-translation\main.py", line 554, in on_closing
    f.write("".join(traceback.format_stack(limit=10)))
[2026-02-13 20:09:36.531] STATUS: Process exiting

--- Process Exit ---
  File "E:\OneDrive - zachthetech.com\Documents\GitHub\python-translation\main.py", line 617, in _log_process_exit
    f.write("".join(traceback.format_stack(limit=10)))
