[2026-02-13 20:20:34.674] STATUS: Listening (Spanish)
[2026-02-13 20:20:40.612] STATUS: Loading faster-whisper model (first run can take a few minutes)...
[2026-02-13 20:20:43.767] STATUS: Local model ready
[2026-02-13 20:20:44.591] STATUS: Transcribing...
[2026-02-13 20:20:44.601] STATUS: Listening (Spanish)
[2026-02-13 20:20:53.288] STATUS: Transcribing...
[2026-02-13 20:20:53.299] STATUS: Listening (Spanish)
[2026-02-13 20:21:02.253] STATUS: Transcribing...
[2026-02-13 20:21:02.265] STATUS: Listening (Spanish)
[2026-02-13 20:21:07.496] STATUS: Transcribing...
[2026-02-13 20:21:07.506] STATUS: Listening (Spanish)
[2026-02-13 20:21:12.778] STATUS: Transcribing...
[2026-02-13 20:21:12.794] STATUS: Listening (Spanish)
[2026-02-13 20:21:15.025] STATUS: Transcribing...
[2026-02-13 20:21:15.038] STATUS: Listening (Spanish)
[2026-02-13 20:21:20.352] STATUS: Transcribing...
[2026-02-13 20:21:20.367] STATUS: Listening (Spanish)
[2026-02-13 20:21:24.515] STATUS: Transcribing...
[2026-02-13 20:21:24.526] STATUS: Listening (Spanish)
[2026-02-13 20:21:27.440] STATUS: Transcribing...
[2026-02-13 20:21:27.453] STATUS: Listening (Spanish)
[2026-02-13 20:21:29.930] STATUS: Transcribing...
[2026-02-13 20:21:29.944] STATUS: Listening (Spanish)
[2026-02-13 20:21:35.120] STATUS: Transcribing...
[2026-02-13 20:21:35.134] STATUS: Listening (Spanish)
[2026-02-13 20:21:36.833] STATUS: Apply clicked
[2026-02-13 20:21:39.879] STATUS: Settings applied
[2026-02-13 20:21:39.884] STATUS: Apply finished
[2026-02-13 20:21:40.401] STATUS: Translating...
[2026-02-13 20:21:40.536] STATUS: Listening (Spanish)
[2026-02-13 20:21:46.564] STATUS: Translating...
[2026-02-13 20:21:47.848] STATUS: Listening (Spanish)
[2026-02-13 20:21:51.712] STATUS: Transcribing...
[2026-02-13 20:21:51.730] STATUS: Listening (Spanish)
[2026-02-13 20:21:52.566] STATUS: Apply clicked
[2026-02-13 20:21:54.760] STATUS: Settings applied
[2026-02-13 20:21:54.764] STATUS: Apply finished
[2026-02-13 20:21:55.139] STATUS: Transcribing...
[2026-02-13 20:21:55.158] STATUS: Listening (Spanish)
[2026-02-13 20:22:00.963] STATUS: Transcribing...
[2026-02-13 20:22:00.979] STATUS: Listening (Spanish)
[2026-02-13 20:22:05.667] STATUS: Transcribing...
[2026-02-13 20:22:05.681] STATUS: Listening (Spanish)
[2026-02-13 20:22:07.533] STATUS: Transcribing...
[2026-02-13 20:22:07.549] STATUS: Listening (Spanish)
[2026-02-13 20:22:12.235] STATUS: Transcribing...
[2026-02-13 20:22:12.251] STATUS: Listening (Spanish)
[2026-02-13 20:22:17.735] STATUS: Transcribing...
[2026-02-13 20:22:17.752] STATUS: Listening (Spanish)
[2026-02-13 20:22:21.688] STATUS: Transcribing...
[2026-02-13 20:22:21.705] STATUS: Listening (Spanish)
[2026-02-13 20:22:29.057] STATUS: Transcribing...
[2026-02-13 20:22:29.076] STATUS: Listening (Spanish)
[2026-02-13 20:22:35.351] STATUS: Transcribing...
[2026-02-13 20:22:35.368] STATUS: Listening (Spanish)
[2026-02-13 20:22:46.081] STATUS: Transcribing...
[2026-02-13 20:22:46.099] STATUS: Listening (Spanish)
[2026-02-13 20:22:51.072] STATUS: Transcribing...
[2026-02-13 20:22:51.091] STATUS: Listening (Spanish)
[2026-02-13 20:22:56.588] STATUS: Transcribing...
[2026-02-13 20:22:56.611] STATUS: Listening (Spanish)
[2026-02-13 20:23:04.295] STATUS: Transcribing...
[2026-02-13 20:23:04.311] STATUS: Listening (Spanish)
[2026-02-13 20:23:06.614] STATUS: Transcribing...
[2026-02-13 20:23:06.631] STATUS: Listening (Spanish)
[2026-02-13 20:23:09.047] STATUS: Transcribing...
[2026-02-13 20:23:09.066] STATUS: Listening (Spanish)
[2026-02-13 20:23:14.050] STATUS: Transcribing...
[2026-02-13 20:23:14.069] STATUS: Listening (Spanish)
[2026-02-13 20:23:15.486] STATUS: Transcribing...
[2026-02-13 20:23:15.507] STATUS: Listening (Spanish)
[2026-02-13 20:23:18.685] STATUS: Transcribing...
[2026-02-13 20:23:18.705] STATUS: Listening (Spanish)
[2026-02-13 20:23:22.004] STATUS: Transcribing...
[2026-02-13 20:23:22.023] STATUS: Listening (Spanish)
[2026-02-13 20:23:26.441] STATUS: Transcribing...
[2026-02-13 20:23:26.459] STATUS: Listening (Spanish)
[2026-02-13 20:23:30.868] STATUS: Transcribing...
[2026-02-13 20:23:30.906] STATUS: Listening (Spanish)
[2026-02-13 20:23:35.537] STATUS: Transcribing...
[2026-02-13 20:23:35.558] STATUS: Listening (Spanish)
[2026-02-13 20:23:40.989] STATUS: Transcribing...
[2026-02-13 20:23:41.008] STATUS: Listening (Spanish)
[2026-02-13 20:23:46.631] STATUS: Transcribing...
[2026-02-13 20:23:46.655] STATUS: Listening (Spanish)
[2026-02-13 20:23:51.890] STATUS: Transcribing...
[2026-02-13 20:23:51.909] STATUS: Listening (Spanish)
[2026-02-13 20:23:56.206] STATUS: Transcribing...
[2026-02-13 20:23:56.225] STATUS: Listening (Spanish)
[2026-02-13 20:24:01.162] STATUS: Transcribing...
[2026-02-13 20:24:01.181] STATUS: Listening (Spanish)
[2026-02-13 20:24:04.121] STATUS: Transcribing...
[2026-02-13 20:24:04.141] STATUS: Listening (Spanish)
[2026-02-13 20:24:19.930] STATUS: Heard audio but could not recognize speech.
[2026-02-13 20:24:25.300] STATUS: Transcribing...
[2026-02-13 20:24:25.330] STATUS: Listening (Spanish)
[2026-02-13 20:24:30.348] STATUS: Transcribing...
[2026-02-13 20:24:30.376] STATUS: Listening (Spanish)
[2026-02-13 20:24:33.749] STATUS: Transcribing...
[2026-02-13 20:24:33.769] STATUS: Listening (Spanish)
[2026-02-13 20:24:37.415] STATUS: Transcribing...
[2026-02-13 20:24:37.442] STATUS: Listening (Spanish)
[2026-02-13 20:24:39.391] STATUS: Transcribing...
[2026-02-13 20:24:39.416] STATUS: Listening (Spanish)
[2026-02-13 20:24:40.739] STATUS: Transcribing...
[2026-02-13 20:24:40.759] STATUS: Listening (Spanish)
[2026-02-13 20:24:50.296] STATUS: Transcribing...
[2026-02-13 20:24:50.317] STATUS: Listening (Spanish)
[2026-02-13 20:24:55.574] STATUS: Transcribing...
[2026-02-13 20:24:55.598] STATUS: Listening (Spanish)
[2026-02-13 20:25:00.471] STATUS: Transcribing...
[2026-02-13 20:25:00.495] STATUS: Listening (Spanish)
[2026-02-13 20:25:01.896] STATUS: Transcribing...
[2026-02-13 20:25:01.919] STATUS: Listening (Spanish)
[2026-02-13 20:25:07.082] STATUS: Transcribing...
[2026-02-13 20:25:07.112] STATUS: Listening (Spanish)
[2026-02-13 20:25:12.291] STATUS: Transcribing...
[2026-02-13 20:25:12.316] STATUS: Listening (Spanish)
[2026-02-13 20:25:17.514] STATUS: Transcribing...
[2026-02-13 20:25:17.538] STATUS: Listening (Spanish)
[2026-02-13 20:25:22.601] STATUS: Transcribing...
[2026-02-13 20:25:22.629] STATUS: Listening (Spanish)
[2026-02-13 20:25:34.042] STATUS: Transcribing...
[2026-02-13 20:25:34.071] STATUS: Listening (Spanish)
[2026-02-13 20:25:36.912] STATUS: Transcribing...
[2026-02-13 20:25:36.937] STATUS: Listening (Spanish)
[2026-02-13 20:25:39.383] STATUS: Transcribing...
[2026-02-13 20:25:39.408] STATUS: Listening (Spanish)
[2026-02-13 20:25:43.212] STATUS: Transcribing...
[2026-02-13 20:25:43.240] STATUS: Listening (Spanish)
[2026-02-13 20:25:44.357] STATUS: Transcribing...
[2026-02-13 20:25:44.418] STATUS: Listening (Spanish)
[2026-02-13 20:25:51.311] STATUS: Transcribing...
[2026-02-13 20:25:51.335] STATUS: Listening (Spanish)
[2026-02-13 20:25:52.958] STATUS: Transcribing...
[2026-02-13 20:25:53.044] STATUS: Listening (Spanish)
[2026-02-13 20:25:58.800] STATUS: Transcribing...
[2026-02-13 20:25:58.830] STATUS: Listening (Spanish)
[2026-02-13 20:26:03.911] STATUS: Transcribing...
[2026-02-13 20:26:03.938] STATUS: Listening (Spanish)
[2026-02-13 20:26:07.123] STATUS: Transcribing...
[2026-02-13 20:26:07.152] STATUS: Listening (Spanish)
[2026-02-13 20:26:11.817] STATUS: Transcribing...
[2026-02-13 20:26:11.845] STATUS: Listening (Spanish)
[2026-02-13 20:26:16.131] STATUS: Transcribing...
[2026-02-13 20:26:16.183] STATUS: Listening (Spanish)
[2026-02-13 20:26:21.337] STATUS: Transcribing...
[2026-02-13 20:26:21.369] STATUS: Listening (Spanish)
[2026-02-13 20:26:25.423] STATUS: Transcribing...
[2026-02-13 20:26:25.452] STATUS: Listening (Spanish)
[2026-02-13 20:26:30.469] STATUS: Transcribing...
[2026-02-13 20:26:30.497] STATUS: Listening (Spanish)
[2026-02-13 20:26:43.665] STATUS: Transcribing...
[2026-02-13 20:26:43.693] STATUS: Listening (Spanish)
[2026-02-13 20:26:48.663] STATUS: Transcribing...
[2026-02-13 20:26:48.693] STATUS: Listening (Spanish)
[2026-02-13 20:26:59.084] STATUS: Transcribing...
[2026-02-13 20:26:59.117] STATUS: Listening (Spanish)
[2026-02-13 20:27:04.401] STATUS: Transcribing...
[2026-02-13 20:27:04.433] STATUS: Listening (Spanish)
[2026-02-13 20:27:07.775] STATUS: Transcribing...
[2026-02-13 20:27:07.803] STATUS: Listening (Spanish)
[2026-02-13 20:27:09.355] STATUS: Transcribing...
[2026-02-13 20:27:09.386] STATUS: Listening (Spanish)
[2026-02-13 20:27:12.922] STATUS: Transcribing...
[2026-02-13 20:27:12.952] STATUS: Listening (Spanish)
[2026-02-13 20:27:18.113] STATUS: Transcribing...
[2026-02-13 20:27:18.143] STATUS: Listening (Spanish)
[2026-02-13 20:27:23.336] STATUS: Transcribing...
[2026-02-13 20:27:23.374] STATUS: Listening (Spanish)
[2026-02-13 20:27:33.227] STATUS: Transcribing...
[2026-02-13 20:27:33.259] STATUS: Listening (Spanish)
[2026-02-13 20:27:36.750] STATUS: Transcribing...
[2026-02-13 20:27:36.781] STATUS: Listening (Spanish)
[2026-02-13 20:27:39.119] STATUS: Transcribing...
[2026-02-13 20:27:39.152] STATUS: Listening (Spanish)
[2026-02-13 20:27:44.829] STATUS: Transcribing...
[2026-02-13 20:27:44.859] STATUS: Listening (Spanish)
[2026-02-13 20:27:48.284] STATUS: Transcribing...
[2026-02-13 20:27:48.318] STATUS: Listening (Spanish)
[2026-02-13 20:27:53.599] STATUS: Transcribing...
[2026-02-13 20:27:53.630] STATUS: Listening (Spanish)
[2026-02-13 20:27:57.939] STATUS: Transcribing...
[2026-02-13 20:27:57.971] STATUS: Listening (Spanish)
[2026-02-13 20:28:03.068] STATUS: Transcribing...
[2026-02-13 20:28:03.101] STATUS: Listening (Spanish)
[2026-02-13 20:28:08.085] STATUS: Transcribing...
[2026-02-13 20:28:08.122] STATUS: Listening (Spanish)
[2026-02-13 20:28:23.309] STATUS: Transcribing...
[2026-02-13 20:28:23.346] STATUS: Listening (Spanish)
[2026-02-13 20:28:27.748] STATUS: Transcribing...
[2026-02-13 20:28:27.789] STATUS: Listening (Spanish)
[2026-02-13 20:28:31.415] STATUS: Transcribing...
[2026-02-13 20:28:31.460] STATUS: Listening (Spanish)
[2026-02-13 20:28:33.860] STATUS: Transcribing...
[2026-02-13 20:28:33.904] STATUS: Listening (Spanish)
[2026-02-13 20:28:44.569] STATUS: Transcribing...
[2026-02-13 20:28:44.604] STATUS: Listening (Spanish)
[2026-02-13 20:28:46.407] STATUS: Transcribing...
[2026-02-13 20:28:46.448] STATUS: Listening (Spanish)
[2026-02-13 20:28:52.275] STATUS: Transcribing...
[2026-02-13 20:28:52.315] STATUS: Listening (Spanish)
[2026-02-13 20:28:58.555] STATUS: Transcribing...
[2026-02-13 20:28:58.588] STATUS: Listening (Spanish)
[2026-02-13 20:29:12.798] STATUS: Transcribing...
[2026-02-13 20:29:12.833] STATUS: Listening (Spanish)
[2026-02-13 20:29:17.777] STATUS: Transcribing...
[2026-02-13 20:29:17.811] STATUS: Listening (Spanish)
[2026-02-13 20:29:22.761] STATUS: Transcribing...
[2026-02-13 20:29:22.799] STATUS: Listening (Spanish)
[2026-02-13 20:29:28.307] STATUS: Transcribing...
[2026-02-13 20:29:28.344] STATUS: Listening (Spanish)
[2026-02-13 20:29:33.733] STATUS: Transcribing...
[2026-02-13 20:29:33.770] STATUS: Listening (Spanish)
[2026-02-13 20:29:45.419] STATUS: Transcribing...
[2026-02-13 20:29:45.456] STATUS: Listening (Spanish)
[2026-02-13 20:29:48.750] STATUS: Transcribing...
[2026-02-13 20:29:48.794] STATUS: Listening (Spanish)
[2026-02-13 20:29:54.086] STATUS: Transcribing...
[2026-02-13 20:29:54.126] STATUS: Listening (Spanish)
[2026-02-13 20:29:59.152] STATUS: Transcribing...
[2026-02-13 20:29:59.197] STATUS: Listening (Spanish)
[2026-02-13 20:30:04.059] STATUS: Transcribing...
[2026-02-13 20:30:04.104] STATUS: Listening (Spanish)
[2026-02-13 20:30:09.153] STATUS: Transcribing...
[2026-02-13 20:30:09.191] STATUS: Listening (Spanish)
[2026-02-13 20:30:14.447] STATUS: Transcribing...
[2026-02-13 20:30:14.485] STATUS: Listening (Spanish)
[2026-02-13 20:30:16.976] STATUS: Transcribing...
[2026-02-13 20:30:17.069] STATUS: Listening (Spanish)
[2026-02-13 20:30:23.353] STATUS: Transcribing...
[2026-02-13 20:30:23.389] STATUS: Listening (Spanish)
[2026-02-13 20:30:25.732] STATUS: Transcribing...
[2026-02-13 20:30:25.774] STATUS: Listening (Spanish)
[2026-02-13 20:30:31.807] STATUS: Transcribing...
[2026-02-13 20:30:31.848] STATUS: Listening (Spanish)
[2026-02-13 20:30:40.420] STATUS: Transcribing...
[2026-02-13 20:30:40.455] STATUS: Listening (Spanish)
[2026-02-13 20:30:46.037] STATUS: Transcribing...
[2026-02-13 20:30:46.076] STATUS: Listening (Spanish)
[2026-02-13 20:30:51.017] STATUS: Transcribing...
[2026-02-13 20:30:51.062] STATUS: Listening (Spanish)
[2026-02-13 20:30:54.756] STATUS: Transcribing...
[2026-02-13 20:30:54.795] STATUS: Listening (Spanish)
[2026-02-13 20:31:02.499] STATUS: Transcribing...
[2026-02-13 20:31:02.542] STATUS: Listening (Spanish)
[2026-02-13 20:31:06.434] STATUS: Transcribing...
[2026-02-13 20:31:06.474] STATUS: Listening (Spanish)
[2026-02-13 20:31:19.955] STATUS: Transcribing...
[2026-02-13 20:31:20.002] STATUS: Listening (Spanish)
[2026-02-13 20:31:24.487] STATUS: Transcribing...
[2026-02-13 20:31:24.529] STATUS: Listening (Spanish)
[2026-02-13 20:31:27.706] STATUS: Transcribing...
[2026-02-13 20:31:27.752] STATUS: Listening (Spanish)
[2026-02-13 20:31:30.805] STATUS: Transcribing...
[2026-02-13 20:31:30.850] STATUS: Listening (Spanish)
[2026-02-13 20:31:34.691] STATUS: Transcribing...
[2026-02-13 20:31:34.731] STATUS: Listening (Spanish)
[2026-02-13 20:31:40.017] STATUS: Transcribing...
[2026-02-13 20:31:40.058] STATUS: Listening (Spanish)
[2026-02-13 20:31:45.137] STATUS: Transcribing...
[2026-02-13 20:31:45.178] STATUS: Listening (Spanish)
[2026-02-13 20:31:50.157] STATUS: Transcribing...
[2026-02-13 20:31:50.199] STATUS: Listening (Spanish)
[2026-02-13 20:32:00.581] STATUS: Transcribing...
[2026-02-13 20:32:00.623] STATUS: Listening (Spanish)
[2026-02-13 20:32:03.300] STATUS: Transcribing...
[2026-02-13 20:32:03.351] STATUS: Listening (Spanish)
[2026-02-13 20:32:08.686] STATUS: Transcribing...
[2026-02-13 20:32:08.730] STATUS: Listening (Spanish)
[2026-02-13 20:32:10.820] STATUS: Transcribing...
[2026-02-13 20:32:10.862] STATUS: Listening (Spanish)
[2026-02-13 20:32:16.225] STATUS: Transcribing...
[2026-02-13 20:32:16.272] STATUS: Listening (Spanish)
[2026-02-13 20:32:21.313] STATUS: Transcribing...
[2026-02-13 20:32:21.361] STATUS: Listening (Spanish)
[2026-02-13 20:32:25.699] STATUS: Transcribing...
[2026-02-13 20:32:25.749] STATUS: Listening (Spanish)
[2026-02-13 20:32:31.017] STATUS: Transcribing...
[2026-02-13 20:32:31.061] STATUS: Listening (Spanish)
[2026-02-13 20:32:36.216] STATUS: Transcribing...
[2026-02-13 20:32:36.259] STATUS: Listening (Spanish)
[2026-02-13 20:32:40.826] STATUS: Transcribing...
[2026-02-13 20:32:40.871] STATUS: Listening (Spanish)
[2026-02-13 20:32:55.317] STATUS: Transcribing...
[2026-02-13 20:32:55.369] STATUS: Listening (Spanish)
[2026-02-13 20:32:57.404] STATUS: Transcribing...
[2026-02-13 20:32:57.553] STATUS: Listening (Spanish)
[2026-02-13 20:33:03.932] STATUS: Transcribing...
[2026-02-13 20:33:03.978] STATUS: Listening (Spanish)
[2026-02-13 20:33:09.343] STATUS: Transcribing...
[2026-02-13 20:33:09.395] STATUS: Listening (Spanish)
[2026-02-13 20:33:14.734] STATUS: Transcribing...
[2026-02-13 20:33:14.780] STATUS: Listening (Spanish)
[2026-02-13 20:33:20.680] STATUS: Transcribing...
[2026-02-13 20:33:20.751] STATUS: Listening (Spanish)
[2026-02-13 20:33:23.125] STATUS: Transcribing...
[2026-02-13 20:33:23.177] STATUS: Listening (Spanish)
[2026-02-13 20:33:28.572] STATUS: Transcribing...
[2026-02-13 20:33:28.618] STATUS: Listening (Spanish)
[2026-02-13 20:33:32.113] STATUS: Transcribing...
[2026-02-13 20:33:32.160] STATUS: Listening (Spanish)
[2026-02-13 20:33:37.372] STATUS: Transcribing...
[2026-02-13 20:33:37.424] STATUS: Listening (Spanish)
[2026-02-13 20:33:40.157] STATUS: Transcribing...
[2026-02-13 20:33:40.206] STATUS: Listening (Spanish)
[2026-02-13 20:33:45.448] STATUS: Transcribing...
[2026-02-13 20:33:45.502] STATUS: Listening (Spanish)
[2026-02-13 20:33:50.005] STATUS: Transcribing...
[2026-02-13 20:33:50.054] STATUS: Listening (Spanish)
[2026-02-13 20:33:55.354] STATUS: Transcribing...
[2026-02-13 20:33:55.401] STATUS: Listening (Spanish)
[2026-02-13 20:34:05.244] STATUS: Transcribing...
[2026-02-13 20:34:05.291] STATUS: Listening (Spanish)
[2026-02-13 20:34:07.563] STATUS: Transcribing...
[2026-02-13 20:34:07.619] STATUS: Listening (Spanish)
[2026-02-13 20:34:11.065] STATUS: Transcribing...
[2026-02-13 20:34:11.115] STATUS: Listening (Spanish)
[2026-02-13 20:34:16.299] STATUS: Transcribing...
[2026-02-13 20:34:16.360] STATUS: Listening (Spanish)
[2026-02-13 20:34:20.296] STATUS: Transcribing...
[2026-02-13 20:34:20.344] STATUS: Listening (Spanish)
[2026-02-13 20:34:21.958] STATUS: Transcribing...
[2026-02-13 20:34:22.005] STATUS: Listening (Spanish)
[2026-02-13 20:34:27.637] STATUS: Transcribing...
[2026-02-13 20:34:27.686] STATUS: Listening (Spanish)
[2026-02-13 20:34:30.090] STATUS: Transcribing...
[2026-02-13 20:34:30.147] STATUS: Listening (Spanish)
[2026-02-13 20:34:35.349] STATUS: Transcribing...
[2026-02-13 20:34:35.406] STATUS: Listening (Spanish)
[2026-02-13 20:34:36.733] STATUS: Transcribing...
[2026-02-13 20:34:36.787] STATUS: Listening (Spanish)
[2026-02-13 20:34:43.434] STATUS: Transcribing...
[2026-02-13 20:34:43.486] STATUS: Listening (Spanish)
[2026-02-13 20:34:48.252] STATUS: Transcribing...
[2026-02-13 20:34:48.302] STATUS: Listening (Spanish)
[2026-02-13 20:34:51.611] STATUS: Transcribing...
[2026-02-13 20:34:51.661] STATUS: Listening (Spanish)
[2026-02-13 20:34:57.106] STATUS: Transcribing...
[2026-02-13 20:34:57.158] STATUS: Listening (Spanish)
[2026-02-13 20:34:58.772] STATUS: Transcribing...
[2026-02-13 20:34:58.878] STATUS: Listening (Spanish)
[2026-02-13 20:35:04.190] STATUS: Transcribing...
[2026-02-13 20:35:04.241] STATUS: Listening (Spanish)
[2026-02-13 20:35:08.985] STATUS: Transcribing...
[2026-02-13 20:35:09.040] STATUS: Listening (Spanish)
[2026-02-13 20:35:11.894] STATUS: Transcribing...
[2026-02-13 20:35:11.962] STATUS: Listening (Spanish)
[2026-02-13 20:35:17.364] STATUS: Transcribing...
[2026-02-13 20:35:17.418] STATUS: Listening (Spanish)
[2026-02-13 20:35:20.401] STATUS: Transcribing...
[2026-02-13 20:35:20.458] STATUS: Listening (Spanish)
[2026-02-13 20:35:25.729] STATUS: Transcribing...
[2026-02-13 20:35:25.786] STATUS: Listening (Spanish)
[2026-02-13 20:35:28.630] STATUS: Transcribing...
[2026-02-13 20:35:28.683] STATUS: Listening (Spanish)
[2026-02-13 20:35:30.924] STATUS: Transcribing...
[2026-02-13 20:35:30.979] STATUS: Listening (Spanish)
[2026-02-13 20:35:36.516] STATUS: Transcribing...
[2026-02-13 20:35:36.568] STATUS: Listening (Spanish)
[2026-02-13 20:35:46.382] STATUS: Transcribing...
[2026-02-13 20:35:46.437] STATUS: Listening (Spanish)
[2026-02-13 20:35:51.472] STATUS: Transcribing...
[2026-02-13 20:35:51.531] STATUS: Listening (Spanish)
[2026-02-13 20:35:57.021] STATUS: Transcribing...
[2026-02-13 20:35:57.092] STATUS: Listening (Spanish)
[2026-02-13 20:36:02.075] STATUS: Transcribing...
[2026-02-13 20:36:02.140] STATUS: Listening (Spanish)
[2026-02-13 20:36:03.332] STATUS: App closing requested

--- Close Requested ---
  File "E:\OneDrive - zachthetech.com\Documents\GitHub\python-translation\main.py", line 6298, in <module>
  File "E:\OneDrive - zachthetech.com\Documents\GitHub\python-translation\main.py", line 474, in __init__
    self.root.mainloop()
  File "C:\Users\zachary.price\AppData\Local\Programs\Python\Python310\lib\tkinter\__init__.py", line 1458, in mainloop
    self.tk.mainloop(n)
  File "C:\Users\zachary.price\AppData\Local\Programs\Python\Python310\lib\tkinter\__init__.py", line 1921, in __call__
    return self.func(*args)
  File "E:\OneDrive - zachthetech.com\Documents\GitHub\python-translation\main.py", line 554, in on_closing
    f.write("".join(traceback.format_stack(limit=10)))
[2026-02-13 20:36:03.348] STATUS: Process exiting

--- Process Exit ---
  File "E:\OneDrive - zachthetech.com\Documents\GitHub\python-translation\main.py", line 617, in _log_process_exit
    f.write("".join(traceback.format_stack(limit=10)))
