[2026-02-05 15:59:05.794] STATUS: Listening...
[2026-02-05 15:59:13.939] STATUS: Translating...
[2026-02-05 15:59:14.077] STATUS: Apply clicked
[2026-02-05 15:59:16.129] STATUS: Capture suspend timed out
[2026-02-05 15:59:16.170] STATUS: Settings applied
[2026-02-05 15:59:16.172] STATUS: Apply finished
[2026-02-05 15:59:16.172] STATUS: Listening...
[2026-02-05 15:59:23.279] STATUS: Translating...
[2026-02-05 15:59:23.383] STATUS: Listening...
[2026-02-05 15:59:46.173] STATUS: No speech detected. Check mic level or device.
[2026-02-05 16:05:26.631] STATUS: Translating...
[2026-02-05 16:05:26.780] STATUS: Listening...
[2026-02-05 16:05:59.183] STATUS: Translating...
[2026-02-05 16:05:59.268] STATUS: Listening...
[2026-02-05 16:06:13.635] STATUS: Translating...
[2026-02-05 16:06:13.724] STATUS: Listening...
[2026-02-05 16:06:16.918] STATUS: Translating...
[2026-02-05 16:06:16.998] STATUS: Listening...
[2026-02-05 16:06:28.601] STATUS: Translating...
[2026-02-05 16:06:28.694] STATUS: Listening...
[2026-02-05 16:07:22.268] STATUS: Mic test: say something...
[2026-02-05 16:07:24.318] STATUS: Capture suspend timed out
[2026-02-05 16:07:28.945] STATUS: Mic test heard: This is a test.
[2026-02-05 16:07:29.289] STATUS: Translating...
[2026-02-05 16:07:29.370] STATUS: Listening...
[2026-02-05 16:11:00.540] STATUS: App closing requested

--- Close Requested ---
  File "E:\OneDrive - zachthetech.com\Documents\GitHub\python-translation\main.py", line 2831, in <module>
  File "E:\OneDrive - zachthetech.com\Documents\GitHub\python-translation\main.py", line 269, in __init__
    self.root.mainloop()
  File "C:\Users\zachary.price\AppData\Local\Programs\Python\Python310\lib\tkinter\__init__.py", line 1458, in mainloop
    self.tk.mainloop(n)
  File "C:\Users\zachary.price\AppData\Local\Programs\Python\Python310\lib\tkinter\__init__.py", line 1921, in __call__
    return self.func(*args)
  File "E:\OneDrive - zachthetech.com\Documents\GitHub\python-translation\main.py", line 355, in on_closing
    f.write("".join(traceback.format_stack(limit=10)))
[2026-02-05 16:11:00.544] STATUS: Process exiting

--- Process Exit ---
  File "E:\OneDrive - zachthetech.com\Documents\GitHub\python-translation\main.py", line 418, in _log_process_exit
    f.write("".join(traceback.format_stack(limit=10)))
