[2026-02-07 13:51:16.768] STATUS: Listening (English)
[2026-02-07 13:51:21.971] STATUS: Apply clicked
[2026-02-07 13:51:23.342] STATUS: Settings applied
[2026-02-07 13:51:23.344] STATUS: Apply finished
[2026-02-07 13:51:24.248] STATUS: Listening (English)
[2026-02-07 13:51:31.133] STATUS: Apply clicked
[2026-02-07 13:51:33.184] STATUS: Capture suspend timed out
[2026-02-07 13:51:33.272] STATUS: Settings applied
[2026-02-07 13:51:33.278] STATUS: Apply finished
[2026-02-07 13:51:35.289] STATUS: Listening (English)
[2026-02-07 13:51:46.768] STATUS: Apply clicked
[2026-02-07 13:51:48.819] STATUS: Capture suspend timed out
[2026-02-07 13:51:48.912] STATUS: Settings applied
[2026-02-07 13:51:48.923] STATUS: Apply finished
[2026-02-07 13:51:50.923] STATUS: Listening (English)
[2026-02-07 13:52:04.156] STATUS: Apply clicked
[2026-02-07 13:52:06.194] STATUS: Capture suspend timed out
[2026-02-07 13:52:06.266] STATUS: Settings applied
[2026-02-07 13:52:06.271] STATUS: Apply finished
[2026-02-07 13:52:08.284] STATUS: Listening (English)
[2026-02-07 13:52:14.244] STATUS: Transcribing...
[2026-02-07 13:52:14.261] STATUS: Listening (English)
[2026-02-07 13:52:18.769] STATUS: Transcribing...
[2026-02-07 13:52:18.785] STATUS: Listening (English)
[2026-02-07 13:59:26.513] STATUS: App closing requested

--- Close Requested ---
  File "E:\OneDrive - zachthetech.com\Documents\GitHub\python-translation\main.py", line 3689, in <module>
    app = TranslationApp()
  File "E:\OneDrive - zachthetech.com\Documents\GitHub\python-translation\main.py", line 329, in __init__
    self.root.mainloop()
  File "C:\Users\zachary.price\AppData\Local\Programs\Python\Python310\lib\tkinter\__init__.py", line 1458, in mainloop
    self.tk.mainloop(n)
  File "C:\Users\zachary.price\AppData\Local\Programs\Python\Python310\lib\tkinter\__init__.py", line 1921, in __call__
    return self.func(*args)
  File "E:\OneDrive - zachthetech.com\Documents\GitHub\python-translation\main.py", line 415, in on_closing
    f.write("".join(traceback.format_stack(limit=10)))
[2026-02-07 13:59:26.544] STATUS: Process exiting

--- Process Exit ---
  File "E:\OneDrive - zachthetech.com\Documents\GitHub\python-translation\main.py", line 478, in _log_process_exit
    f.write("".join(traceback.format_stack(limit=10)))
