[2026-02-13 19:13:54.316] STATUS: Listening (Spanish)
[2026-02-13 19:14:03.009] STATUS: Loading faster-whisper model (first run can take a few minutes)...
[2026-02-13 19:14:06.118] STATUS: Local model ready
[2026-02-13 19:14:07.080] STATUS: Translating...
[2026-02-13 19:14:07.624] STATUS: Listening (Spanish)
[2026-02-13 19:14:18.786] STATUS: Heard audio but could not recognize speech.
[2026-02-13 19:14:27.634] STATUS: Translating...
[2026-02-13 19:14:28.506] STATUS: Listening (Spanish)
[2026-02-13 19:14:29.022] STATUS: Translating...
[2026-02-13 19:14:30.268] STATUS: Listening (Spanish)
[2026-02-13 19:14:34.721] STATUS: Translating...
[2026-02-13 19:14:35.412] STATUS: Listening (Spanish)
[2026-02-13 19:14:39.049] STATUS: Translating...
[2026-02-13 19:14:39.927] STATUS: Listening (Spanish)
[2026-02-13 19:14:44.014] STATUS: Translating...
[2026-02-13 19:14:45.103] STATUS: Listening (Spanish)
[2026-02-13 19:14:48.008] STATUS: Translating...
[2026-02-13 19:14:48.628] STATUS: Listening (Spanish)
[2026-02-13 19:14:51.968] STATUS: Translating...
[2026-02-13 19:14:52.549] STATUS: Listening (Spanish)
[2026-02-13 19:14:57.848] STATUS: Translating...
[2026-02-13 19:14:58.472] STATUS: Listening (Spanish)
[2026-02-13 19:14:59.753] STATUS: Translating...
[2026-02-13 19:15:00.601] STATUS: Listening (Spanish)
[2026-02-13 19:15:02.314] STATUS: Translating...
[2026-02-13 19:15:02.854] STATUS: Listening (Spanish)
[2026-02-13 19:15:05.933] STATUS: Translating...
[2026-02-13 19:15:06.543] STATUS: Listening (Spanish)
[2026-02-13 19:15:12.154] STATUS: Translating...
[2026-02-13 19:15:13.081] STATUS: Listening (Spanish)
[2026-02-13 19:15:17.156] STATUS: Translating...
[2026-02-13 19:15:17.821] STATUS: Listening (Spanish)
[2026-02-13 19:15:24.248] STATUS: Translating...
[2026-02-13 19:15:25.775] STATUS: Listening (Spanish)
[2026-02-13 19:15:37.080] STATUS: Translating...
[2026-02-13 19:15:37.852] STATUS: Listening (Spanish)
[2026-02-13 19:15:42.500] STATUS: Translating...
[2026-02-13 19:15:43.475] STATUS: Listening (Spanish)
[2026-02-13 19:15:44.272] STATUS: Translating...
[2026-02-13 19:15:44.889] STATUS: Listening (Spanish)
[2026-02-13 19:15:49.574] STATUS: Translating...
[2026-02-13 19:15:50.210] STATUS: Listening (Spanish)
[2026-02-13 19:15:57.630] STATUS: Translating...
[2026-02-13 19:15:58.481] STATUS: Listening (Spanish)
[2026-02-13 19:16:02.793] STATUS: Translating...
[2026-02-13 19:16:03.473] STATUS: Listening (Spanish)
[2026-02-13 19:16:12.870] STATUS: Translating...
[2026-02-13 19:16:13.879] STATUS: Listening (Spanish)
[2026-02-13 19:16:18.908] STATUS: Translating...
[2026-02-13 19:16:19.467] STATUS: Listening (Spanish)
[2026-02-13 19:16:23.047] STATUS: App closing requested

--- Close Requested ---
  File "E:\OneDrive - zachthetech.com\Documents\GitHub\python-translation\main.py", line 6025, in <module>
    app = TranslationApp()
  File "E:\OneDrive - zachthetech.com\Documents\GitHub\python-translation\main.py", line 467, in __init__
    self.root.mainloop()
  File "C:\Users\zachary.price\AppData\Local\Programs\Python\Python310\lib\tkinter\__init__.py", line 1458, in mainloop
    self.tk.mainloop(n)
  File "C:\Users\zachary.price\AppData\Local\Programs\Python\Python310\lib\tkinter\__init__.py", line 1921, in __call__
    return self.func(*args)
  File "E:\OneDrive - zachthetech.com\Documents\GitHub\python-translation\main.py", line 547, in on_closing
    f.write("".join(traceback.format_stack(limit=10)))
[2026-02-13 19:16:23.064] STATUS: Process exiting

--- Process Exit ---
  File "E:\OneDrive - zachthetech.com\Documents\GitHub\python-translation\main.py", line 610, in _log_process_exit
    f.write("".join(traceback.format_stack(limit=10)))
