[2026-02-07 13:31:20.032] STATUS: Listening (English)
[2026-02-07 13:31:50.903] STATUS: Transcribing...
[2026-02-07 13:31:50.917] STATUS: Listening (English)
[2026-02-07 13:32:17.139] STATUS: Transcribing...
[2026-02-07 13:32:17.146] STATUS: Listening (English)
[2026-02-07 13:32:21.726] STATUS: Transcribing...
[2026-02-07 13:32:21.734] STATUS: Listening (English)
[2026-02-07 13:32:26.498] STATUS: Transcribing...
[2026-02-07 13:32:26.504] STATUS: Listening (English)
[2026-02-07 13:34:18.343] STATUS: Transcribing...
[2026-02-07 13:34:18.359] STATUS: Listening (English)
[2026-02-07 13:34:21.501] STATUS: Transcribing...
[2026-02-07 13:34:21.509] STATUS: Listening (English)
[2026-02-07 13:34:27.046] STATUS: Transcribing...
[2026-02-07 13:34:27.052] STATUS: Listening (English)
[2026-02-07 13:34:30.535] STATUS: Transcribing...
[2026-02-07 13:34:30.539] STATUS: Listening (English)
[2026-02-07 13:42:40.946] STATUS: Transcribing...
[2026-02-07 13:42:40.956] STATUS: Listening (English)
[2026-02-07 13:42:44.350] STATUS: Transcribing...
[2026-02-07 13:42:44.356] STATUS: Listening (English)
[2026-02-07 13:42:47.777] STATUS: Transcribing...
[2026-02-07 13:42:47.783] STATUS: Listening (English)
[2026-02-07 13:42:49.854] STATUS: Transcribing...
[2026-02-07 13:42:49.858] STATUS: Listening (English)
[2026-02-07 13:42:52.253] STATUS: Transcribing...
[2026-02-07 13:42:52.257] STATUS: Listening (English)
[2026-02-07 13:42:54.178] STATUS: Transcribing...
[2026-02-07 13:42:54.190] STATUS: Listening (English)
[2026-02-07 13:43:00.012] STATUS: Transcribing...
[2026-02-07 13:43:00.032] STATUS: Listening (English)
[2026-02-07 13:43:05.532] STATUS: Transcribing...
[2026-02-07 13:43:05.540] STATUS: Listening (English)
[2026-02-07 13:43:08.298] STATUS: Transcribing...
[2026-02-07 13:43:08.315] STATUS: Listening (English)
[2026-02-07 13:43:16.224] STATUS: Transcribing...
[2026-02-07 13:43:16.247] STATUS: Listening (English)
[2026-02-07 13:43:20.166] STATUS: Transcribing...
[2026-02-07 13:43:20.173] STATUS: Listening (English)
[2026-02-07 13:43:30.975] STATUS: No speech detected. Check mic level or device.
[2026-02-07 13:45:17.003] STATUS: Transcribing...
[2026-02-07 13:45:17.008] STATUS: Listening (English)
[2026-02-07 13:45:24.728] STATUS: App closing requested

--- Close Requested ---
  File "E:\OneDrive - zachthetech.com\Documents\GitHub\python-translation\main.py", line 3648, in <module>
    self.text_canvas.update_idletasks()
  File "E:\OneDrive - zachthetech.com\Documents\GitHub\python-translation\main.py", line 327, in __init__
    self.thread.start()
  File "C:\Users\zachary.price\AppData\Local\Programs\Python\Python310\lib\tkinter\__init__.py", line 1458, in mainloop
    self.tk.mainloop(n)
  File "C:\Users\zachary.price\AppData\Local\Programs\Python\Python310\lib\tkinter\__init__.py", line 1921, in __call__
    return self.func(*args)
  File "E:\OneDrive - zachthetech.com\Documents\GitHub\python-translation\main.py", line 413, in on_closing
    with open(self.error_log_path, "a", encoding="utf-8") as f:
[2026-02-07 13:45:24.739] STATUS: Process exiting

--- Process Exit ---
  File "E:\OneDrive - zachthetech.com\Documents\GitHub\python-translation\main.py", line 476, in _log_process_exit
    with open(self.error_log_path, "a", encoding="utf-8") as f:
