[2026-02-12 18:54:21.885] STATUS: Listening (English)
[2026-02-12 18:54:25.109] STATUS: Transcribing...
[2026-02-12 18:54:25.115] STATUS: Listening (English)
[2026-02-12 18:54:29.064] STATUS: Transcribing...
[2026-02-12 18:54:29.069] STATUS: Listening (English)
[2026-02-12 18:54:34.646] STATUS: Transcribing...
[2026-02-12 18:54:34.653] STATUS: Listening (English)
[2026-02-12 18:54:37.219] STATUS: Transcribing...
[2026-02-12 18:54:37.226] STATUS: Listening (English)
[2026-02-12 18:54:40.320] STATUS: Transcribing...
[2026-02-12 18:54:40.327] STATUS: Listening (English)
[2026-02-12 18:54:41.963] STATUS: Transcribing...
[2026-02-12 18:54:41.971] STATUS: Listening (English)
[2026-02-12 18:54:45.820] STATUS: Transcribing...
[2026-02-12 18:54:45.827] STATUS: Listening (English)
[2026-02-12 18:54:49.157] STATUS: Transcribing...
[2026-02-12 18:54:49.166] STATUS: Listening (English)
[2026-02-12 18:54:52.397] STATUS: Transcribing...
[2026-02-12 18:54:52.406] STATUS: Listening (English)
[2026-02-12 18:54:55.332] STATUS: Transcribing...
[2026-02-12 18:54:55.340] STATUS: Listening (English)
[2026-02-12 18:54:58.387] STATUS: Transcribing...
[2026-02-12 18:54:58.396] STATUS: Listening (English)
[2026-02-12 18:55:02.780] STATUS: Transcribing...
[2026-02-12 18:55:02.787] STATUS: Listening (English)
[2026-02-12 18:55:05.493] STATUS: Transcribing...
[2026-02-12 18:55:05.503] STATUS: Listening (English)
[2026-02-12 18:55:08.545] STATUS: Transcribing...
[2026-02-12 18:55:08.554] STATUS: Listening (English)
[2026-02-12 18:55:11.721] STATUS: Transcribing...
[2026-02-12 18:55:11.731] STATUS: Listening (English)
[2026-02-12 18:55:14.949] STATUS: Transcribing...
[2026-02-12 18:55:14.958] STATUS: Listening (English)
[2026-02-12 18:55:18.266] STATUS: Transcribing...
[2026-02-12 18:55:18.275] STATUS: Listening (English)
[2026-02-12 18:55:21.373] STATUS: Transcribing...
[2026-02-12 18:55:21.382] STATUS: Listening (English)
[2026-02-12 18:55:26.016] STATUS: Transcribing...
[2026-02-12 18:55:26.025] STATUS: Listening (English)
[2026-02-12 18:55:27.866] STATUS: Transcribing...
[2026-02-12 18:55:27.876] STATUS: Listening (English)
[2026-02-12 18:55:31.279] STATUS: Transcribing...
[2026-02-12 18:55:31.288] STATUS: Listening (English)
[2026-02-12 18:55:34.483] STATUS: Transcribing...
[2026-02-12 18:55:34.492] STATUS: Listening (English)
[2026-02-12 18:55:37.873] STATUS: Transcribing...
[2026-02-12 18:55:37.884] STATUS: Listening (English)
[2026-02-12 18:55:38.960] STATUS: Transcribing...
[2026-02-12 18:55:38.971] STATUS: Listening (English)
[2026-02-12 18:55:42.591] STATUS: Transcribing...
[2026-02-12 18:55:42.602] STATUS: Listening (English)
[2026-02-12 18:55:45.815] STATUS: Transcribing...
[2026-02-12 18:55:45.825] STATUS: Listening (English)
[2026-02-12 18:55:48.958] STATUS: Transcribing...
[2026-02-12 18:55:48.967] STATUS: Listening (English)
[2026-02-12 18:55:51.372] STATUS: Transcribing...
[2026-02-12 18:55:51.384] STATUS: Listening (English)
[2026-02-12 18:55:54.722] STATUS: Transcribing...
[2026-02-12 18:55:54.733] STATUS: Listening (English)
[2026-02-12 18:55:57.974] STATUS: Transcribing...
[2026-02-12 18:55:57.987] STATUS: Listening (English)
[2026-02-12 18:56:03.296] STATUS: Transcribing...
[2026-02-12 18:56:03.307] STATUS: Listening (English)
[2026-02-12 18:56:07.471] STATUS: Transcribing...
[2026-02-12 18:56:07.482] STATUS: Listening (English)
[2026-02-12 18:56:11.369] STATUS: Transcribing...
[2026-02-12 18:56:11.382] STATUS: Listening (English)
[2026-02-12 18:56:12.658] STATUS: Transcribing...
[2026-02-12 18:56:12.671] STATUS: Listening (English)
[2026-02-12 18:56:14.480] STATUS: Transcribing...
[2026-02-12 18:56:14.492] STATUS: Listening (English)
[2026-02-12 18:56:17.558] STATUS: Transcribing...
[2026-02-12 18:56:17.570] STATUS: Listening (English)
[2026-02-12 18:56:20.088] STATUS: Transcribing...
[2026-02-12 18:56:20.101] STATUS: Listening (English)
[2026-02-12 18:56:23.468] STATUS: Transcribing...
[2026-02-12 18:56:23.482] STATUS: Listening (English)
[2026-02-12 18:56:26.732] STATUS: Transcribing...
[2026-02-12 18:56:26.744] STATUS: Listening (English)
[2026-02-12 18:56:29.996] STATUS: Transcribing...
[2026-02-12 18:56:30.009] STATUS: Listening (English)
[2026-02-12 18:56:31.642] STATUS: Transcribing...
[2026-02-12 18:56:31.655] STATUS: Listening (English)
[2026-02-12 18:56:34.157] STATUS: Transcribing...
[2026-02-12 18:56:34.172] STATUS: Listening (English)
[2026-02-12 18:56:37.876] STATUS: Transcribing...
[2026-02-12 18:56:37.892] STATUS: Listening (English)
[2026-02-12 18:56:40.743] STATUS: Transcribing...
[2026-02-12 18:56:40.757] STATUS: Listening (English)
[2026-02-12 18:56:43.783] STATUS: Transcribing...
[2026-02-12 18:56:43.797] STATUS: Listening (English)
[2026-02-12 18:56:45.473] STATUS: Transcribing...
[2026-02-12 18:56:45.487] STATUS: Listening (English)
[2026-02-12 18:56:49.092] STATUS: Transcribing...
[2026-02-12 18:56:49.106] STATUS: Listening (English)
[2026-02-12 18:56:50.909] STATUS: Transcribing...
[2026-02-12 18:56:50.922] STATUS: Listening (English)
[2026-02-12 18:56:54.061] STATUS: Transcribing...
[2026-02-12 18:56:54.077] STATUS: Listening (English)
[2026-02-12 18:56:55.795] STATUS: Transcribing...
[2026-02-12 18:56:55.809] STATUS: Listening (English)
[2026-02-12 18:56:58.872] STATUS: Transcribing...
[2026-02-12 18:56:58.887] STATUS: Listening (English)
[2026-02-12 18:57:02.649] STATUS: Transcribing...
[2026-02-12 18:57:02.664] STATUS: Listening (English)
[2026-02-12 18:57:05.468] STATUS: Transcribing...
[2026-02-12 18:57:05.484] STATUS: Listening (English)
[2026-02-12 18:57:08.451] STATUS: Transcribing...
[2026-02-12 18:57:08.466] STATUS: Listening (English)
[2026-02-12 18:57:12.134] STATUS: Transcribing...
[2026-02-12 18:57:12.152] STATUS: Listening (English)
[2026-02-12 18:57:14.977] STATUS: Transcribing...
[2026-02-12 18:57:14.993] STATUS: Listening (English)
[2026-02-12 18:57:19.445] STATUS: Transcribing...
[2026-02-12 18:57:19.460] STATUS: Listening (English)
[2026-02-12 18:57:21.555] STATUS: Transcribing...
[2026-02-12 18:57:21.571] STATUS: Listening (English)
[2026-02-12 18:57:24.929] STATUS: Transcribing...
[2026-02-12 18:57:24.947] STATUS: Listening (English)
[2026-02-12 18:57:27.011] STATUS: Transcribing...
[2026-02-12 18:57:27.027] STATUS: Listening (English)
[2026-02-12 18:57:30.197] STATUS: Transcribing...
[2026-02-12 18:57:30.217] STATUS: Listening (English)
[2026-02-12 18:57:34.629] STATUS: Transcribing...
[2026-02-12 18:57:34.645] STATUS: Listening (English)
[2026-02-12 18:57:36.901] STATUS: Transcribing...
[2026-02-12 18:57:36.922] STATUS: Listening (English)
[2026-02-12 18:57:42.217] STATUS: Transcribing...
[2026-02-12 18:57:42.240] STATUS: Listening (English)
[2026-02-12 18:57:44.624] STATUS: Transcribing...
[2026-02-12 18:57:44.643] STATUS: Listening (English)
[2026-02-12 18:57:48.012] STATUS: Transcribing...
[2026-02-12 18:57:48.032] STATUS: Listening (English)
[2026-02-12 18:57:50.565] STATUS: Transcribing...
[2026-02-12 18:57:50.584] STATUS: Listening (English)
[2026-02-12 18:57:51.857] STATUS: Transcribing...
[2026-02-12 18:57:51.873] STATUS: Listening (English)
[2026-02-12 18:57:55.495] STATUS: Transcribing...
[2026-02-12 18:57:55.513] STATUS: Listening (English)
[2026-02-12 18:57:59.686] STATUS: Transcribing...
[2026-02-12 18:57:59.704] STATUS: Listening (English)
[2026-02-12 18:58:05.402] STATUS: Transcribing...
[2026-02-12 18:58:05.419] STATUS: Listening (English)
[2026-02-12 18:58:07.722] STATUS: Transcribing...
[2026-02-12 18:58:07.741] STATUS: Listening (English)
[2026-02-12 18:58:11.709] STATUS: Transcribing...
[2026-02-12 18:58:11.727] STATUS: Listening (English)
[2026-02-12 18:58:15.046] STATUS: Transcribing...
[2026-02-12 18:58:15.066] STATUS: Listening (English)
[2026-02-12 18:58:18.092] STATUS: Transcribing...
[2026-02-12 18:58:18.111] STATUS: Listening (English)
[2026-02-12 18:58:21.184] STATUS: Transcribing...
[2026-02-12 18:58:21.202] STATUS: Listening (English)
[2026-02-12 18:58:24.165] STATUS: Transcribing...
[2026-02-12 18:58:24.184] STATUS: Listening (English)
[2026-02-12 18:58:26.990] STATUS: Transcribing...
[2026-02-12 18:58:27.009] STATUS: Listening (English)
[2026-02-12 18:58:30.097] STATUS: Transcribing...
[2026-02-12 18:58:30.116] STATUS: Listening (English)
[2026-02-12 18:58:33.258] STATUS: Transcribing...
[2026-02-12 18:58:33.277] STATUS: Listening (English)
[2026-02-12 18:58:36.582] STATUS: Transcribing...
[2026-02-12 18:58:36.601] STATUS: Listening (English)
[2026-02-12 18:58:40.127] STATUS: Transcribing...
[2026-02-12 18:58:40.149] STATUS: Listening (English)
[2026-02-12 18:58:42.264] STATUS: Transcribing...
[2026-02-12 18:58:42.285] STATUS: Listening (English)
[2026-02-12 18:58:45.221] STATUS: Transcribing...
[2026-02-12 18:58:45.240] STATUS: Listening (English)
[2026-02-12 18:58:47.340] STATUS: Transcribing...
[2026-02-12 18:58:47.364] STATUS: Listening (English)
[2026-02-12 18:58:51.199] STATUS: Transcribing...
[2026-02-12 18:58:51.219] STATUS: Listening (English)
[2026-02-12 18:58:53.439] STATUS: Transcribing...
[2026-02-12 18:58:53.461] STATUS: Listening (English)
[2026-02-12 18:58:56.986] STATUS: Transcribing...
[2026-02-12 18:58:57.007] STATUS: Listening (English)
[2026-02-12 18:58:59.703] STATUS: Transcribing...
[2026-02-12 18:58:59.723] STATUS: Listening (English)
[2026-02-12 18:59:02.635] STATUS: Transcribing...
[2026-02-12 18:59:02.656] STATUS: Listening (English)
[2026-02-12 18:59:06.626] STATUS: Transcribing...
[2026-02-12 18:59:06.648] STATUS: Listening (English)
[2026-02-12 18:59:08.823] STATUS: Transcribing...
[2026-02-12 18:59:08.844] STATUS: Listening (English)
[2026-02-12 18:59:12.043] STATUS: Transcribing...
[2026-02-12 18:59:12.064] STATUS: Listening (English)
[2026-02-12 18:59:15.686] STATUS: Transcribing...
[2026-02-12 18:59:15.708] STATUS: Listening (English)
[2026-02-12 18:59:17.274] STATUS: Transcribing...
[2026-02-12 18:59:17.295] STATUS: Listening (English)
[2026-02-12 18:59:20.062] STATUS: Transcribing...
[2026-02-12 18:59:20.082] STATUS: Listening (English)
[2026-02-12 18:59:23.724] STATUS: Transcribing...
[2026-02-12 18:59:23.746] STATUS: Listening (English)
[2026-02-12 18:59:26.662] STATUS: Transcribing...
[2026-02-12 18:59:26.684] STATUS: Listening (English)
[2026-02-12 18:59:30.193] STATUS: Transcribing...
[2026-02-12 18:59:30.214] STATUS: Listening (English)
[2026-02-12 18:59:33.832] STATUS: Transcribing...
[2026-02-12 18:59:33.856] STATUS: Listening (English)
[2026-02-12 18:59:36.455] STATUS: Transcribing...
[2026-02-12 18:59:36.476] STATUS: Listening (English)
[2026-02-12 18:59:40.378] STATUS: Transcribing...
[2026-02-12 18:59:40.401] STATUS: Listening (English)
[2026-02-12 18:59:43.542] STATUS: Transcribing...
[2026-02-12 18:59:43.564] STATUS: Listening (English)
[2026-02-12 18:59:46.742] STATUS: Transcribing...
[2026-02-12 18:59:46.764] STATUS: Listening (English)
[2026-02-12 18:59:51.580] STATUS: Transcribing...
[2026-02-12 18:59:51.602] STATUS: Listening (English)
[2026-02-12 18:59:54.668] STATUS: Transcribing...
[2026-02-12 18:59:54.690] STATUS: Listening (English)
[2026-02-12 18:59:57.762] STATUS: Transcribing...
[2026-02-12 18:59:57.811] STATUS: Listening (English)
[2026-02-12 18:59:58.922] STATUS: Transcribing...
[2026-02-12 18:59:58.996] STATUS: Listening (English)
[2026-02-12 19:00:02.076] STATUS: Transcribing...
[2026-02-12 19:00:02.100] STATUS: Listening (English)
[2026-02-12 19:00:04.550] STATUS: Transcribing...
[2026-02-12 19:00:04.577] STATUS: Listening (English)
[2026-02-12 19:00:08.146] STATUS: Transcribing...
[2026-02-12 19:00:08.178] STATUS: Listening (English)
[2026-02-12 19:00:12.179] STATUS: Transcribing...
[2026-02-12 19:00:12.204] STATUS: Listening (English)
[2026-02-12 19:00:15.044] STATUS: Transcribing...
[2026-02-12 19:00:15.069] STATUS: Listening (English)
[2026-02-12 19:00:18.149] STATUS: Transcribing...
[2026-02-12 19:00:18.174] STATUS: Listening (English)
[2026-02-12 19:00:20.328] STATUS: Transcribing...
[2026-02-12 19:00:20.358] STATUS: Listening (English)
[2026-02-12 19:00:23.580] STATUS: Transcribing...
[2026-02-12 19:00:23.605] STATUS: Listening (English)
[2026-02-12 19:00:26.562] STATUS: Transcribing...
[2026-02-12 19:00:26.587] STATUS: Listening (English)
[2026-02-12 19:00:29.358] STATUS: Transcribing...
[2026-02-12 19:00:29.385] STATUS: Listening (English)
[2026-02-12 19:00:32.657] STATUS: Transcribing...
[2026-02-12 19:00:32.683] STATUS: Listening (English)
[2026-02-12 19:00:35.629] STATUS: Transcribing...
[2026-02-12 19:00:35.653] STATUS: Listening (English)
[2026-02-12 19:00:39.779] STATUS: Transcribing...
[2026-02-12 19:00:39.804] STATUS: Listening (English)
[2026-02-12 19:00:43.015] STATUS: Transcribing...
[2026-02-12 19:00:43.045] STATUS: Listening (English)
[2026-02-12 19:00:45.950] STATUS: Transcribing...
[2026-02-12 19:00:45.978] STATUS: Listening (English)
[2026-02-12 19:00:50.242] STATUS: Transcribing...
[2026-02-12 19:00:50.273] STATUS: Listening (English)
[2026-02-12 19:00:53.112] STATUS: Transcribing...
[2026-02-12 19:00:53.140] STATUS: Listening (English)
[2026-02-12 19:00:55.172] STATUS: Transcribing...
[2026-02-12 19:00:55.201] STATUS: Listening (English)
[2026-02-12 19:00:58.769] STATUS: Transcribing...
[2026-02-12 19:00:58.794] STATUS: Listening (English)
[2026-02-12 19:01:01.802] STATUS: Transcribing...
[2026-02-12 19:01:01.828] STATUS: Listening (English)
[2026-02-12 19:01:04.626] STATUS: Transcribing...
[2026-02-12 19:01:04.652] STATUS: Listening (English)
[2026-02-12 19:01:08.180] STATUS: Transcribing...
[2026-02-12 19:01:08.208] STATUS: Listening (English)
[2026-02-12 19:01:11.415] STATUS: Transcribing...
[2026-02-12 19:01:11.442] STATUS: Listening (English)
[2026-02-12 19:01:14.300] STATUS: Transcribing...
[2026-02-12 19:01:14.327] STATUS: Listening (English)
[2026-02-12 19:01:18.340] STATUS: Transcribing...
[2026-02-12 19:01:18.368] STATUS: Listening (English)
[2026-02-12 19:01:20.517] STATUS: Transcribing...
[2026-02-12 19:01:20.545] STATUS: Listening (English)
[2026-02-12 19:01:23.586] STATUS: Transcribing...
[2026-02-12 19:01:23.615] STATUS: Listening (English)
[2026-02-12 19:01:26.603] STATUS: Transcribing...
[2026-02-12 19:01:26.632] STATUS: Listening (English)
[2026-02-12 19:01:29.745] STATUS: Transcribing...
[2026-02-12 19:01:29.773] STATUS: Listening (English)
[2026-02-12 19:01:33.400] STATUS: Transcribing...
[2026-02-12 19:01:33.439] STATUS: Listening (English)
[2026-02-12 19:01:38.161] STATUS: Transcribing...
[2026-02-12 19:01:38.189] STATUS: Listening (English)
[2026-02-12 19:01:40.926] STATUS: Transcribing...
[2026-02-12 19:01:40.956] STATUS: Listening (English)
[2026-02-12 19:01:44.175] STATUS: Transcribing...
[2026-02-12 19:01:44.203] STATUS: Listening (English)
[2026-02-12 19:01:47.646] STATUS: Transcribing...
[2026-02-12 19:01:47.675] STATUS: Listening (English)
[2026-02-12 19:01:50.279] STATUS: Transcribing...
[2026-02-12 19:01:50.307] STATUS: Listening (English)
[2026-02-12 19:01:52.666] STATUS: App closing requested

--- Close Requested ---
  File "E:\OneDrive - zachthetech.com\Documents\GitHub\python-translation\main.py", line 4995, in <module>
    app = TranslationApp()
  File "E:\OneDrive - zachthetech.com\Documents\GitHub\python-translation\main.py", line 374, in __init__
    self.root.mainloop()
  File "C:\Users\zachary.price\AppData\Local\Programs\Python\Python310\lib\tkinter\__init__.py", line 1458, in mainloop
    self.tk.mainloop(n)
  File "C:\Users\zachary.price\AppData\Local\Programs\Python\Python310\lib\tkinter\__init__.py", line 1921, in __call__
    return self.func(*args)
  File "E:\OneDrive - zachthetech.com\Documents\GitHub\python-translation\main.py", line 460, in on_closing
    f.write("".join(traceback.format_stack(limit=10)))
[2026-02-12 19:01:52.674] STATUS: Process exiting

--- Process Exit ---
  File "E:\OneDrive - zachthetech.com\Documents\GitHub\python-translation\main.py", line 523, in _log_process_exit
    f.write("".join(traceback.format_stack(limit=10)))
