[2026-02-12 21:27:36.870] STATUS: Listening (Spanish)
[2026-02-12 21:27:42.546] STATUS: Translating...
[2026-02-12 21:27:43.063] STATUS: Listening (Spanish)
[2026-02-12 21:27:44.864] STATUS: Apply clicked
[2026-02-12 21:27:45.982] STATUS: Settings applied
[2026-02-12 21:27:45.984] STATUS: Apply finished
[2026-02-12 21:27:46.624] STATUS: Listening (Spanish)
[2026-02-12 21:27:51.983] STATUS: Translating...
[2026-02-12 21:27:52.799] STATUS: Listening (Spanish)
[2026-02-12 21:28:14.665] STATUS: Translating...
[2026-02-12 21:28:15.241] STATUS: Listening (Spanish)
[2026-02-12 21:28:16.856] STATUS: Translating...
[2026-02-12 21:28:17.439] STATUS: Listening (Spanish)
[2026-02-12 21:28:54.956] STATUS: Translating...
[2026-02-12 21:28:55.506] STATUS: Listening (Spanish)
[2026-02-12 21:29:06.735] STATUS: Translating...
[2026-02-12 21:29:07.413] STATUS: Listening (Spanish)
[2026-02-12 21:30:48.855] STATUS: No speech detected. Check mic level or device.
[2026-02-12 21:31:50.279] STATUS: Translating...
[2026-02-12 21:31:51.535] STATUS: Listening (Spanish)
[2026-02-12 21:31:54.505] STATUS: No speech detected. Check mic level or device.
[2026-02-12 21:32:15.005] STATUS: App closing requested

--- Close Requested ---
  File "E:\OneDrive - zachthetech.com\Documents\GitHub\python-translation\main.py", line 5070, in <module>
    app = TranslationApp()
  File "E:\OneDrive - zachthetech.com\Documents\GitHub\python-translation\main.py", line 375, in __init__
    self.root.mainloop()
  File "C:\Users\zachary.price\AppData\Local\Programs\Python\Python310\lib\tkinter\__init__.py", line 1458, in mainloop
    self.tk.mainloop(n)
  File "C:\Users\zachary.price\AppData\Local\Programs\Python\Python310\lib\tkinter\__init__.py", line 1921, in __call__
    return self.func(*args)
  File "E:\OneDrive - zachthetech.com\Documents\GitHub\python-translation\main.py", line 461, in on_closing
    f.write("".join(traceback.format_stack(limit=10)))
[2026-02-12 21:32:15.014] STATUS: Process exiting

--- Process Exit ---
  File "E:\OneDrive - zachthetech.com\Documents\GitHub\python-translation\main.py", line 524, in _log_process_exit
    f.write("".join(traceback.format_stack(limit=10)))
