[2026-02-12 21:55:20.950] STATUS: Listening (Spanish)
[2026-02-12 21:55:53.380] STATUS: Translating...
[2026-02-12 21:55:53.928] STATUS: Listening (Spanish)
[2026-02-12 21:56:12.856] STATUS: Translating...
[2026-02-12 21:56:13.536] STATUS: Listening (Spanish)
[2026-02-12 21:56:16.147] STATUS: Translating...
[2026-02-12 21:56:17.025] STATUS: Listening (Spanish)
[2026-02-12 21:56:27.375] STATUS: Translating...
[2026-02-12 21:56:28.063] STATUS: Listening (Spanish)
[2026-02-12 21:56:30.841] STATUS: Translating...
[2026-02-12 21:56:31.328] STATUS: Listening (Spanish)
[2026-02-12 21:56:33.670] STATUS: Translating...
[2026-02-12 21:56:34.128] STATUS: Listening (Spanish)
[2026-02-12 21:56:35.169] STATUS: Translating...
[2026-02-12 21:56:35.908] STATUS: Listening (Spanish)
[2026-02-12 21:56:39.031] STATUS: Translating...
[2026-02-12 21:56:39.716] STATUS: Listening (Spanish)
[2026-02-12 21:56:41.347] STATUS: Translating...
[2026-02-12 21:56:42.013] STATUS: Listening (Spanish)
[2026-02-12 21:56:45.823] STATUS: Translating...
[2026-02-12 21:56:46.559] STATUS: Listening (Spanish)
[2026-02-12 21:56:56.038] STATUS: App closing requested

--- Close Requested ---
  File "E:\OneDrive - zachthetech.com\Documents\GitHub\python-translation\main.py", line 5239, in <module>
    app = TranslationApp()
  File "E:\OneDrive - zachthetech.com\Documents\GitHub\python-translation\main.py", line 379, in __init__
    self.root.mainloop()
  File "C:\Users\zachary.price\AppData\Local\Programs\Python\Python310\lib\tkinter\__init__.py", line 1458, in mainloop
    self.tk.mainloop(n)
  File "C:\Users\zachary.price\AppData\Local\Programs\Python\Python310\lib\tkinter\__init__.py", line 1921, in __call__
    return self.func(*args)
  File "E:\OneDrive - zachthetech.com\Documents\GitHub\python-translation\main.py", line 465, in on_closing
    f.write("".join(traceback.format_stack(limit=10)))
[2026-02-12 21:56:56.047] STATUS: Process exiting

--- Process Exit ---
  File "E:\OneDrive - zachthetech.com\Documents\GitHub\python-translation\main.py", line 528, in _log_process_exit
    f.write("".join(traceback.format_stack(limit=10)))
