[2026-02-13 18:26:24.207] STATUS: Listening (English)
[2026-02-13 18:26:30.153] STATUS: Transcribing...
[2026-02-13 18:26:30.164] STATUS: Listening (English)
[2026-02-13 18:26:31.829] STATUS: Apply clicked
[2026-02-13 18:26:34.511] STATUS: Settings applied
[2026-02-13 18:26:34.513] STATUS: Apply finished
[2026-02-13 18:26:35.002] STATUS: Listening (English)
[2026-02-13 18:26:35.010] STATUS: Loading faster-whisper model (first run can take a few minutes)...
[2026-02-13 18:26:36.516] STATUS: Listening (English)
[2026-02-13 18:26:38.467] STATUS: Local model ready
[2026-02-13 18:26:39.977] STATUS: Listening (English)
[2026-02-13 18:26:40.311] STATUS: Transcribing...
[2026-02-13 18:26:40.329] STATUS: Listening (English)
[2026-02-13 18:26:40.846] STATUS: Transcribing...
[2026-02-13 18:26:40.861] STATUS: Listening (English)
[2026-02-13 18:26:42.477] STATUS: Transcribing...
[2026-02-13 18:26:42.523] STATUS: Listening (English)
[2026-02-13 18:26:48.058] STATUS: Transcribing...
[2026-02-13 18:26:48.069] STATUS: Listening (English)
[2026-02-13 18:26:52.934] STATUS: Transcribing...
[2026-02-13 18:26:52.951] STATUS: Listening (English)
[2026-02-13 18:26:58.222] STATUS: Transcribing...
[2026-02-13 18:26:58.245] STATUS: Listening (English)
[2026-02-13 18:27:03.114] STATUS: Transcribing...
[2026-02-13 18:27:03.127] STATUS: Listening (English)
[2026-02-13 18:27:06.664] STATUS: Transcribing...
[2026-02-13 18:27:06.681] STATUS: Listening (English)
[2026-02-13 18:27:11.799] STATUS: Transcribing...
[2026-02-13 18:27:11.819] STATUS: Listening (English)
[2026-02-13 18:27:17.863] STATUS: Transcribing...
[2026-02-13 18:27:17.887] STATUS: Listening (English)
[2026-02-13 18:27:22.381] STATUS: Transcribing...
[2026-02-13 18:27:22.468] STATUS: Listening (English)
[2026-02-13 18:27:25.957] STATUS: Transcribing...
[2026-02-13 18:27:26.035] STATUS: Listening (English)
[2026-02-13 18:27:27.851] STATUS: Transcribing...
[2026-02-13 18:27:27.868] STATUS: Listening (English)
[2026-02-13 18:27:33.659] STATUS: Transcribing...
[2026-02-13 18:27:33.679] STATUS: Listening (English)
[2026-02-13 18:27:39.519] STATUS: Transcribing...
[2026-02-13 18:27:39.541] STATUS: Listening (English)
[2026-02-13 18:27:44.823] STATUS: Transcribing...
[2026-02-13 18:27:44.847] STATUS: Listening (English)
[2026-02-13 18:27:50.766] STATUS: Transcribing...
[2026-02-13 18:27:50.783] STATUS: Listening (English)
[2026-02-13 18:27:55.784] STATUS: Transcribing...
[2026-02-13 18:27:55.808] STATUS: Listening (English)
[2026-02-13 18:28:01.515] STATUS: Transcribing...
[2026-02-13 18:28:01.544] STATUS: Listening (English)
[2026-02-13 18:28:06.225] STATUS: Transcribing...
[2026-02-13 18:28:06.250] STATUS: Listening (English)
[2026-02-13 18:28:08.418] STATUS: Transcribing...
[2026-02-13 18:28:08.447] STATUS: Listening (English)
[2026-02-13 18:28:13.995] STATUS: Transcribing...
[2026-02-13 18:28:14.019] STATUS: Listening (English)
[2026-02-13 18:28:16.082] STATUS: Apply clicked
[2026-02-13 18:28:18.183] STATUS: Settings applied
[2026-02-13 18:28:18.186] STATUS: Apply finished
[2026-02-13 18:28:18.593] STATUS: Listening (Spanish)
[2026-02-13 18:28:18.960] STATUS: Translating...
[2026-02-13 18:28:20.191] STATUS: Listening (Spanish)
[2026-02-13 18:28:27.408] STATUS: Translating...
[2026-02-13 18:28:28.841] STATUS: Listening (Spanish)
[2026-02-13 18:28:31.651] STATUS: Translating...
[2026-02-13 18:28:32.981] STATUS: Listening (Spanish)
[2026-02-13 18:28:34.099] STATUS: Translating...
[2026-02-13 18:28:35.510] STATUS: Listening (Spanish)
[2026-02-13 18:28:37.403] STATUS: Translating...
[2026-02-13 18:28:38.761] STATUS: Listening (Spanish)
[2026-02-13 18:28:38.893] STATUS: Translating...
[2026-02-13 18:28:40.353] STATUS: Listening (Spanish)
[2026-02-13 18:28:48.477] STATUS: Translating...
[2026-02-13 18:28:50.269] STATUS: Listening (Spanish)
[2026-02-13 18:28:51.455] STATUS: Translating...
[2026-02-13 18:28:52.573] STATUS: Listening (Spanish)
[2026-02-13 18:28:55.043] STATUS: Translating...
[2026-02-13 18:28:55.649] STATUS: Listening (Spanish)
[2026-02-13 18:29:00.505] STATUS: Translating...
[2026-02-13 18:29:01.039] STATUS: Listening (Spanish)
[2026-02-13 18:29:02.133] STATUS: Translating...
[2026-02-13 18:29:02.833] STATUS: Listening (Spanish)
[2026-02-13 18:29:07.584] STATUS: Translating...
[2026-02-13 18:29:08.390] STATUS: Listening (Spanish)
[2026-02-13 18:29:11.795] STATUS: Translating...
[2026-02-13 18:29:13.378] STATUS: Listening (Spanish)
[2026-02-13 18:29:16.270] STATUS: Translating...
[2026-02-13 18:29:17.416] STATUS: Listening (Spanish)
[2026-02-13 18:29:18.989] STATUS: Translating...
[2026-02-13 18:29:19.602] STATUS: Listening (Spanish)
[2026-02-13 18:29:32.026] STATUS: Heard audio but could not recognize speech.
[2026-02-13 18:29:41.544] STATUS: Translating...
[2026-02-13 18:29:42.407] STATUS: Listening (Spanish)
[2026-02-13 18:29:44.175] STATUS: Translating...
[2026-02-13 18:29:45.462] STATUS: Listening (Spanish)
[2026-02-13 18:29:50.513] STATUS: Translating...
[2026-02-13 18:29:51.080] STATUS: Listening (Spanish)
[2026-02-13 18:29:53.418] STATUS: Translating...
[2026-02-13 18:29:53.941] STATUS: Listening (Spanish)
[2026-02-13 18:29:55.762] STATUS: Translating...
[2026-02-13 18:29:56.286] STATUS: Listening (Spanish)
[2026-02-13 18:30:01.769] STATUS: Translating...
[2026-02-13 18:30:02.983] STATUS: Listening (Spanish)
[2026-02-13 18:30:03.496] STATUS: Translating...
[2026-02-13 18:30:04.146] STATUS: Listening (Spanish)
[2026-02-13 18:30:07.408] STATUS: Translating...
[2026-02-13 18:30:08.087] STATUS: Listening (Spanish)
[2026-02-13 18:30:12.612] STATUS: Translating...
[2026-02-13 18:30:13.420] STATUS: Listening (Spanish)
[2026-02-13 18:30:16.417] STATUS: Translating...
[2026-02-13 18:30:17.111] STATUS: Listening (Spanish)
[2026-02-13 18:30:25.128] STATUS: Translating...
[2026-02-13 18:30:25.833] STATUS: Listening (Spanish)
[2026-02-13 18:30:36.509] STATUS: Translating...
[2026-02-13 18:30:37.229] STATUS: Listening (Spanish)
[2026-02-13 18:30:38.201] STATUS: Translating...
[2026-02-13 18:30:38.944] STATUS: Listening (Spanish)
[2026-02-13 18:30:44.397] STATUS: Translating...
[2026-02-13 18:30:44.991] STATUS: Listening (Spanish)
[2026-02-13 18:30:47.120] STATUS: Translating...
[2026-02-13 18:30:47.736] STATUS: Listening (Spanish)
[2026-02-13 18:30:51.222] STATUS: Translating...
[2026-02-13 18:30:51.804] STATUS: Listening (Spanish)
[2026-02-13 18:30:56.475] STATUS: Translating...
[2026-02-13 18:30:57.201] STATUS: Listening (Spanish)
[2026-02-13 18:30:58.334] STATUS: Translating...
[2026-02-13 18:30:58.901] STATUS: Listening (Spanish)
[2026-02-13 18:31:02.992] STATUS: Translating...
[2026-02-13 18:31:03.696] STATUS: Listening (Spanish)
[2026-02-13 18:31:07.777] STATUS: Translating...
[2026-02-13 18:31:08.434] STATUS: Listening (Spanish)
[2026-02-13 18:31:13.761] STATUS: Translating...
[2026-02-13 18:31:14.414] STATUS: Listening (Spanish)
[2026-02-13 18:31:16.689] STATUS: Translating...
[2026-02-13 18:31:17.389] STATUS: Listening (Spanish)
[2026-02-13 18:31:21.450] STATUS: Translating...
[2026-02-13 18:31:22.047] STATUS: Listening (Spanish)
[2026-02-13 18:31:23.392] STATUS: Translating...
[2026-02-13 18:31:24.065] STATUS: Listening (Spanish)
[2026-02-13 18:31:25.832] STATUS: Translating...
[2026-02-13 18:31:26.468] STATUS: Listening (Spanish)
[2026-02-13 18:31:31.719] STATUS: Translating...
[2026-02-13 18:31:32.613] STATUS: Listening (Spanish)
[2026-02-13 18:31:37.277] STATUS: Translating...
[2026-02-13 18:31:38.122] STATUS: Listening (Spanish)
[2026-02-13 18:31:40.067] STATUS: Translating...
[2026-02-13 18:31:40.837] STATUS: Listening (Spanish)
[2026-02-13 18:31:43.271] STATUS: Translating...
[2026-02-13 18:31:43.884] STATUS: Listening (Spanish)
[2026-02-13 18:31:45.652] STATUS: Translating...
[2026-02-13 18:31:46.233] STATUS: Listening (Spanish)
[2026-02-13 18:31:47.770] STATUS: Translating...
[2026-02-13 18:31:48.232] STATUS: Listening (Spanish)
[2026-02-13 18:31:50.536] STATUS: Translating...
[2026-02-13 18:31:51.361] STATUS: Listening (Spanish)
[2026-02-13 18:31:55.350] STATUS: Translating...
[2026-02-13 18:31:55.986] STATUS: Listening (Spanish)
[2026-02-13 18:31:58.730] STATUS: Translating...
[2026-02-13 18:31:59.394] STATUS: Listening (Spanish)
[2026-02-13 18:32:03.753] STATUS: Translating...
[2026-02-13 18:32:04.498] STATUS: Listening (Spanish)
[2026-02-13 18:32:08.293] STATUS: Translating...
[2026-02-13 18:32:09.345] STATUS: Listening (Spanish)
[2026-02-13 18:32:12.658] STATUS: Translating...
[2026-02-13 18:32:13.314] STATUS: Listening (Spanish)
[2026-02-13 18:32:15.263] STATUS: Translating...
[2026-02-13 18:32:15.890] STATUS: Listening (Spanish)
[2026-02-13 18:32:18.090] STATUS: Translating...
[2026-02-13 18:32:18.622] STATUS: Listening (Spanish)
[2026-02-13 18:32:26.863] STATUS: Translating...
[2026-02-13 18:32:27.323] STATUS: Listening (Spanish)
[2026-02-13 18:32:27.946] STATUS: Translating...
[2026-02-13 18:32:28.426] STATUS: Listening (Spanish)
[2026-02-13 18:32:30.829] STATUS: Translating...
[2026-02-13 18:32:31.404] STATUS: Listening (Spanish)
[2026-02-13 18:32:36.135] STATUS: Translating...
[2026-02-13 18:32:36.798] STATUS: Listening (Spanish)
[2026-02-13 18:32:41.477] STATUS: Translating...
[2026-02-13 18:32:42.123] STATUS: Listening (Spanish)
[2026-02-13 18:32:47.834] STATUS: Translating...
[2026-02-13 18:32:48.515] STATUS: Listening (Spanish)
[2026-02-13 18:32:50.589] STATUS: Translating...
[2026-02-13 18:32:51.269] STATUS: Listening (Spanish)
[2026-02-13 18:32:58.944] STATUS: Translating...
[2026-02-13 18:32:59.556] STATUS: Listening (Spanish)
[2026-02-13 18:33:01.353] STATUS: Translating...
[2026-02-13 18:33:01.917] STATUS: Listening (Spanish)
[2026-02-13 18:33:05.543] STATUS: Translating...
[2026-02-13 18:33:06.161] STATUS: Listening (Spanish)
[2026-02-13 18:33:08.917] STATUS: Translating...
[2026-02-13 18:33:09.484] STATUS: Listening (Spanish)
[2026-02-13 18:33:13.141] STATUS: Translating...
[2026-02-13 18:33:13.922] STATUS: Listening (Spanish)
[2026-02-13 18:33:15.297] STATUS: Translating...
[2026-02-13 18:33:15.808] STATUS: Listening (Spanish)
[2026-02-13 18:33:17.822] STATUS: Translating...
[2026-02-13 18:33:18.383] STATUS: Listening (Spanish)
[2026-02-13 18:33:19.134] STATUS: Translating...
[2026-02-13 18:33:19.993] STATUS: Listening (Spanish)
[2026-02-13 18:33:24.601] STATUS: Translating...
[2026-02-13 18:33:25.095] STATUS: Listening (Spanish)
[2026-02-13 18:33:25.711] STATUS: Translating...
[2026-02-13 18:33:26.249] STATUS: Listening (Spanish)
[2026-02-13 18:33:34.008] STATUS: Translating...
[2026-02-13 18:33:34.586] STATUS: Listening (Spanish)
[2026-02-13 18:33:39.445] STATUS: Translating...
[2026-02-13 18:33:40.046] STATUS: Listening (Spanish)
[2026-02-13 18:33:45.288] STATUS: Translating...
[2026-02-13 18:33:47.195] STATUS: Listening (Spanish)
[2026-02-13 18:33:48.947] STATUS: Translating...
[2026-02-13 18:33:50.257] STATUS: Listening (Spanish)
[2026-02-13 18:33:50.714] STATUS: Translating...
[2026-02-13 18:33:51.315] STATUS: Listening (Spanish)
[2026-02-13 18:33:53.336] STATUS: Translating...
[2026-02-13 18:33:53.952] STATUS: Listening (Spanish)
[2026-02-13 18:33:56.735] STATUS: Translating...
[2026-02-13 18:33:57.409] STATUS: Listening (Spanish)
[2026-02-13 18:34:06.066] STATUS: Translating...
[2026-02-13 18:34:06.545] STATUS: Listening (Spanish)
[2026-02-13 18:34:08.782] STATUS: Translating...
[2026-02-13 18:34:09.428] STATUS: Listening (Spanish)
[2026-02-13 18:34:13.964] STATUS: Translating...
[2026-02-13 18:34:14.743] STATUS: Listening (Spanish)
[2026-02-13 18:34:19.415] STATUS: Translating...
[2026-02-13 18:34:20.101] STATUS: Listening (Spanish)
[2026-02-13 18:34:20.470] STATUS: Translating...
[2026-02-13 18:34:21.097] STATUS: Listening (Spanish)
[2026-02-13 18:34:25.941] STATUS: Translating...
[2026-02-13 18:34:26.555] STATUS: Listening (Spanish)
[2026-02-13 18:34:29.991] STATUS: Translating...
[2026-02-13 18:34:30.660] STATUS: Listening (Spanish)
[2026-02-13 18:34:32.858] STATUS: Translating...
[2026-02-13 18:34:33.551] STATUS: Listening (Spanish)
[2026-02-13 18:34:41.159] STATUS: Translating...
[2026-02-13 18:34:41.880] STATUS: Listening (Spanish)
[2026-02-13 18:34:43.372] STATUS: Translating...
[2026-02-13 18:34:44.050] STATUS: Listening (Spanish)
[2026-02-13 18:34:45.641] STATUS: Translating...
[2026-02-13 18:34:46.345] STATUS: Listening (Spanish)
[2026-02-13 18:34:51.257] STATUS: Translating...
[2026-02-13 18:34:52.139] STATUS: Listening (Spanish)
[2026-02-13 18:34:58.399] STATUS: No speech detected. Check mic level or device.
[2026-02-13 18:35:06.772] STATUS: Heard audio but could not recognize speech.
[2026-02-13 18:35:42.239] STATUS: No speech detected. Check mic level or device.
[2026-02-13 18:36:03.736] STATUS: Heard audio but could not recognize speech.
[2026-02-13 18:36:18.400] STATUS: No speech detected. Check mic level or device.
[2026-02-13 18:36:24.342] STATUS: Heard audio but could not recognize speech.
[2026-02-13 18:36:31.979] STATUS: No speech detected. Check mic level or device.
[2026-02-13 18:36:33.980] STATUS: Heard audio but could not recognize speech.
[2026-02-13 18:36:43.610] STATUS: No speech detected. Check mic level or device.
[2026-02-13 18:37:01.020] STATUS: Heard audio but could not recognize speech.
[2026-02-13 18:37:06.835] STATUS: App closing requested

--- Close Requested ---
  File "E:\OneDrive - zachthetech.com\Documents\GitHub\python-translation\main.py", line 5910, in <module>
    app = TranslationApp()
  File "E:\OneDrive - zachthetech.com\Documents\GitHub\python-translation\main.py", line 456, in __init__
    self.root.mainloop()
  File "C:\Users\zachary.price\AppData\Local\Programs\Python\Python310\lib\tkinter\__init__.py", line 1458, in mainloop
    self.tk.mainloop(n)
  File "C:\Users\zachary.price\AppData\Local\Programs\Python\Python310\lib\tkinter\__init__.py", line 1921, in __call__
    return self.func(*args)
  File "E:\OneDrive - zachthetech.com\Documents\GitHub\python-translation\main.py", line 536, in on_closing
    f.write("".join(traceback.format_stack(limit=10)))
[2026-02-13 18:37:06.853] STATUS: Process exiting

--- Process Exit ---
  File "E:\OneDrive - zachthetech.com\Documents\GitHub\python-translation\main.py", line 599, in _log_process_exit
    f.write("".join(traceback.format_stack(limit=10)))
