[2026-02-07 13:48:44.286] STATUS: Listening (English)
[2026-02-07 13:49:18.655] STATUS: Transcribing...
[2026-02-07 13:49:18.670] STATUS: Listening (English)
[2026-02-07 13:49:20.938] STATUS: Transcribing...
[2026-02-07 13:49:20.941] STATUS: Listening (English)
[2026-02-07 13:49:22.515] STATUS: Transcribing...
[2026-02-07 13:49:22.520] STATUS: Listening (English)
[2026-02-07 13:50:05.327] STATUS: App closing requested

--- Close Requested ---
  File "E:\OneDrive - zachthetech.com\Documents\GitHub\python-translation\main.py", line 3689, in <module>
    app = TranslationApp()
  File "E:\OneDrive - zachthetech.com\Documents\GitHub\python-translation\main.py", line 329, in __init__
    self.root.mainloop()
  File "C:\Users\zachary.price\AppData\Local\Programs\Python\Python310\lib\tkinter\__init__.py", line 1458, in mainloop
    self.tk.mainloop(n)
  File "C:\Users\zachary.price\AppData\Local\Programs\Python\Python310\lib\tkinter\__init__.py", line 1921, in __call__
    return self.func(*args)
  File "E:\OneDrive - zachthetech.com\Documents\GitHub\python-translation\main.py", line 415, in on_closing
    f.write("".join(traceback.format_stack(limit=10)))
[2026-02-07 13:50:05.356] STATUS: Process exiting

--- Process Exit ---
  File "E:\OneDrive - zachthetech.com\Documents\GitHub\python-translation\main.py", line 478, in _log_process_exit
    f.write("".join(traceback.format_stack(limit=10)))
