[2026-02-13 00:58:26.932] STATUS: Listening (Spanish)
[2026-02-13 00:58:38.971] STATUS: Translating...
[2026-02-13 00:58:39.658] STATUS: Listening (Spanish)
[2026-02-13 00:58:56.365] STATUS: Translating...
[2026-02-13 00:58:57.137] STATUS: Listening (Spanish)
[2026-02-13 00:58:58.336] STATUS: Translating...
[2026-02-13 00:58:59.027] STATUS: Listening (Spanish)
[2026-02-13 00:59:09.630] STATUS: Translating...
[2026-02-13 00:59:10.433] STATUS: Listening (Spanish)
[2026-02-13 00:59:35.721] STATUS: Translating...
[2026-02-13 00:59:36.707] STATUS: Listening (Spanish)
[2026-02-13 00:59:38.691] STATUS: Translating...
[2026-02-13 00:59:39.463] STATUS: Listening (Spanish)
[2026-02-13 00:59:50.385] STATUS: Translating...
[2026-02-13 00:59:51.008] STATUS: Listening (Spanish)
[2026-02-13 00:59:59.177] STATUS: Translating...
[2026-02-13 00:59:59.628] STATUS: Listening (Spanish)
[2026-02-13 01:00:43.466] STATUS: Translating...
[2026-02-13 01:00:44.257] STATUS: Listening (Spanish)
[2026-02-13 01:00:58.229] STATUS: Translating...
[2026-02-13 01:00:59.380] STATUS: Listening (Spanish)
[2026-02-13 01:01:08.515] STATUS: Translating...
[2026-02-13 01:01:09.041] STATUS: Listening (Spanish)
[2026-02-13 01:01:10.227] STATUS: Translating...
[2026-02-13 01:01:10.873] STATUS: Listening (Spanish)
[2026-02-13 01:01:13.493] STATUS: Translating...
[2026-02-13 01:01:14.041] STATUS: Listening (Spanish)
[2026-02-13 01:01:17.263] STATUS: Translating...
[2026-02-13 01:01:18.071] STATUS: Listening (Spanish)
[2026-02-13 01:01:28.969] STATUS: Translating...
[2026-02-13 01:01:29.557] STATUS: Listening (Spanish)
[2026-02-13 01:01:31.443] STATUS: Translating...
[2026-02-13 01:01:32.298] STATUS: Listening (Spanish)
[2026-02-13 01:01:52.449] STATUS: Translating...
[2026-02-13 01:01:53.146] STATUS: Listening (Spanish)
[2026-02-13 01:02:14.536] STATUS: Translating...
[2026-02-13 01:02:15.112] STATUS: Listening (Spanish)
[2026-02-13 01:02:44.370] STATUS: Translating...
[2026-02-13 01:02:45.334] STATUS: Listening (Spanish)
[2026-02-13 01:02:49.595] STATUS: Translating...
[2026-02-13 01:02:50.292] STATUS: Listening (Spanish)
[2026-02-13 01:02:58.019] STATUS: App closing requested

--- Close Requested ---
  File "E:\OneDrive - zachthetech.com\Documents\GitHub\python-translation\main.py", line 5215, in <module>
    app = TranslationApp()
  File "E:\OneDrive - zachthetech.com\Documents\GitHub\python-translation\main.py", line 420, in __init__
    self.root.mainloop()
  File "C:\Users\zachary.price\AppData\Local\Programs\Python\Python310\lib\tkinter\__init__.py", line 1458, in mainloop
    self.tk.mainloop(n)
  File "C:\Users\zachary.price\AppData\Local\Programs\Python\Python310\lib\tkinter\__init__.py", line 1921, in __call__
    return self.func(*args)
  File "E:\OneDrive - zachthetech.com\Documents\GitHub\python-translation\main.py", line 506, in on_closing
    f.write("".join(traceback.format_stack(limit=10)))
[2026-02-13 01:02:58.029] STATUS: Process exiting

--- Process Exit ---
  File "E:\OneDrive - zachthetech.com\Documents\GitHub\python-translation\main.py", line 569, in _log_process_exit
    f.write("".join(traceback.format_stack(limit=10)))
