[2026-02-07 14:24:13.385] STATUS: Listening (English)
[2026-02-07 14:24:19.844] STATUS: Transcribing...
[2026-02-07 14:24:19.857] STATUS: Listening (English)
[2026-02-07 14:24:23.544] STATUS: Transcribing...
[2026-02-07 14:24:23.554] STATUS: Listening (English)
[2026-02-07 14:24:28.751] STATUS: Transcribing...
[2026-02-07 14:24:28.771] STATUS: Listening (English)
[2026-02-07 14:24:43.296] STATUS: Transcribing...
[2026-02-07 14:24:43.317] STATUS: Listening (English)
[2026-02-07 14:24:46.919] STATUS: Transcribing...
[2026-02-07 14:24:46.939] STATUS: Listening (English)
[2026-02-07 14:24:51.338] STATUS: Transcribing...
[2026-02-07 14:24:51.360] STATUS: Listening (English)
[2026-02-07 14:24:57.463] STATUS: Transcribing...
[2026-02-07 14:24:57.484] STATUS: Listening (English)
[2026-02-07 14:25:07.525] STATUS: Transcribing...
[2026-02-07 14:25:07.547] STATUS: Listening (English)
[2026-02-07 14:25:23.954] STATUS: No speech detected. Check mic level or device.
[2026-02-07 14:34:11.918] STATUS: Transcribing...
[2026-02-07 14:34:11.936] STATUS: Listening (English)
[2026-02-07 14:34:16.443] STATUS: Transcribing...
[2026-02-07 14:34:16.459] STATUS: Listening (English)
[2026-02-07 14:34:26.005] STATUS: Transcribing...
[2026-02-07 14:34:26.023] STATUS: Listening (English)
[2026-02-07 14:34:34.618] STATUS: Transcribing...
[2026-02-07 14:34:34.640] STATUS: Listening (English)
[2026-02-07 14:34:36.682] STATUS: Transcribing...
[2026-02-07 14:34:36.688] STATUS: Listening (English)
[2026-02-07 14:34:38.903] STATUS: Transcribing...
[2026-02-07 14:34:38.906] STATUS: Listening (English)
[2026-02-07 14:34:42.749] STATUS: Transcribing...
[2026-02-07 14:34:42.772] STATUS: Listening (English)
[2026-02-07 14:34:47.685] STATUS: Transcribing...
[2026-02-07 14:34:47.712] STATUS: Listening (English)
[2026-02-07 14:34:50.234] STATUS: Transcribing...
[2026-02-07 14:34:50.253] STATUS: Listening (English)
[2026-02-07 14:34:55.850] STATUS: Transcribing...
[2026-02-07 14:34:55.866] STATUS: Listening (English)
[2026-02-07 14:35:04.719] STATUS: Transcribing...
[2026-02-07 14:35:04.740] STATUS: Listening (English)
[2026-02-07 14:35:11.728] STATUS: Transcribing...
[2026-02-07 14:35:11.742] STATUS: Listening (English)
[2026-02-07 14:35:14.286] STATUS: Transcribing...
[2026-02-07 14:35:14.289] STATUS: Listening (English)
[2026-02-07 14:35:20.457] STATUS: Transcribing...
[2026-02-07 14:35:20.474] STATUS: Listening (English)
[2026-02-07 14:35:26.606] STATUS: Transcribing...
[2026-02-07 14:35:26.628] STATUS: Listening (English)
[2026-02-07 14:35:28.993] STATUS: Transcribing...
[2026-02-07 14:35:29.006] STATUS: Listening (English)
[2026-02-07 14:35:33.649] STATUS: Transcribing...
[2026-02-07 14:35:33.674] STATUS: Listening (English)
[2026-02-07 14:35:38.024] STATUS: Transcribing...
[2026-02-07 14:35:38.039] STATUS: Listening (English)
[2026-02-07 14:35:43.163] STATUS: Transcribing...
[2026-02-07 14:35:43.178] STATUS: Listening (English)
[2026-02-07 14:35:44.805] STATUS: Transcribing...
[2026-02-07 14:35:44.810] STATUS: Listening (English)
[2026-02-07 14:35:47.533] STATUS: Transcribing...
[2026-02-07 14:35:47.549] STATUS: Listening (English)
[2026-02-07 14:35:52.692] STATUS: Transcribing...
[2026-02-07 14:35:52.709] STATUS: Listening (English)
[2026-02-07 14:35:58.860] STATUS: Transcribing...
[2026-02-07 14:35:58.877] STATUS: Listening (English)
[2026-02-07 14:36:01.521] STATUS: Transcribing...
[2026-02-07 14:36:01.538] STATUS: Listening (English)
[2026-02-07 14:36:09.254] STATUS: Transcribing...
[2026-02-07 14:36:09.270] STATUS: Listening (English)
[2026-02-07 14:36:12.864] STATUS: Transcribing...
[2026-02-07 14:36:12.868] STATUS: Listening (English)
[2026-02-07 14:36:19.236] STATUS: Transcribing...
[2026-02-07 14:36:19.251] STATUS: Listening (English)
[2026-02-07 14:36:22.132] STATUS: Transcribing...
[2026-02-07 14:36:22.144] STATUS: Listening (English)
[2026-02-07 14:36:24.744] STATUS: Transcribing...
[2026-02-07 14:36:24.763] STATUS: Listening (English)
[2026-02-07 14:36:28.341] STATUS: Transcribing...
[2026-02-07 14:36:28.358] STATUS: Listening (English)
[2026-02-07 14:36:31.071] STATUS: Transcribing...
[2026-02-07 14:36:31.087] STATUS: Listening (English)
[2026-02-07 14:36:35.494] STATUS: Transcribing...
[2026-02-07 14:36:35.514] STATUS: Listening (English)
[2026-02-07 14:37:05.989] STATUS: Transcribing...
[2026-02-07 14:37:06.003] STATUS: Listening (English)
[2026-02-07 14:37:09.566] STATUS: Transcribing...
[2026-02-07 14:37:09.578] STATUS: Listening (English)
[2026-02-07 14:39:21.314] STATUS: No speech detected. Check mic level or device.
[2026-02-07 14:42:46.604] STATUS: App closing requested

--- Close Requested ---
  File "E:\OneDrive - zachthetech.com\Documents\GitHub\python-translation\main.py", line 3689, in <module>
    line_height = self.text_font.metrics("linespace") or 1
  File "E:\OneDrive - zachthetech.com\Documents\GitHub\python-translation\main.py", line 329, in __init__
  File "C:\Users\zachary.price\AppData\Local\Programs\Python\Python310\lib\tkinter\__init__.py", line 1458, in mainloop
    self.tk.mainloop(n)
  File "C:\Users\zachary.price\AppData\Local\Programs\Python\Python310\lib\tkinter\__init__.py", line 1921, in __call__
    return self.func(*args)
  File "E:\OneDrive - zachthetech.com\Documents\GitHub\python-translation\main.py", line 415, in on_closing
    f.write("\n--- Close Requested ---\n")
[2026-02-07 14:42:46.617] STATUS: Process exiting

--- Process Exit ---
  File "E:\OneDrive - zachthetech.com\Documents\GitHub\python-translation\main.py", line 478, in _log_process_exit
    f.write("\n--- Process Exit ---\n")
